07-02 23:30:13.110  4229  4511 I InputDispatcher: Window is obscured at point by other window: windowInfo(layoutParamsType=1, name=Window{e98e16d u0 com.example.lunchtray/com.example.lunchtray.MainActivity}), otherWindowInfo(layoutParamsType=3, name=Splash Screen com.example.lunchtray@4229#0)
07-02 23:30:13.110  4229  4511 D InputTransport: channel 'e98e16d com.example.lunchtray/com.example.lunchtray.MainActivity (server)' : action=ACTION_DOWN(0), id=0, displayId=0, tooltype=0, deviceId=-1, source=0x1002, flags=0x1, edgeFlags=0x0, metaState=0x0, buttonState=0x1, downTime=172117101000000, eventTime=172117101000000, pointerCount=1 xos=0, yos=0
07-02 23:30:13.110  4229  4511 D InputTransport: channel 'swipe-up (server)' : action=ACTION_DOWN(0), id=0, displayId=0, tooltype=0, deviceId=-1, source=0x1002, flags=0x0, edgeFlags=0x0, metaState=0x0, buttonState=0x1, downTime=172117101000000, eventTime=172117101000000, pointerCount=1 xos=0, yos=0
07-02 23:30:13.110  4229  4511 D InputTransport: channel 'edge-swipe (server)' : action=ACTION_DOWN(0), id=0, displayId=0, tooltype=0, deviceId=-1, source=0x1002, flags=0x0, edgeFlags=0x0, metaState=0x0, buttonState=0x1, downTime=172117101000000, eventTime=172117101000000, pointerCount=1 xos=0, yos=0
07-02 23:30:13.110  4229  4511 D InputTransport: channel 'swipe-up (server)' : action=ACTION_DOWN(0), id=0, displayId=0, tooltype=0, deviceId=-1, source=0x1002, flags=0x0, edgeFlags=0x0, metaState=0x0, buttonState=0x1, downTime=172117101000000, eventTime=172117101000000, pointerCount=1 xos=0, yos=0
07-02 23:30:13.110  4229  4511 D InputTransport: channel 'swipe-up (server)' : action=ACTION_DOWN(0), id=0, displayId=0, tooltype=0, deviceId=-1, source=0x1002, flags=0x0, edgeFlags=0x0, metaState=0x0, buttonState=0x1, downTime=172117101000000, eventTime=172117101000000, pointerCount=1 xos=0, yos=0
07-02 23:30:13.110  4229  4511 D InputTransport: channel 'PointerEventDispatcher0 (server)' : action=ACTION_DOWN(0), id=0, displayId=0, tooltype=0, deviceId=-1, source=0x1002, flags=0x0, edgeFlags=0x0, metaState=0x0, buttonState=0x1, downTime=172117101000000, eventTime=172117101000000, pointerCount=1 xos=0, yos=0
07-02 23:30:13.110  4229  4511 D InputTransport: channel 'PointerEventDispatcherForRear0 (server)' : action=ACTION_DOWN(0), id=0, displayId=0, tooltype=0, deviceId=-1, source=0x1002, flags=0x0, edgeFlags=0x0, metaState=0x0, buttonState=0x1, downTime=172117101000000, eventTime=172117101000000, pointerCount=1 xos=0, yos=0
07-02 23:30:13.114   970   970 I SurfaceFlinger: Remove EffectLayer(0xb400007d2cf49c10) Surface(name=5853c13 InputMethod)/@0x7ab2849 - animation-leash#1 (parent=none)
07-02 23:30:13.118   970   970 I MiniDump: -------------------------------------------------------------------------------------------
07-02 23:30:13.118   970   970 I MiniDump: [ROTATION_0] H |  Comp Type |  Transform |  Alpha |  Disp Frame (LTRB) |  Source Crop (LTRB) | Frame Rate  | Disp[19260613375406721] ""
07-02 23:30:13.118   970   970 I MiniDump: 0xb400007d3cd7fc40 |     DEVICE |          0 | 1.000 |    0    0 1080 2340 |   0.0   0.0 1080.0 2340.0 | com.example.lunchtray/com[...]tray.MainActivity@32149#0
07-02 23:30:13.118   970   970 I MiniDump: 0xb400007d3cd5d0a0 |     DEVICE |          0 | 0.887 |    0    0 1080 2340 |   0.0   0.0 1080.0 2340.0 | Splash Screen com.example.lunchtray@4229#0
07-02 23:30:13.118   970   970 I MiniDump: 0xb400007d3cd36d70 |     DEVICE |          0 | 1.000 |    0    0 1080   87 |   0.0   0.0 1080.0  87.0 | StatusBar@4696#0
07-02 23:30:13.118   970   970 I MiniDump: 0xb400007d3cd22010 |     DEVICE |          0 | 1.000 |    0 2196 1080 2340 |   0.0   0.0 1080.0 144.0 | NavigationBar#0@4696#0
07-02 23:30:13.132  4696  4696 I BarTransitions.PhoneStatusBarTransitions: setNotchColor color = 0
07-02 23:30:13.143  4696  4696 I chatty  : uid=10157(com.lge.quicktools) com.android.systemui identical 1 line
07-02 23:30:13.155  4696  4696 I BarTransitions.PhoneStatusBarTransitions: setNotchColor color = 0
07-02 23:30:13.186  4696  4696 I LightBarTransitionsController: animateIconTint() : skip : mNextDarkIntensity = 0.0
07-02 23:30:13.190  4229  4511 D InputTransport: channel 'e98e16d com.example.lunchtray/com.example.lunchtray.MainActivity (server)' : action=ACTION_UP(0), id=0, displayId=0, tooltype=1, deviceId=-1, source=0x1002, flags=0x1, edgeFlags=0x0, metaState=0x0, buttonState=0x1, downTime=172117101000000, eventTime=172117182000000, pointerCount=1 xos=0, yos=0
07-02 23:30:13.190  4229  4511 D InputTransport: channel 'swipe-up (server)' : action=ACTION_UP(0), id=0, displayId=0, tooltype=1, deviceId=-1, source=0x1002, flags=0x0, edgeFlags=0x0, metaState=0x0, buttonState=0x1, downTime=172117101000000, eventTime=172117182000000, pointerCount=1 xos=0, yos=0
07-02 23:30:13.191  4229  4511 D InputTransport: channel 'edge-swipe (server)' : action=ACTION_UP(0), id=0, displayId=0, tooltype=1, deviceId=-1, source=0x1002, flags=0x0, edgeFlags=0x0, metaState=0x0, buttonState=0x1, downTime=172117101000000, eventTime=172117182000000, pointerCount=1 xos=0, yos=0
07-02 23:30:13.191  4229  4511 D InputTransport: channel 'swipe-up (server)' : action=ACTION_UP(0), id=0, displayId=0, tooltype=1, deviceId=-1, source=0x1002, flags=0x0, edgeFlags=0x0, metaState=0x0, buttonState=0x1, downTime=172117101000000, eventTime=172117182000000, pointerCount=1 xos=0, yos=0
07-02 23:30:13.191  4229  4511 D InputTransport: channel 'swipe-up (server)' : action=ACTION_UP(0), id=0, displayId=0, tooltype=1, deviceId=-1, source=0x1002, flags=0x0, edgeFlags=0x0, metaState=0x0, buttonState=0x1, downTime=172117101000000, eventTime=172117182000000, pointerCount=1 xos=0, yos=0
07-02 23:30:13.191  4229  4511 D InputTransport: channel 'PointerEventDispatcher0 (server)' : action=ACTION_UP(0), id=0, displayId=0, tooltype=1, deviceId=-1, source=0x1002, flags=0x0, edgeFlags=0x0, metaState=0x0, buttonState=0x1, downTime=172117101000000, eventTime=172117182000000, pointerCount=1 xos=0, yos=0
07-02 23:30:13.191  4229  4511 D InputTransport: channel 'PointerEventDispatcherForRear0 (server)' : action=ACTION_UP(0), id=0, displayId=0, tooltype=1, deviceId=-1, source=0x1002, flags=0x0, edgeFlags=0x0, metaState=0x0, buttonState=0x1, downTime=172117101000000, eventTime=172117182000000, pointerCount=1 xos=0, yos=0
07-02 23:30:13.191 32149 32149 I View    : PerformClick: com.google.android.material.button.MaterialButton{532267f VFED..C.. ...P.... 321,983-760,1127 #7f0801e8 app:id/start_order_btn}
07-02 23:30:13.191 32149 32149 I View    : MotionEvent.ACTION_UP: mPrivateFlags: 16828464,   mHasPerformedLongPress: false,   mIgnoreNextUpEvent: false
07-02 23:30:13.192  4229  4567 V SoundPool: play(soundID=1, leftVolume=1.000000, rightVolume=1.000000, priority=0, loop=0, rate=1.000000)
07-02 23:30:13.193  4229  4567 V AudioTrack: setSampleRate(5291): prior state:STATE_STOPPED rate:48000
07-02 23:30:13.193  4229  4567 V AudioTrack: start(5291): prior state:STATE_STOPPED
07-02 23:30:13.193  4229  4567 V AudioTrack: start(5291): server read:-187724  cumulative flushed:0  client written:0
07-02 23:30:13.193   965   965 V AF::Track: start(4816): calling pid 4229 session 23897
07-02 23:30:13.193   965  1326 D APM_AudioPolicyManager: startOutput portId 5291 output primary->(primary output)(13), stream 1, session 23897
07-02 23:30:13.193   965  1326 V APM_AudioPolicyManager: selectOutputForMusicEffects selected output 13
07-02 23:30:13.193   965  1326 V APM_AudioPolicyManager: getNewOutputDevices selected devices {type:0x2,@:}
07-02 23:30:13.193   965  1326 V APM_AudioPolicyManager: setOutputDevices device {type:0x2,@:} delayMs 0
07-02 23:30:13.194   965  1326 V APM_AudioPolicyManager: setOutputDevices() prevDevice {type:0x2,@:}
07-02 23:30:13.194   965  1326 V APM_AudioPolicyManager: setOutputDevices: suppressing checkDeviceMuteStrategies
07-02 23:30:13.194   965  1326 V APM_AudioPolicyManager: setOutputDevices setting same device {type:0x2,@:} or null device, force=0, patch handle=5258
07-02 23:30:13.194  4229  4567 V SoundPool: play returned 12398
07-02 23:30:13.194  4229  6309 V AudioSystem: ioConfigChanged() event 8
07-02 23:30:13.194  4229  6309 V AudioSystem: ioConfigChanged() AUDIO_CLIENT_STARTED  io 13 port 5291 num callbacks 0
07-02 23:30:13.197  4696  4696 I BarTransitions.PhoneStatusBarTransitions: setNotchColor color = 0
07-02 23:30:13.213  4696  4696 I chatty  : uid=10157(com.lge.quicktools) com.android.systemui identical 3 lines
07-02 23:30:13.223  4696  4696 I BarTransitions.PhoneStatusBarTransitions: setNotchColor color = 0
07-02 23:30:13.246   965  1885 V AF::Track: getNextBuffer(4816): underrun,  framesReady(0) < framesDesired(236), state: 6
07-02 23:30:13.248   970   970 I SurfaceFlinger: Remove ContainerLayer(0xb400007d2cf6ec60) 85bfe48 Splash Screen com.example.lunchtray#0 (parent=none)
07-02 23:30:13.249   970   970 I SurfaceFlinger: Remove EffectLayer(0xb400007d2cfc70d0) Surface(name=85bfe48 Splash Screen com.example.lunchtray)/@0xc2f8978 - animation-leash#0 (parent=none)
07-02 23:30:13.249   970   970 I SurfaceFlinger: Remove BufferQueueLayer(0xb400007d3cd5d0a0) Splash Screen com.example.lunchtray@4229#0 (parent=none)
07-02 23:30:13.249   970   970 D Layer   : Destroy Surface(name=85bfe48 Splash Screen com.example.lunchtray)/@0xc2f8978 - animation-leash#0(0xb400007d2cfc70d0)
07-02 23:30:13.249   970   970 D Layer   : Destroy 85bfe48 Splash Screen com.example.lunchtray#0(0xb400007d2cf6ec60)
07-02 23:30:13.249   965  1887 D AF::Track: presentationComplete(4816): presentationComplete() reset: mPresentationCompleteFrames 1018560 audioHalFrames 960
07-02 23:30:13.249  4229 32186 V AudioTrack: stop(5291): prior state:STATE_ACTIVE
07-02 23:30:13.250   965   965 V AF::Track: stop(4816): calling pid 4229
07-02 23:30:13.250  4229  7769 D InputDispatcher: Window went away: Splash Screen com.example.lunchtray@4229#0
07-02 23:30:13.250   970   970 D Layer   : Destroy Splash Screen com.example.lunchtray@4229#0(0xb400007d3cd5d0a0)
07-02 23:30:13.253   970   970 I MiniDump: -------------------------------------------------------------------------------------------
07-02 23:30:13.253   970   970 I MiniDump: [ROTATION_0] H |  Comp Type |  Transform |  Alpha |  Disp Frame (LTRB) |  Source Crop (LTRB) | Frame Rate  | Disp[19260613375406721] ""
07-02 23:30:13.253   970   970 I MiniDump: 0xb400007d3cd7fc40 |     DEVICE |          0 | 1.000 |    0    0 1080 2340 |   0.0   0.0 1080.0 2340.0 | com.example.lunchtray/com[...]tray.MainActivity@32149#0
07-02 23:30:13.253   970   970 I MiniDump: 0xb400007d3cd36d70 |     DEVICE |          0 | 1.000 |    0    0 1080   87 |   0.0   0.0 1080.0  87.0 | StatusBar@4696#0
07-02 23:30:13.253   970   970 I MiniDump: 0xb400007d3cd22010 |     DEVICE |          0 | 1.000 |    0 2196 1080 2340 |   0.0   0.0 1080.0 144.0 | NavigationBar#0@4696#0
07-02 23:30:13.289   965  1887 V AF::Track: presentationComplete(4816): presentationComplete() mPresentationCompleteFrames 1018560 framesWritten 1019520
07-02 23:30:13.299   965  1326 V APM_AudioPolicyManager: stopOutput() portId 5291 output 13, stream 1, session 23897
07-02 23:30:13.299   965  1326 V APM_AudioPolicyManager: getNewOutputDevices selected devices AUDIO_DEVICE_NONE
07-02 23:30:13.299   965  1326 V APM_AudioPolicyManager: setOutputDevices device AUDIO_DEVICE_NONE delayMs 120
07-02 23:30:13.299   965  1326 V APM_AudioPolicyManager: setOutputDevices() prevDevice {type:0x2,@:}
07-02 23:30:13.300   965  1326 W APM::AudioPolicyEngine: getDevicesForStrategy() unknown strategy: -1
07-02 23:30:13.300   965  1326 V APM_AudioPolicyManager: setOutputDevices setting same device AUDIO_DEVICE_NONE or null device, force=0, patch handle=5258
07-02 23:30:13.300   965  1326 V APM_AudioPolicyManager: selectOutputForMusicEffects selected output 13
07-02 23:30:13.571 32149 32149 I ViewInteraction: Performing 'single click' action on view view.getId() is <2131230844/com.example.lunchtray:id/cauliflower>
07-02 23:30:13.573  4229  4511 D InputTransport: channel 'e98e16d com.example.lunchtray/com.example.lunchtray.MainActivity (server)' : action=ACTION_DOWN(0), id=0, displayId=0, tooltype=0, deviceId=-1, source=0x1002, flags=0x0, edgeFlags=0x0, metaState=0x0, buttonState=0x1, downTime=172117564000000, eventTime=172117565000000, pointerCount=1 xos=0, yos=0
07-02 23:30:13.573  4229  4511 D InputTransport: channel 'swipe-up (server)' : action=ACTION_DOWN(0), id=0, displayId=0, tooltype=0, deviceId=-1, source=0x1002, flags=0x0, edgeFlags=0x0, metaState=0x0, buttonState=0x1, downTime=172117564000000, eventTime=172117565000000, pointerCount=1 xos=0, yos=0
07-02 23:30:13.573  4229  4511 D InputTransport: channel 'edge-swipe (server)' : action=ACTION_DOWN(0), id=0, displayId=0, tooltype=0, deviceId=-1, source=0x1002, flags=0x0, edgeFlags=0x0, metaState=0x0, buttonState=0x1, downTime=172117564000000, eventTime=172117565000000, pointerCount=1 xos=0, yos=0
07-02 23:30:13.573  4229  4511 D InputTransport: channel 'swipe-up (server)' : action=ACTION_DOWN(0), id=0, displayId=0, tooltype=0, deviceId=-1, source=0x1002, flags=0x0, edgeFlags=0x0, metaState=0x0, buttonState=0x1, downTime=172117564000000, eventTime=172117565000000, pointerCount=1 xos=0, yos=0
07-02 23:30:13.574  4229  4511 D InputTransport: channel 'swipe-up (server)' : action=ACTION_DOWN(0), id=0, displayId=0, tooltype=0, deviceId=-1, source=0x1002, flags=0x0, edgeFlags=0x0, metaState=0x0, buttonState=0x1, downTime=172117564000000, eventTime=172117565000000, pointerCount=1 xos=0, yos=0
07-02 23:30:13.574  4229  4511 D InputTransport: channel 'PointerEventDispatcher0 (server)' : action=ACTION_DOWN(0), id=0, displayId=0, tooltype=0, deviceId=-1, source=0x1002, flags=0x0, edgeFlags=0x0, metaState=0x0, buttonState=0x1, downTime=172117564000000, eventTime=172117565000000, pointerCount=1 xos=0, yos=0
07-02 23:30:13.574  4229  4511 D InputTransport: channel 'PointerEventDispatcherForRear0 (server)' : action=ACTION_DOWN(0), id=0, displayId=0, tooltype=0, deviceId=-1, source=0x1002, flags=0x0, edgeFlags=0x0, metaState=0x0, buttonState=0x1, downTime=172117564000000, eventTime=172117565000000, pointerCount=1 xos=0, yos=0
07-02 23:30:13.656  4229  4511 D InputTransport: channel 'e98e16d com.example.lunchtray/com.example.lunchtray.MainActivity (server)' : action=ACTION_UP(0), id=0, displayId=0, tooltype=1, deviceId=-1, source=0x1002, flags=0x0, edgeFlags=0x0, metaState=0x0, buttonState=0x1, downTime=172117564000000, eventTime=172117646000000, pointerCount=1 xos=0, yos=0
07-02 23:30:13.656  4229  4511 D InputTransport: channel 'swipe-up (server)' : action=ACTION_UP(0), id=0, displayId=0, tooltype=1, deviceId=-1, source=0x1002, flags=0x0, edgeFlags=0x0, metaState=0x0, buttonState=0x1, downTime=172117564000000, eventTime=172117646000000, pointerCount=1 xos=0, yos=0
07-02 23:30:13.656  4229  4511 D InputTransport: channel 'edge-swipe (server)' : action=ACTION_UP(0), id=0, displayId=0, tooltype=1, deviceId=-1, source=0x1002, flags=0x0, edgeFlags=0x0, metaState=0x0, buttonState=0x1, downTime=172117564000000, eventTime=172117646000000, pointerCount=1 xos=0, yos=0
07-02 23:30:13.657  4229  4511 D InputTransport: channel 'swipe-up (server)' : action=ACTION_UP(0), id=0, displayId=0, tooltype=1, deviceId=-1, source=0x1002, flags=0x0, edgeFlags=0x0, metaState=0x0, buttonState=0x1, downTime=172117564000000, eventTime=172117646000000, pointerCount=1 xos=0, yos=0
07-02 23:30:13.657  4229  4511 D InputTransport: channel 'swipe-up (server)' : action=ACTION_UP(0), id=0, displayId=0, tooltype=1, deviceId=-1, source=0x1002, flags=0x0, edgeFlags=0x0, metaState=0x0, buttonState=0x1, downTime=172117564000000, eventTime=172117646000000, pointerCount=1 xos=0, yos=0
07-02 23:30:13.657  4229  4511 D InputTransport: channel 'PointerEventDispatcher0 (server)' : action=ACTION_UP(0), id=0, displayId=0, tooltype=1, deviceId=-1, source=0x1002, flags=0x0, edgeFlags=0x0, metaState=0x0, buttonState=0x1, downTime=172117564000000, eventTime=172117646000000, pointerCount=1 xos=0, yos=0
07-02 23:30:13.657  4229  4511 D InputTransport: channel 'PointerEventDispatcherForRear0 (server)' : action=ACTION_UP(0), id=0, displayId=0, tooltype=1, deviceId=-1, source=0x1002, flags=0x0, edgeFlags=0x0, metaState=0x0, buttonState=0x1, downTime=172117564000000, eventTime=172117646000000, pointerCount=1 xos=0, yos=0
07-02 23:30:13.660 32149 32149 I View    : PerformClick: com.google.android.material.radiobutton.MaterialRadioButton{32343a4 VFED..C.. ...p..ID 0,0-381,144 #7f08007c app:id/cauliflower}
07-02 23:30:13.661 32149 32149 I View    : MotionEvent.ACTION_UP: mPrivateFlags: -2128590800,   mHasPerformedLongPress: false,   mIgnoreNextUpEvent: false
07-02 23:30:13.676  4229  4567 V SoundPool: play(soundID=1, leftVolume=1.000000, rightVolume=1.000000, priority=0, loop=0, rate=1.000000)
07-02 23:30:13.678  4229  4567 V AudioTrack: setSampleRate(5291): prior state:STATE_STOPPED rate:48000
07-02 23:30:13.678  4229  4567 V AudioTrack: start(5291): prior state:STATE_STOPPED
07-02 23:30:13.678  4229  4567 V AudioTrack: start(5291): server read:-190368  cumulative flushed:0  client written:0
07-02 23:30:13.678   965   965 V AF::Track: start(4816): calling pid 4229 session 23897
07-02 23:30:13.679   965  1326 D APM_AudioPolicyManager: startOutput portId 5291 output primary->(primary output)(13), stream 1, session 23897
07-02 23:30:13.680   965  1326 V APM_AudioPolicyManager: selectOutputForMusicEffects selected output 13
07-02 23:30:13.680   965  1326 V APM_AudioPolicyManager: getNewOutputDevices selected devices {type:0x2,@:}
07-02 23:30:13.680   965  1326 V APM_AudioPolicyManager: setOutputDevices device {type:0x2,@:} delayMs 0
07-02 23:30:13.680   965  1326 V APM_AudioPolicyManager: setOutputDevices() prevDevice {type:0x2,@:}
07-02 23:30:13.680   965  1326 V APM_AudioPolicyManager: setOutputDevices: suppressing checkDeviceMuteStrategies
07-02 23:30:13.680   965  1326 V APM_AudioPolicyManager: setOutputDevices setting same device {type:0x2,@:} or null device, force=0, patch handle=5258
07-02 23:30:13.681  4229  6309 V AudioSystem: ioConfigChanged() event 8
07-02 23:30:13.681  4229  6309 V AudioSystem: ioConfigChanged() AUDIO_CLIENT_STARTED  io 13 port 5291 num callbacks 0
07-02 23:30:13.683  4229  4567 V SoundPool: play returned 12399
07-02 23:30:13.737   965  1885 V AF::Track: getNextBuffer(4816): underrun,  framesReady(0) < framesDesired(236), state: 6
07-02 23:30:13.739  4229 32186 V AudioTrack: stop(5291): prior state:STATE_ACTIVE
07-02 23:30:13.739   965   965 V AF::Track: stop(4816): calling pid 4229
07-02 23:30:13.771   965  1887 D AF::Track: presentationComplete(4816): presentationComplete() reset: mPresentationCompleteFrames 1043520 audioHalFrames 960
07-02 23:30:13.791   965  1887 V AF::Track: presentationComplete(4816): presentationComplete() mPresentationCompleteFrames 1043520 framesWritten 1043520
07-02 23:30:13.798   965  1326 V APM_AudioPolicyManager: stopOutput() portId 5291 output 13, stream 1, session 23897
07-02 23:30:13.799   965  1326 V APM_AudioPolicyManager: getNewOutputDevices selected devices AUDIO_DEVICE_NONE
07-02 23:30:13.799   965  1326 V APM_AudioPolicyManager: setOutputDevices device AUDIO_DEVICE_NONE delayMs 120
07-02 23:30:13.799   965  1326 V APM_AudioPolicyManager: setOutputDevices() prevDevice {type:0x2,@:}
07-02 23:30:13.800   965  1326 W APM::AudioPolicyEngine: getDevicesForStrategy() unknown strategy: -1
07-02 23:30:13.800   965  1326 V APM_AudioPolicyManager: setOutputDevices setting same device AUDIO_DEVICE_NONE or null device, force=0, patch handle=5258
07-02 23:30:13.800   965  1326 V APM_AudioPolicyManager: selectOutputForMusicEffects selected output 13
07-02 23:30:13.976 32234 32234 D vendor.qti.hardware.seccam@1.0-service-qti: SecCam: service starting
07-02 23:30:13.980   645   645 I hwservicemanager: getTransport: Cannot find entry vendor.qti.hardware.seccam@1.0::ISecCam/default in either framework or device manifest.
07-02 23:30:13.980 32234 32234 E HidlServiceManagement: Service vendor.qti.hardware.seccam@1.0::ISecCam/default must be in VINTF manifest in order to register/get.
07-02 23:30:13.980 32234 32234 E vendor.qti.hardware.seccam@1.0-service-qti: Cannot register ISecCam HAL service
07-02 23:30:14.044 32149 32149 I ViewInteraction: Performing 'single click' action on view view.getId() is <2131231081/com.example.lunchtray:id/next_button>
07-02 23:30:14.050  4229  4511 D InputTransport: channel 'e98e16d com.example.lunchtray/com.example.lunchtray.MainActivity (server)' : action=ACTION_DOWN(0), id=0, displayId=0, tooltype=0, deviceId=-1, source=0x1002, flags=0x0, edgeFlags=0x0, metaState=0x0, buttonState=0x1, downTime=172118039000000, eventTime=172118039000000, pointerCount=1 xos=0, yos=0
07-02 23:30:14.050  4229  4511 D InputTransport: channel 'swipe-up (server)' : action=ACTION_DOWN(0), id=0, displayId=0, tooltype=0, deviceId=-1, source=0x1002, flags=0x0, edgeFlags=0x0, metaState=0x0, buttonState=0x1, downTime=172118039000000, eventTime=172118039000000, pointerCount=1 xos=0, yos=0
07-02 23:30:14.050  4229  4511 D InputTransport: channel 'edge-swipe (server)' : action=ACTION_DOWN(0), id=0, displayId=0, tooltype=0, deviceId=-1, source=0x1002, flags=0x0, edgeFlags=0x0, metaState=0x0, buttonState=0x1, downTime=172118039000000, eventTime=172118039000000, pointerCount=1 xos=0, yos=0
07-02 23:30:14.051  4229  4511 D InputTransport: channel 'swipe-up (server)' : action=ACTION_DOWN(0), id=0, displayId=0, tooltype=0, deviceId=-1, source=0x1002, flags=0x0, edgeFlags=0x0, metaState=0x0, buttonState=0x1, downTime=172118039000000, eventTime=172118039000000, pointerCount=1 xos=0, yos=0
07-02 23:30:14.051  4229  4511 D InputTransport: channel 'swipe-up (server)' : action=ACTION_DOWN(0), id=0, displayId=0, tooltype=0, deviceId=-1, source=0x1002, flags=0x0, edgeFlags=0x0, metaState=0x0, buttonState=0x1, downTime=172118039000000, eventTime=172118039000000, pointerCount=1 xos=0, yos=0
07-02 23:30:14.051  4229  4511 D InputTransport: channel 'PointerEventDispatcher0 (server)' : action=ACTION_DOWN(0), id=0, displayId=0, tooltype=0, deviceId=-1, source=0x1002, flags=0x0, edgeFlags=0x0, metaState=0x0, buttonState=0x1, downTime=172118039000000, eventTime=172118039000000, pointerCount=1 xos=0, yos=0
07-02 23:30:14.051  4229  4511 D InputTransport: channel 'PointerEventDispatcherForRear0 (server)' : action=ACTION_DOWN(0), id=0, displayId=0, tooltype=0, deviceId=-1, source=0x1002, flags=0x0, edgeFlags=0x0, metaState=0x0, buttonState=0x1, downTime=172118039000000, eventTime=172118039000000, pointerCount=1 xos=0, yos=0
07-02 23:30:14.128  4229  4511 D InputTransport: channel 'e98e16d com.example.lunchtray/com.example.lunchtray.MainActivity (server)' : action=ACTION_UP(0), id=0, displayId=0, tooltype=1, deviceId=-1, source=0x1002, flags=0x0, edgeFlags=0x0, metaState=0x0, buttonState=0x1, downTime=172118039000000, eventTime=172118119000000, pointerCount=1 xos=0, yos=0
07-02 23:30:14.129  4229  4511 D InputTransport: channel 'swipe-up (server)' : action=ACTION_UP(0), id=0, displayId=0, tooltype=1, deviceId=-1, source=0x1002, flags=0x0, edgeFlags=0x0, metaState=0x0, buttonState=0x1, downTime=172118039000000, eventTime=172118119000000, pointerCount=1 xos=0, yos=0
07-02 23:30:14.129  4229  4511 D InputTransport: channel 'edge-swipe (server)' : action=ACTION_UP(0), id=0, displayId=0, tooltype=1, deviceId=-1, source=0x1002, flags=0x0, edgeFlags=0x0, metaState=0x0, buttonState=0x1, downTime=172118039000000, eventTime=172118119000000, pointerCount=1 xos=0, yos=0
07-02 23:30:14.129  4229  4511 D InputTransport: channel 'swipe-up (server)' : action=ACTION_UP(0), id=0, displayId=0, tooltype=1, deviceId=-1, source=0x1002, flags=0x0, edgeFlags=0x0, metaState=0x0, buttonState=0x1, downTime=172118039000000, eventTime=172118119000000, pointerCount=1 xos=0, yos=0
07-02 23:30:14.129  4229  4511 D InputTransport: channel 'swipe-up (server)' : action=ACTION_UP(0), id=0, displayId=0, tooltype=1, deviceId=-1, source=0x1002, flags=0x0, edgeFlags=0x0, metaState=0x0, buttonState=0x1, downTime=172118039000000, eventTime=172118119000000, pointerCount=1 xos=0, yos=0
07-02 23:30:14.129  4229  4511 D InputTransport: channel 'PointerEventDispatcher0 (server)' : action=ACTION_UP(0), id=0, displayId=0, tooltype=1, deviceId=-1, source=0x1002, flags=0x0, edgeFlags=0x0, metaState=0x0, buttonState=0x1, downTime=172118039000000, eventTime=172118119000000, pointerCount=1 xos=0, yos=0
07-02 23:30:14.129  4229  4511 D InputTransport: channel 'PointerEventDispatcherForRear0 (server)' : action=ACTION_UP(0), id=0, displayId=0, tooltype=1, deviceId=-1, source=0x1002, flags=0x0, edgeFlags=0x0, metaState=0x0, buttonState=0x1, downTime=172118039000000, eventTime=172118119000000, pointerCount=1 xos=0, yos=0
07-02 23:30:14.135 32149 32149 I View    : PerformClick: com.google.android.material.button.MaterialButton{82da988 VFED..C.. ...p..ID 564,1713-1032,1857 #7f080169 app:id/next_button}
07-02 23:30:14.135 32149 32149 I View    : MotionEvent.ACTION_UP: mPrivateFlags: -2128590800,   mHasPerformedLongPress: false,   mIgnoreNextUpEvent: false
07-02 23:30:14.142  4229  4567 V SoundPool: play(soundID=1, leftVolume=1.000000, rightVolume=1.000000, priority=0, loop=0, rate=1.000000)
07-02 23:30:14.143  4229  4567 V AudioTrack: setSampleRate(5291): prior state:STATE_STOPPED rate:48000
07-02 23:30:14.143  4229  4567 V AudioTrack: start(5291): prior state:STATE_STOPPED
07-02 23:30:14.143  4229  4567 V AudioTrack: start(5291): server read:-193012  cumulative flushed:0  client written:0
07-02 23:30:14.143   965   965 V AF::Track: start(4816): calling pid 4229 session 23897
07-02 23:30:14.144   965  1326 D APM_AudioPolicyManager: startOutput portId 5291 output primary->(primary output)(13), stream 1, session 23897
07-02 23:30:14.145   965  1326 V APM_AudioPolicyManager: selectOutputForMusicEffects selected output 13
07-02 23:30:14.145   965  1326 V APM_AudioPolicyManager: getNewOutputDevices selected devices {type:0x2,@:}
07-02 23:30:14.145   965  1326 V APM_AudioPolicyManager: setOutputDevices device {type:0x2,@:} delayMs 0
07-02 23:30:14.145   965  1326 V APM_AudioPolicyManager: setOutputDevices() prevDevice {type:0x2,@:}
07-02 23:30:14.145   965  1326 V APM_AudioPolicyManager: setOutputDevices: suppressing checkDeviceMuteStrategies
07-02 23:30:14.145   965  1326 V APM_AudioPolicyManager: setOutputDevices setting same device {type:0x2,@:} or null device, force=0, patch handle=5258
07-02 23:30:14.146  4229  4567 V SoundPool: play returned 12400
07-02 23:30:14.151  4229  6309 V AudioSystem: ioConfigChanged() event 8
07-02 23:30:14.151  4229  6309 V AudioSystem: ioConfigChanged() AUDIO_CLIENT_STARTED  io 13 port 5291 num callbacks 0
07-02 23:30:14.206   965  1885 V AF::Track: getNextBuffer(4816): underrun,  framesReady(0) < framesDesired(236), state: 6
07-02 23:30:14.211   965  1887 D AF::Track: presentationComplete(4816): presentationComplete() reset: mPresentationCompleteFrames 1064640 audioHalFrames 960
07-02 23:30:14.219  4229 32186 V AudioTrack: stop(5291): prior state:STATE_ACTIVE
07-02 23:30:14.220   965   965 V AF::Track: stop(4816): calling pid 4229
07-02 23:30:14.251   965  1887 V AF::Track: presentationComplete(4816): presentationComplete() mPresentationCompleteFrames 1064640 framesWritten 1065600
07-02 23:30:14.258   965  1326 V APM_AudioPolicyManager: stopOutput() portId 5291 output 13, stream 1, session 23897
07-02 23:30:14.259   965  1326 V APM_AudioPolicyManager: getNewOutputDevices selected devices AUDIO_DEVICE_NONE
07-02 23:30:14.259   965  1326 V APM_AudioPolicyManager: setOutputDevices device AUDIO_DEVICE_NONE delayMs 120
07-02 23:30:14.259   965  1326 V APM_AudioPolicyManager: setOutputDevices() prevDevice {type:0x2,@:}
07-02 23:30:14.260   965  1326 W APM::AudioPolicyEngine: getDevicesForStrategy() unknown strategy: -1
07-02 23:30:14.260   965  1326 V APM_AudioPolicyManager: setOutputDevices setting same device AUDIO_DEVICE_NONE or null device, force=0, patch handle=5258
07-02 23:30:14.260   965  1326 V APM_AudioPolicyManager: selectOutputForMusicEffects selected output 13
07-02 23:30:14.551 32149 32149 I ViewInteraction: Performing 'single click' action on view view.getId() is <2131231138/com.example.lunchtray:id/salad>
07-02 23:30:14.558  4229  4511 D InputTransport: channel 'e98e16d com.example.lunchtray/com.example.lunchtray.MainActivity (server)' : action=ACTION_DOWN(0), id=0, displayId=0, tooltype=0, deviceId=-1, source=0x1002, flags=0x0, edgeFlags=0x0, metaState=0x0, buttonState=0x1, downTime=172118547000000, eventTime=172118547000000, pointerCount=1 xos=0, yos=0
07-02 23:30:14.559  4229  4511 D InputTransport: channel 'swipe-up (server)' : action=ACTION_DOWN(0), id=0, displayId=0, tooltype=0, deviceId=-1, source=0x1002, flags=0x0, edgeFlags=0x0, metaState=0x0, buttonState=0x1, downTime=172118547000000, eventTime=172118547000000, pointerCount=1 xos=0, yos=0
07-02 23:30:14.559  4229  4511 D InputTransport: channel 'edge-swipe (server)' : action=ACTION_DOWN(0), id=0, displayId=0, tooltype=0, deviceId=-1, source=0x1002, flags=0x0, edgeFlags=0x0, metaState=0x0, buttonState=0x1, downTime=172118547000000, eventTime=172118547000000, pointerCount=1 xos=0, yos=0
07-02 23:30:14.559  4229  4511 D InputTransport: channel 'swipe-up (server)' : action=ACTION_DOWN(0), id=0, displayId=0, tooltype=0, deviceId=-1, source=0x1002, flags=0x0, edgeFlags=0x0, metaState=0x0, buttonState=0x1, downTime=172118547000000, eventTime=172118547000000, pointerCount=1 xos=0, yos=0
07-02 23:30:14.559  4229  4511 D InputTransport: channel 'swipe-up (server)' : action=ACTION_DOWN(0), id=0, displayId=0, tooltype=0, deviceId=-1, source=0x1002, flags=0x0, edgeFlags=0x0, metaState=0x0, buttonState=0x1, downTime=172118547000000, eventTime=172118547000000, pointerCount=1 xos=0, yos=0
07-02 23:30:14.559  4229  4511 D InputTransport: channel 'PointerEventDispatcher0 (server)' : action=ACTION_DOWN(0), id=0, displayId=0, tooltype=0, deviceId=-1, source=0x1002, flags=0x0, edgeFlags=0x0, metaState=0x0, buttonState=0x1, downTime=172118547000000, eventTime=172118547000000, pointerCount=1 xos=0, yos=0
07-02 23:30:14.559  4229  4511 D InputTransport: channel 'PointerEventDispatcherForRear0 (server)' : action=ACTION_DOWN(0), id=0, displayId=0, tooltype=0, deviceId=-1, source=0x1002, flags=0x0, edgeFlags=0x0, metaState=0x0, buttonState=0x1, downTime=172118547000000, eventTime=172118547000000, pointerCount=1 xos=0, yos=0
07-02 23:30:14.639  4229  4511 D InputTransport: channel 'e98e16d com.example.lunchtray/com.example.lunchtray.MainActivity (server)' : action=ACTION_UP(0), id=0, displayId=0, tooltype=1, deviceId=-1, source=0x1002, flags=0x0, edgeFlags=0x0, metaState=0x0, buttonState=0x1, downTime=172118547000000, eventTime=172118628000000, pointerCount=1 xos=0, yos=0
07-02 23:30:14.639  4229  4511 D InputTransport: channel 'swipe-up (server)' : action=ACTION_UP(0), id=0, displayId=0, tooltype=1, deviceId=-1, source=0x1002, flags=0x0, edgeFlags=0x0, metaState=0x0, buttonState=0x1, downTime=172118547000000, eventTime=172118628000000, pointerCount=1 xos=0, yos=0
07-02 23:30:14.639  4229  4511 D InputTransport: channel 'edge-swipe (server)' : action=ACTION_UP(0), id=0, displayId=0, tooltype=1, deviceId=-1, source=0x1002, flags=0x0, edgeFlags=0x0, metaState=0x0, buttonState=0x1, downTime=172118547000000, eventTime=172118628000000, pointerCount=1 xos=0, yos=0
07-02 23:30:14.639  4229  4511 D InputTransport: channel 'swipe-up (server)' : action=ACTION_UP(0), id=0, displayId=0, tooltype=1, deviceId=-1, source=0x1002, flags=0x0, edgeFlags=0x0, metaState=0x0, buttonState=0x1, downTime=172118547000000, eventTime=172118628000000, pointerCount=1 xos=0, yos=0
07-02 23:30:14.640  4229  4511 D InputTransport: channel 'swipe-up (server)' : action=ACTION_UP(0), id=0, displayId=0, tooltype=1, deviceId=-1, source=0x1002, flags=0x0, edgeFlags=0x0, metaState=0x0, buttonState=0x1, downTime=172118547000000, eventTime=172118628000000, pointerCount=1 xos=0, yos=0
07-02 23:30:14.640  4229  4511 D InputTransport: channel 'PointerEventDispatcher0 (server)' : action=ACTION_UP(0), id=0, displayId=0, tooltype=1, deviceId=-1, source=0x1002, flags=0x0, edgeFlags=0x0, metaState=0x0, buttonState=0x1, downTime=172118547000000, eventTime=172118628000000, pointerCount=1 xos=0, yos=0
07-02 23:30:14.640  4229  4511 D InputTransport: channel 'PointerEventDispatcherForRear0 (server)' : action=ACTION_UP(0), id=0, displayId=0, tooltype=1, deviceId=-1, source=0x1002, flags=0x0, edgeFlags=0x0, metaState=0x0, buttonState=0x1, downTime=172118547000000, eventTime=172118628000000, pointerCount=1 xos=0, yos=0
07-02 23:30:14.648 32149 32149 I View    : PerformClick: com.google.android.material.radiobutton.MaterialRadioButton{96de3d5 VFED..C.. ...p..ID 0,0-459,144 #7f0801a2 app:id/salad}
07-02 23:30:14.648 32149 32149 I View    : MotionEvent.ACTION_UP: mPrivateFlags: -2128590800,   mHasPerformedLongPress: false,   mIgnoreNextUpEvent: false
07-02 23:30:14.675  4229  4567 V SoundPool: play(soundID=1, leftVolume=1.000000, rightVolume=1.000000, priority=0, loop=0, rate=1.000000)
07-02 23:30:14.677  4229  4567 V AudioTrack: setSampleRate(5291): prior state:STATE_STOPPED rate:48000
07-02 23:30:14.677  4229  4567 V AudioTrack: start(5291): prior state:STATE_STOPPED
07-02 23:30:14.677  4229  4567 V AudioTrack: start(5291): server read:-195656  cumulative flushed:0  client written:0
07-02 23:30:14.678   965  2034 V AF::Track: start(4816): calling pid 4229 session 23897
07-02 23:30:14.679   965  1326 D APM_AudioPolicyManager: startOutput portId 5291 output primary->(primary output)(13), stream 1, session 23897
07-02 23:30:14.680   965  1326 V APM_AudioPolicyManager: selectOutputForMusicEffects selected output 13
07-02 23:30:14.680   965  1326 V APM_AudioPolicyManager: getNewOutputDevices selected devices {type:0x2,@:}
07-02 23:30:14.680   965  1326 V APM_AudioPolicyManager: setOutputDevices device {type:0x2,@:} delayMs 0
07-02 23:30:14.680   965  1326 V APM_AudioPolicyManager: setOutputDevices() prevDevice {type:0x2,@:}
07-02 23:30:14.680   965  1326 V APM_AudioPolicyManager: setOutputDevices: suppressing checkDeviceMuteStrategies
07-02 23:30:14.680   965  1326 V APM_AudioPolicyManager: setOutputDevices setting same device {type:0x2,@:} or null device, force=0, patch handle=5258
07-02 23:30:14.682  4229  4567 V SoundPool: play returned 12401
07-02 23:30:14.691  4229  7769 V AudioSystem: ioConfigChanged() event 8
07-02 23:30:14.691  4229  7769 V AudioSystem: ioConfigChanged() AUDIO_CLIENT_STARTED  io 13 port 5291 num callbacks 0
07-02 23:30:14.746   965  1885 V AF::Track: getNextBuffer(4816): underrun,  framesReady(0) < framesDesired(236), state: 6
07-02 23:30:14.751   965  1887 D AF::Track: presentationComplete(4816): presentationComplete() reset: mPresentationCompleteFrames 1090560 audioHalFrames 960
07-02 23:30:14.755  4229 32186 V AudioTrack: stop(5291): prior state:STATE_ACTIVE
07-02 23:30:14.755   965  2034 V AF::Track: stop(4816): calling pid 4229
07-02 23:30:14.791   965  1887 V AF::Track: presentationComplete(4816): presentationComplete() mPresentationCompleteFrames 1090560 framesWritten 1091520
07-02 23:30:14.798   965  1326 V APM_AudioPolicyManager: stopOutput() portId 5291 output 13, stream 1, session 23897
07-02 23:30:14.799   965  1326 V APM_AudioPolicyManager: getNewOutputDevices selected devices AUDIO_DEVICE_NONE
07-02 23:30:14.799   965  1326 V APM_AudioPolicyManager: setOutputDevices device AUDIO_DEVICE_NONE delayMs 120
07-02 23:30:14.799   965  1326 V APM_AudioPolicyManager: setOutputDevices() prevDevice {type:0x2,@:}
07-02 23:30:14.800   965  1326 W APM::AudioPolicyEngine: getDevicesForStrategy() unknown strategy: -1
07-02 23:30:14.800   965  1326 V APM_AudioPolicyManager: setOutputDevices setting same device AUDIO_DEVICE_NONE or null device, force=0, patch handle=5258
07-02 23:30:14.801   965  1326 V APM_AudioPolicyManager: selectOutputForMusicEffects selected output 13
07-02 23:30:15.071 32149 32149 I ViewInteraction: Performing 'single click' action on view view.getId() is <2131231081/com.example.lunchtray:id/next_button>
07-02 23:30:15.079  4229  4511 D InputTransport: channel 'e98e16d com.example.lunchtray/com.example.lunchtray.MainActivity (server)' : action=ACTION_DOWN(0), id=0, displayId=0, tooltype=0, deviceId=-1, source=0x1002, flags=0x0, edgeFlags=0x0, metaState=0x0, buttonState=0x1, downTime=172119068000000, eventTime=172119068000000, pointerCount=1 xos=0, yos=0
07-02 23:30:15.079  4229  4511 D InputTransport: channel 'swipe-up (server)' : action=ACTION_DOWN(0), id=0, displayId=0, tooltype=0, deviceId=-1, source=0x1002, flags=0x0, edgeFlags=0x0, metaState=0x0, buttonState=0x1, downTime=172119068000000, eventTime=172119068000000, pointerCount=1 xos=0, yos=0
07-02 23:30:15.079  4229  4511 D InputTransport: channel 'edge-swipe (server)' : action=ACTION_DOWN(0), id=0, displayId=0, tooltype=0, deviceId=-1, source=0x1002, flags=0x0, edgeFlags=0x0, metaState=0x0, buttonState=0x1, downTime=172119068000000, eventTime=172119068000000, pointerCount=1 xos=0, yos=0
07-02 23:30:15.079  4229  4511 D InputTransport: channel 'swipe-up (server)' : action=ACTION_DOWN(0), id=0, displayId=0, tooltype=0, deviceId=-1, source=0x1002, flags=0x0, edgeFlags=0x0, metaState=0x0, buttonState=0x1, downTime=172119068000000, eventTime=172119068000000, pointerCount=1 xos=0, yos=0
07-02 23:30:15.079  4229  4511 D InputTransport: channel 'swipe-up (server)' : action=ACTION_DOWN(0), id=0, displayId=0, tooltype=0, deviceId=-1, source=0x1002, flags=0x0, edgeFlags=0x0, metaState=0x0, buttonState=0x1, downTime=172119068000000, eventTime=172119068000000, pointerCount=1 xos=0, yos=0
07-02 23:30:15.080  4229  4511 D InputTransport: channel 'PointerEventDispatcher0 (server)' : action=ACTION_DOWN(0), id=0, displayId=0, tooltype=0, deviceId=-1, source=0x1002, flags=0x0, edgeFlags=0x0, metaState=0x0, buttonState=0x1, downTime=172119068000000, eventTime=172119068000000, pointerCount=1 xos=0, yos=0
07-02 23:30:15.080  4229  4511 D InputTransport: channel 'PointerEventDispatcherForRear0 (server)' : action=ACTION_DOWN(0), id=0, displayId=0, tooltype=0, deviceId=-1, source=0x1002, flags=0x0, edgeFlags=0x0, metaState=0x0, buttonState=0x1, downTime=172119068000000, eventTime=172119068000000, pointerCount=1 xos=0, yos=0
07-02 23:30:15.142  3772  3782 I PowerRM : CF-1 b-1
07-02 23:30:15.142  3772  3782 I PowerRM : REQF = -1
07-02 23:30:15.142  3772  3782 I Powercontrol_Client: Notify refreshrate 160:60:-1
07-02 23:30:15.142   903   924 I vendor.lge.hardware.powercontrol@1.3-impl: notify_refreshrate_limit to 160/60/-1
07-02 23:30:15.152   970   970 I SurfaceFlinger: Setting desired display config specs: defaultConfig: 0 primaryRange: [60 60] expandedRange: [0 inf]
07-02 23:30:15.152   970   970 I SurfaceFlinger: setDesiredActiveConfig(60fps)
07-02 23:30:15.159  4229  4511 D InputTransport: channel 'e98e16d com.example.lunchtray/com.example.lunchtray.MainActivity (server)' : action=ACTION_UP(0), id=0, displayId=0, tooltype=1, deviceId=-1, source=0x1002, flags=0x0, edgeFlags=0x0, metaState=0x0, buttonState=0x1, downTime=172119068000000, eventTime=172119148000000, pointerCount=1 xos=0, yos=0
07-02 23:30:15.160  4229  4511 D InputTransport: channel 'swipe-up (server)' : action=ACTION_UP(0), id=0, displayId=0, tooltype=1, deviceId=-1, source=0x1002, flags=0x0, edgeFlags=0x0, metaState=0x0, buttonState=0x1, downTime=172119068000000, eventTime=172119148000000, pointerCount=1 xos=0, yos=0
07-02 23:30:15.160  4229  4511 D InputTransport: channel 'edge-swipe (server)' : action=ACTION_UP(0), id=0, displayId=0, tooltype=1, deviceId=-1, source=0x1002, flags=0x0, edgeFlags=0x0, metaState=0x0, buttonState=0x1, downTime=172119068000000, eventTime=172119148000000, pointerCount=1 xos=0, yos=0
07-02 23:30:15.160  4229  4511 D InputTransport: channel 'swipe-up (server)' : action=ACTION_UP(0), id=0, displayId=0, tooltype=1, deviceId=-1, source=0x1002, flags=0x0, edgeFlags=0x0, metaState=0x0, buttonState=0x1, downTime=172119068000000, eventTime=172119148000000, pointerCount=1 xos=0, yos=0
07-02 23:30:15.160  4229  4511 D InputTransport: channel 'swipe-up (server)' : action=ACTION_UP(0), id=0, displayId=0, tooltype=1, deviceId=-1, source=0x1002, flags=0x0, edgeFlags=0x0, metaState=0x0, buttonState=0x1, downTime=172119068000000, eventTime=172119148000000, pointerCount=1 xos=0, yos=0
07-02 23:30:15.160  4229  4511 D InputTransport: channel 'PointerEventDispatcher0 (server)' : action=ACTION_UP(0), id=0, displayId=0, tooltype=1, deviceId=-1, source=0x1002, flags=0x0, edgeFlags=0x0, metaState=0x0, buttonState=0x1, downTime=172119068000000, eventTime=172119148000000, pointerCount=1 xos=0, yos=0
07-02 23:30:15.161  4229  4511 D InputTransport: channel 'PointerEventDispatcherForRear0 (server)' : action=ACTION_UP(0), id=0, displayId=0, tooltype=1, deviceId=-1, source=0x1002, flags=0x0, edgeFlags=0x0, metaState=0x0, buttonState=0x1, downTime=172119068000000, eventTime=172119148000000, pointerCount=1 xos=0, yos=0
07-02 23:30:15.173 32149 32149 I View    : PerformClick: com.google.android.material.button.MaterialButton{218c769 VFED..C.. ...p..ID 564,1605-1032,1749 #7f080169 app:id/next_button}
07-02 23:30:15.173 32149 32149 I View    : MotionEvent.ACTION_UP: mPrivateFlags: -2128590800,   mHasPerformedLongPress: false,   mIgnoreNextUpEvent: false
07-02 23:30:15.183  4229  4567 V SoundPool: play(soundID=1, leftVolume=1.000000, rightVolume=1.000000, priority=0, loop=0, rate=1.000000)
07-02 23:30:15.184  4229  4567 V AudioTrack: setSampleRate(5291): prior state:STATE_STOPPED rate:48000
07-02 23:30:15.184  4229  4567 V AudioTrack: start(5291): prior state:STATE_STOPPED
07-02 23:30:15.184  4229  4567 V AudioTrack: start(5291): server read:-198300  cumulative flushed:0  client written:0
07-02 23:30:15.184   965  2034 V AF::Track: start(4816): calling pid 4229 session 23897
07-02 23:30:15.186   965  1326 D APM_AudioPolicyManager: startOutput portId 5291 output primary->(primary output)(13), stream 1, session 23897
07-02 23:30:15.186   965  1326 V APM_AudioPolicyManager: selectOutputForMusicEffects selected output 13
07-02 23:30:15.186   965  1326 V APM_AudioPolicyManager: getNewOutputDevices selected devices {type:0x2,@:}
07-02 23:30:15.186   965  1326 V APM_AudioPolicyManager: setOutputDevices device {type:0x2,@:} delayMs 0
07-02 23:30:15.186   965  1326 V APM_AudioPolicyManager: setOutputDevices() prevDevice {type:0x2,@:}
07-02 23:30:15.186   965  1326 V APM_AudioPolicyManager: setOutputDevices: suppressing checkDeviceMuteStrategies
07-02 23:30:15.186   965  1326 V APM_AudioPolicyManager: setOutputDevices setting same device {type:0x2,@:} or null device, force=0, patch handle=5258
07-02 23:30:15.188  4229  4567 V SoundPool: play returned 12402
07-02 23:30:15.195  4229  6309 V AudioSystem: ioConfigChanged() event 8
07-02 23:30:15.195  4229  6309 V AudioSystem: ioConfigChanged() AUDIO_CLIENT_STARTED  io 13 port 5291 num callbacks 0
07-02 23:30:15.246   965  1885 V AF::Track: getNextBuffer(4816): underrun,  framesReady(0) < framesDesired(236), state: 6
07-02 23:30:15.248  4229 32186 V AudioTrack: stop(5291): prior state:STATE_ACTIVE
07-02 23:30:15.249   965  2034 V AF::Track: stop(4816): calling pid 4229
07-02 23:30:15.275   965  1887 D AF::Track: presentationComplete(4816): presentationComplete() reset: mPresentationCompleteFrames 1115520 audioHalFrames 960
07-02 23:30:15.295   965  1887 V AF::Track: presentationComplete(4816): presentationComplete() mPresentationCompleteFrames 1115520 framesWritten 1115520
07-02 23:30:15.299   965  1326 V APM_AudioPolicyManager: stopOutput() portId 5291 output 13, stream 1, session 23897
07-02 23:30:15.299   965  1326 V APM_AudioPolicyManager: getNewOutputDevices selected devices AUDIO_DEVICE_NONE
07-02 23:30:15.299   965  1326 V APM_AudioPolicyManager: setOutputDevices device AUDIO_DEVICE_NONE delayMs 120
07-02 23:30:15.299   965  1326 V APM_AudioPolicyManager: setOutputDevices() prevDevice {type:0x2,@:}
07-02 23:30:15.300   965  1326 W APM::AudioPolicyEngine: getDevicesForStrategy() unknown strategy: -1
07-02 23:30:15.300   965  1326 V APM_AudioPolicyManager: setOutputDevices setting same device AUDIO_DEVICE_NONE or null device, force=0, patch handle=5258
07-02 23:30:15.300   965  1326 V APM_AudioPolicyManager: selectOutputForMusicEffects selected output 13
07-02 23:30:15.608 32149 32149 I ViewInteraction: Performing 'single click' action on view view.getId() is <2131230835/com.example.lunchtray:id/bread>
07-02 23:30:15.615  4229  4511 D InputTransport: channel 'e98e16d com.example.lunchtray/com.example.lunchtray.MainActivity (server)' : action=ACTION_DOWN(0), id=0, displayId=0, tooltype=0, deviceId=-1, source=0x1002, flags=0x0, edgeFlags=0x0, metaState=0x0, buttonState=0x1, downTime=172119604000000, eventTime=172119604000000, pointerCount=1 xos=0, yos=0
07-02 23:30:15.616  4229  4511 D InputTransport: channel 'swipe-up (server)' : action=ACTION_DOWN(0), id=0, displayId=0, tooltype=0, deviceId=-1, source=0x1002, flags=0x0, edgeFlags=0x0, metaState=0x0, buttonState=0x1, downTime=172119604000000, eventTime=172119604000000, pointerCount=1 xos=0, yos=0
07-02 23:30:15.616  4229  4511 D InputTransport: channel 'edge-swipe (server)' : action=ACTION_DOWN(0), id=0, displayId=0, tooltype=0, deviceId=-1, source=0x1002, flags=0x0, edgeFlags=0x0, metaState=0x0, buttonState=0x1, downTime=172119604000000, eventTime=172119604000000, pointerCount=1 xos=0, yos=0
07-02 23:30:15.616  4229  4511 D InputTransport: channel 'swipe-up (server)' : action=ACTION_DOWN(0), id=0, displayId=0, tooltype=0, deviceId=-1, source=0x1002, flags=0x0, edgeFlags=0x0, metaState=0x0, buttonState=0x1, downTime=172119604000000, eventTime=172119604000000, pointerCount=1 xos=0, yos=0
07-02 23:30:15.616  4229  4511 D InputTransport: channel 'swipe-up (server)' : action=ACTION_DOWN(0), id=0, displayId=0, tooltype=0, deviceId=-1, source=0x1002, flags=0x0, edgeFlags=0x0, metaState=0x0, buttonState=0x1, downTime=172119604000000, eventTime=172119604000000, pointerCount=1 xos=0, yos=0
07-02 23:30:15.616  4229  4511 D InputTransport: channel 'PointerEventDispatcher0 (server)' : action=ACTION_DOWN(0), id=0, displayId=0, tooltype=0, deviceId=-1, source=0x1002, flags=0x0, edgeFlags=0x0, metaState=0x0, buttonState=0x1, downTime=172119604000000, eventTime=172119604000000, pointerCount=1 xos=0, yos=0
07-02 23:30:15.616  4229  4511 D InputTransport: channel 'PointerEventDispatcherForRear0 (server)' : action=ACTION_DOWN(0), id=0, displayId=0, tooltype=0, deviceId=-1, source=0x1002, flags=0x0, edgeFlags=0x0, metaState=0x0, buttonState=0x1, downTime=172119604000000, eventTime=172119604000000, pointerCount=1 xos=0, yos=0
07-02 23:30:15.697  4229  4511 D InputTransport: channel 'e98e16d com.example.lunchtray/com.example.lunchtray.MainActivity (server)' : action=ACTION_UP(0), id=0, displayId=0, tooltype=1, deviceId=-1, source=0x1002, flags=0x0, edgeFlags=0x0, metaState=0x0, buttonState=0x1, downTime=172119604000000, eventTime=172119686000000, pointerCount=1 xos=0, yos=0
07-02 23:30:15.697  4229  4511 D InputTransport: channel 'swipe-up (server)' : action=ACTION_UP(0), id=0, displayId=0, tooltype=1, deviceId=-1, source=0x1002, flags=0x0, edgeFlags=0x0, metaState=0x0, buttonState=0x1, downTime=172119604000000, eventTime=172119686000000, pointerCount=1 xos=0, yos=0
07-02 23:30:15.697  4229  4511 D InputTransport: channel 'edge-swipe (server)' : action=ACTION_UP(0), id=0, displayId=0, tooltype=1, deviceId=-1, source=0x1002, flags=0x0, edgeFlags=0x0, metaState=0x0, buttonState=0x1, downTime=172119604000000, eventTime=172119686000000, pointerCount=1 xos=0, yos=0
07-02 23:30:15.698  4229  4511 D InputTransport: channel 'swipe-up (server)' : action=ACTION_UP(0), id=0, displayId=0, tooltype=1, deviceId=-1, source=0x1002, flags=0x0, edgeFlags=0x0, metaState=0x0, buttonState=0x1, downTime=172119604000000, eventTime=172119686000000, pointerCount=1 xos=0, yos=0
07-02 23:30:15.698  4229  4511 D InputTransport: channel 'swipe-up (server)' : action=ACTION_UP(0), id=0, displayId=0, tooltype=1, deviceId=-1, source=0x1002, flags=0x0, edgeFlags=0x0, metaState=0x0, buttonState=0x1, downTime=172119604000000, eventTime=172119686000000, pointerCount=1 xos=0, yos=0
07-02 23:30:15.698  4229  4511 D InputTransport: channel 'PointerEventDispatcher0 (server)' : action=ACTION_UP(0), id=0, displayId=0, tooltype=1, deviceId=-1, source=0x1002, flags=0x0, edgeFlags=0x0, metaState=0x0, buttonState=0x1, downTime=172119604000000, eventTime=172119686000000, pointerCount=1 xos=0, yos=0
07-02 23:30:15.698  4229  4511 D InputTransport: channel 'PointerEventDispatcherForRear0 (server)' : action=ACTION_UP(0), id=0, displayId=0, tooltype=1, deviceId=-1, source=0x1002, flags=0x0, edgeFlags=0x0, metaState=0x0, buttonState=0x1, downTime=172119604000000, eventTime=172119686000000, pointerCount=1 xos=0, yos=0
07-02 23:30:15.705 32149 32149 I View    : PerformClick: com.google.android.material.radiobutton.MaterialRadioButton{9f2e612 VFED..C.. ...p..ID 0,0-358,144 #7f080073 app:id/bread}
07-02 23:30:15.705 32149 32149 I View    : MotionEvent.ACTION_UP: mPrivateFlags: -2128590800,   mHasPerformedLongPress: false,   mIgnoreNextUpEvent: false
07-02 23:30:15.728  4229  4567 V SoundPool: play(soundID=1, leftVolume=1.000000, rightVolume=1.000000, priority=0, loop=0, rate=1.000000)
07-02 23:30:15.730  4229  4567 V AudioTrack: setSampleRate(5291): prior state:STATE_STOPPED rate:48000
07-02 23:30:15.731  4229  4567 V AudioTrack: start(5291): prior state:STATE_STOPPED
07-02 23:30:15.731  4229  4567 V AudioTrack: start(5291): server read:-200944  cumulative flushed:0  client written:0
07-02 23:30:15.731   965  2034 V AF::Track: start(4816): calling pid 4229 session 23897
07-02 23:30:15.733   965  1326 D APM_AudioPolicyManager: startOutput portId 5291 output primary->(primary output)(13), stream 1, session 23897
07-02 23:30:15.733   965  1326 V APM_AudioPolicyManager: selectOutputForMusicEffects selected output 13
