07-02 23:30:10.206  4229  4567 V AudioTrack: start(5291): prior state:STATE_STOPPED
07-02 23:30:10.206  4229  4567 V AudioTrack: start(5291): server read:-177148  cumulative flushed:0  client written:0
07-02 23:30:10.206   965  2725 V AF::Track: start(4816): calling pid 4229 session 23897
07-02 23:30:10.206   965  1326 D APM_AudioPolicyManager: startOutput portId 5291 output primary->(primary output)(13), stream 1, session 23897
07-02 23:30:10.207   965  1326 V APM_AudioPolicyManager: selectOutputForMusicEffects selected output 13
07-02 23:30:10.207   965  1326 V APM_AudioPolicyManager: getNewOutputDevices selected devices {type:0x2,@:}
07-02 23:30:10.207   965  1326 V APM_AudioPolicyManager: setOutputDevices device {type:0x2,@:} delayMs 0
07-02 23:30:10.207   965  1326 V APM_AudioPolicyManager: setOutputDevices() prevDevice {type:0x2,@:}
07-02 23:30:10.207   965  1326 V APM_AudioPolicyManager: setOutputDevices: suppressing checkDeviceMuteStrategies
07-02 23:30:10.207   965  1326 V APM_AudioPolicyManager: setOutputDevices setting same device {type:0x2,@:} or null device, force=0, patch handle=5258
07-02 23:30:10.207  4229  4567 V SoundPool: play returned 12391
07-02 23:30:10.210  4229  6300 V AudioSystem: ioConfigChanged() event 8
07-02 23:30:10.210  4229  6300 V AudioSystem: ioConfigChanged() AUDIO_CLIENT_STARTED  io 13 port 5291 num callbacks 0
07-02 23:30:10.213  4696  4696 I BarTransitions.PhoneStatusBarTransitions: setNotchColor color = 0
07-02 23:30:10.222  4696  4696 I chatty  : uid=10157(com.lge.quicktools) com.android.systemui identical 1 line
07-02 23:30:10.225  4696  4696 I BarTransitions.PhoneStatusBarTransitions: setNotchColor color = 0
07-02 23:30:10.253  4696  4696 I LightBarTransitionsController: animateIconTint() : skip : mNextDarkIntensity = 0.0
07-02 23:30:10.265   970   970 I SurfaceFlinger: Remove EffectLayer(0xb400007d2cdf9bb0) Surface(name=c080b9b Splash Screen com.example.lunchtray)/@0xb61d598 - animation-leash#0 (parent=none)
07-02 23:30:10.265   970   970 I SurfaceFlinger: Remove ContainerLayer(0xb400007d2cf69140) c080b9b Splash Screen com.example.lunchtray#0 (parent=none)
07-02 23:30:10.265   970   970 I SurfaceFlinger: Remove BufferQueueLayer(0xb400007d3cd4bad0) Splash Screen com.example.lunchtray@4229#0 (parent=none)
07-02 23:30:10.265   970   970 D Layer   : Destroy Surface(name=c080b9b Splash Screen com.example.lunchtray)/@0xb61d598 - animation-leash#0(0xb400007d2cdf9bb0)
07-02 23:30:10.265   970   970 D Layer   : Destroy c080b9b Splash Screen com.example.lunchtray#0(0xb400007d2cf69140)
07-02 23:30:10.266  4229  4297 D InputDispatcher: Window went away: Splash Screen com.example.lunchtray@4229#0
07-02 23:30:10.266   965  1885 V AF::Track: getNextBuffer(4816): underrun,  framesReady(0) < framesDesired(236), state: 6
07-02 23:30:10.267   970   970 D Layer   : Destroy Splash Screen com.example.lunchtray@4229#0(0xb400007d3cd4bad0)
07-02 23:30:10.268  4229 32186 V AudioTrack: stop(5291): prior state:STATE_ACTIVE
07-02 23:30:10.268   965  2725 V AF::Track: stop(4816): calling pid 4229
07-02 23:30:10.270   970   970 I MiniDump: -------------------------------------------------------------------------------------------
07-02 23:30:10.270   970   970 I MiniDump: [ROTATION_0] H |  Comp Type |  Transform |  Alpha |  Disp Frame (LTRB) |  Source Crop (LTRB) | Frame Rate  | Disp[19260613375406721] ""
07-02 23:30:10.270   970   970 I MiniDump: 0xb400007d3cd257a0 |     DEVICE |          0 | 1.000 |    0    0 1080 2340 |   0.0   0.0 1080.0 2340.0 | com.example.lunchtray/com[...]tray.MainActivity@32149#0
07-02 23:30:10.270   970   970 I MiniDump: 0xb400007d3cd36d70 |     DEVICE |          0 | 1.000 |    0    0 1080   87 |   0.0   0.0 1080.0  87.0 | StatusBar@4696#0
07-02 23:30:10.270   970   970 I MiniDump: 0xb400007d3cd22010 |     DEVICE |          0 | 1.000 |    0 2196 1080 2340 |   0.0   0.0 1080.0 144.0 | NavigationBar#0@4696#0
07-02 23:30:10.290   965  1887 D AF::Track: presentationComplete(4816): presentationComplete() reset: mPresentationCompleteFrames 876480 audioHalFrames 960
07-02 23:30:10.310   965  1887 V AF::Track: presentationComplete(4816): presentationComplete() mPresentationCompleteFrames 876480 framesWritten 876480
07-02 23:30:10.319   965  1326 V APM_AudioPolicyManager: stopOutput() portId 5291 output 13, stream 1, session 23897
07-02 23:30:10.319   965  1326 V APM_AudioPolicyManager: getNewOutputDevices selected devices AUDIO_DEVICE_NONE
07-02 23:30:10.320   965  1326 V APM_AudioPolicyManager: setOutputDevices device AUDIO_DEVICE_NONE delayMs 120
07-02 23:30:10.320   965  1326 V APM_AudioPolicyManager: setOutputDevices() prevDevice {type:0x2,@:}
07-02 23:30:10.320   965  1326 W APM::AudioPolicyEngine: getDevicesForStrategy() unknown strategy: -1
07-02 23:30:10.320   965  1326 V APM_AudioPolicyManager: setOutputDevices setting same device AUDIO_DEVICE_NONE or null device, force=0, patch handle=5258
07-02 23:30:10.320   965  1326 V APM_AudioPolicyManager: selectOutputForMusicEffects selected output 13
07-02 23:30:10.385 32149 32149 D LifecycleMonitor: Lifecycle status change: androidx.test.core.app.InstrumentationActivityInvoker$BootstrapActivity@313024a in: STOPPED
07-02 23:30:10.385 32149 32149 V ActivityScenario: Activity lifecycle changed event received but ignored because the intent does not match. startActivityIntent=Intent { act=android.intent.action.MAIN cat=[android.intent.category.LAUNCHER] cmp=com.example.lunchtray/.MainActivity }, activity.getIntent()=Intent { act=android.intent.action.MAIN cat=[android.intent.category.LAUNCHER] flg=0x10008000 cmp=com.example.lunchtray/androidx.test.core.app.InstrumentationActivityInvoker$BootstrapActivity (has extras) }, activity=androidx.test.core.app.InstrumentationActivityInvoker$BootstrapActivity@313024a
07-02 23:30:10.386 32149 32149 I chatty  : uid=10913(com.example.lunchtray) identical 2 lines
07-02 23:30:10.386 32149 32149 V ActivityScenario: Activity lifecycle changed event received but ignored because the intent does not match. startActivityIntent=Intent { act=android.intent.action.MAIN cat=[android.intent.category.LAUNCHER] cmp=com.example.lunchtray/.MainActivity }, activity.getIntent()=Intent { act=android.intent.action.MAIN cat=[android.intent.category.LAUNCHER] flg=0x10008000 cmp=com.example.lunchtray/androidx.test.core.app.InstrumentationActivityInvoker$BootstrapActivity (has extras) }, activity=androidx.test.core.app.InstrumentationActivityInvoker$BootstrapActivity@313024a
07-02 23:30:10.415   970   970 I SurfaceFlinger: Remove ContainerLayer(0xb400007d2ced5000) Surface(name=ActivityRecord{d6fea25 u0 com.example.lunchtray/androidx.test.core.app.InstrumentationActivityInvoker$BootstrapActivity t9879 tda0:1})/@0x34c71f1 - animation-bounds#0 (parent=none)
07-02 23:30:10.415   970   970 I SurfaceFlinger: Remove EffectLayer(0xb400007d2cfb8d00) Surface(name=ActivityRecord{d6fea25 u0 com.example.lunchtray/androidx.test.core.app.InstrumentationActivityInvoker$BootstrapActivity t9879 tda0:1})/@0x34c71f1 - animation-leash#0 (parent=none)
07-02 23:30:10.415   970   970 D Layer   : Destroy Surface(name=ActivityRecord{d6fea25 u0 com.example.lunchtray/androidx.test.core.app.InstrumentationActivityInvoker$BootstrapActivity t9879 tda0:1})/@0x34c71f1 - animation-bounds#0(0xb400007d2ced5000)
07-02 23:30:10.415   970   970 D Layer   : Destroy Surface(name=ActivityRecord{d6fea25 u0 com.example.lunchtray/androidx.test.core.app.InstrumentationActivityInvoker$BootstrapActivity t9879 tda0:1})/@0x34c71f1 - animation-leash#0(0xb400007d2cfb8d00)
07-02 23:30:10.587 32149 32149 I ViewInteraction: Performing 'single click' action on view view.getId() is <2131230844/com.example.lunchtray:id/cauliflower>
07-02 23:30:10.589  4229  4511 D InputTransport: channel 'cbb26dc com.example.lunchtray/com.example.lunchtray.MainActivity (server)' : action=ACTION_DOWN(0), id=0, displayId=0, tooltype=0, deviceId=-1, source=0x1002, flags=0x0, edgeFlags=0x0, metaState=0x0, buttonState=0x1, downTime=172114580000000, eventTime=172114580000000, pointerCount=1 xos=0, yos=0
07-02 23:30:10.589  4229  4511 D InputTransport: channel 'swipe-up (server)' : action=ACTION_DOWN(0), id=0, displayId=0, tooltype=0, deviceId=-1, source=0x1002, flags=0x0, edgeFlags=0x0, metaState=0x0, buttonState=0x1, downTime=172114580000000, eventTime=172114580000000, pointerCount=1 xos=0, yos=0
07-02 23:30:10.589  4229  4511 D InputTransport: channel 'edge-swipe (server)' : action=ACTION_DOWN(0), id=0, displayId=0, tooltype=0, deviceId=-1, source=0x1002, flags=0x0, edgeFlags=0x0, metaState=0x0, buttonState=0x1, downTime=172114580000000, eventTime=172114580000000, pointerCount=1 xos=0, yos=0
07-02 23:30:10.589  4229  4511 D InputTransport: channel 'swipe-up (server)' : action=ACTION_DOWN(0), id=0, displayId=0, tooltype=0, deviceId=-1, source=0x1002, flags=0x0, edgeFlags=0x0, metaState=0x0, buttonState=0x1, downTime=172114580000000, eventTime=172114580000000, pointerCount=1 xos=0, yos=0
07-02 23:30:10.589  4229  4511 D InputTransport: channel 'swipe-up (server)' : action=ACTION_DOWN(0), id=0, displayId=0, tooltype=0, deviceId=-1, source=0x1002, flags=0x0, edgeFlags=0x0, metaState=0x0, buttonState=0x1, downTime=172114580000000, eventTime=172114580000000, pointerCount=1 xos=0, yos=0
07-02 23:30:10.589  4229  4511 D InputTransport: channel 'PointerEventDispatcher0 (server)' : action=ACTION_DOWN(0), id=0, displayId=0, tooltype=0, deviceId=-1, source=0x1002, flags=0x0, edgeFlags=0x0, metaState=0x0, buttonState=0x1, downTime=172114580000000, eventTime=172114580000000, pointerCount=1 xos=0, yos=0
07-02 23:30:10.589  4229  4511 D InputTransport: channel 'PointerEventDispatcherForRear0 (server)' : action=ACTION_DOWN(0), id=0, displayId=0, tooltype=0, deviceId=-1, source=0x1002, flags=0x0, edgeFlags=0x0, metaState=0x0, buttonState=0x1, downTime=172114580000000, eventTime=172114580000000, pointerCount=1 xos=0, yos=0
07-02 23:30:10.672  4229  4511 D InputTransport: channel 'cbb26dc com.example.lunchtray/com.example.lunchtray.MainActivity (server)' : action=ACTION_UP(0), id=0, displayId=0, tooltype=1, deviceId=-1, source=0x1002, flags=0x0, edgeFlags=0x0, metaState=0x0, buttonState=0x1, downTime=172114580000000, eventTime=172114662000000, pointerCount=1 xos=0, yos=0
07-02 23:30:10.672  4229  4511 D InputTransport: channel 'swipe-up (server)' : action=ACTION_UP(0), id=0, displayId=0, tooltype=1, deviceId=-1, source=0x1002, flags=0x0, edgeFlags=0x0, metaState=0x0, buttonState=0x1, downTime=172114580000000, eventTime=172114662000000, pointerCount=1 xos=0, yos=0
07-02 23:30:10.673  4229  4511 D InputTransport: channel 'edge-swipe (server)' : action=ACTION_UP(0), id=0, displayId=0, tooltype=1, deviceId=-1, source=0x1002, flags=0x0, edgeFlags=0x0, metaState=0x0, buttonState=0x1, downTime=172114580000000, eventTime=172114662000000, pointerCount=1 xos=0, yos=0
07-02 23:30:10.673  4229  4511 D InputTransport: channel 'swipe-up (server)' : action=ACTION_UP(0), id=0, displayId=0, tooltype=1, deviceId=-1, source=0x1002, flags=0x0, edgeFlags=0x0, metaState=0x0, buttonState=0x1, downTime=172114580000000, eventTime=172114662000000, pointerCount=1 xos=0, yos=0
07-02 23:30:10.673  4229  4511 D InputTransport: channel 'swipe-up (server)' : action=ACTION_UP(0), id=0, displayId=0, tooltype=1, deviceId=-1, source=0x1002, flags=0x0, edgeFlags=0x0, metaState=0x0, buttonState=0x1, downTime=172114580000000, eventTime=172114662000000, pointerCount=1 xos=0, yos=0
07-02 23:30:10.673  4229  4511 D InputTransport: channel 'PointerEventDispatcher0 (server)' : action=ACTION_UP(0), id=0, displayId=0, tooltype=1, deviceId=-1, source=0x1002, flags=0x0, edgeFlags=0x0, metaState=0x0, buttonState=0x1, downTime=172114580000000, eventTime=172114662000000, pointerCount=1 xos=0, yos=0
07-02 23:30:10.673  4229  4511 D InputTransport: channel 'PointerEventDispatcherForRear0 (server)' : action=ACTION_UP(0), id=0, displayId=0, tooltype=1, deviceId=-1, source=0x1002, flags=0x0, edgeFlags=0x0, metaState=0x0, buttonState=0x1, downTime=172114580000000, eventTime=172114662000000, pointerCount=1 xos=0, yos=0
07-02 23:30:10.677 32149 32149 I View    : PerformClick: com.google.android.material.radiobutton.MaterialRadioButton{e585156 VFED..C.. ...p..ID 0,0-381,144 #7f08007c app:id/cauliflower}
07-02 23:30:10.677 32149 32149 I View    : MotionEvent.ACTION_UP: mPrivateFlags: -2128590800,   mHasPerformedLongPress: false,   mIgnoreNextUpEvent: false
07-02 23:30:10.693  4229  4567 V SoundPool: play(soundID=1, leftVolume=1.000000, rightVolume=1.000000, priority=0, loop=0, rate=1.000000)
07-02 23:30:10.694  4229  4567 V AudioTrack: setSampleRate(5291): prior state:STATE_STOPPED rate:48000
07-02 23:30:10.694  4229  4567 V AudioTrack: start(5291): prior state:STATE_STOPPED
07-02 23:30:10.694  4229  4567 V AudioTrack: start(5291): server read:-179792  cumulative flushed:0  client written:0
07-02 23:30:10.695   965  2725 V AF::Track: start(4816): calling pid 4229 session 23897
07-02 23:30:10.696   965  1326 D APM_AudioPolicyManager: startOutput portId 5291 output primary->(primary output)(13), stream 1, session 23897
07-02 23:30:10.697   965  1326 V APM_AudioPolicyManager: selectOutputForMusicEffects selected output 13
07-02 23:30:10.697   965  1326 V APM_AudioPolicyManager: getNewOutputDevices selected devices {type:0x2,@:}
07-02 23:30:10.697   965  1326 V APM_AudioPolicyManager: setOutputDevices device {type:0x2,@:} delayMs 0
07-02 23:30:10.697   965  1326 V APM_AudioPolicyManager: setOutputDevices() prevDevice {type:0x2,@:}
07-02 23:30:10.697   965  1326 V APM_AudioPolicyManager: setOutputDevices: suppressing checkDeviceMuteStrategies
07-02 23:30:10.697   965  1326 V APM_AudioPolicyManager: setOutputDevices setting same device {type:0x2,@:} or null device, force=0, patch handle=5258
07-02 23:30:10.698  4229  4567 V SoundPool: play returned 12392
07-02 23:30:10.699  4229  4297 V AudioSystem: ioConfigChanged() event 8
07-02 23:30:10.699  4229  4297 V AudioSystem: ioConfigChanged() AUDIO_CLIENT_STARTED  io 13 port 5291 num callbacks 0
07-02 23:30:10.757   965  1885 V AF::Track: getNextBuffer(4816): underrun,  framesReady(0) < framesDesired(236), state: 6
07-02 23:30:10.759  4229 32186 V AudioTrack: stop(5291): prior state:STATE_ACTIVE
07-02 23:30:10.759   965  2725 V AF::Track: stop(4816): calling pid 4229
07-02 23:30:10.791   965  1887 D AF::Track: presentationComplete(4816): presentationComplete() reset: mPresentationCompleteFrames 900480 audioHalFrames 960
07-02 23:30:10.811   965  1887 V AF::Track: presentationComplete(4816): presentationComplete() mPresentationCompleteFrames 900480 framesWritten 900480
07-02 23:30:10.819   965  1326 V APM_AudioPolicyManager: stopOutput() portId 5291 output 13, stream 1, session 23897
07-02 23:30:10.819   965  1326 V APM_AudioPolicyManager: getNewOutputDevices selected devices AUDIO_DEVICE_NONE
07-02 23:30:10.819   965  1326 V APM_AudioPolicyManager: setOutputDevices device AUDIO_DEVICE_NONE delayMs 120
07-02 23:30:10.819   965  1326 V APM_AudioPolicyManager: setOutputDevices() prevDevice {type:0x2,@:}
07-02 23:30:10.820   965  1326 W APM::AudioPolicyEngine: getDevicesForStrategy() unknown strategy: -1
07-02 23:30:10.820   965  1326 V APM_AudioPolicyManager: setOutputDevices setting same device AUDIO_DEVICE_NONE or null device, force=0, patch handle=5258
07-02 23:30:10.821   965  1326 V APM_AudioPolicyManager: selectOutputForMusicEffects selected output 13
07-02 23:30:11.059 32149 32149 I ViewInteraction: Performing 'single click' action on view view.getId() is <2131230842/com.example.lunchtray:id/cancel_button>
07-02 23:30:11.066  4229  4511 D InputTransport: channel 'cbb26dc com.example.lunchtray/com.example.lunchtray.MainActivity (server)' : action=ACTION_DOWN(0), id=0, displayId=0, tooltype=0, deviceId=-1, source=0x1002, flags=0x0, edgeFlags=0x0, metaState=0x0, buttonState=0x1, downTime=172115054000000, eventTime=172115054000000, pointerCount=1 xos=0, yos=0
07-02 23:30:11.066  4229  4511 D InputTransport: channel 'swipe-up (server)' : action=ACTION_DOWN(0), id=0, displayId=0, tooltype=0, deviceId=-1, source=0x1002, flags=0x0, edgeFlags=0x0, metaState=0x0, buttonState=0x1, downTime=172115054000000, eventTime=172115054000000, pointerCount=1 xos=0, yos=0
07-02 23:30:11.066  4229  4511 D InputTransport: channel 'edge-swipe (server)' : action=ACTION_DOWN(0), id=0, displayId=0, tooltype=0, deviceId=-1, source=0x1002, flags=0x0, edgeFlags=0x0, metaState=0x0, buttonState=0x1, downTime=172115054000000, eventTime=172115054000000, pointerCount=1 xos=0, yos=0
07-02 23:30:11.067  4229  4511 D InputTransport: channel 'swipe-up (server)' : action=ACTION_DOWN(0), id=0, displayId=0, tooltype=0, deviceId=-1, source=0x1002, flags=0x0, edgeFlags=0x0, metaState=0x0, buttonState=0x1, downTime=172115054000000, eventTime=172115054000000, pointerCount=1 xos=0, yos=0
07-02 23:30:11.067  4229  4511 D InputTransport: channel 'swipe-up (server)' : action=ACTION_DOWN(0), id=0, displayId=0, tooltype=0, deviceId=-1, source=0x1002, flags=0x0, edgeFlags=0x0, metaState=0x0, buttonState=0x1, downTime=172115054000000, eventTime=172115054000000, pointerCount=1 xos=0, yos=0
07-02 23:30:11.067  4229  4511 D InputTransport: channel 'PointerEventDispatcher0 (server)' : action=ACTION_DOWN(0), id=0, displayId=0, tooltype=0, deviceId=-1, source=0x1002, flags=0x0, edgeFlags=0x0, metaState=0x0, buttonState=0x1, downTime=172115054000000, eventTime=172115054000000, pointerCount=1 xos=0, yos=0
07-02 23:30:11.067  4229  4511 D InputTransport: channel 'PointerEventDispatcherForRear0 (server)' : action=ACTION_DOWN(0), id=0, displayId=0, tooltype=0, deviceId=-1, source=0x1002, flags=0x0, edgeFlags=0x0, metaState=0x0, buttonState=0x1, downTime=172115054000000, eventTime=172115054000000, pointerCount=1 xos=0, yos=0
07-02 23:30:11.144  4229  4511 D InputTransport: channel 'cbb26dc com.example.lunchtray/com.example.lunchtray.MainActivity (server)' : action=ACTION_UP(0), id=0, displayId=0, tooltype=1, deviceId=-1, source=0x1002, flags=0x0, edgeFlags=0x0, metaState=0x0, buttonState=0x1, downTime=172115054000000, eventTime=172115134000000, pointerCount=1 xos=0, yos=0
07-02 23:30:11.144  4229  4511 D InputTransport: channel 'swipe-up (server)' : action=ACTION_UP(0), id=0, displayId=0, tooltype=1, deviceId=-1, source=0x1002, flags=0x0, edgeFlags=0x0, metaState=0x0, buttonState=0x1, downTime=172115054000000, eventTime=172115134000000, pointerCount=1 xos=0, yos=0
07-02 23:30:11.144  4229  4511 D InputTransport: channel 'edge-swipe (server)' : action=ACTION_UP(0), id=0, displayId=0, tooltype=1, deviceId=-1, source=0x1002, flags=0x0, edgeFlags=0x0, metaState=0x0, buttonState=0x1, downTime=172115054000000, eventTime=172115134000000, pointerCount=1 xos=0, yos=0
07-02 23:30:11.144  4229  4511 D InputTransport: channel 'swipe-up (server)' : action=ACTION_UP(0), id=0, displayId=0, tooltype=1, deviceId=-1, source=0x1002, flags=0x0, edgeFlags=0x0, metaState=0x0, buttonState=0x1, downTime=172115054000000, eventTime=172115134000000, pointerCount=1 xos=0, yos=0
07-02 23:30:11.145  4229  4511 D InputTransport: channel 'swipe-up (server)' : action=ACTION_UP(0), id=0, displayId=0, tooltype=1, deviceId=-1, source=0x1002, flags=0x0, edgeFlags=0x0, metaState=0x0, buttonState=0x1, downTime=172115054000000, eventTime=172115134000000, pointerCount=1 xos=0, yos=0
07-02 23:30:11.145  4229  4511 D InputTransport: channel 'PointerEventDispatcher0 (server)' : action=ACTION_UP(0), id=0, displayId=0, tooltype=1, deviceId=-1, source=0x1002, flags=0x0, edgeFlags=0x0, metaState=0x0, buttonState=0x1, downTime=172115054000000, eventTime=172115134000000, pointerCount=1 xos=0, yos=0
07-02 23:30:11.145  4229  4511 D InputTransport: channel 'PointerEventDispatcherForRear0 (server)' : action=ACTION_UP(0), id=0, displayId=0, tooltype=1, deviceId=-1, source=0x1002, flags=0x0, edgeFlags=0x0, metaState=0x0, buttonState=0x1, downTime=172115054000000, eventTime=172115134000000, pointerCount=1 xos=0, yos=0
07-02 23:30:11.150 32149 32149 I View    : PerformClick: com.google.android.material.button.MaterialButton{905999a VFED..C.. ...p..ID 48,1713-516,1857 #7f08007a app:id/cancel_button}
07-02 23:30:11.150 32149 32149 I View    : MotionEvent.ACTION_UP: mPrivateFlags: -2128590800,   mHasPerformedLongPress: false,   mIgnoreNextUpEvent: false
07-02 23:30:11.158  4229  4567 V SoundPool: play(soundID=1, leftVolume=1.000000, rightVolume=1.000000, priority=0, loop=0, rate=1.000000)
07-02 23:30:11.159  4229  4567 V AudioTrack: setSampleRate(5291): prior state:STATE_STOPPED rate:48000
07-02 23:30:11.159  4229  4567 V AudioTrack: start(5291): prior state:STATE_STOPPED
07-02 23:30:11.159  4229  4567 V AudioTrack: start(5291): server read:-182436  cumulative flushed:0  client written:0
07-02 23:30:11.159   965  2725 V AF::Track: start(4816): calling pid 4229 session 23897
07-02 23:30:11.160   965  1326 D APM_AudioPolicyManager: startOutput portId 5291 output primary->(primary output)(13), stream 1, session 23897
07-02 23:30:11.161   965  1326 V APM_AudioPolicyManager: selectOutputForMusicEffects selected output 13
07-02 23:30:11.161   965  1326 V APM_AudioPolicyManager: getNewOutputDevices selected devices {type:0x2,@:}
07-02 23:30:11.161   965  1326 V APM_AudioPolicyManager: setOutputDevices device {type:0x2,@:} delayMs 0
07-02 23:30:11.161   965  1326 V APM_AudioPolicyManager: setOutputDevices() prevDevice {type:0x2,@:}
07-02 23:30:11.161   965  1326 V APM_AudioPolicyManager: setOutputDevices: suppressing checkDeviceMuteStrategies
07-02 23:30:11.161   965  1326 V APM_AudioPolicyManager: setOutputDevices setting same device {type:0x2,@:} or null device, force=0, patch handle=5258
07-02 23:30:11.162  4229  6300 V AudioSystem: ioConfigChanged() event 8
07-02 23:30:11.162  4229  4567 V SoundPool: play returned 12394
07-02 23:30:11.162  4229  6300 V AudioSystem: ioConfigChanged() AUDIO_CLIENT_STARTED  io 13 port 5291 num callbacks 0
07-02 23:30:11.216   965  1885 V AF::Track: getNextBuffer(4816): underrun,  framesReady(0) < framesDesired(236), state: 6
07-02 23:30:11.217  4229 32186 V AudioTrack: stop(5291): prior state:STATE_ACTIVE
07-02 23:30:11.218   965  2725 V AF::Track: stop(4816): calling pid 4229
07-02 23:30:11.242  4696  4696 I NetworkController.WifiSignalController: Change in state to: connected=true,enabled=true,level=3,inetCondition=1,iconGroup=IconGroup(Default Wi-Fi Icons),activityIn=false,activityOut=false,rssi=-62,lteadvancedmode=0,ssid="Node",wifiStandard=0,isReady=false,isTransient=false,statusLabel=null,isGigaWiFi=false,isAttWifiCall=false,detailedState=CONNECTED
07-02 23:30:11.242  4696  4696 I NetworkController: [getDataController] getDefaultDataSubId : dataSubId is 3
07-02 23:30:11.243  4696  4696 I NetworkController.WifiSignalController: updateIconGroup() : mWifiGeneration = 4
07-02 23:30:11.243  4696  4696 I NetworkController.WifiSignalController: updateIconGroup() : connected = true, mCurrentState.isAttWifiCall = false
07-02 23:30:11.244  4696  4696 I MSimUtils: getSubId : 3
07-02 23:30:11.245  4696  4696 I MSimUtils: getSubId : 3
07-02 23:30:11.252   965  1887 D AF::Track: presentationComplete(4816): presentationComplete() reset: mPresentationCompleteFrames 922560 audioHalFrames 960
07-02 23:30:11.272   965  1887 V AF::Track: presentationComplete(4816): presentationComplete() mPresentationCompleteFrames 922560 framesWritten 922560
07-02 23:30:11.274  4696  4696 D BarBackgroundDrawable: draw() : targetColor = 0, canvas = android.graphics.RecordingCanvas@243f64e, this = com.android.systemui.statusbar.phone.BarTransitions$BarBackgroundDrawable@575c7c9
07-02 23:30:11.280   965  1326 V APM_AudioPolicyManager: stopOutput() portId 5291 output 13, stream 1, session 23897
07-02 23:30:11.281   965  1326 V APM_AudioPolicyManager: getNewOutputDevices selected devices AUDIO_DEVICE_NONE
07-02 23:30:11.281   965  1326 V APM_AudioPolicyManager: setOutputDevices device AUDIO_DEVICE_NONE delayMs 120
07-02 23:30:11.281   965  1326 V APM_AudioPolicyManager: setOutputDevices() prevDevice {type:0x2,@:}
07-02 23:30:11.283   965  1326 W APM::AudioPolicyEngine: getDevicesForStrategy() unknown strategy: -1
07-02 23:30:11.283   965  1326 V APM_AudioPolicyManager: setOutputDevices setting same device AUDIO_DEVICE_NONE or null device, force=0, patch handle=5258
07-02 23:30:11.283   965  1326 V APM_AudioPolicyManager: selectOutputForMusicEffects selected output 13
07-02 23:30:11.300  4696  4696 D StatusBarNotificationPresenter: isShowNotificationIconsOnly() orientation: 1
07-02 23:30:11.554 32149 32149 I ViewInteraction: Performing 'single click' action on view view.getId() is <2131231208/com.example.lunchtray:id/start_order_btn>
07-02 23:30:11.561  4229  4511 D InputTransport: channel 'cbb26dc com.example.lunchtray/com.example.lunchtray.MainActivity (server)' : action=ACTION_DOWN(0), id=0, displayId=0, tooltype=0, deviceId=-1, source=0x1002, flags=0x0, edgeFlags=0x0, metaState=0x0, buttonState=0x1, downTime=172115550000000, eventTime=172115550000000, pointerCount=1 xos=0, yos=0
07-02 23:30:11.561  4229  4511 D InputTransport: channel 'swipe-up (server)' : action=ACTION_DOWN(0), id=0, displayId=0, tooltype=0, deviceId=-1, source=0x1002, flags=0x0, edgeFlags=0x0, metaState=0x0, buttonState=0x1, downTime=172115550000000, eventTime=172115550000000, pointerCount=1 xos=0, yos=0
07-02 23:30:11.562  4229  4511 D InputTransport: channel 'edge-swipe (server)' : action=ACTION_DOWN(0), id=0, displayId=0, tooltype=0, deviceId=-1, source=0x1002, flags=0x0, edgeFlags=0x0, metaState=0x0, buttonState=0x1, downTime=172115550000000, eventTime=172115550000000, pointerCount=1 xos=0, yos=0
07-02 23:30:11.562  4229  4511 D InputTransport: channel 'swipe-up (server)' : action=ACTION_DOWN(0), id=0, displayId=0, tooltype=0, deviceId=-1, source=0x1002, flags=0x0, edgeFlags=0x0, metaState=0x0, buttonState=0x1, downTime=172115550000000, eventTime=172115550000000, pointerCount=1 xos=0, yos=0
07-02 23:30:11.562  4229  4511 D InputTransport: channel 'swipe-up (server)' : action=ACTION_DOWN(0), id=0, displayId=0, tooltype=0, deviceId=-1, source=0x1002, flags=0x0, edgeFlags=0x0, metaState=0x0, buttonState=0x1, downTime=172115550000000, eventTime=172115550000000, pointerCount=1 xos=0, yos=0
07-02 23:30:11.562  4229  4511 D InputTransport: channel 'PointerEventDispatcher0 (server)' : action=ACTION_DOWN(0), id=0, displayId=0, tooltype=0, deviceId=-1, source=0x1002, flags=0x0, edgeFlags=0x0, metaState=0x0, buttonState=0x1, downTime=172115550000000, eventTime=172115550000000, pointerCount=1 xos=0, yos=0
07-02 23:30:11.562  4229  4511 D InputTransport: channel 'PointerEventDispatcherForRear0 (server)' : action=ACTION_DOWN(0), id=0, displayId=0, tooltype=0, deviceId=-1, source=0x1002, flags=0x0, edgeFlags=0x0, metaState=0x0, buttonState=0x1, downTime=172115550000000, eventTime=172115550000000, pointerCount=1 xos=0, yos=0
07-02 23:30:11.641  4229  4511 D InputTransport: channel 'cbb26dc com.example.lunchtray/com.example.lunchtray.MainActivity (server)' : action=ACTION_UP(0), id=0, displayId=0, tooltype=1, deviceId=-1, source=0x1002, flags=0x0, edgeFlags=0x0, metaState=0x0, buttonState=0x1, downTime=172115550000000, eventTime=172115631000000, pointerCount=1 xos=0, yos=0
07-02 23:30:11.641  4229  4511 D InputTransport: channel 'swipe-up (server)' : action=ACTION_UP(0), id=0, displayId=0, tooltype=1, deviceId=-1, source=0x1002, flags=0x0, edgeFlags=0x0, metaState=0x0, buttonState=0x1, downTime=172115550000000, eventTime=172115631000000, pointerCount=1 xos=0, yos=0
07-02 23:30:11.641  4229  4511 D InputTransport: channel 'edge-swipe (server)' : action=ACTION_UP(0), id=0, displayId=0, tooltype=1, deviceId=-1, source=0x1002, flags=0x0, edgeFlags=0x0, metaState=0x0, buttonState=0x1, downTime=172115550000000, eventTime=172115631000000, pointerCount=1 xos=0, yos=0
07-02 23:30:11.642  4229  4511 D InputTransport: channel 'swipe-up (server)' : action=ACTION_UP(0), id=0, displayId=0, tooltype=1, deviceId=-1, source=0x1002, flags=0x0, edgeFlags=0x0, metaState=0x0, buttonState=0x1, downTime=172115550000000, eventTime=172115631000000, pointerCount=1 xos=0, yos=0
07-02 23:30:11.642  4229  4511 D InputTransport: channel 'swipe-up (server)' : action=ACTION_UP(0), id=0, displayId=0, tooltype=1, deviceId=-1, source=0x1002, flags=0x0, edgeFlags=0x0, metaState=0x0, buttonState=0x1, downTime=172115550000000, eventTime=172115631000000, pointerCount=1 xos=0, yos=0
07-02 23:30:11.642  4229  4511 D InputTransport: channel 'PointerEventDispatcher0 (server)' : action=ACTION_UP(0), id=0, displayId=0, tooltype=1, deviceId=-1, source=0x1002, flags=0x0, edgeFlags=0x0, metaState=0x0, buttonState=0x1, downTime=172115550000000, eventTime=172115631000000, pointerCount=1 xos=0, yos=0
07-02 23:30:11.644  4229  4511 D InputTransport: channel 'PointerEventDispatcherForRear0 (server)' : action=ACTION_UP(0), id=0, displayId=0, tooltype=1, deviceId=-1, source=0x1002, flags=0x0, edgeFlags=0x0, metaState=0x0, buttonState=0x1, downTime=172115550000000, eventTime=172115631000000, pointerCount=1 xos=0, yos=0
07-02 23:30:11.645 32149 32149 I View    : PerformClick: com.google.android.material.button.MaterialButton{60c25fe VFED..C.. ...P.... 321,983-760,1127 #7f0801e8 app:id/start_order_btn}
07-02 23:30:11.645 32149 32149 I View    : MotionEvent.ACTION_UP: mPrivateFlags: 16828464,   mHasPerformedLongPress: false,   mIgnoreNextUpEvent: false
07-02 23:30:11.650  4229  4567 V SoundPool: play(soundID=1, leftVolume=1.000000, rightVolume=1.000000, priority=0, loop=0, rate=1.000000)
07-02 23:30:11.651  4229  4567 V AudioTrack: setSampleRate(5291): prior state:STATE_STOPPED rate:48000
07-02 23:30:11.652  4229  4567 V AudioTrack: start(5291): prior state:STATE_STOPPED
07-02 23:30:11.652  4229  4567 V AudioTrack: start(5291): server read:-185080  cumulative flushed:0  client written:0
07-02 23:30:11.652   965  2725 V AF::Track: start(4816): calling pid 4229 session 23897
07-02 23:30:11.653   965  1326 D APM_AudioPolicyManager: startOutput portId 5291 output primary->(primary output)(13), stream 1, session 23897
07-02 23:30:11.653   965  1326 V APM_AudioPolicyManager: selectOutputForMusicEffects selected output 13
07-02 23:30:11.654   965  1326 V APM_AudioPolicyManager: getNewOutputDevices selected devices {type:0x2,@:}
07-02 23:30:11.654   965  1326 V APM_AudioPolicyManager: setOutputDevices device {type:0x2,@:} delayMs 0
07-02 23:30:11.654   965  1326 V APM_AudioPolicyManager: setOutputDevices() prevDevice {type:0x2,@:}
07-02 23:30:11.654   965  1326 V APM_AudioPolicyManager: setOutputDevices: suppressing checkDeviceMuteStrategies
07-02 23:30:11.654   965  1326 V APM_AudioPolicyManager: setOutputDevices setting same device {type:0x2,@:} or null device, force=0, patch handle=5258
07-02 23:30:11.655  4229  4567 V SoundPool: play returned 12395
07-02 23:30:11.657  4229  4297 V AudioSystem: ioConfigChanged() event 8
07-02 23:30:11.658  4229  4297 V AudioSystem: ioConfigChanged() AUDIO_CLIENT_STARTED  io 13 port 5291 num callbacks 0
07-02 23:30:11.706   965  1885 V AF::Track: getNextBuffer(4816): underrun,  framesReady(0) < framesDesired(236), state: 6
07-02 23:30:11.710  4229 32186 V AudioTrack: stop(5291): prior state:STATE_ACTIVE
07-02 23:30:11.710   965  2725 V AF::Track: stop(4816): calling pid 4229
07-02 23:30:11.734   965  1887 D AF::Track: presentationComplete(4816): presentationComplete() reset: mPresentationCompleteFrames 945600 audioHalFrames 960
07-02 23:30:11.753   965  1887 V AF::Track: presentationComplete(4816): presentationComplete() mPresentationCompleteFrames 945600 framesWritten 945600
07-02 23:30:11.757   965  1326 V APM_AudioPolicyManager: stopOutput() portId 5291 output 13, stream 1, session 23897
07-02 23:30:11.758   965  1326 V APM_AudioPolicyManager: getNewOutputDevices selected devices AUDIO_DEVICE_NONE
07-02 23:30:11.758   965  1326 V APM_AudioPolicyManager: setOutputDevices device AUDIO_DEVICE_NONE delayMs 120
07-02 23:30:11.758   965  1326 V APM_AudioPolicyManager: setOutputDevices() prevDevice {type:0x2,@:}
07-02 23:30:11.759   965  1326 W APM::AudioPolicyEngine: getDevicesForStrategy() unknown strategy: -1
07-02 23:30:11.759   965  1326 V APM_AudioPolicyManager: setOutputDevices setting same device AUDIO_DEVICE_NONE or null device, force=0, patch handle=5258
07-02 23:30:11.759   965  1326 V APM_AudioPolicyManager: selectOutputForMusicEffects selected output 13
07-02 23:30:11.816   914   914 D vendor.lge.hardware.thermal@1.2-impl: Read value from /proc/lge_power/adc/vts, 353
07-02 23:30:11.822   914   914 D vendor.lge.hardware.thermal@1.2-impl: Read value from /proc/lge_power/adc/vts, 353
07-02 23:30:12.105 32149 32149 I ViewInteraction: Checking 'MatchesViewAssertion{viewMatcher=(view has effective visibility <VISIBLE> and view.getGlobalVisibleRect() to return non-empty rectangle)}' assertion on view an instance of android.widget.TextView and view.getText() with or without transformation to match: is "Subtotal: $0.00"
07-02 23:30:12.108 32149 32173 I TestRunner: finished: order_reset_after_cancel_from_entree_menu(com.example.lunchtray.OrderFunctionalityTests)
