07-02 23:29:55.342   965  1887 V AF::Track: presentationComplete(4816): presentationComplete() mPresentationCompleteFrames 158400 framesWritten 158400
07-02 23:29:55.349   965  1326 V APM_AudioPolicyManager: stopOutput() portId 5291 output 13, stream 1, session 23897
07-02 23:29:55.349   965  1326 V APM_AudioPolicyManager: getNewOutputDevices selected devices AUDIO_DEVICE_NONE
07-02 23:29:55.349   965  1326 V APM_AudioPolicyManager: setOutputDevices device AUDIO_DEVICE_NONE delayMs 120
07-02 23:29:55.350   965  1326 V APM_AudioPolicyManager: setOutputDevices() prevDevice {type:0x2,@:}
07-02 23:29:55.350   965  1326 W APM::AudioPolicyEngine: getDevicesForStrategy() unknown strategy: -1
07-02 23:29:55.350   965  1326 V APM_AudioPolicyManager: setOutputDevices setting same device AUDIO_DEVICE_NONE or null device, force=0, patch handle=5258
07-02 23:29:55.350   965  1326 V APM_AudioPolicyManager: selectOutputForMusicEffects selected output 13
07-02 23:29:55.365   970   970 I SurfaceFlinger: Remove ContainerLayer(0xb400007d2cf08420) Surface(name=ActivityRecord{bdb69cf u0 com.example.lunchtray/androidx.test.core.app.InstrumentationActivityInvoker$BootstrapActivity t9876 tda0:1})/@0x9df2e9f - animation-bounds#0 (parent=none)
07-02 23:29:55.365   970   970 I SurfaceFlinger: Remove EffectLayer(0xb400007d2cf4c9a0) Surface(name=ActivityRecord{bdb69cf u0 com.example.lunchtray/androidx.test.core.app.InstrumentationActivityInvoker$BootstrapActivity t9876 tda0:1})/@0x9df2e9f - animation-leash#0 (parent=none)
07-02 23:29:55.365   970   970 D Layer   : Destroy Surface(name=ActivityRecord{bdb69cf u0 com.example.lunchtray/androidx.test.core.app.InstrumentationActivityInvoker$BootstrapActivity t9876 tda0:1})/@0x9df2e9f - animation-bounds#0(0xb400007d2cf08420)
07-02 23:29:55.365   970   970 D Layer   : Destroy Surface(name=ActivityRecord{bdb69cf u0 com.example.lunchtray/androidx.test.core.app.InstrumentationActivityInvoker$BootstrapActivity t9876 tda0:1})/@0x9df2e9f - animation-leash#0(0xb400007d2cf4c9a0)
07-02 23:29:55.662 32149 32149 I ViewInteraction: Performing 'single click' action on view view.getId() is <2131230844/com.example.lunchtray:id/cauliflower>
07-02 23:29:55.664  4229  4511 D InputTransport: channel '3f6c269 com.example.lunchtray/com.example.lunchtray.MainActivity (server)' : action=ACTION_DOWN(0), id=0, displayId=0, tooltype=0, deviceId=-1, source=0x1002, flags=0x0, edgeFlags=0x0, metaState=0x0, buttonState=0x1, downTime=172099655000000, eventTime=172099655000000, pointerCount=1 xos=0, yos=0
07-02 23:29:55.664  4229  4511 D InputTransport: channel 'swipe-up (server)' : action=ACTION_DOWN(0), id=0, displayId=0, tooltype=0, deviceId=-1, source=0x1002, flags=0x0, edgeFlags=0x0, metaState=0x0, buttonState=0x1, downTime=172099655000000, eventTime=172099655000000, pointerCount=1 xos=0, yos=0
07-02 23:29:55.664  4229  4511 D InputTransport: channel 'edge-swipe (server)' : action=ACTION_DOWN(0), id=0, displayId=0, tooltype=0, deviceId=-1, source=0x1002, flags=0x0, edgeFlags=0x0, metaState=0x0, buttonState=0x1, downTime=172099655000000, eventTime=172099655000000, pointerCount=1 xos=0, yos=0
07-02 23:29:55.664  4229  4511 D InputTransport: channel 'swipe-up (server)' : action=ACTION_DOWN(0), id=0, displayId=0, tooltype=0, deviceId=-1, source=0x1002, flags=0x0, edgeFlags=0x0, metaState=0x0, buttonState=0x1, downTime=172099655000000, eventTime=172099655000000, pointerCount=1 xos=0, yos=0
07-02 23:29:55.664  4229  4511 D InputTransport: channel 'swipe-up (server)' : action=ACTION_DOWN(0), id=0, displayId=0, tooltype=0, deviceId=-1, source=0x1002, flags=0x0, edgeFlags=0x0, metaState=0x0, buttonState=0x1, downTime=172099655000000, eventTime=172099655000000, pointerCount=1 xos=0, yos=0
07-02 23:29:55.664  4229  4511 D InputTransport: channel 'PointerEventDispatcher0 (server)' : action=ACTION_DOWN(0), id=0, displayId=0, tooltype=0, deviceId=-1, source=0x1002, flags=0x0, edgeFlags=0x0, metaState=0x0, buttonState=0x1, downTime=172099655000000, eventTime=172099655000000, pointerCount=1 xos=0, yos=0
07-02 23:29:55.665  4229  4511 D InputTransport: channel 'PointerEventDispatcherForRear0 (server)' : action=ACTION_DOWN(0), id=0, displayId=0, tooltype=0, deviceId=-1, source=0x1002, flags=0x0, edgeFlags=0x0, metaState=0x0, buttonState=0x1, downTime=172099655000000, eventTime=172099655000000, pointerCount=1 xos=0, yos=0
07-02 23:29:55.748  4229  4511 D InputTransport: channel '3f6c269 com.example.lunchtray/com.example.lunchtray.MainActivity (server)' : action=ACTION_UP(0), id=0, displayId=0, tooltype=1, deviceId=-1, source=0x1002, flags=0x0, edgeFlags=0x0, metaState=0x0, buttonState=0x1, downTime=172099655000000, eventTime=172099738000000, pointerCount=1 xos=0, yos=0
07-02 23:29:55.748  4229  4511 D InputTransport: channel 'swipe-up (server)' : action=ACTION_UP(0), id=0, displayId=0, tooltype=1, deviceId=-1, source=0x1002, flags=0x0, edgeFlags=0x0, metaState=0x0, buttonState=0x1, downTime=172099655000000, eventTime=172099738000000, pointerCount=1 xos=0, yos=0
07-02 23:29:55.748  4229  4511 D InputTransport: channel 'edge-swipe (server)' : action=ACTION_UP(0), id=0, displayId=0, tooltype=1, deviceId=-1, source=0x1002, flags=0x0, edgeFlags=0x0, metaState=0x0, buttonState=0x1, downTime=172099655000000, eventTime=172099738000000, pointerCount=1 xos=0, yos=0
07-02 23:29:55.748  4229  4511 D InputTransport: channel 'swipe-up (server)' : action=ACTION_UP(0), id=0, displayId=0, tooltype=1, deviceId=-1, source=0x1002, flags=0x0, edgeFlags=0x0, metaState=0x0, buttonState=0x1, downTime=172099655000000, eventTime=172099738000000, pointerCount=1 xos=0, yos=0
07-02 23:29:55.749  4229  4511 D InputTransport: channel 'swipe-up (server)' : action=ACTION_UP(0), id=0, displayId=0, tooltype=1, deviceId=-1, source=0x1002, flags=0x0, edgeFlags=0x0, metaState=0x0, buttonState=0x1, downTime=172099655000000, eventTime=172099738000000, pointerCount=1 xos=0, yos=0
07-02 23:29:55.749  4229  4511 D InputTransport: channel 'PointerEventDispatcher0 (server)' : action=ACTION_UP(0), id=0, displayId=0, tooltype=1, deviceId=-1, source=0x1002, flags=0x0, edgeFlags=0x0, metaState=0x0, buttonState=0x1, downTime=172099655000000, eventTime=172099738000000, pointerCount=1 xos=0, yos=0
07-02 23:29:55.749  4229  4511 D InputTransport: channel 'PointerEventDispatcherForRear0 (server)' : action=ACTION_UP(0), id=0, displayId=0, tooltype=1, deviceId=-1, source=0x1002, flags=0x0, edgeFlags=0x0, metaState=0x0, buttonState=0x1, downTime=172099655000000, eventTime=172099738000000, pointerCount=1 xos=0, yos=0
07-02 23:29:55.754 32149 32149 I View    : PerformClick: com.google.android.material.radiobutton.MaterialRadioButton{5aeb78 VFED..C.. ...p..ID 0,0-381,144 #7f08007c app:id/cauliflower}
07-02 23:29:55.755 32149 32149 I View    : MotionEvent.ACTION_UP: mPrivateFlags: -2128590800,   mHasPerformedLongPress: false,   mIgnoreNextUpEvent: false
07-02 23:29:55.782  4229  4567 V SoundPool: play(soundID=1, leftVolume=1.000000, rightVolume=1.000000, priority=0, loop=0, rate=1.000000)
07-02 23:29:55.783  4229  4567 V AudioTrack: setSampleRate(5291): prior state:STATE_STOPPED rate:48000
07-02 23:29:55.783  4229  4567 V AudioTrack: start(5291): prior state:STATE_STOPPED
07-02 23:29:55.783  4229  4567 V AudioTrack: start(5291): server read:-118980  cumulative flushed:0  client written:0
07-02 23:29:55.783   965  2725 V AF::Track: start(4816): calling pid 4229 session 23897
07-02 23:29:55.785   965  1326 D APM_AudioPolicyManager: startOutput portId 5291 output primary->(primary output)(13), stream 1, session 23897
07-02 23:29:55.785   965  1326 V APM_AudioPolicyManager: selectOutputForMusicEffects selected output 13
07-02 23:29:55.785   965  1326 V APM_AudioPolicyManager: getNewOutputDevices selected devices {type:0x2,@:}
07-02 23:29:55.785   965  1326 V APM_AudioPolicyManager: setOutputDevices device {type:0x2,@:} delayMs 0
07-02 23:29:55.785   965  1326 V APM_AudioPolicyManager: setOutputDevices() prevDevice {type:0x2,@:}
07-02 23:29:55.786   965  1326 V APM_AudioPolicyManager: setOutputDevices: suppressing checkDeviceMuteStrategies
07-02 23:29:55.786   965  1326 V APM_AudioPolicyManager: setOutputDevices setting same device {type:0x2,@:} or null device, force=0, patch handle=5258
07-02 23:29:55.788  4229  5209 V AudioSystem: ioConfigChanged() event 8
07-02 23:29:55.788  4229  5209 V AudioSystem: ioConfigChanged() AUDIO_CLIENT_STARTED  io 13 port 5291 num callbacks 0
07-02 23:29:55.789  4229  4567 V SoundPool: play returned 12354
07-02 23:29:55.847   965  1885 V AF::Track: getNextBuffer(4816): underrun,  framesReady(0) < framesDesired(236), state: 6
07-02 23:29:55.849  4229 32186 V AudioTrack: stop(5291): prior state:STATE_ACTIVE
07-02 23:29:55.849   965  2725 V AF::Track: stop(4816): calling pid 4229
07-02 23:29:55.881   965  1887 D AF::Track: presentationComplete(4816): presentationComplete() reset: mPresentationCompleteFrames 185280 audioHalFrames 960
07-02 23:29:55.901   965  1887 V AF::Track: presentationComplete(4816): presentationComplete() mPresentationCompleteFrames 185280 framesWritten 185280
07-02 23:29:55.908   965  1326 V APM_AudioPolicyManager: stopOutput() portId 5291 output 13, stream 1, session 23897
07-02 23:29:55.909   965  1326 V APM_AudioPolicyManager: getNewOutputDevices selected devices AUDIO_DEVICE_NONE
07-02 23:29:55.909   965  1326 V APM_AudioPolicyManager: setOutputDevices device AUDIO_DEVICE_NONE delayMs 120
07-02 23:29:55.909   965  1326 V APM_AudioPolicyManager: setOutputDevices() prevDevice {type:0x2,@:}
07-02 23:29:55.910   965  1326 W APM::AudioPolicyEngine: getDevicesForStrategy() unknown strategy: -1
07-02 23:29:55.910   965  1326 V APM_AudioPolicyManager: setOutputDevices setting same device AUDIO_DEVICE_NONE or null device, force=0, patch handle=5258
07-02 23:29:55.910   965  1326 V APM_AudioPolicyManager: selectOutputForMusicEffects selected output 13
07-02 23:29:56.124  4696  4696 I NetworkController.WifiSignalController: Change in state to: connected=true,enabled=true,level=3,inetCondition=1,iconGroup=IconGroup(Default Wi-Fi Icons),activityIn=false,activityOut=false,rssi=-56,lteadvancedmode=0,ssid="Node",wifiStandard=0,isReady=false,isTransient=false,statusLabel=null,isGigaWiFi=false,isAttWifiCall=false,detailedState=CONNECTED
07-02 23:29:56.124  4696  4696 I NetworkController: [getDataController] getDefaultDataSubId : dataSubId is 3
07-02 23:29:56.126  4696  4696 I NetworkController.WifiSignalController: updateIconGroup() : mWifiGeneration = 4
07-02 23:29:56.126  4696  4696 I NetworkController.WifiSignalController: updateIconGroup() : connected = true, mCurrentState.isAttWifiCall = false
07-02 23:29:56.127  4696  4696 I MSimUtils: getSubId : 3
07-02 23:29:56.128  4696  4696 I MSimUtils: getSubId : 3
07-02 23:29:56.149 32149 32149 I ViewInteraction: Performing 'single click' action on view view.getId() is <2131231081/com.example.lunchtray:id/next_button>
07-02 23:29:56.151  4696  4696 D BarBackgroundDrawable: draw() : targetColor = 0, canvas = android.graphics.RecordingCanvas@243f64e, this = com.android.systemui.statusbar.phone.BarTransitions$BarBackgroundDrawable@575c7c9
07-02 23:29:56.156  4229  4511 D InputTransport: channel '3f6c269 com.example.lunchtray/com.example.lunchtray.MainActivity (server)' : action=ACTION_DOWN(0), id=0, displayId=0, tooltype=0, deviceId=-1, source=0x1002, flags=0x0, edgeFlags=0x0, metaState=0x0, buttonState=0x1, downTime=172100145000000, eventTime=172100145000000, pointerCount=1 xos=0, yos=0
07-02 23:29:56.156  4229  4511 D InputTransport: channel 'swipe-up (server)' : action=ACTION_DOWN(0), id=0, displayId=0, tooltype=0, deviceId=-1, source=0x1002, flags=0x0, edgeFlags=0x0, metaState=0x0, buttonState=0x1, downTime=172100145000000, eventTime=172100145000000, pointerCount=1 xos=0, yos=0
07-02 23:29:56.156  4229  4511 D InputTransport: channel 'edge-swipe (server)' : action=ACTION_DOWN(0), id=0, displayId=0, tooltype=0, deviceId=-1, source=0x1002, flags=0x0, edgeFlags=0x0, metaState=0x0, buttonState=0x1, downTime=172100145000000, eventTime=172100145000000, pointerCount=1 xos=0, yos=0
07-02 23:29:56.156  4229  4511 D InputTransport: channel 'swipe-up (server)' : action=ACTION_DOWN(0), id=0, displayId=0, tooltype=0, deviceId=-1, source=0x1002, flags=0x0, edgeFlags=0x0, metaState=0x0, buttonState=0x1, downTime=172100145000000, eventTime=172100145000000, pointerCount=1 xos=0, yos=0
07-02 23:29:56.156  4229  4511 D InputTransport: channel 'swipe-up (server)' : action=ACTION_DOWN(0), id=0, displayId=0, tooltype=0, deviceId=-1, source=0x1002, flags=0x0, edgeFlags=0x0, metaState=0x0, buttonState=0x1, downTime=172100145000000, eventTime=172100145000000, pointerCount=1 xos=0, yos=0
07-02 23:29:56.156  4229  4511 D InputTransport: channel 'PointerEventDispatcher0 (server)' : action=ACTION_DOWN(0), id=0, displayId=0, tooltype=0, deviceId=-1, source=0x1002, flags=0x0, edgeFlags=0x0, metaState=0x0, buttonState=0x1, downTime=172100145000000, eventTime=172100145000000, pointerCount=1 xos=0, yos=0
07-02 23:29:56.157  4229  4511 D InputTransport: channel 'PointerEventDispatcherForRear0 (server)' : action=ACTION_DOWN(0), id=0, displayId=0, tooltype=0, deviceId=-1, source=0x1002, flags=0x0, edgeFlags=0x0, metaState=0x0, buttonState=0x1, downTime=172100145000000, eventTime=172100145000000, pointerCount=1 xos=0, yos=0
07-02 23:29:56.170  4696  4696 D StatusBarNotificationPresenter: isShowNotificationIconsOnly() orientation: 1
07-02 23:29:56.236  4229  4511 D InputTransport: channel '3f6c269 com.example.lunchtray/com.example.lunchtray.MainActivity (server)' : action=ACTION_UP(0), id=0, displayId=0, tooltype=1, deviceId=-1, source=0x1002, flags=0x0, edgeFlags=0x0, metaState=0x0, buttonState=0x1, downTime=172100145000000, eventTime=172100226000000, pointerCount=1 xos=0, yos=0
07-02 23:29:56.236  4229  4511 D InputTransport: channel 'swipe-up (server)' : action=ACTION_UP(0), id=0, displayId=0, tooltype=1, deviceId=-1, source=0x1002, flags=0x0, edgeFlags=0x0, metaState=0x0, buttonState=0x1, downTime=172100145000000, eventTime=172100226000000, pointerCount=1 xos=0, yos=0
07-02 23:29:56.237  4229  4511 D InputTransport: channel 'edge-swipe (server)' : action=ACTION_UP(0), id=0, displayId=0, tooltype=1, deviceId=-1, source=0x1002, flags=0x0, edgeFlags=0x0, metaState=0x0, buttonState=0x1, downTime=172100145000000, eventTime=172100226000000, pointerCount=1 xos=0, yos=0
07-02 23:29:56.237  4229  4511 D InputTransport: channel 'swipe-up (server)' : action=ACTION_UP(0), id=0, displayId=0, tooltype=1, deviceId=-1, source=0x1002, flags=0x0, edgeFlags=0x0, metaState=0x0, buttonState=0x1, downTime=172100145000000, eventTime=172100226000000, pointerCount=1 xos=0, yos=0
07-02 23:29:56.237  4229  4511 D InputTransport: channel 'swipe-up (server)' : action=ACTION_UP(0), id=0, displayId=0, tooltype=1, deviceId=-1, source=0x1002, flags=0x0, edgeFlags=0x0, metaState=0x0, buttonState=0x1, downTime=172100145000000, eventTime=172100226000000, pointerCount=1 xos=0, yos=0
07-02 23:29:56.237  4229  4511 D InputTransport: channel 'PointerEventDispatcher0 (server)' : action=ACTION_UP(0), id=0, displayId=0, tooltype=1, deviceId=-1, source=0x1002, flags=0x0, edgeFlags=0x0, metaState=0x0, buttonState=0x1, downTime=172100145000000, eventTime=172100226000000, pointerCount=1 xos=0, yos=0
07-02 23:29:56.237  4229  4511 D InputTransport: channel 'PointerEventDispatcherForRear0 (server)' : action=ACTION_UP(0), id=0, displayId=0, tooltype=1, deviceId=-1, source=0x1002, flags=0x0, edgeFlags=0x0, metaState=0x0, buttonState=0x1, downTime=172100145000000, eventTime=172100226000000, pointerCount=1 xos=0, yos=0
07-02 23:29:56.246 32149 32149 I View    : PerformClick: com.google.android.material.button.MaterialButton{f956e50 VFED..C.. ...p..ID 564,1713-1032,1857 #7f080169 app:id/next_button}
07-02 23:29:56.246 32149 32149 I View    : MotionEvent.ACTION_UP: mPrivateFlags: -2128590800,   mHasPerformedLongPress: false,   mIgnoreNextUpEvent: false
07-02 23:29:56.263  4229  4567 V SoundPool: play(soundID=1, leftVolume=1.000000, rightVolume=1.000000, priority=0, loop=0, rate=1.000000)
07-02 23:29:56.264  4229  4567 V AudioTrack: setSampleRate(5291): prior state:STATE_STOPPED rate:48000
07-02 23:29:56.264  4229  4567 V AudioTrack: start(5291): prior state:STATE_STOPPED
07-02 23:29:56.264  4229  4567 V AudioTrack: start(5291): server read:-121624  cumulative flushed:0  client written:0
07-02 23:29:56.265   965  2725 V AF::Track: start(4816): calling pid 4229 session 23897
07-02 23:29:56.265   965  1326 D APM_AudioPolicyManager: startOutput portId 5291 output primary->(primary output)(13), stream 1, session 23897
07-02 23:29:56.266   965  1326 V APM_AudioPolicyManager: selectOutputForMusicEffects selected output 13
07-02 23:29:56.266   965  1326 V APM_AudioPolicyManager: getNewOutputDevices selected devices {type:0x2,@:}
07-02 23:29:56.266   965  1326 V APM_AudioPolicyManager: setOutputDevices device {type:0x2,@:} delayMs 0
07-02 23:29:56.266   965  1326 V APM_AudioPolicyManager: setOutputDevices() prevDevice {type:0x2,@:}
07-02 23:29:56.266   965  1326 V APM_AudioPolicyManager: setOutputDevices: suppressing checkDeviceMuteStrategies
07-02 23:29:56.266   965  1326 V APM_AudioPolicyManager: setOutputDevices setting same device {type:0x2,@:} or null device, force=0, patch handle=5258
07-02 23:29:56.268  4229  4297 V AudioSystem: ioConfigChanged() event 8
07-02 23:29:56.268  4229  4297 V AudioSystem: ioConfigChanged() AUDIO_CLIENT_STARTED  io 13 port 5291 num callbacks 0
07-02 23:29:56.271  4229  4567 V SoundPool: play returned 12358
07-02 23:29:56.326   965  1885 V AF::Track: getNextBuffer(4816): underrun,  framesReady(0) < framesDesired(236), state: 6
07-02 23:29:56.327  4229 32186 V AudioTrack: stop(5291): prior state:STATE_ACTIVE
07-02 23:29:56.327   965  2725 V AF::Track: stop(4816): calling pid 4229
07-02 23:29:56.361   965  1887 D AF::Track: presentationComplete(4816): presentationComplete() reset: mPresentationCompleteFrames 208320 audioHalFrames 960
07-02 23:29:56.381   965  1887 V AF::Track: presentationComplete(4816): presentationComplete() mPresentationCompleteFrames 208320 framesWritten 208320
07-02 23:29:56.388   965  1326 V APM_AudioPolicyManager: stopOutput() portId 5291 output 13, stream 1, session 23897
07-02 23:29:56.388   965  1326 V APM_AudioPolicyManager: getNewOutputDevices selected devices AUDIO_DEVICE_NONE
07-02 23:29:56.388   965  1326 V APM_AudioPolicyManager: setOutputDevices device AUDIO_DEVICE_NONE delayMs 120
07-02 23:29:56.388   965  1326 V APM_AudioPolicyManager: setOutputDevices() prevDevice {type:0x2,@:}
07-02 23:29:56.390   965  1326 W APM::AudioPolicyEngine: getDevicesForStrategy() unknown strategy: -1
07-02 23:29:56.390   965  1326 V APM_AudioPolicyManager: setOutputDevices setting same device AUDIO_DEVICE_NONE or null device, force=0, patch handle=5258
07-02 23:29:56.390   965  1326 V APM_AudioPolicyManager: selectOutputForMusicEffects selected output 13
07-02 23:29:56.714 32149 32149 I ViewInteraction: Performing 'single click' action on view view.getId() is <2131231187/com.example.lunchtray:id/soup>
07-02 23:29:56.724  4229  4511 D InputTransport: channel '3f6c269 com.example.lunchtray/com.example.lunchtray.MainActivity (server)' : action=ACTION_DOWN(0), id=0, displayId=0, tooltype=0, deviceId=-1, source=0x1002, flags=0x0, edgeFlags=0x0, metaState=0x0, buttonState=0x1, downTime=172100712000000, eventTime=172100713000000, pointerCount=1 xos=0, yos=0
07-02 23:29:56.724  4229  4511 D InputTransport: channel 'swipe-up (server)' : action=ACTION_DOWN(0), id=0, displayId=0, tooltype=0, deviceId=-1, source=0x1002, flags=0x0, edgeFlags=0x0, metaState=0x0, buttonState=0x1, downTime=172100712000000, eventTime=172100713000000, pointerCount=1 xos=0, yos=0
07-02 23:29:56.724  4229  4511 D InputTransport: channel 'edge-swipe (server)' : action=ACTION_DOWN(0), id=0, displayId=0, tooltype=0, deviceId=-1, source=0x1002, flags=0x0, edgeFlags=0x0, metaState=0x0, buttonState=0x1, downTime=172100712000000, eventTime=172100713000000, pointerCount=1 xos=0, yos=0
07-02 23:29:56.725  4229  4511 D InputTransport: channel 'swipe-up (server)' : action=ACTION_DOWN(0), id=0, displayId=0, tooltype=0, deviceId=-1, source=0x1002, flags=0x0, edgeFlags=0x0, metaState=0x0, buttonState=0x1, downTime=172100712000000, eventTime=172100713000000, pointerCount=1 xos=0, yos=0
07-02 23:29:56.725  4229  4511 D InputTransport: channel 'swipe-up (server)' : action=ACTION_DOWN(0), id=0, displayId=0, tooltype=0, deviceId=-1, source=0x1002, flags=0x0, edgeFlags=0x0, metaState=0x0, buttonState=0x1, downTime=172100712000000, eventTime=172100713000000, pointerCount=1 xos=0, yos=0
07-02 23:29:56.725  4229  4511 D InputTransport: channel 'PointerEventDispatcher0 (server)' : action=ACTION_DOWN(0), id=0, displayId=0, tooltype=0, deviceId=-1, source=0x1002, flags=0x0, edgeFlags=0x0, metaState=0x0, buttonState=0x1, downTime=172100712000000, eventTime=172100713000000, pointerCount=1 xos=0, yos=0
07-02 23:29:56.725  4229  4511 D InputTransport: channel 'PointerEventDispatcherForRear0 (server)' : action=ACTION_DOWN(0), id=0, displayId=0, tooltype=0, deviceId=-1, source=0x1002, flags=0x0, edgeFlags=0x0, metaState=0x0, buttonState=0x1, downTime=172100712000000, eventTime=172100713000000, pointerCount=1 xos=0, yos=0
07-02 23:29:56.793   914   914 D vendor.lge.hardware.thermal@1.2-impl: Read value from /proc/lge_power/adc/vts, 352
07-02 23:29:56.799   914   914 D vendor.lge.hardware.thermal@1.2-impl: Read value from /proc/lge_power/adc/vts, 352
07-02 23:29:56.803  4229  4511 D InputTransport: channel '3f6c269 com.example.lunchtray/com.example.lunchtray.MainActivity (server)' : action=ACTION_UP(0), id=0, displayId=0, tooltype=1, deviceId=-1, source=0x1002, flags=0x0, edgeFlags=0x0, metaState=0x0, buttonState=0x1, downTime=172100712000000, eventTime=172100793000000, pointerCount=1 xos=0, yos=0
07-02 23:29:56.803  4229  4511 D InputTransport: channel 'swipe-up (server)' : action=ACTION_UP(0), id=0, displayId=0, tooltype=1, deviceId=-1, source=0x1002, flags=0x0, edgeFlags=0x0, metaState=0x0, buttonState=0x1, downTime=172100712000000, eventTime=172100793000000, pointerCount=1 xos=0, yos=0
07-02 23:29:56.804  4229  4511 D InputTransport: channel 'edge-swipe (server)' : action=ACTION_UP(0), id=0, displayId=0, tooltype=1, deviceId=-1, source=0x1002, flags=0x0, edgeFlags=0x0, metaState=0x0, buttonState=0x1, downTime=172100712000000, eventTime=172100793000000, pointerCount=1 xos=0, yos=0
07-02 23:29:56.804  4229  4511 D InputTransport: channel 'swipe-up (server)' : action=ACTION_UP(0), id=0, displayId=0, tooltype=1, deviceId=-1, source=0x1002, flags=0x0, edgeFlags=0x0, metaState=0x0, buttonState=0x1, downTime=172100712000000, eventTime=172100793000000, pointerCount=1 xos=0, yos=0
07-02 23:29:56.804  4229  4511 D InputTransport: channel 'swipe-up (server)' : action=ACTION_UP(0), id=0, displayId=0, tooltype=1, deviceId=-1, source=0x1002, flags=0x0, edgeFlags=0x0, metaState=0x0, buttonState=0x1, downTime=172100712000000, eventTime=172100793000000, pointerCount=1 xos=0, yos=0
07-02 23:29:56.804  4229  4511 D InputTransport: channel 'PointerEventDispatcher0 (server)' : action=ACTION_UP(0), id=0, displayId=0, tooltype=1, deviceId=-1, source=0x1002, flags=0x0, edgeFlags=0x0, metaState=0x0, buttonState=0x1, downTime=172100712000000, eventTime=172100793000000, pointerCount=1 xos=0, yos=0
07-02 23:29:56.804  4229  4511 D InputTransport: channel 'PointerEventDispatcherForRear0 (server)' : action=ACTION_UP(0), id=0, displayId=0, tooltype=1, deviceId=-1, source=0x1002, flags=0x0, edgeFlags=0x0, metaState=0x0, buttonState=0x1, downTime=172100712000000, eventTime=172100793000000, pointerCount=1 xos=0, yos=0
07-02 23:29:56.812 32149 32149 I View    : PerformClick: com.google.android.material.radiobutton.MaterialRadioButton{2e48772 VFED..C.. ...p..ID 0,373-669,517 #7f0801d3 app:id/soup}
07-02 23:29:56.813 32149 32149 I View    : MotionEvent.ACTION_UP: mPrivateFlags: -2128590800,   mHasPerformedLongPress: false,   mIgnoreNextUpEvent: false
07-02 23:29:56.842  4229  4567 V SoundPool: play(soundID=1, leftVolume=1.000000, rightVolume=1.000000, priority=0, loop=0, rate=1.000000)
07-02 23:29:56.843  4229  4567 V AudioTrack: setSampleRate(5291): prior state:STATE_STOPPED rate:48000
07-02 23:29:56.843  4229  4567 V AudioTrack: start(5291): prior state:STATE_STOPPED
07-02 23:29:56.843  4229  4567 V AudioTrack: start(5291): server read:-124268  cumulative flushed:0  client written:0
07-02 23:29:56.843   965  2725 V AF::Track: start(4816): calling pid 4229 session 23897
07-02 23:29:56.844   965  1326 D APM_AudioPolicyManager: startOutput portId 5291 output primary->(primary output)(13), stream 1, session 23897
07-02 23:29:56.844   965  1326 V APM_AudioPolicyManager: selectOutputForMusicEffects selected output 13
07-02 23:29:56.845   965  1326 V APM_AudioPolicyManager: getNewOutputDevices selected devices {type:0x2,@:}
07-02 23:29:56.845   965  1326 V APM_AudioPolicyManager: setOutputDevices device {type:0x2,@:} delayMs 0
07-02 23:29:56.845   965  1326 V APM_AudioPolicyManager: setOutputDevices() prevDevice {type:0x2,@:}
07-02 23:29:56.845   965  1326 V APM_AudioPolicyManager: setOutputDevices: suppressing checkDeviceMuteStrategies
07-02 23:29:56.845   965  1326 V APM_AudioPolicyManager: setOutputDevices setting same device {type:0x2,@:} or null device, force=0, patch handle=5258
07-02 23:29:56.845  4229  5209 V AudioSystem: ioConfigChanged() event 8
07-02 23:29:56.845  4229  5209 V AudioSystem: ioConfigChanged() AUDIO_CLIENT_STARTED  io 13 port 5291 num callbacks 0
07-02 23:29:56.846  4229  4567 V SoundPool: play returned 12359
07-02 23:29:56.916   965  1885 V AF::Track: getNextBuffer(4816): underrun,  framesReady(0) < framesDesired(236), state: 6
07-02 23:29:56.920   965  1887 D AF::Track: presentationComplete(4816): presentationComplete() reset: mPresentationCompleteFrames 235200 audioHalFrames 960
07-02 23:29:56.925  4229 32186 V AudioTrack: stop(5291): prior state:STATE_ACTIVE
07-02 23:29:56.925   965  2725 V AF::Track: stop(4816): calling pid 4229
07-02 23:29:56.960   965  1887 V AF::Track: presentationComplete(4816): presentationComplete() mPresentationCompleteFrames 235200 framesWritten 236160
07-02 23:29:56.968   965  1326 V APM_AudioPolicyManager: stopOutput() portId 5291 output 13, stream 1, session 23897
07-02 23:29:56.968   965  1326 V APM_AudioPolicyManager: getNewOutputDevices selected devices AUDIO_DEVICE_NONE
07-02 23:29:56.968   965  1326 V APM_AudioPolicyManager: setOutputDevices device AUDIO_DEVICE_NONE delayMs 120
07-02 23:29:56.969   965  1326 V APM_AudioPolicyManager: setOutputDevices() prevDevice {type:0x2,@:}
07-02 23:29:56.969   965  1326 W APM::AudioPolicyEngine: getDevicesForStrategy() unknown strategy: -1
07-02 23:29:56.970   965  1326 V APM_AudioPolicyManager: setOutputDevices setting same device AUDIO_DEVICE_NONE or null device, force=0, patch handle=5258
07-02 23:29:56.970   965  1326 V APM_AudioPolicyManager: selectOutputForMusicEffects selected output 13
07-02 23:29:57.134  3772  3782 I PowerRM : CF-1 b-1
07-02 23:29:57.134  3772  3782 I PowerRM : REQF = -1
07-02 23:29:57.134  3772  3782 I Powercontrol_Client: Notify refreshrate 160:60:-1
07-02 23:29:57.134   903   924 I vendor.lge.hardware.powercontrol@1.3-impl: notify_refreshrate_limit to 160/60/-1
07-02 23:29:57.140   970   970 I SurfaceFlinger: Setting desired display config specs: defaultConfig: 0 primaryRange: [60 60] expandedRange: [0 inf]
07-02 23:29:57.140   970   970 I SurfaceFlinger: setDesiredActiveConfig(60fps)
07-02 23:29:57.247 32149 32149 I ViewInteraction: Performing 'single click' action on view view.getId() is <2131231081/com.example.lunchtray:id/next_button>
07-02 23:29:57.254  4229  4511 D InputTransport: channel '3f6c269 com.example.lunchtray/com.example.lunchtray.MainActivity (server)' : action=ACTION_DOWN(0), id=0, displayId=0, tooltype=0, deviceId=-1, source=0x1002, flags=0x0, edgeFlags=0x0, metaState=0x0, buttonState=0x1, downTime=172101243000000, eventTime=172101243000000, pointerCount=1 xos=0, yos=0
07-02 23:29:57.254  4229  4511 D InputTransport: channel 'swipe-up (server)' : action=ACTION_DOWN(0), id=0, displayId=0, tooltype=0, deviceId=-1, source=0x1002, flags=0x0, edgeFlags=0x0, metaState=0x0, buttonState=0x1, downTime=172101243000000, eventTime=172101243000000, pointerCount=1 xos=0, yos=0
07-02 23:29:57.254  4229  4511 D InputTransport: channel 'edge-swipe (server)' : action=ACTION_DOWN(0), id=0, displayId=0, tooltype=0, deviceId=-1, source=0x1002, flags=0x0, edgeFlags=0x0, metaState=0x0, buttonState=0x1, downTime=172101243000000, eventTime=172101243000000, pointerCount=1 xos=0, yos=0
07-02 23:29:57.254  4229  4511 D InputTransport: channel 'swipe-up (server)' : action=ACTION_DOWN(0), id=0, displayId=0, tooltype=0, deviceId=-1, source=0x1002, flags=0x0, edgeFlags=0x0, metaState=0x0, buttonState=0x1, downTime=172101243000000, eventTime=172101243000000, pointerCount=1 xos=0, yos=0
07-02 23:29:57.254  4229  4511 D InputTransport: channel 'swipe-up (server)' : action=ACTION_DOWN(0), id=0, displayId=0, tooltype=0, deviceId=-1, source=0x1002, flags=0x0, edgeFlags=0x0, metaState=0x0, buttonState=0x1, downTime=172101243000000, eventTime=172101243000000, pointerCount=1 xos=0, yos=0
07-02 23:29:57.254  4229  4511 D InputTransport: channel 'PointerEventDispatcher0 (server)' : action=ACTION_DOWN(0), id=0, displayId=0, tooltype=0, deviceId=-1, source=0x1002, flags=0x0, edgeFlags=0x0, metaState=0x0, buttonState=0x1, downTime=172101243000000, eventTime=172101243000000, pointerCount=1 xos=0, yos=0
07-02 23:29:57.255  4229  4511 D InputTransport: channel 'PointerEventDispatcherForRear0 (server)' : action=ACTION_DOWN(0), id=0, displayId=0, tooltype=0, deviceId=-1, source=0x1002, flags=0x0, edgeFlags=0x0, metaState=0x0, buttonState=0x1, downTime=172101243000000, eventTime=172101243000000, pointerCount=1 xos=0, yos=0
07-02 23:29:57.333  4229  4511 D InputTransport: channel '3f6c269 com.example.lunchtray/com.example.lunchtray.MainActivity (server)' : action=ACTION_UP(0), id=0, displayId=0, tooltype=1, deviceId=-1, source=0x1002, flags=0x0, edgeFlags=0x0, metaState=0x0, buttonState=0x1, downTime=172101243000000, eventTime=172101323000000, pointerCount=1 xos=0, yos=0
07-02 23:29:57.334  4229  4511 D InputTransport: channel 'swipe-up (server)' : action=ACTION_UP(0), id=0, displayId=0, tooltype=1, deviceId=-1, source=0x1002, flags=0x0, edgeFlags=0x0, metaState=0x0, buttonState=0x1, downTime=172101243000000, eventTime=172101323000000, pointerCount=1 xos=0, yos=0
07-02 23:29:57.334  4229  4511 D InputTransport: channel 'edge-swipe (server)' : action=ACTION_UP(0), id=0, displayId=0, tooltype=1, deviceId=-1, source=0x1002, flags=0x0, edgeFlags=0x0, metaState=0x0, buttonState=0x1, downTime=172101243000000, eventTime=172101323000000, pointerCount=1 xos=0, yos=0
07-02 23:29:57.334  4229  4511 D InputTransport: channel 'swipe-up (server)' : action=ACTION_UP(0), id=0, displayId=0, tooltype=1, deviceId=-1, source=0x1002, flags=0x0, edgeFlags=0x0, metaState=0x0, buttonState=0x1, downTime=172101243000000, eventTime=172101323000000, pointerCount=1 xos=0, yos=0
07-02 23:29:57.334  4229  4511 D InputTransport: channel 'swipe-up (server)' : action=ACTION_UP(0), id=0, displayId=0, tooltype=1, deviceId=-1, source=0x1002, flags=0x0, edgeFlags=0x0, metaState=0x0, buttonState=0x1, downTime=172101243000000, eventTime=172101323000000, pointerCount=1 xos=0, yos=0
07-02 23:29:57.334  4229  4511 D InputTransport: channel 'PointerEventDispatcher0 (server)' : action=ACTION_UP(0), id=0, displayId=0, tooltype=1, deviceId=-1, source=0x1002, flags=0x0, edgeFlags=0x0, metaState=0x0, buttonState=0x1, downTime=172101243000000, eventTime=172101323000000, pointerCount=1 xos=0, yos=0
07-02 23:29:57.334  4229  4511 D InputTransport: channel 'PointerEventDispatcherForRear0 (server)' : action=ACTION_UP(0), id=0, displayId=0, tooltype=1, deviceId=-1, source=0x1002, flags=0x0, edgeFlags=0x0, metaState=0x0, buttonState=0x1, downTime=172101243000000, eventTime=172101323000000, pointerCount=1 xos=0, yos=0
07-02 23:29:57.344 32149 32149 I View    : PerformClick: com.google.android.material.button.MaterialButton{80e12f6 VFED..C.. ...p..ID 564,1605-1032,1749 #7f080169 app:id/next_button}
07-02 23:29:57.345 32149 32149 I View    : MotionEvent.ACTION_UP: mPrivateFlags: -2128590800,   mHasPerformedLongPress: false,   mIgnoreNextUpEvent: false
07-02 23:29:57.353  4229  4567 V SoundPool: play(soundID=1, leftVolume=1.000000, rightVolume=1.000000, priority=0, loop=0, rate=1.000000)
07-02 23:29:57.354  4229  4567 V AudioTrack: setSampleRate(5291): prior state:STATE_STOPPED rate:48000
07-02 23:29:57.354  4229  4567 V AudioTrack: start(5291): prior state:STATE_STOPPED
07-02 23:29:57.354  4229  4567 V AudioTrack: start(5291): server read:-126912  cumulative flushed:0  client written:0
07-02 23:29:57.354   965  2725 V AF::Track: start(4816): calling pid 4229 session 23897
07-02 23:29:57.355   965  1326 D APM_AudioPolicyManager: startOutput portId 5291 output primary->(primary output)(13), stream 1, session 23897
07-02 23:29:57.355   965  1326 V APM_AudioPolicyManager: selectOutputForMusicEffects selected output 13
07-02 23:29:57.355   965  1326 V APM_AudioPolicyManager: getNewOutputDevices selected devices {type:0x2,@:}
07-02 23:29:57.355   965  1326 V APM_AudioPolicyManager: setOutputDevices device {type:0x2,@:} delayMs 0
07-02 23:29:57.355   965  1326 V APM_AudioPolicyManager: setOutputDevices() prevDevice {type:0x2,@:}
07-02 23:29:57.356   965  1326 V APM_AudioPolicyManager: setOutputDevices: suppressing checkDeviceMuteStrategies
07-02 23:29:57.356   965  1326 V APM_AudioPolicyManager: setOutputDevices setting same device {type:0x2,@:} or null device, force=0, patch handle=5258
07-02 23:29:57.357  4229  4567 V SoundPool: play returned 12360
07-02 23:29:57.361  4229  5209 V AudioSystem: ioConfigChanged() event 8
07-02 23:29:57.361  4229  5209 V AudioSystem: ioConfigChanged() AUDIO_CLIENT_STARTED  io 13 port 5291 num callbacks 0
07-02 23:29:57.416   965  1885 V AF::Track: getNextBuffer(4816): underrun,  framesReady(0) < framesDesired(236), state: 6
07-02 23:29:57.417  4229 32186 V AudioTrack: stop(5291): prior state:STATE_ACTIVE
07-02 23:29:57.418   965  2725 V AF::Track: stop(4816): calling pid 4229
07-02 23:29:57.440   965  1887 D AF::Track: presentationComplete(4816): presentationComplete() reset: mPresentationCompleteFrames 260160 audioHalFrames 960
07-02 23:29:57.461   965  1887 V AF::Track: presentationComplete(4816): presentationComplete() mPresentationCompleteFrames 260160 framesWritten 260160
07-02 23:29:57.468   965  1326 V APM_AudioPolicyManager: stopOutput() portId 5291 output 13, stream 1, session 23897
07-02 23:29:57.469   965  1326 V APM_AudioPolicyManager: getNewOutputDevices selected devices AUDIO_DEVICE_NONE
07-02 23:29:57.469   965  1326 V APM_AudioPolicyManager: setOutputDevices device AUDIO_DEVICE_NONE delayMs 120
07-02 23:29:57.469   965  1326 V APM_AudioPolicyManager: setOutputDevices() prevDevice {type:0x2,@:}
07-02 23:29:57.470   965  1326 W APM::AudioPolicyEngine: getDevicesForStrategy() unknown strategy: -1
07-02 23:29:57.470   965  1326 V APM_AudioPolicyManager: setOutputDevices setting same device AUDIO_DEVICE_NONE or null device, force=0, patch handle=5258
07-02 23:29:57.470   965  1326 V APM_AudioPolicyManager: selectOutputForMusicEffects selected output 13
07-02 23:29:57.786 32149 32149 I ViewInteraction: Performing 'single click' action on view view.getId() is <2131230835/com.example.lunchtray:id/bread>
07-02 23:29:57.795  4229  4511 D InputTransport: channel '3f6c269 com.example.lunchtray/com.example.lunchtray.MainActivity (server)' : action=ACTION_DOWN(0), id=0, displayId=0, tooltype=0, deviceId=-1, source=0x1002, flags=0x0, edgeFlags=0x0, metaState=0x0, buttonState=0x1, downTime=172101783000000, eventTime=172101783000000, pointerCount=1 xos=0, yos=0
07-02 23:29:57.795  4229  4511 D InputTransport: channel 'swipe-up (server)' : action=ACTION_DOWN(0), id=0, displayId=0, tooltype=0, deviceId=-1, source=0x1002, flags=0x0, edgeFlags=0x0, metaState=0x0, buttonState=0x1, downTime=172101783000000, eventTime=172101783000000, pointerCount=1 xos=0, yos=0
07-02 23:29:57.795  4229  4511 D InputTransport: channel 'edge-swipe (server)' : action=ACTION_DOWN(0), id=0, displayId=0, tooltype=0, deviceId=-1, source=0x1002, flags=0x0, edgeFlags=0x0, metaState=0x0, buttonState=0x1, downTime=172101783000000, eventTime=172101783000000, pointerCount=1 xos=0, yos=0
07-02 23:29:57.795  4229  4511 D InputTransport: channel 'swipe-up (server)' : action=ACTION_DOWN(0), id=0, displayId=0, tooltype=0, deviceId=-1, source=0x1002, flags=0x0, edgeFlags=0x0, metaState=0x0, buttonState=0x1, downTime=172101783000000, eventTime=172101783000000, pointerCount=1 xos=0, yos=0
07-02 23:29:57.795  4229  4511 D InputTransport: channel 'swipe-up (server)' : action=ACTION_DOWN(0), id=0, displayId=0, tooltype=0, deviceId=-1, source=0x1002, flags=0x0, edgeFlags=0x0, metaState=0x0, buttonState=0x1, downTime=172101783000000, eventTime=172101783000000, pointerCount=1 xos=0, yos=0
07-02 23:29:57.795  4229  4511 D InputTransport: channel 'PointerEventDispatcher0 (server)' : action=ACTION_DOWN(0), id=0, displayId=0, tooltype=0, deviceId=-1, source=0x1002, flags=0x0, edgeFlags=0x0, metaState=0x0, buttonState=0x1, downTime=172101783000000, eventTime=172101783000000, pointerCount=1 xos=0, yos=0
07-02 23:29:57.795  4229  4511 D InputTransport: channel 'PointerEventDispatcherForRear0 (server)' : action=ACTION_DOWN(0), id=0, displayId=0, tooltype=0, deviceId=-1, source=0x1002, flags=0x0, edgeFlags=0x0, metaState=0x0, buttonState=0x1, downTime=172101783000000, eventTime=172101783000000, pointerCount=1 xos=0, yos=0
07-02 23:29:57.874  4229  4511 D InputTransport: channel '3f6c269 com.example.lunchtray/com.example.lunchtray.MainActivity (server)' : action=ACTION_UP(0), id=0, displayId=0, tooltype=1, deviceId=-1, source=0x1002, flags=0x0, edgeFlags=0x0, metaState=0x0, buttonState=0x1, downTime=172101783000000, eventTime=172101863000000, pointerCount=1 xos=0, yos=0
07-02 23:29:57.874  4229  4511 D InputTransport: channel 'swipe-up (server)' : action=ACTION_UP(0), id=0, displayId=0, tooltype=1, deviceId=-1, source=0x1002, flags=0x0, edgeFlags=0x0, metaState=0x0, buttonState=0x1, downTime=172101783000000, eventTime=172101863000000, pointerCount=1 xos=0, yos=0
07-02 23:29:57.874  4229  4511 D InputTransport: channel 'edge-swipe (server)' : action=ACTION_UP(0), id=0, displayId=0, tooltype=1, deviceId=-1, source=0x1002, flags=0x0, edgeFlags=0x0, metaState=0x0, buttonState=0x1, downTime=172101783000000, eventTime=172101863000000, pointerCount=1 xos=0, yos=0
07-02 23:29:57.875  4229  4511 D InputTransport: channel 'swipe-up (server)' : action=ACTION_UP(0), id=0, displayId=0, tooltype=1, deviceId=-1, source=0x1002, flags=0x0, edgeFlags=0x0, metaState=0x0, buttonState=0x1, downTime=172101783000000, eventTime=172101863000000, pointerCount=1 xos=0, yos=0
07-02 23:29:57.875  4229  4511 D InputTransport: channel 'swipe-up (server)' : action=ACTION_UP(0), id=0, displayId=0, tooltype=1, deviceId=-1, source=0x1002, flags=0x0, edgeFlags=0x0, metaState=0x0, buttonState=0x1, downTime=172101783000000, eventTime=172101863000000, pointerCount=1 xos=0, yos=0
07-02 23:29:57.875  4229  4511 D InputTransport: channel 'PointerEventDispatcher0 (server)' : action=ACTION_UP(0), id=0, displayId=0, tooltype=1, deviceId=-1, source=0x1002, flags=0x0, edgeFlags=0x0, metaState=0x0, buttonState=0x1, downTime=172101783000000, eventTime=172101863000000, pointerCount=1 xos=0, yos=0
07-02 23:29:57.875  4229  4511 D InputTransport: channel 'PointerEventDispatcherForRear0 (server)' : action=ACTION_UP(0), id=0, displayId=0, tooltype=1, deviceId=-1, source=0x1002, flags=0x0, edgeFlags=0x0, metaState=0x0, buttonState=0x1, downTime=172101783000000, eventTime=172101863000000, pointerCount=1 xos=0, yos=0
07-02 23:29:57.884 32149 32149 I View    : PerformClick: com.google.android.material.radiobutton.MaterialRadioButton{e57c9cb VFED..C.. ...p..ID 0,0-358,144 #7f080073 app:id/bread}
07-02 23:29:57.885 32149 32149 I View    : MotionEvent.ACTION_UP: mPrivateFlags: -2128590800,   mHasPerformedLongPress: false,   mIgnoreNextUpEvent: false
07-02 23:29:57.924  4229  4567 V SoundPool: play(soundID=1, leftVolume=1.000000, rightVolume=1.000000, priority=0, loop=0, rate=1.000000)
07-02 23:29:57.925  4229  4567 V AudioTrack: setSampleRate(5291): prior state:STATE_STOPPED rate:48000
07-02 23:29:57.926  4229  4567 V AudioTrack: start(5291): prior state:STATE_STOPPED
07-02 23:29:57.926  4229  4567 V AudioTrack: start(5291): server read:-129556  cumulative flushed:0  client written:0
07-02 23:29:57.926   965  2725 V AF::Track: start(4816): calling pid 4229 session 23897
07-02 23:29:57.930   965  1326 D APM_AudioPolicyManager: startOutput portId 5291 output primary->(primary output)(13), stream 1, session 23897
07-02 23:29:57.930   965  1326 V APM_AudioPolicyManager: selectOutputForMusicEffects selected output 13
07-02 23:29:57.930   965  1326 V APM_AudioPolicyManager: getNewOutputDevices selected devices {type:0x2,@:}
07-02 23:29:57.930   965  1326 V APM_AudioPolicyManager: setOutputDevices device {type:0x2,@:} delayMs 0
07-02 23:29:57.930   965  1326 V APM_AudioPolicyManager: setOutputDevices() prevDevice {type:0x2,@:}
07-02 23:29:57.930   965  1326 V APM_AudioPolicyManager: setOutputDevices: suppressing checkDeviceMuteStrategies
07-02 23:29:57.930   965  1326 V APM_AudioPolicyManager: setOutputDevices setting same device {type:0x2,@:} or null device, force=0, patch handle=5258
07-02 23:29:57.931  4229  4567 V SoundPool: play returned 12362
07-02 23:29:57.941  4229  5209 V AudioSystem: ioConfigChanged() event 8
07-02 23:29:57.941  4229  5209 V AudioSystem: ioConfigChanged() AUDIO_CLIENT_STARTED  io 13 port 5291 num callbacks 0
07-02 23:29:57.996   965  1885 V AF::Track: getNextBuffer(4816): underrun,  framesReady(0) < framesDesired(236), state: 6
07-02 23:29:58.001   965  1887 D AF::Track: presentationComplete(4816): presentationComplete() reset: mPresentationCompleteFrames 287040 audioHalFrames 960
07-02 23:29:58.005  4229 32186 V AudioTrack: stop(5291): prior state:STATE_ACTIVE
07-02 23:29:58.005   965  2725 V AF::Track: stop(4816): calling pid 4229
07-02 23:29:58.041   965  1887 V AF::Track: presentationComplete(4816): presentationComplete() mPresentationCompleteFrames 287040 framesWritten 288000
07-02 23:29:58.049   965  1326 V APM_AudioPolicyManager: stopOutput() portId 5291 output 13, stream 1, session 23897
07-02 23:29:58.049   965  1326 V APM_AudioPolicyManager: getNewOutputDevices selected devices AUDIO_DEVICE_NONE
07-02 23:29:58.049   965  1326 V APM_AudioPolicyManager: setOutputDevices device AUDIO_DEVICE_NONE delayMs 120
07-02 23:29:58.049   965  1326 V APM_AudioPolicyManager: setOutputDevices() prevDevice {type:0x2,@:}
07-02 23:29:58.050   965  1326 W APM::AudioPolicyEngine: getDevicesForStrategy() unknown strategy: -1
07-02 23:29:58.051   965  1326 V APM_AudioPolicyManager: setOutputDevices setting same device AUDIO_DEVICE_NONE or null device, force=0, patch handle=5258
07-02 23:29:58.051   965  1326 V APM_AudioPolicyManager: selectOutputForMusicEffects selected output 13
07-02 23:29:58.310 32149 32149 I ViewInteraction: Performing 'single click' action on view view.getId() is <2131230842/com.example.lunchtray:id/cancel_button>
07-02 23:29:58.316  4229  4511 D InputTransport: channel '3f6c269 com.example.lunchtray/com.example.lunchtray.MainActivity (server)' : action=ACTION_DOWN(0), id=0, displayId=0, tooltype=0, deviceId=-1, source=0x1002, flags=0x0, edgeFlags=0x0, metaState=0x0, buttonState=0x1, downTime=172102305000000, eventTime=172102305000000, pointerCount=1 xos=0, yos=0
07-02 23:29:58.316  4229  4511 D InputTransport: channel 'swipe-up (server)' : action=ACTION_DOWN(0), id=0, displayId=0, tooltype=0, deviceId=-1, source=0x1002, flags=0x0, edgeFlags=0x0, metaState=0x0, buttonState=0x1, downTime=172102305000000, eventTime=172102305000000, pointerCount=1 xos=0, yos=0
07-02 23:29:58.317  4229  4511 D InputTransport: channel 'edge-swipe (server)' : action=ACTION_DOWN(0), id=0, displayId=0, tooltype=0, deviceId=-1, source=0x1002, flags=0x0, edgeFlags=0x0, metaState=0x0, buttonState=0x1, downTime=172102305000000, eventTime=172102305000000, pointerCount=1 xos=0, yos=0
07-02 23:29:58.317  4229  4511 D InputTransport: channel 'swipe-up (server)' : action=ACTION_DOWN(0), id=0, displayId=0, tooltype=0, deviceId=-1, source=0x1002, flags=0x0, edgeFlags=0x0, metaState=0x0, buttonState=0x1, downTime=172102305000000, eventTime=172102305000000, pointerCount=1 xos=0, yos=0
07-02 23:29:58.317  4229  4511 D InputTransport: channel 'swipe-up (server)' : action=ACTION_DOWN(0), id=0, displayId=0, tooltype=0, deviceId=-1, source=0x1002, flags=0x0, edgeFlags=0x0, metaState=0x0, buttonState=0x1, downTime=172102305000000, eventTime=172102305000000, pointerCount=1 xos=0, yos=0
07-02 23:29:58.317  4229  4511 D InputTransport: channel 'PointerEventDispatcher0 (server)' : action=ACTION_DOWN(0), id=0, displayId=0, tooltype=0, deviceId=-1, source=0x1002, flags=0x0, edgeFlags=0x0, metaState=0x0, buttonState=0x1, downTime=172102305000000, eventTime=172102305000000, pointerCount=1 xos=0, yos=0
07-02 23:29:58.317  4229  4511 D InputTransport: channel 'PointerEventDispatcherForRear0 (server)' : action=ACTION_DOWN(0), id=0, displayId=0, tooltype=0, deviceId=-1, source=0x1002, flags=0x0, edgeFlags=0x0, metaState=0x0, buttonState=0x1, downTime=172102305000000, eventTime=172102305000000, pointerCount=1 xos=0, yos=0
07-02 23:29:58.397  4229  4511 D InputTransport: channel '3f6c269 com.example.lunchtray/com.example.lunchtray.MainActivity (server)' : action=ACTION_UP(0), id=0, displayId=0, tooltype=1, deviceId=-1, source=0x1002, flags=0x0, edgeFlags=0x0, metaState=0x0, buttonState=0x1, downTime=172102305000000, eventTime=172102386000000, pointerCount=1 xos=0, yos=0
07-02 23:29:58.397  4229  4511 D InputTransport: channel 'swipe-up (server)' : action=ACTION_UP(0), id=0, displayId=0, tooltype=1, deviceId=-1, source=0x1002, flags=0x0, edgeFlags=0x0, metaState=0x0, buttonState=0x1, downTime=172102305000000, eventTime=172102386000000, pointerCount=1 xos=0, yos=0
07-02 23:29:58.397  4229  4511 D InputTransport: channel 'edge-swipe (server)' : action=ACTION_UP(0), id=0, displayId=0, tooltype=1, deviceId=-1, source=0x1002, flags=0x0, edgeFlags=0x0, metaState=0x0, buttonState=0x1, downTime=172102305000000, eventTime=172102386000000, pointerCount=1 xos=0, yos=0
07-02 23:29:58.397  4229  4511 D InputTransport: channel 'swipe-up (server)' : action=ACTION_UP(0), id=0, displayId=0, tooltype=1, deviceId=-1, source=0x1002, flags=0x0, edgeFlags=0x0, metaState=0x0, buttonState=0x1, downTime=172102305000000, eventTime=172102386000000, pointerCount=1 xos=0, yos=0
07-02 23:29:58.397  4229  4511 D InputTransport: channel 'swipe-up (server)' : action=ACTION_UP(0), id=0, displayId=0, tooltype=1, deviceId=-1, source=0x1002, flags=0x0, edgeFlags=0x0, metaState=0x0, buttonState=0x1, downTime=172102305000000, eventTime=172102386000000, pointerCount=1 xos=0, yos=0
07-02 23:29:58.397  4229  4511 D InputTransport: channel 'PointerEventDispatcher0 (server)' : action=ACTION_UP(0), id=0, displayId=0, tooltype=1, deviceId=-1, source=0x1002, flags=0x0, edgeFlags=0x0, metaState=0x0, buttonState=0x1, downTime=172102305000000, eventTime=172102386000000, pointerCount=1 xos=0, yos=0
07-02 23:29:58.398  4229  4511 D InputTransport: channel 'PointerEventDispatcherForRear0 (server)' : action=ACTION_UP(0), id=0, displayId=0, tooltype=1, deviceId=-1, source=0x1002, flags=0x0, edgeFlags=0x0, metaState=0x0, buttonState=0x1, downTime=172102305000000, eventTime=172102386000000, pointerCount=1 xos=0, yos=0
07-02 23:29:58.409 32149 32149 I View    : PerformClick: com.google.android.material.button.MaterialButton{555ae7f VFED..C.. ...p..ID 48,1232-516,1376 #7f08007a app:id/cancel_button}
07-02 23:29:58.410 32149 32149 I View    : MotionEvent.ACTION_UP: mPrivateFlags: -2128590800,   mHasPerformedLongPress: false,   mIgnoreNextUpEvent: false
07-02 23:29:58.429  4229  4567 V SoundPool: play(soundID=1, leftVolume=1.000000, rightVolume=1.000000, priority=0, loop=0, rate=1.000000)
07-02 23:29:58.430  4229  4567 V AudioTrack: setSampleRate(5291): prior state:STATE_STOPPED rate:48000
07-02 23:29:58.430  4229  4567 V AudioTrack: start(5291): prior state:STATE_STOPPED
07-02 23:29:58.430  4229  4567 V AudioTrack: start(5291): server read:-132200  cumulative flushed:0  client written:0
07-02 23:29:58.430   965  2725 V AF::Track: start(4816): calling pid 4229 session 23897
07-02 23:29:58.433   965  1326 D APM_AudioPolicyManager: startOutput portId 5291 output primary->(primary output)(13), stream 1, session 23897
07-02 23:29:58.433   965  1326 V APM_AudioPolicyManager: selectOutputForMusicEffects selected output 13
07-02 23:29:58.434   965  1326 V APM_AudioPolicyManager: getNewOutputDevices selected devices {type:0x2,@:}
07-02 23:29:58.434   965  1326 V APM_AudioPolicyManager: setOutputDevices device {type:0x2,@:} delayMs 0
07-02 23:29:58.434   965  1326 V APM_AudioPolicyManager: setOutputDevices() prevDevice {type:0x2,@:}
07-02 23:29:58.434   965  1326 V APM_AudioPolicyManager: setOutputDevices: suppressing checkDeviceMuteStrategies
07-02 23:29:58.434   965  1326 V APM_AudioPolicyManager: setOutputDevices setting same device {type:0x2,@:} or null device, force=0, patch handle=5258
07-02 23:29:58.435  4229  4567 V SoundPool: play returned 12363
07-02 23:29:58.441  4229  5209 V AudioSystem: ioConfigChanged() event 8
07-02 23:29:58.441  4229  5209 V AudioSystem: ioConfigChanged() AUDIO_CLIENT_STARTED  io 13 port 5291 num callbacks 0
07-02 23:29:58.496   965  1885 V AF::Track: getNextBuffer(4816): underrun,  framesReady(0) < framesDesired(236), state: 6
