07-02 23:30:12.860 32149 32173 I TestRunner: started: subtotal_tax_total_in_checkout(com.example.lunchtray.OrderFunctionalityTests)
07-02 23:30:12.863 32149 32149 D LifecycleMonitor: Lifecycle status change: com.example.lunchtray.MainActivity@6b82133 in: DESTROYED
07-02 23:30:12.863 32149 32149 V ActivityScenario: Update currentActivityStage to DESTROYED, currentActivity=null
07-02 23:30:12.864 32149 32149 I chatty  : uid=10913(com.example.lunchtray) identical 2 lines
07-02 23:30:12.864 32149 32149 V ActivityScenario: Update currentActivityStage to DESTROYED, currentActivity=null
07-02 23:30:12.871   970  1023 D SurfaceFlinger: Create EffectLayer(0xb400007d2cf9f2f0) Surface(name=20d41bf NavigationBar#0)/@0xa6cf867 - animation-leash#0
07-02 23:30:12.872   970  1021 D SurfaceFlinger: Create EffectLayer(0xb400007d2cf7fdc0) Surface(name=da0e137 StatusBar)/@0x5eb3426 - animation-leash#0
07-02 23:30:12.880   970   970 I SurfaceFlinger: Remove EffectLayer(0xb400007d2ced5000) Surface(name=da0e137 StatusBar)/@0x5eb3426 - animation-leash#1 (parent=none)
07-02 23:30:12.880   970   970 I SurfaceFlinger: Remove EffectLayer(0xb400007d2cfb8d00) Surface(name=20d41bf NavigationBar#0)/@0xa6cf867 - animation-leash#1 (parent=none)
07-02 23:30:12.880   970   970 I SurfaceFlinger: Remove ContainerLayer(0xb400007d2cfc4340) cbb26dc com.example.lunchtray/com.example.lunchtray.MainActivity#0 (parent=none)
07-02 23:30:12.880   970   970 I SurfaceFlinger: Remove BufferQueueLayer(0xb400007d3cd257a0) com.example.lunchtray/com.example.lunchtray.MainActivity@32149#0 (parent=none)
07-02 23:30:12.880   970   970 D Layer   : Destroy cbb26dc com.example.lunchtray/com.example.lunchtray.MainActivity#0(0xb400007d2cfc4340)
07-02 23:30:12.880   970   970 D Layer   : Destroy com.example.lunchtray/com.example.lunchtray.MainActivity@32149#0(0xb400007d3cd257a0)
07-02 23:30:12.880   970   970 D Layer   : Destroy Surface(name=da0e137 StatusBar)/@0x5eb3426 - animation-leash#1(0xb400007d2ced5000)
07-02 23:30:12.880   970   970 D Layer   : Destroy Surface(name=20d41bf NavigationBar#0)/@0xa6cf867 - animation-leash#1(0xb400007d2cfb8d00)
07-02 23:30:12.886   970  1856 D SurfaceFlinger: Create EffectLayer(0xb400007d2cfb8d00) Surface(name=20d41bf NavigationBar#0)/@0xa6cf867 - animation-leash#1
07-02 23:30:12.887  4696  4696 D NavigationModeController: getCurrentUserContext: contextUser=0 currentUser=0
07-02 23:30:12.887   970  1023 D SurfaceFlinger: Create EffectLayer(0xb400007d2cfc4340) Surface(name=da0e137 StatusBar)/@0x5eb3426 - animation-leash#1
07-02 23:30:12.889 32149 32173 W Settings: Setting always_finish_activities has moved from android.provider.Settings.System to android.provider.Settings.Global, returning read-only value.
07-02 23:30:12.890  4229  7758 D InputDispatcher: Window went away: com.example.lunchtray/com.example.lunchtray.MainActivity@32149#0
07-02 23:30:12.892  4696  4696 D NavigationModeController: getCurrentUserContext: contextUser=0 currentUser=0
07-02 23:30:12.896   970  1021 D SurfaceFlinger: Create EffectLayer(0xb400007d2ced5000) Task=9880#0
07-02 23:30:12.896   970   970 I SurfaceFlinger: Remove EffectLayer(0xb400007d2cf46e80) Task=9879#0 (parent=none)
07-02 23:30:12.896   970   970 I SurfaceFlinger: Remove EffectLayer(0xb400007d2cf7fdc0) Surface(name=da0e137 StatusBar)/@0x5eb3426 - animation-leash#0 (parent=none)
07-02 23:30:12.896   970   970 I SurfaceFlinger: Remove EffectLayer(0xb400007d2cf9f2f0) Surface(name=20d41bf NavigationBar#0)/@0xa6cf867 - animation-leash#0 (parent=none)
07-02 23:30:12.896   970   970 I SurfaceFlinger: Remove ContainerLayer(0xb400007d2cfeeeb0) ActivityRecord{3fb737b u0 com.example.lunchtray/.MainActivity t9879 tda0:1}#0 (parent=none)
07-02 23:30:12.896   970   970 D Layer   : Destroy Task=9879#0(0xb400007d2cf46e80)
07-02 23:30:12.896   970   970 D Layer   : Destroy ActivityRecord{3fb737b u0 com.example.lunchtray/.MainActivity t9879 tda0:1}#0(0xb400007d2cfeeeb0)
07-02 23:30:12.897   970   970 D Layer   : Destroy Surface(name=da0e137 StatusBar)/@0x5eb3426 - animation-leash#0(0xb400007d2cf7fdc0)
07-02 23:30:12.897   970   970 D Layer   : Destroy Surface(name=20d41bf NavigationBar#0)/@0xa6cf867 - animation-leash#0(0xb400007d2cf9f2f0)
07-02 23:30:12.897  3772  3782 I PowerRM : System FW:1 IC:0 SO:0 GT:0 CAPP:-1 APP:0
07-02 23:30:12.897  3772  3782 I PowerRM : FIA lock1 locked
07-02 23:30:12.897  3772  3782 E PRM_CONFIG_Parser: get_custom_config not found
07-02 23:30:12.899   970  1021 D SurfaceFlinger: Create ContainerLayer(0xb400007d2cf9f2f0) ActivityRecord{87226f5 u0 com.example.lunchtray/androidx.test.core.app.InstrumentationActivityInvoker$BootstrapActivity t9880 tda0:1}#0
07-02 23:30:12.900 17401 17401 I [LGHome6]Launcher: onTopResumedActivityChanged state = false
07-02 23:30:12.901  4696  4696 I LightBarTransitionsController: appTransitionPending(): skipped, displayId = 0, isKeyguardGoingAway = false
07-02 23:30:12.901  4696  4696 I chatty  : uid=10157(com.lge.quicktools) com.android.systemui identical 4 lines
07-02 23:30:12.901  4696  4696 I LightBarTransitionsController: appTransitionPending(): skipped, displayId = 0, isKeyguardGoingAway = false
07-02 23:30:12.902  3937  3977 E statsd  : Predicate 5980654721335871649 dropping data for dimension key (10)0x2010101->10913[I] (10)0x30000->*launch*[S]
07-02 23:30:12.902   970  1021 D SurfaceFlinger: Create EffectLayer(0xb400007d2cf7fdc0) Surface(name=20d41bf NavigationBar#0)/@0xa6cf867 - animation-leash#0
07-02 23:30:12.902  4696  5709 I GameToolsControllerService: game removed from map {}
07-02 23:30:12.903   970  1021 D SurfaceFlinger: Create EffectLayer(0xb400007d2cf46e80) Surface(name=da0e137 StatusBar)/@0x5eb3426 - animation-leash#0
07-02 23:30:12.907 17401 17401 I [LGHome6]LauncherCallbacksImpl: Launcher.onPause // 9.50.66(95006600) this:com.lge.launcher3.LauncherExtension$LauncherCallbacksImpl@8b8f9a6
07-02 23:30:12.907  4696  5709 D StatusBar: mainDisplayTopActivityComponentName : ComponentInfo{com.example.lunchtray/androidx.test.core.app.InstrumentationActivityInvoker$BootstrapActivity}
07-02 23:30:12.908  4229  6300 V LGSettingsProvider: call_put(secure:reminder_exp_learning_time_elapsed=21669775010)  calling package = com.android.systemui  callingUserId : 0
07-02 23:30:12.908  4696  4696 I LightBarTransitionsController: appTransitionPending(): skipped, displayId = 0, isKeyguardGoingAway = false
07-02 23:30:12.909  4696  4696 I chatty  : uid=10157(com.lge.quicktools) com.android.systemui identical 10 lines
07-02 23:30:12.909  4696  4696 I LightBarTransitionsController: appTransitionPending(): skipped, displayId = 0, isKeyguardGoingAway = false
07-02 23:30:12.911  6595  6620 D TopPackageTracker: activityChanged callMethod=1 packageName=com.example.lunchtray displayid=0
07-02 23:30:12.911  6595  6620 D TopPackageTracker: onTopPackageChanged displayId=0, com.lge.launcher3->com.example.lunchtray
07-02 23:30:12.911  5218  5259 V CoverTools: [IconViewController.java:271:activityChanged] callMethod: CallMethod.RESUME
07-02 23:30:12.911  5218  5259 V CoverTools: [IconViewController.java:272:activityChanged] componentName: com.example.lunchtray/androidx.test.core.app.InstrumentationActivityInvoker$BootstrapActivity
07-02 23:30:12.911  5218  5259 V CoverTools: [IconViewController.java:273:activityChanged] packageName: com.example.lunchtray
07-02 23:30:12.912  5218  5259 V CoverTools: [IconViewController.java:274:activityChanged] className: com.example.lunchtray
07-02 23:30:12.912  5218  5259 V CoverTools: [IconViewController.java:275:activityChanged] displayId: 0
07-02 23:30:12.912  6595  6595 I GameToolsService: no game is running, stop everything
07-02 23:30:12.912  6595  6595 I GameToolsWindow: forceHide, Game is Not Running
07-02 23:30:12.912   970  1021 D SurfaceFlinger: Create EffectLayer(0xb400007d2cfeeeb0) Surface(name=20d41bf NavigationBar#0)/@0xa6cf867 - animation-leash#1
07-02 23:30:12.913  5218  5259 V CoverTools: [IconViewController.java:271:activityChanged] callMethod: CallMethod.RESUME
07-02 23:30:12.913  5218  5259 V CoverTools: [IconViewController.java:272:activityChanged] componentName: com.example.lunchtray/androidx.test.core.app.InstrumentationActivityInvoker$BootstrapActivity
07-02 23:30:12.913  5218  5259 V CoverTools: [IconViewController.java:273:activityChanged] packageName: com.example.lunchtray
07-02 23:30:12.913  5218  5259 V CoverTools: [IconViewController.java:274:activityChanged] className: com.example.lunchtray
07-02 23:30:12.913  5218  5259 V CoverTools: [IconViewController.java:275:activityChanged] displayId: 0
07-02 23:30:12.913  4229  5253 V LGSettingsProvider: call_put(system:do_not_disturb_for_game=0)  calling package = com.lge.gametools  callingUserId : 0
07-02 23:30:12.914   970   970 I SurfaceFlinger: Remove EffectLayer(0xb400007d2cfb8d00) Surface(name=20d41bf NavigationBar#0)/@0xa6cf867 - animation-leash#1 (parent=none)
07-02 23:30:12.914   970   970 I SurfaceFlinger: Remove EffectLayer(0xb400007d2cfc4340) Surface(name=da0e137 StatusBar)/@0x5eb3426 - animation-leash#1 (parent=none)
07-02 23:30:12.914  6595  6595 I GameToolsDBManager: DB changed to: false
07-02 23:30:12.914   970  1021 D SurfaceFlinger: Create EffectLayer(0xb400007d2cfc9e60) Surface(name=da0e137 StatusBar)/@0x5eb3426 - animation-leash#1
07-02 23:30:12.914  6595  6620 I GameToolsService: no game is running, stop everything
07-02 23:30:12.914  6595  6620 I GameToolsWindow: forceHide, Game is Not Running
07-02 23:30:12.915  4229  6300 W ActivityManager: Sending non-protected broadcast com.sld.stop_game from system 4878:com.lge.systemserver/1000 pkg com.lge.systemservice
07-02 23:30:12.916  4229  5253 V LGSettingsProvider: call_put(system:do_not_disturb_for_game=0)  calling package = com.lge.gametools  callingUserId : 0
07-02 23:30:12.916  6595  6620 I GameToolsDBManager: DB changed to: false
07-02 23:30:12.918  6595  6620 D TopPackageTracker: activityChanged callMethod=1 packageName=com.example.lunchtray displayid=0
07-02 23:30:12.918  4878  2474 D RoundCornerMask: metaData is null
07-02 23:30:12.921  4878  2474 I chatty  : uid=1000(system) Binder:4878_8 identical 2 lines
07-02 23:30:12.922  4878  2474 D RoundCornerMask: metaData is null
07-02 23:30:12.927 32149 32149 D LifecycleMonitor: Lifecycle status change: androidx.test.core.app.InstrumentationActivityInvoker$BootstrapActivity@58971b8 in: PRE_ON_CREATE
07-02 23:30:12.927 32149 32149 V ActivityScenario: Activity lifecycle changed event received but ignored because the intent does not match. startActivityIntent=Intent { act=android.intent.action.MAIN cat=[android.intent.category.LAUNCHER] cmp=com.example.lunchtray/.MainActivity }, activity.getIntent()=Intent { act=android.intent.action.MAIN cat=[android.intent.category.LAUNCHER] flg=0x10008000 cmp=com.example.lunchtray/androidx.test.core.app.InstrumentationActivityInvoker$BootstrapActivity (has extras) }, activity=androidx.test.core.app.InstrumentationActivityInvoker$BootstrapActivity@58971b8
07-02 23:30:12.927 32149 32149 I chatty  : uid=10913(com.example.lunchtray) identical 3 lines
07-02 23:30:12.928 32149 32149 V ActivityScenario: Activity lifecycle changed event received but ignored because the intent does not match. startActivityIntent=Intent { act=android.intent.action.MAIN cat=[android.intent.category.LAUNCHER] cmp=com.example.lunchtray/.MainActivity }, activity.getIntent()=Intent { act=android.intent.action.MAIN cat=[android.intent.category.LAUNCHER] flg=0x10008000 cmp=com.example.lunchtray/androidx.test.core.app.InstrumentationActivityInvoker$BootstrapActivity (has extras) }, activity=androidx.test.core.app.InstrumentationActivityInvoker$BootstrapActivity@58971b8
07-02 23:30:12.928   970  1854 D SurfaceFlinger: Create ContainerLayer(0xb400007d2cf6ec60) 85bfe48 Splash Screen com.example.lunchtray#0
07-02 23:30:12.929  4229  4370 I TouchFilterInputStageHelper: [needTouchEventFilter] Displayid : 0
07-02 23:30:12.930  4229  4370 D HandGripFilter: getdisplaysize, x : 1080 y : 2340
07-02 23:30:12.930   970   970 I SurfaceFlinger: Remove EffectLayer(0xb400007d2cf46e80) Surface(name=da0e137 StatusBar)/@0x5eb3426 - animation-leash#0 (parent=none)
07-02 23:30:12.930   970   970 I SurfaceFlinger: Remove EffectLayer(0xb400007d2cf7fdc0) Surface(name=20d41bf NavigationBar#0)/@0xa6cf867 - animation-leash#0 (parent=none)
07-02 23:30:12.930   970   970 I SurfaceFlinger: Remove EffectLayer(0xb400007d2cfb8d00) Surface(name=20d41bf NavigationBar#0)/@0xa6cf867 - animation-leash#1 (parent=none)
07-02 23:30:12.930   970   970 I SurfaceFlinger: Remove EffectLayer(0xb400007d2cfc4340) Surface(name=da0e137 StatusBar)/@0x5eb3426 - animation-leash#1 (parent=none)
07-02 23:30:12.930   970   970 D Layer   : Destroy Surface(name=20d41bf NavigationBar#0)/@0xa6cf867 - animation-leash#1(0xb400007d2cfb8d00)
07-02 23:30:12.930   970   970 D Layer   : Destroy Surface(name=da0e137 StatusBar)/@0x5eb3426 - animation-leash#1(0xb400007d2cfc4340)
07-02 23:30:12.930   970   970 D Layer   : Destroy Surface(name=da0e137 StatusBar)/@0x5eb3426 - animation-leash#0(0xb400007d2cf46e80)
07-02 23:30:12.930   970   970 D Layer   : Destroy Surface(name=20d41bf NavigationBar#0)/@0xa6cf867 - animation-leash#0(0xb400007d2cf7fdc0)
07-02 23:30:12.931  4696  4696 I StatusBar: updateStatusBarColor(): mApplyNotchStatusBar=false delay=true isPort=true
07-02 23:30:12.932  4696  5709 I GameToolsControllerService: game removed from map {}
07-02 23:30:12.933   970  1021 D SurfaceFlinger: Create EffectLayer(0xb400007d2cf7fdc0) Surface(name=20d41bf NavigationBar#0)/@0xa6cf867 - animation-leash#0
07-02 23:30:12.934   970  1854 D SurfaceFlinger: Create EffectLayer(0xb400007d2cfc4340) Surface(name=da0e137 StatusBar)/@0x5eb3426 - animation-leash#0
07-02 23:30:12.936 22659 22677 D ViewRootImpl: onChangedIMENavigationColor(), color: ff080808
07-02 23:30:12.938  4696  5709 D StatusBar: mainDisplayTopActivityComponentName : ComponentInfo{com.example.lunchtray/androidx.test.core.app.InstrumentationActivityInvoker$BootstrapActivity}
07-02 23:30:12.938   970  1021 D SurfaceFlinger: Create EffectLayer(0xb400007d2cf46e80) Surface(name=20d41bf NavigationBar#0)/@0xa6cf867 - animation-leash#1
07-02 23:30:12.939 32149 32149 D LifecycleMonitor: Lifecycle status change: androidx.test.core.app.InstrumentationActivityInvoker$BootstrapActivity@58971b8 in: CREATED
07-02 23:30:12.939 32149 32149 V ActivityScenario: Activity lifecycle changed event received but ignored because the intent does not match. startActivityIntent=Intent { act=android.intent.action.MAIN cat=[android.intent.category.LAUNCHER] cmp=com.example.lunchtray/.MainActivity }, activity.getIntent()=Intent { act=android.intent.action.MAIN cat=[android.intent.category.LAUNCHER] flg=0x10008000 cmp=com.example.lunchtray/androidx.test.core.app.InstrumentationActivityInvoker$BootstrapActivity (has extras) }, activity=androidx.test.core.app.InstrumentationActivityInvoker$BootstrapActivity@58971b8
07-02 23:30:12.939 32149 32149 I chatty  : uid=10913(com.example.lunchtray) identical 3 lines
07-02 23:30:12.939 32149 32149 V ActivityScenario: Activity lifecycle changed event received but ignored because the intent does not match. startActivityIntent=Intent { act=android.intent.action.MAIN cat=[android.intent.category.LAUNCHER] cmp=com.example.lunchtray/.MainActivity }, activity.getIntent()=Intent { act=android.intent.action.MAIN cat=[android.intent.category.LAUNCHER] flg=0x10008000 cmp=com.example.lunchtray/androidx.test.core.app.InstrumentationActivityInvoker$BootstrapActivity (has extras) }, activity=androidx.test.core.app.InstrumentationActivityInvoker$BootstrapActivity@58971b8
07-02 23:30:12.940   970  1021 D SurfaceFlinger: Create EffectLayer(0xb400007d2cfb8d00) Surface(name=da0e137 StatusBar)/@0x5eb3426 - animation-leash#1
07-02 23:30:12.943 32149 32149 D LifecycleMonitor: Lifecycle status change: androidx.test.core.app.InstrumentationActivityInvoker$BootstrapActivity@58971b8 in: STARTED
07-02 23:30:12.943 32149 32149 V ActivityScenario: Activity lifecycle changed event received but ignored because the intent does not match. startActivityIntent=Intent { act=android.intent.action.MAIN cat=[android.intent.category.LAUNCHER] cmp=com.example.lunchtray/.MainActivity }, activity.getIntent()=Intent { act=android.intent.action.MAIN cat=[android.intent.category.LAUNCHER] flg=0x10008000 cmp=com.example.lunchtray/androidx.test.core.app.InstrumentationActivityInvoker$BootstrapActivity (has extras) }, activity=androidx.test.core.app.InstrumentationActivityInvoker$BootstrapActivity@58971b8
07-02 23:30:12.943 32149 32149 I chatty  : uid=10913(com.example.lunchtray) identical 2 lines
07-02 23:30:12.943 32149 32149 V ActivityScenario: Activity lifecycle changed event received but ignored because the intent does not match. startActivityIntent=Intent { act=android.intent.action.MAIN cat=[android.intent.category.LAUNCHER] cmp=com.example.lunchtray/.MainActivity }, activity.getIntent()=Intent { act=android.intent.action.MAIN cat=[android.intent.category.LAUNCHER] flg=0x10008000 cmp=com.example.lunchtray/androidx.test.core.app.InstrumentationActivityInvoker$BootstrapActivity (has extras) }, activity=androidx.test.core.app.InstrumentationActivityInvoker$BootstrapActivity@58971b8
07-02 23:30:12.943  4696  4696 I StatusBar: updateStatusBarColor(): mApplyNotchStatusBar=false delay=true isPort=true
07-02 23:30:12.943 32149 32149 V ActivityScenario: Activity lifecycle changed event received but ignored because the intent does not match. startActivityIntent=Intent { act=android.intent.action.MAIN cat=[android.intent.category.LAUNCHER] cmp=com.example.lunchtray/.MainActivity }, activity.getIntent()=Intent { act=android.intent.action.MAIN cat=[android.intent.category.LAUNCHER] flg=0x10008000 cmp=com.example.lunchtray/androidx.test.core.app.InstrumentationActivityInvoker$BootstrapActivity (has extras) }, activity=androidx.test.core.app.InstrumentationActivityInvoker$BootstrapActivity@58971b8
07-02 23:30:12.944  4696  5709 I GameToolsControllerService: game removed from map {}
07-02 23:30:12.946  4696  5709 D StatusBar: mainDisplayTopActivityComponentName : ComponentInfo{com.example.lunchtray/androidx.test.core.app.InstrumentationActivityInvoker$BootstrapActivity}
07-02 23:30:12.947   970   970 I SurfaceFlinger: Remove EffectLayer(0xb400007d2cf7fdc0) Surface(name=20d41bf NavigationBar#0)/@0xa6cf867 - animation-leash#0 (parent=none)
07-02 23:30:12.947   970   970 I SurfaceFlinger: Remove EffectLayer(0xb400007d2cfc4340) Surface(name=da0e137 StatusBar)/@0x5eb3426 - animation-leash#0 (parent=none)
07-02 23:30:12.947   970   970 I SurfaceFlinger: Remove EffectLayer(0xb400007d2cfc9e60) Surface(name=da0e137 StatusBar)/@0x5eb3426 - animation-leash#1 (parent=none)
07-02 23:30:12.947   970   970 I SurfaceFlinger: Remove EffectLayer(0xb400007d2cfeeeb0) Surface(name=20d41bf NavigationBar#0)/@0xa6cf867 - animation-leash#1 (parent=none)
07-02 23:30:12.947   970   970 D Layer   : Destroy Surface(name=20d41bf NavigationBar#0)/@0xa6cf867 - animation-leash#0(0xb400007d2cf7fdc0)
07-02 23:30:12.947   970   970 D Layer   : Destroy Surface(name=da0e137 StatusBar)/@0x5eb3426 - animation-leash#0(0xb400007d2cfc4340)
07-02 23:30:12.947   970   970 D Layer   : Destroy Surface(name=da0e137 StatusBar)/@0x5eb3426 - animation-leash#1(0xb400007d2cfc9e60)
07-02 23:30:12.947   970   970 D Layer   : Destroy Surface(name=20d41bf NavigationBar#0)/@0xa6cf867 - animation-leash#1(0xb400007d2cfeeeb0)
07-02 23:30:12.947   970  1854 D SurfaceFlinger: Create ContainerLayer(0xb400007d2cf10cd0) ActivityRecord{6220adb u0 com.example.lunchtray/.MainActivity t9880 tda0:1}#0
07-02 23:30:12.948  4229  5253 D InputDispatcher: Focus left window: Window{73606ff u0 com.lge.launcher3/com.lge.launcher3.LauncherExtension} in display 0
07-02 23:30:12.948  4229  5253 D InputDispatcher: Window went away: Window{7fc242a u0 com.lge.launcher3/com.lge.launcher3.LauncherExtension}
07-02 23:30:12.948  4229  5253 D InputDispatcher: Window went away: Window{73606ff u0 com.lge.launcher3/com.lge.launcher3.LauncherExtension}
07-02 23:30:12.950  3772  3782 I PowerRM : System FW:1 IC:0 SO:0 GT:0 CAPP:-1 APP:0
07-02 23:30:12.950  3772  3782 E PRM_CONFIG_Parser: get_custom_config not found
07-02 23:30:12.951  4696  4696 I LightBarTransitionsController: appTransitionPending(): skipped, displayId = 0, isKeyguardGoingAway = false
07-02 23:30:12.951  4696  4696 I chatty  : uid=10157(com.lge.quicktools) com.android.systemui identical 4 lines
07-02 23:30:12.951  4696  4696 I LightBarTransitionsController: appTransitionPending(): skipped, displayId = 0, isKeyguardGoingAway = false
07-02 23:30:12.951   970  1854 D SurfaceFlinger: Create EffectLayer(0xb400007d2cfeeeb0) Surface(name=20d41bf NavigationBar#0)/@0xa6cf867 - animation-leash#0
07-02 23:30:12.952   970  1854 D SurfaceFlinger: Create EffectLayer(0xb400007d2cfc9e60) Surface(name=da0e137 StatusBar)/@0x5eb3426 - animation-leash#0
07-02 23:30:12.954 32149 32149 D LifecycleMonitor: Lifecycle status change: androidx.test.core.app.InstrumentationActivityInvoker$BootstrapActivity@58971b8 in: RESUMED
07-02 23:30:12.954 32149 32149 V ActivityScenario: Activity lifecycle changed event received but ignored because the intent does not match. startActivityIntent=Intent { act=android.intent.action.MAIN cat=[android.intent.category.LAUNCHER] cmp=com.example.lunchtray/.MainActivity }, activity.getIntent()=Intent { act=android.intent.action.MAIN cat=[android.intent.category.LAUNCHER] flg=0x10008000 cmp=com.example.lunchtray/androidx.test.core.app.InstrumentationActivityInvoker$BootstrapActivity (has extras) }, activity=androidx.test.core.app.InstrumentationActivityInvoker$BootstrapActivity@58971b8
07-02 23:30:12.954 32149 32149 I chatty  : uid=10913(com.example.lunchtray) identical 3 lines
07-02 23:30:12.954 32149 32149 V ActivityScenario: Activity lifecycle changed event received but ignored because the intent does not match. startActivityIntent=Intent { act=android.intent.action.MAIN cat=[android.intent.category.LAUNCHER] cmp=com.example.lunchtray/.MainActivity }, activity.getIntent()=Intent { act=android.intent.action.MAIN cat=[android.intent.category.LAUNCHER] flg=0x10008000 cmp=com.example.lunchtray/androidx.test.core.app.InstrumentationActivityInvoker$BootstrapActivity (has extras) }, activity=androidx.test.core.app.InstrumentationActivityInvoker$BootstrapActivity@58971b8
07-02 23:30:12.956  4878 17365 D RoundCornerMask: metaData is null
07-02 23:30:12.956  4696  5709 I GameToolsControllerService: game removed from map {}
07-02 23:30:12.956  4696  4696 I StatusBar: updateStatusBarColor(): mApplyNotchStatusBar=false delay=true isPort=true
07-02 23:30:12.956   970  1023 D SurfaceFlinger: Create EffectLayer(0xb400007d2cfc4340) Surface(name=20d41bf NavigationBar#0)/@0xa6cf867 - animation-leash#1
07-02 23:30:12.957   970  1856 D SurfaceFlinger: Create EffectLayer(0xb400007d2cf7fdc0) Surface(name=da0e137 StatusBar)/@0x5eb3426 - animation-leash#1
07-02 23:30:12.960   970  1856 D SurfaceFlinger: Create EffectLayer(0xb400007d2cf3e5d0) Surface(name=20d41bf NavigationBar#0)/@0xa6cf867 - animation-leash#0
07-02 23:30:12.961   970  1023 D SurfaceFlinger: Create EffectLayer(0xb400007d2cfc70d0) Surface(name=da0e137 StatusBar)/@0x5eb3426 - animation-leash#0
07-02 23:30:12.962   970  1854 D SurfaceFlinger: Create BufferQueueLayer(0xb400007d3cd5d0a0) Splash Screen com.example.lunchtray@4229#0
07-02 23:30:12.963   970   970 I SurfaceFlinger: Remove EffectLayer(0xb400007d2cf46e80) Surface(name=20d41bf NavigationBar#0)/@0xa6cf867 - animation-leash#1 (parent=none)
07-02 23:30:12.963   970   970 I SurfaceFlinger: Remove EffectLayer(0xb400007d2cf7fdc0) Surface(name=da0e137 StatusBar)/@0x5eb3426 - animation-leash#1 (parent=none)
07-02 23:30:12.963   970   970 I SurfaceFlinger: Remove EffectLayer(0xb400007d2cfb8d00) Surface(name=da0e137 StatusBar)/@0x5eb3426 - animation-leash#1 (parent=none)
07-02 23:30:12.963   970   970 I SurfaceFlinger: Remove EffectLayer(0xb400007d2cfc4340) Surface(name=20d41bf NavigationBar#0)/@0xa6cf867 - animation-leash#1 (parent=none)
07-02 23:30:12.963   970   970 I SurfaceFlinger: Remove EffectLayer(0xb400007d2cfc9e60) Surface(name=da0e137 StatusBar)/@0x5eb3426 - animation-leash#0 (parent=none)
07-02 23:30:12.963   970   970 I SurfaceFlinger: Remove EffectLayer(0xb400007d2cfeeeb0) Surface(name=20d41bf NavigationBar#0)/@0xa6cf867 - animation-leash#0 (parent=none)
07-02 23:30:12.963   970   970 D Layer   : Destroy Surface(name=da0e137 StatusBar)/@0x5eb3426 - animation-leash#0(0xb400007d2cfc9e60)
07-02 23:30:12.963   970   970 D Layer   : Destroy Surface(name=20d41bf NavigationBar#0)/@0xa6cf867 - animation-leash#0(0xb400007d2cfeeeb0)
07-02 23:30:12.963   970   970 D Layer   : Destroy Surface(name=da0e137 StatusBar)/@0x5eb3426 - animation-leash#1(0xb400007d2cfb8d00)
07-02 23:30:12.963   970   970 D Layer   : Destroy Surface(name=20d41bf NavigationBar#0)/@0xa6cf867 - animation-leash#1(0xb400007d2cf46e80)
07-02 23:30:12.966 32149 32149 D LifecycleMonitor: Lifecycle status change: androidx.test.core.app.InstrumentationActivityInvoker$BootstrapActivity@58971b8 in: PAUSED
07-02 23:30:12.966  4878 17365 D RoundCornerMask: metaData is null
07-02 23:30:12.966 32149 32149 V ActivityScenario: Activity lifecycle changed event received but ignored because the intent does not match. startActivityIntent=Intent { act=android.intent.action.MAIN cat=[android.intent.category.LAUNCHER] cmp=com.example.lunchtray/.MainActivity }, activity.getIntent()=Intent { act=android.intent.action.MAIN cat=[android.intent.category.LAUNCHER] flg=0x10008000 cmp=com.example.lunchtray/androidx.test.core.app.InstrumentationActivityInvoker$BootstrapActivity (has extras) }, activity=androidx.test.core.app.InstrumentationActivityInvoker$BootstrapActivity@58971b8
07-02 23:30:12.966 32149 32149 I chatty  : uid=10913(com.example.lunchtray) identical 1 line
07-02 23:30:12.966 32149 32149 V ActivityScenario: Activity lifecycle changed event received but ignored because the intent does not match. startActivityIntent=Intent { act=android.intent.action.MAIN cat=[android.intent.category.LAUNCHER] cmp=com.example.lunchtray/.MainActivity }, activity.getIntent()=Intent { act=android.intent.action.MAIN cat=[android.intent.category.LAUNCHER] flg=0x10008000 cmp=com.example.lunchtray/androidx.test.core.app.InstrumentationActivityInvoker$BootstrapActivity (has extras) }, activity=androidx.test.core.app.InstrumentationActivityInvoker$BootstrapActivity@58971b8
07-02 23:30:12.966  4696  5709 D StatusBar: mainDisplayTopActivityComponentName : ComponentInfo{com.example.lunchtray/com.example.lunchtray.MainActivity}
07-02 23:30:12.966 32149 32149 V ActivityScenario: Activity lifecycle changed event received but ignored because the intent does not match. startActivityIntent=Intent { act=android.intent.action.MAIN cat=[android.intent.category.LAUNCHER] cmp=com.example.lunchtray/.MainActivity }, activity.getIntent()=Intent { act=android.intent.action.MAIN cat=[android.intent.category.LAUNCHER] flg=0x10008000 cmp=com.example.lunchtray/androidx.test.core.app.InstrumentationActivityInvoker$BootstrapActivity (has extras) }, activity=androidx.test.core.app.InstrumentationActivityInvoker$BootstrapActivity@58971b8
07-02 23:30:12.966   970  1023 D SurfaceFlinger: Create EffectLayer(0xb400007d2cf46e80) Surface(name=20d41bf NavigationBar#0)/@0xa6cf867 - animation-leash#1
07-02 23:30:12.966 32149 32149 V ActivityScenario: Activity lifecycle changed event received but ignored because the intent does not match. startActivityIntent=Intent { act=android.intent.action.MAIN cat=[android.intent.category.LAUNCHER] cmp=com.example.lunchtray/.MainActivity }, activity.getIntent()=Intent { act=android.intent.action.MAIN cat=[android.intent.category.LAUNCHER] flg=0x10008000 cmp=com.example.lunchtray/androidx.test.core.app.InstrumentationActivityInvoker$BootstrapActivity (has extras) }, activity=androidx.test.core.app.InstrumentationActivityInvoker$BootstrapActivity@58971b8
07-02 23:30:12.968   970  1854 D SurfaceFlinger: Create EffectLayer(0xb400007d2cfb8d00) Surface(name=da0e137 StatusBar)/@0x5eb3426 - animation-leash#1
07-02 23:30:12.972  4696  4696 I LightBarTransitionsController: appTransitionPending(): skipped, displayId = 0, isKeyguardGoingAway = false
07-02 23:30:12.972  4696  4696 I chatty  : uid=10157(com.lge.quicktools) com.android.systemui identical 10 lines
07-02 23:30:12.972  4696  4696 I LightBarTransitionsController: appTransitionPending(): skipped, displayId = 0, isKeyguardGoingAway = false
07-02 23:30:12.975  5218  5259 V CoverTools: [IconViewController.java:271:activityChanged] callMethod: CallMethod.RESUME
07-02 23:30:12.975  5218  5259 V CoverTools: [IconViewController.java:272:activityChanged] componentName: com.example.lunchtray/com.example.lunchtray.MainActivity
07-02 23:30:12.975  5218  5259 V CoverTools: [IconViewController.java:273:activityChanged] packageName: com.example.lunchtray
07-02 23:30:12.975  5218  5259 V CoverTools: [IconViewController.java:274:activityChanged] className: com.example.lunchtray
07-02 23:30:12.975   970  1023 D SurfaceFlinger: Create EffectLayer(0xb400007d2cfeeeb0) Surface(name=20d41bf NavigationBar#0)/@0xa6cf867 - animation-leash#0
07-02 23:30:12.976  5218  5259 V CoverTools: [IconViewController.java:275:activityChanged] displayId: 0
07-02 23:30:12.976  5218  5259 V CoverTools: [IconViewController.java:271:activityChanged] callMethod: CallMethod.RESUME
07-02 23:30:12.976  5218  5259 V CoverTools: [IconViewController.java:272:activityChanged] componentName: com.example.lunchtray/com.example.lunchtray.MainActivity
07-02 23:30:12.976  5218  5259 V CoverTools: [IconViewController.java:273:activityChanged] packageName: com.example.lunchtray
07-02 23:30:12.976  5218  5259 V CoverTools: [IconViewController.java:274:activityChanged] className: com.example.lunchtray
07-02 23:30:12.976  5218  5259 V CoverTools: [IconViewController.java:275:activityChanged] displayId: 0
07-02 23:30:12.976   970  1854 D SurfaceFlinger: Create EffectLayer(0xb400007d2cfc9e60) Surface(name=da0e137 StatusBar)/@0x5eb3426 - animation-leash#0
07-02 23:30:12.977  6595 24516 D TopPackageTracker: activityChanged callMethod=1 packageName=com.example.lunchtray displayid=0
07-02 23:30:12.977  6595 24516 D TopPackageTracker: activityChanged callMethod=1 packageName=com.example.lunchtray displayid=0
07-02 23:30:12.980   970  1023 D SurfaceFlinger: Create EffectLayer(0xb400007d2cf0df40) Surface(name=20d41bf NavigationBar#0)/@0xa6cf867 - animation-leash#1
07-02 23:30:12.980   970   970 I SurfaceFlinger: Remove EffectLayer(0xb400007d2cf3e5d0) Surface(name=20d41bf NavigationBar#0)/@0xa6cf867 - animation-leash#0 (parent=none)
07-02 23:30:12.980   970   970 I SurfaceFlinger: Remove EffectLayer(0xb400007d2cf46e80) Surface(name=20d41bf NavigationBar#0)/@0xa6cf867 - animation-leash#1 (parent=none)
07-02 23:30:12.980   970   970 I SurfaceFlinger: Remove EffectLayer(0xb400007d2cf7fdc0) Surface(name=da0e137 StatusBar)/@0x5eb3426 - animation-leash#1 (parent=none)
07-02 23:30:12.980   970   970 I SurfaceFlinger: Remove EffectLayer(0xb400007d2cfb8d00) Surface(name=da0e137 StatusBar)/@0x5eb3426 - animation-leash#1 (parent=none)
07-02 23:30:12.980   970   970 I SurfaceFlinger: Remove EffectLayer(0xb400007d2cfc4340) Surface(name=20d41bf NavigationBar#0)/@0xa6cf867 - animation-leash#1 (parent=none)
07-02 23:30:12.980   970   970 I SurfaceFlinger: Remove EffectLayer(0xb400007d2cfc70d0) Surface(name=da0e137 StatusBar)/@0x5eb3426 - animation-leash#0 (parent=none)
07-02 23:30:12.980   970   970 D Layer   : Destroy Surface(name=20d41bf NavigationBar#0)/@0xa6cf867 - animation-leash#1(0xb400007d2cf46e80)
07-02 23:30:12.980   970   970 D Layer   : Destroy Surface(name=da0e137 StatusBar)/@0x5eb3426 - animation-leash#1(0xb400007d2cf7fdc0)
07-02 23:30:12.980   970   970 D Layer   : Destroy Surface(name=da0e137 StatusBar)/@0x5eb3426 - animation-leash#1(0xb400007d2cfb8d00)
07-02 23:30:12.980   970   970 D Layer   : Destroy Surface(name=20d41bf NavigationBar#0)/@0xa6cf867 - animation-leash#1(0xb400007d2cfc4340)
07-02 23:30:12.980   970   970 D Layer   : Destroy Surface(name=da0e137 StatusBar)/@0x5eb3426 - animation-leash#0(0xb400007d2cfc70d0)
07-02 23:30:12.981   970   970 D Layer   : Destroy Surface(name=20d41bf NavigationBar#0)/@0xa6cf867 - animation-leash#0(0xb400007d2cf3e5d0)
07-02 23:30:12.981   970  1856 D SurfaceFlinger: Create EffectLayer(0xb400007d2cf3e5d0) Surface(name=da0e137 StatusBar)/@0x5eb3426 - animation-leash#1
07-02 23:30:12.981  4229  5209 D InputDispatcher: Window went away: Splash Screen com.example.lunchtray@4229#0
07-02 23:30:12.983  4696  4696 I LightBarTransitionsController: appTransitionStarting():  [isKeyguardGoingAway = false], [(mDisplayId != displayId) = false], [!forced = true]
07-02 23:30:12.983  4696  4696 I LightBarTransitionsController: animateIconTint() : skip : mNextDarkIntensity = 0.0
07-02 23:30:12.983  4696  4696 I LightBarTransitionsController: appTransitionStarting():  [isKeyguardGoingAway = false], [(mDisplayId != displayId) = false], [!forced = true]
07-02 23:30:12.983  4696  4696 I LightBarTransitionsController: appTransitionStarting():  [isKeyguardGoingAway = false], [(mDisplayId != displayId) = true], [!forced = true]
07-02 23:30:12.983  4696  4696 I chatty  : uid=10157(com.lge.quicktools) com.android.systemui identical 4 lines
07-02 23:30:12.983  4696  4696 I LightBarTransitionsController: appTransitionStarting():  [isKeyguardGoingAway = false], [(mDisplayId != displayId) = true], [!forced = true]
07-02 23:30:12.983  4696  4696 I LightBarTransitionsController: appTransitionStarting():  [isKeyguardGoingAway = false], [(mDisplayId != displayId) = false], [!forced = true]
07-02 23:30:12.984  4696  4696 D ImageWallpaper.DrawableEngine@139004800#0: drawFrame(onVisibilityChanged-INVISIBLE)
07-02 23:30:12.984  4696  4696 D ImageWallpaper.DrawableEngine@139004800#0: drawFrame, !redrawNeeded && !mOffsetsChanged
07-02 23:30:12.984   970  1855 D SurfaceFlinger: Create EffectLayer(0xb400007d2cfc4340) Surface(name=da0e137 StatusBar)/@0x5eb3426 - animation-leash#0
07-02 23:30:12.985   970  1855 D SurfaceFlinger: Create EffectLayer(0xb400007d2cfb8d00) Surface(name=20d41bf NavigationBar#0)/@0xa6cf867 - animation-leash#0
07-02 23:30:12.985  4229  4365 D WindowManager: [DisplayPolicy#0] 1.updateNavigationBarColor => mLastColorNavigationBar=0xff000000
07-02 23:30:12.986  4229  4365 D IStatusBar.Stub: updateNavigationBarColor(0, -16777216)
07-02 23:30:12.986  4696 23746 D IStatusBar.Stub : CommandQueue: updateNavigationBarColor(0, -16777216)
07-02 23:30:12.986  4696  4696 I NavigationThemeResource: display(0) notify navigation bar color(0xff000000)
07-02 23:30:12.986  4696  4696 I NavigationThemeResource: WmEx Color light = 0
07-02 23:30:12.986  4696  4696 I NavigationThemeResource: NavigationKey(0) Color is changed(WHITE_WITH_BORDER -> WHITE)
07-02 23:30:12.986  4696  4696 I NavigationThemeResource:  BarMode=0, Theme=WHITE, LightBackground=false, mNavigationLight=false (NOT Transparent)
07-02 23:30:12.986  4696  4696 I NavigationThemeResource: , Keyguard show=false, IME shown=false, Bar vertical=false, Panel expanded=false
07-02 23:30:12.986  4696  4696 I LightBarTransitionsController: animateIconTint() : skip : mNextDarkIntensity = 0.0
07-02 23:30:12.989  4696  5488 D PhoneStatusBarPolicy: updateManagedProfile userId = 0
07-02 23:30:12.990  4878  5311 D RoundCornerMask: metaData is null
07-02 23:30:12.990  4696  5709 I GameToolsControllerService: game removed from map {}
07-02 23:30:12.991  4696  5709 D StatusBar: mainDisplayTopActivityComponentName : ComponentInfo{com.example.lunchtray/com.example.lunchtray.MainActivity}
07-02 23:30:12.992  4878  5311 D RoundCornerMask: metaData is null
07-02 23:30:12.997  4696  4696 I StatusBar: updateStatusBarColor(): mApplyNotchStatusBar=false delay=true isPort=true
07-02 23:30:12.997  4696  4696 I LightBarTransitionsController: animateIconTint() : skip : mNextDarkIntensity = 0.0
07-02 23:30:12.997   970   970 I SurfaceFlinger: Remove EffectLayer(0xb400007d2cf0df40) Surface(name=20d41bf NavigationBar#0)/@0xa6cf867 - animation-leash#1 (parent=none)
07-02 23:30:12.997   970   970 I SurfaceFlinger: Remove EffectLayer(0xb400007d2cf3e5d0) Surface(name=da0e137 StatusBar)/@0x5eb3426 - animation-leash#1 (parent=none)
07-02 23:30:12.997   970   970 I SurfaceFlinger: Remove EffectLayer(0xb400007d2cfc9e60) Surface(name=da0e137 StatusBar)/@0x5eb3426 - animation-leash#0 (parent=none)
07-02 23:30:12.997   970   970 I SurfaceFlinger: Remove EffectLayer(0xb400007d2cfeeeb0) Surface(name=20d41bf NavigationBar#0)/@0xa6cf867 - animation-leash#0 (parent=none)
07-02 23:30:12.997   970   970 D Layer   : Destroy Surface(name=da0e137 StatusBar)/@0x5eb3426 - animation-leash#0(0xb400007d2cfc9e60)
07-02 23:30:12.997   970   970 D Layer   : Destroy Surface(name=20d41bf NavigationBar#0)/@0xa6cf867 - animation-leash#0(0xb400007d2cfeeeb0)
07-02 23:30:12.999 32149 32149 D LifecycleMonitor: Lifecycle status change: com.example.lunchtray.MainActivity@aaf3bc9 in: PRE_ON_CREATE
07-02 23:30:12.999 32149 32149 V ActivityScenario: Activity lifecycle changed event received but ignored because the reported transition was not ON_CREATE while the last known transition was DESTROYED
07-02 23:30:12.999 32149 32149 I chatty  : uid=10913(com.example.lunchtray) identical 2 lines
07-02 23:30:12.999 32149 32149 V ActivityScenario: Activity lifecycle changed event received but ignored because the reported transition was not ON_CREATE while the last known transition was DESTROYED
07-02 23:30:12.999 32149 32149 V ActivityScenario: Activity lifecycle changed event received but ignored because the reported transition was not ON_CREATE while the last known transition was PRE_ON_CREATE
07-02 23:30:13.002  4696  4696 I StatusBar: updateStatusBarColor(): mApplyNotchStatusBar=false delay=true isPort=true
07-02 23:30:13.002  4696  4696 I LightBarTransitionsController: animateIconTint() : skip : mNextDarkIntensity = 0.0
07-02 23:30:13.002  4696  5709 I GameToolsControllerService: game removed from map {}
07-02 23:30:13.003   970   970 I MiniDump: -------------------------------------------------------------------------------------------
07-02 23:30:13.003   970   970 I MiniDump: [ROTATION_0] H |  Comp Type |  Transform |  Alpha |  Disp Frame (LTRB) |  Source Crop (LTRB) | Frame Rate  | Disp[19260613375406721] ""
07-02 23:30:13.003   970   970 I MiniDump: 0xb400007d3cd5d0a0 |     DEVICE |          0 | 1.000 |    0    0 1080 2340 |   0.0   0.0 1080.0 2340.0 | Splash Screen com.example.lunchtray@4229#0
07-02 23:30:13.003   970   970 I MiniDump: 0xb400007d3cd36d70 |     DEVICE |          0 | 1.000 |    0    0 1080   87 |   0.0   0.0 1080.0  87.0 | StatusBar@4696#0
07-02 23:30:13.003   970   970 I MiniDump: 0xb400007d3cd22010 |     DEVICE |          0 | 1.000 |    0 2196 1080 2340 |   0.0   0.0 1080.0 144.0 | NavigationBar#0@4696#0
07-02 23:30:13.004  4696  5709 D StatusBar: mainDisplayTopActivityComponentName : ComponentInfo{com.example.lunchtray/com.example.lunchtray.MainActivity}
07-02 23:30:13.009 17401 17401 I [LGHome6]StateManager: [RecentsAnimation] goToState(): (LauncherState - 0 -> LauncherState - 0), animated=false, delay=0, onCompleteRunnable=null
07-02 23:30:13.009 17401 17401 I [LGHome6]StateManager: [RecentsAnimation] goToState(): 1. isInState LauncherState - 0
07-02 23:30:13.009 17401 17401 I [LGHome6]Launcher: Launcher.onStop
07-02 23:30:13.009  4696  4696 I StatusBar: updateStatusBarColor(): mApplyNotchStatusBar=false delay=true isPort=true
07-02 23:30:13.009  4696  4696 I LightBarTransitionsController: animateIconTint() : skip : mNextDarkIntensity = 0.0
07-02 23:30:13.009  4696  5709 I GameToolsControllerService: game removed from map {}
07-02 23:30:13.010 18984 18984 I GsaVoiceInteractionSrv: Handling ACTION_STOP_HOTWORD
07-02 23:30:13.010  4696  5709 D StatusBar: mainDisplayTopActivityComponentName : ComponentInfo{com.example.lunchtray/com.example.lunchtray.MainActivity}
07-02 23:30:13.011 17401 17401 I [LGHome6]EditModeOffManager: EditModeOffManager is not running
07-02 23:30:13.011  4696  5709 I GameToolsControllerService: game removed from map {}
07-02 23:30:13.013  4696  4696 I StatusBar: updateStatusBarColor(): mApplyNotchStatusBar=false delay=true isPort=true
07-02 23:30:13.013  4696  4696 I LightBarTransitionsController: animateIconTint() : skip : mNextDarkIntensity = 0.0
07-02 23:30:13.014 22659 22677 D ViewRootImpl: onChangedIMENavigationColor(), color: ff080808
07-02 23:30:13.014   970   970 I SurfaceFlinger: Remove EffectLayer(0xb400007d2cf0df40) Surface(name=20d41bf NavigationBar#0)/@0xa6cf867 - animation-leash#1 (parent=none)
07-02 23:30:13.014   970   970 I SurfaceFlinger: Remove EffectLayer(0xb400007d2cf3e5d0) Surface(name=da0e137 StatusBar)/@0x5eb3426 - animation-leash#1 (parent=none)
07-02 23:30:13.014   970   970 D Layer   : Destroy Surface(name=20d41bf NavigationBar#0)/@0xa6cf867 - animation-leash#1(0xb400007d2cf0df40)
07-02 23:30:13.014   970   970 D Layer   : Destroy Surface(name=da0e137 StatusBar)/@0x5eb3426 - animation-leash#1(0xb400007d2cf3e5d0)
07-02 23:30:13.015  4696  5709 D StatusBar: mainDisplayTopActivityComponentName : ComponentInfo{com.example.lunchtray/com.example.lunchtray.MainActivity}
07-02 23:30:13.022  4696  4696 I StatusBar: updateStatusBarColor(): mApplyNotchStatusBar=false delay=true isPort=true
07-02 23:30:13.022  4696  4696 I LightBarTransitionsController: animateIconTint() : skip : mNextDarkIntensity = 0.0
07-02 23:30:13.024 32149 32149 D LifecycleMonitor: Lifecycle status change: com.example.lunchtray.MainActivity@aaf3bc9 in: CREATED
07-02 23:30:13.024 32149 32149 V ActivityScenario: Update currentActivityStage to CREATED, currentActivity=com.example.lunchtray.MainActivity@aaf3bc9
07-02 23:30:13.025 32149 32149 I chatty  : uid=10913(com.example.lunchtray) identical 3 lines
07-02 23:30:13.025 32149 32149 V ActivityScenario: Update currentActivityStage to CREATED, currentActivity=com.example.lunchtray.MainActivity@aaf3bc9
07-02 23:30:13.031   970   970 I SurfaceFlinger: Remove BufferQueueLayer(0xb400007d3cd4bad0) com.lge.launcher3/com.lge.launcher3.LauncherExtension@28931#0 (parent=none)
07-02 23:30:13.031   970   970 I SurfaceFlinger: Remove BufferQueueLayer(0xb400007d3cd56180) com.lge.launcher3/com.lge.launcher3.LauncherExtension@17401#0 (parent=none)
07-02 23:30:13.031   970   970 D Layer   : Destroy com.lge.launcher3/com.lge.launcher3.LauncherExtension@17401#0(0xb400007d3cd56180)
07-02 23:30:13.031 32149 32149 D LifecycleMonitor: Lifecycle status change: com.example.lunchtray.MainActivity@aaf3bc9 in: STARTED
07-02 23:30:13.031   970   970 D Layer   : Destroy com.lge.launcher3/com.lge.launcher3.LauncherExtension@28931#0(0xb400007d3cd4bad0)
07-02 23:30:13.031 32149 32149 V ActivityScenario: Update currentActivityStage to STARTED, currentActivity=com.example.lunchtray.MainActivity@aaf3bc9
07-02 23:30:13.031 32149 32149 I chatty  : uid=10913(com.example.lunchtray) identical 3 lines
07-02 23:30:13.031 32149 32149 V ActivityScenario: Update currentActivityStage to STARTED, currentActivity=com.example.lunchtray.MainActivity@aaf3bc9
07-02 23:30:13.032  4229  6309 D InputDispatcher: Window went away: com.lge.launcher3/com.lge.launcher3.LauncherExtension@28931#0
07-02 23:30:13.032  4229  6309 D InputDispatcher: Window went away: com.lge.launcher3/com.lge.launcher3.LauncherExtension@17401#0
07-02 23:30:13.033 32149 32149 D LifecycleMonitor: Lifecycle status change: com.example.lunchtray.MainActivity@aaf3bc9 in: RESUMED
07-02 23:30:13.033 32149 32149 V ActivityScenario: Update currentActivityStage to RESUMED, currentActivity=com.example.lunchtray.MainActivity@aaf3bc9
07-02 23:30:13.033 32149 32149 I chatty  : uid=10913(com.example.lunchtray) identical 3 lines
07-02 23:30:13.033 32149 32149 V ActivityScenario: Update currentActivityStage to RESUMED, currentActivity=com.example.lunchtray.MainActivity@aaf3bc9
07-02 23:30:13.038   970  1854 D SurfaceFlinger: Create ContainerLayer(0xb400007d2cf7fdc0) e98e16d com.example.lunchtray/com.example.lunchtray.MainActivity#0
07-02 23:30:13.040 32149 32149 I TouchFilterInputStageHelper: [needTouchEventFilter] Displayid : 0
07-02 23:30:13.040 32149 32149 D HandGripFilter: getdisplaysize, x : 1080 y : 2340
07-02 23:30:13.041 32149 32149 D LifecycleMonitor: Lifecycle status change: androidx.test.core.app.InstrumentationActivityInvoker$BootstrapActivity@58971b8 in: STOPPED
07-02 23:30:13.041 32149 32149 V ActivityScenario: Activity lifecycle changed event received but ignored because the intent does not match. startActivityIntent=Intent { act=android.intent.action.MAIN cat=[android.intent.category.LAUNCHER] cmp=com.example.lunchtray/.MainActivity }, activity.getIntent()=Intent { act=android.intent.action.MAIN cat=[android.intent.category.LAUNCHER] flg=0x10008000 cmp=com.example.lunchtray/androidx.test.core.app.InstrumentationActivityInvoker$BootstrapActivity (has extras) }, activity=androidx.test.core.app.InstrumentationActivityInvoker$BootstrapActivity@58971b8
07-02 23:30:13.042 32149 32149 I chatty  : uid=10913(com.example.lunchtray) identical 3 lines
07-02 23:30:13.042 32149 32149 V ActivityScenario: Activity lifecycle changed event received but ignored because the intent does not match. startActivityIntent=Intent { act=android.intent.action.MAIN cat=[android.intent.category.LAUNCHER] cmp=com.example.lunchtray/.MainActivity }, activity.getIntent()=Intent { act=android.intent.action.MAIN cat=[android.intent.category.LAUNCHER] flg=0x10008000 cmp=com.example.lunchtray/androidx.test.core.app.InstrumentationActivityInvoker$BootstrapActivity (has extras) }, activity=androidx.test.core.app.InstrumentationActivityInvoker$BootstrapActivity@58971b8
07-02 23:30:13.052   970  1855 D SurfaceFlinger: Create BufferQueueLayer(0xb400007d3cd7fc40) com.example.lunchtray/com.example.lunchtray.MainActivity@32149#0
07-02 23:30:13.053   970  1855 D SurfaceFlinger: Create EffectLayer(0xb400007d2cfeeeb0) Surface(name=da0e137 StatusBar)/@0x5eb3426 - animation-leash#1
07-02 23:30:13.054   970  1855 D SurfaceFlinger: Create EffectLayer(0xb400007d2cfc9e60) Surface(name=20d41bf NavigationBar#0)/@0xa6cf867 - animation-leash#1
07-02 23:30:13.054  3772  3782 I PowerRM : System FW:1 IC:0 SO:0 GT:0 CAPP:-1 APP:0
07-02 23:30:13.054  3772  3782 I PowerRM : System FW:0 IC:0 SO:0 GT:0 CAPP:-1 APP:0
07-02 23:30:13.054  3772  3782 I PowerRM : FIA lock1 unlocked
07-02 23:30:13.054  4229  4365 D WindowManager: [DisplayPolicy#0] 1.updateNavigationBarColor => mLastColorNavigationBar=0xff080808
07-02 23:30:13.054  4229  4365 D IStatusBar.Stub: updateNavigationBarColor(0, -16250872)
07-02 23:30:13.055  4696 10272 D IStatusBar.Stub : CommandQueue: updateNavigationBarColor(0, -16250872)
07-02 23:30:13.055  4696  4696 I NavigationThemeResource: display(0) notify navigation bar color(0xff080808)
07-02 23:30:13.055  4696  4696 I NavigationThemeResource: WmEx Color dark = -16250872
07-02 23:30:13.064   970   970 I SurfaceFlinger: Remove EffectLayer(0xb400007d2cfb8d00) Surface(name=20d41bf NavigationBar#0)/@0xa6cf867 - animation-leash#0 (parent=none)
07-02 23:30:13.064   970   970 I SurfaceFlinger: Remove EffectLayer(0xb400007d2cfc4340) Surface(name=da0e137 StatusBar)/@0x5eb3426 - animation-leash#0 (parent=none)
07-02 23:30:13.067   970  1855 D SurfaceFlinger: Create EffectLayer(0xb400007d2cfc70d0) Surface(name=85bfe48 Splash Screen com.example.lunchtray)/@0xc2f8978 - animation-leash#0
07-02 23:30:13.069  4696  4696 I LightBarTransitionsController: animateIconTint() : skip : mNextDarkIntensity = 0.0
07-02 23:30:13.072 32149 32149 D RootViewPicker: Root not ready - waiting: 10ms for one to appear.
07-02 23:30:13.073  3937  3977 E statsd  : Predicate 5980654721335871649 dropping data for dimension key (10)0x2010101->10913[I] (10)0x30000->*launch*[S]
07-02 23:30:13.076  4696  4696 D NavigationModeController: getCurrentUserContext: contextUser=0 currentUser=0
07-02 23:30:13.081   970   970 I SurfaceFlinger: Remove EffectLayer(0xb400007d2cfb8d00) Surface(name=20d41bf NavigationBar#0)/@0xa6cf867 - animation-leash#0 (parent=none)
07-02 23:30:13.081   970   970 I SurfaceFlinger: Remove EffectLayer(0xb400007d2cfc4340) Surface(name=da0e137 StatusBar)/@0x5eb3426 - animation-leash#0 (parent=none)
07-02 23:30:13.081   970   970 D Layer   : Destroy Surface(name=20d41bf NavigationBar#0)/@0xa6cf867 - animation-leash#0(0xb400007d2cfb8d00)
07-02 23:30:13.081   970   970 D Layer   : Destroy Surface(name=da0e137 StatusBar)/@0x5eb3426 - animation-leash#0(0xb400007d2cfc4340)
07-02 23:30:13.082  4229  6309 D InputDispatcher: Focus entered window: Window{e98e16d u0 com.example.lunchtray/com.example.lunchtray.MainActivity} in display 0
07-02 23:30:13.082 32149 32149 D RootViewPicker: Root not ready - waiting: 25ms for one to appear.
07-02 23:30:13.083 22659 22677 D ViewRootImpl: onChangedIMENavigationColor(), color: ff080808
07-02 23:30:13.085  4696  5671 D NavigationModeController: getCurrentUserContext: contextUser=0 currentUser=0
07-02 23:30:13.085  4696  5671 D NavigationModeController: getCurrentUserContext: contextUser=0 currentUser=0
07-02 23:30:13.086   970  1855 D SurfaceFlinger: Create EffectLayer(0xb400007d2cf46e80) Surface(name=5853c13 InputMethod)/@0x7ab2849 - animation-leash#0
07-02 23:30:13.099  4229  7769 D InputDispatcher: Window went away: Window{85bfe48 u0 Splash Screen com.example.lunchtray}
07-02 23:30:13.102  4696  5671 D NavigationModeController: getCurrentUserContext: contextUser=0 currentUser=0
07-02 23:30:13.102  4696  5671 D NavigationModeController: getCurrentUserContext: contextUser=0 currentUser=0
07-02 23:30:13.108 32149 32149 I ViewInteraction: Performing 'single click' action on view view.getId() is <2131231208/com.example.lunchtray:id/start_order_btn>
