07-02 23:30:15.734   965  1326 V APM_AudioPolicyManager: getNewOutputDevices selected devices {type:0x2,@:}
07-02 23:30:15.734   965  1326 V APM_AudioPolicyManager: setOutputDevices device {type:0x2,@:} delayMs 0
07-02 23:30:15.734   965  1326 V APM_AudioPolicyManager: setOutputDevices() prevDevice {type:0x2,@:}
07-02 23:30:15.734   965  1326 V APM_AudioPolicyManager: setOutputDevices: suppressing checkDeviceMuteStrategies
07-02 23:30:15.734   965  1326 V APM_AudioPolicyManager: setOutputDevices setting same device {type:0x2,@:} or null device, force=0, patch handle=5258
07-02 23:30:15.735  4229  6309 V AudioSystem: ioConfigChanged() event 8
07-02 23:30:15.735  4229  6309 V AudioSystem: ioConfigChanged() AUDIO_CLIENT_STARTED  io 13 port 5291 num callbacks 0
07-02 23:30:15.736  4229  4567 V SoundPool: play returned 12406
07-02 23:30:15.786   965  1885 V AF::Track: getNextBuffer(4816): underrun,  framesReady(0) < framesDesired(236), state: 6
07-02 23:30:15.791   965  1887 D AF::Track: presentationComplete(4816): presentationComplete() reset: mPresentationCompleteFrames 1140480 audioHalFrames 960
07-02 23:30:15.791  4229 32186 V AudioTrack: stop(5291): prior state:STATE_ACTIVE
07-02 23:30:15.791   965  2034 V AF::Track: stop(4816): calling pid 4229
07-02 23:30:15.831   965  1887 V AF::Track: presentationComplete(4816): presentationComplete() mPresentationCompleteFrames 1140480 framesWritten 1141440
07-02 23:30:15.839   965  1326 V APM_AudioPolicyManager: stopOutput() portId 5291 output 13, stream 1, session 23897
07-02 23:30:15.840   965  1326 V APM_AudioPolicyManager: getNewOutputDevices selected devices AUDIO_DEVICE_NONE
07-02 23:30:15.840   965  1326 V APM_AudioPolicyManager: setOutputDevices device AUDIO_DEVICE_NONE delayMs 120
07-02 23:30:15.840   965  1326 V APM_AudioPolicyManager: setOutputDevices() prevDevice {type:0x2,@:}
07-02 23:30:15.841   965  1326 W APM::AudioPolicyEngine: getDevicesForStrategy() unknown strategy: -1
07-02 23:30:15.842   965  1326 V APM_AudioPolicyManager: setOutputDevices setting same device AUDIO_DEVICE_NONE or null device, force=0, patch handle=5258
07-02 23:30:15.842   965  1326 V APM_AudioPolicyManager: selectOutputForMusicEffects selected output 13
07-02 23:30:15.884   873   873 D vendor.lge.hardware.battery@1.0-impl: Read value from /proc/lge_power/adc/batt_id, 1
07-02 23:30:15.885   873   873 D vendor.lge.hardware.battery@1.0-impl: Read value from /proc/lge_power/battery/condition, 1
07-02 23:30:15.887   876   876 D vendor.lge.hardware.charger@1.1-impl: Read value from /proc/lge_power/battery/time_to_full_now, 22748
07-02 23:30:15.888   876   876 D vendor.lge.hardware.charger@1.1-impl: Read value from /proc/lge_power/charger/fastchg, 0
07-02 23:30:15.888   876   876 D vendor.lge.hardware.charger@1.1-impl: Read value from /proc/lge_power/battery/vzw_chg, -1000000
07-02 23:30:15.888   876   876 D vendor.lge.hardware.charger@1.1-impl: Read value from /proc/lge_power/charger/incompatible, 0
07-02 23:30:15.889   876   876 D vendor.lge.hardware.charger@1.1-impl: Read value from /proc/lge_power/charger/usbid_type, 2147483647
07-02 23:30:15.889   876   876 D vendor.lge.hardware.charger@1.1-impl: Read value from /sys/class/qnovo/QNA_METER, 86
07-02 23:30:15.894   914   914 D vendor.lge.hardware.thermal@1.2-impl: Read value from /proc/lge_power/adc/vts, 354
07-02 23:30:15.900  4229  4229 D AS.AudioService: onReceive ACTION_BATTERY_CHANGED EXTRA_PLUGGED : 2
07-02 23:30:15.902  4696  4696 D KeyguardUpdateMonitor: received broadcast android.intent.action.BATTERY_CHANGED
07-02 23:30:15.903  4696  4696 D KeyguardUpdateMonitor: Intent.ACTION_BATTERY_CHANGED status : 2, plugged : 2, charging : true, safe charging : false, level : 23, temperature : 349, temperatureState : 0, EXTRA_CHARGING_CURRENT : 0 / EXTRA_HVDCP_TYPE : false
07-02 23:30:15.903  4696  4696 D KeyguardUpdateMonitor: handleBatteryUpdate
07-02 23:30:15.905   876   876 D vendor.lge.hardware.charger@1.1-impl: Read value from /proc/lge_power/battery/time_to_full_now, 22748
07-02 23:30:15.905  4696  4918 I AbsQuickSettingsHandlerBase: Got action android.intent.action.BATTERY_CHANGED for battery
07-02 23:30:15.906   876   876 D vendor.lge.hardware.charger@1.1-impl: Read value from /proc/lge_power/battery/time_to_full_now, 22748
07-02 23:30:15.906  5069  5069 D TeleService: PhoneGlobalsEx: onReceive: android.intent.action.BATTERY_CHANGED
07-02 23:30:15.907  4696  4696 I LGPowerUI: onReceive = android.intent.action.BATTERY_CHANGED
07-02 23:30:15.907  4696  4696 I LGPowerUI: level = 23, plugType = 2, plugged = true, charging = true, temperature = 349, chargingCurrent = 0, factoryCableItem = 0, isFastCharging = false, batteryID = 1, isSafeCharging = false
07-02 23:30:15.908  4696  4696 I LGPowerUI: mIsSupportEstimateChargingTime: true
07-02 23:30:15.908  6595  6595 I GameToolsWindow: onReceive = android.intent.action.BATTERY_CHANGED reason = null
07-02 23:30:15.908  6595  6595 D GameToolsWindow: isStereoSpeakerModel: true
07-02 23:30:15.908  6595  6595 D GameToolsWindow: updateDTSButton mIsFMRadioOn = false / mDTSViewDisabled = false
07-02 23:30:15.908  6595  6595 D GameToolsWindow: isStereoSpeakerModel: true
07-02 23:30:15.908 28204 28204 W MainApplication: onReceive intent : Intent { act=android.intent.action.BATTERY_CHANGED flg=0x60000010 (has extras) }
07-02 23:30:15.912   876   876 D vendor.lge.hardware.charger@1.1-impl: Read value from /proc/lge_power/battery/time_to_full_now, 22748
07-02 23:30:15.912  5075  5075 D DeviceStatisticsService: chargerType=2 batteryLevel=23 totalBatteryCapacity=3877300
07-02 23:30:15.913  4696  4696 I LowBatteryModeManager: applyDualScreenLowBatteryMode() newState : 2, mLowDualScreenBatteryMode : 2
07-02 23:30:15.913  4696  4696 I LowBatteryModeManager: applyCmrMode() enabled: false batteryLevel: 23
07-02 23:30:15.913  4696  4696 I LowBatteryModeManager: setCmrMode(false)
07-02 23:30:15.939  4696  4696 D StatusBarNotificationPresenter: isShowNotificationIconsOnly() orientation: 1
07-02 23:30:15.941  4696  4696 D BarBackgroundDrawable: draw() : targetColor = 0, canvas = android.graphics.RecordingCanvas@243f64e, this = com.android.systemui.statusbar.phone.BarTransitions$BarBackgroundDrawable@575c7c9
07-02 23:30:16.146 32149 32149 I ViewInteraction: Performing 'single click' action on view view.getId() is <2131231081/com.example.lunchtray:id/next_button>
07-02 23:30:16.154  4229  4511 D InputTransport: channel 'e98e16d com.example.lunchtray/com.example.lunchtray.MainActivity (server)' : action=ACTION_DOWN(0), id=0, displayId=0, tooltype=0, deviceId=-1, source=0x1002, flags=0x0, edgeFlags=0x0, metaState=0x0, buttonState=0x1, downTime=172120141000000, eventTime=172120141000000, pointerCount=1 xos=0, yos=0
07-02 23:30:16.155  4229  4511 D InputTransport: channel 'swipe-up (server)' : action=ACTION_DOWN(0), id=0, displayId=0, tooltype=0, deviceId=-1, source=0x1002, flags=0x0, edgeFlags=0x0, metaState=0x0, buttonState=0x1, downTime=172120141000000, eventTime=172120141000000, pointerCount=1 xos=0, yos=0
07-02 23:30:16.155  4229  4511 D InputTransport: channel 'edge-swipe (server)' : action=ACTION_DOWN(0), id=0, displayId=0, tooltype=0, deviceId=-1, source=0x1002, flags=0x0, edgeFlags=0x0, metaState=0x0, buttonState=0x1, downTime=172120141000000, eventTime=172120141000000, pointerCount=1 xos=0, yos=0
07-02 23:30:16.155  4229  4511 D InputTransport: channel 'swipe-up (server)' : action=ACTION_DOWN(0), id=0, displayId=0, tooltype=0, deviceId=-1, source=0x1002, flags=0x0, edgeFlags=0x0, metaState=0x0, buttonState=0x1, downTime=172120141000000, eventTime=172120141000000, pointerCount=1 xos=0, yos=0
07-02 23:30:16.155  4229  4511 D InputTransport: channel 'swipe-up (server)' : action=ACTION_DOWN(0), id=0, displayId=0, tooltype=0, deviceId=-1, source=0x1002, flags=0x0, edgeFlags=0x0, metaState=0x0, buttonState=0x1, downTime=172120141000000, eventTime=172120141000000, pointerCount=1 xos=0, yos=0
07-02 23:30:16.155  4229  4511 D InputTransport: channel 'PointerEventDispatcher0 (server)' : action=ACTION_DOWN(0), id=0, displayId=0, tooltype=0, deviceId=-1, source=0x1002, flags=0x0, edgeFlags=0x0, metaState=0x0, buttonState=0x1, downTime=172120141000000, eventTime=172120141000000, pointerCount=1 xos=0, yos=0
07-02 23:30:16.155  4229  4511 D InputTransport: channel 'PointerEventDispatcherForRear0 (server)' : action=ACTION_DOWN(0), id=0, displayId=0, tooltype=0, deviceId=-1, source=0x1002, flags=0x0, edgeFlags=0x0, metaState=0x0, buttonState=0x1, downTime=172120141000000, eventTime=172120141000000, pointerCount=1 xos=0, yos=0
07-02 23:30:16.235  4229  4511 D InputTransport: channel 'e98e16d com.example.lunchtray/com.example.lunchtray.MainActivity (server)' : action=ACTION_UP(0), id=0, displayId=0, tooltype=1, deviceId=-1, source=0x1002, flags=0x0, edgeFlags=0x0, metaState=0x0, buttonState=0x1, downTime=172120141000000, eventTime=172120223000000, pointerCount=1 xos=0, yos=0
07-02 23:30:16.236  4229  4511 D InputTransport: channel 'swipe-up (server)' : action=ACTION_UP(0), id=0, displayId=0, tooltype=1, deviceId=-1, source=0x1002, flags=0x0, edgeFlags=0x0, metaState=0x0, buttonState=0x1, downTime=172120141000000, eventTime=172120223000000, pointerCount=1 xos=0, yos=0
07-02 23:30:16.236  4229  4511 D InputTransport: channel 'edge-swipe (server)' : action=ACTION_UP(0), id=0, displayId=0, tooltype=1, deviceId=-1, source=0x1002, flags=0x0, edgeFlags=0x0, metaState=0x0, buttonState=0x1, downTime=172120141000000, eventTime=172120223000000, pointerCount=1 xos=0, yos=0
07-02 23:30:16.236  4229  4511 D InputTransport: channel 'swipe-up (server)' : action=ACTION_UP(0), id=0, displayId=0, tooltype=1, deviceId=-1, source=0x1002, flags=0x0, edgeFlags=0x0, metaState=0x0, buttonState=0x1, downTime=172120141000000, eventTime=172120223000000, pointerCount=1 xos=0, yos=0
07-02 23:30:16.237  4229  4511 D InputTransport: channel 'swipe-up (server)' : action=ACTION_UP(0), id=0, displayId=0, tooltype=1, deviceId=-1, source=0x1002, flags=0x0, edgeFlags=0x0, metaState=0x0, buttonState=0x1, downTime=172120141000000, eventTime=172120223000000, pointerCount=1 xos=0, yos=0
07-02 23:30:16.237  4229  4511 D InputTransport: channel 'PointerEventDispatcher0 (server)' : action=ACTION_UP(0), id=0, displayId=0, tooltype=1, deviceId=-1, source=0x1002, flags=0x0, edgeFlags=0x0, metaState=0x0, buttonState=0x1, downTime=172120141000000, eventTime=172120223000000, pointerCount=1 xos=0, yos=0
07-02 23:30:16.237  4229  4511 D InputTransport: channel 'PointerEventDispatcherForRear0 (server)' : action=ACTION_UP(0), id=0, displayId=0, tooltype=1, deviceId=-1, source=0x1002, flags=0x0, edgeFlags=0x0, metaState=0x0, buttonState=0x1, downTime=172120141000000, eventTime=172120223000000, pointerCount=1 xos=0, yos=0
07-02 23:30:16.257 32149 32149 I View    : PerformClick: com.google.android.material.button.MaterialButton{b76ff96 VFED..C.. ...p..ID 564,1232-1032,1376 #7f080169 app:id/next_button}
07-02 23:30:16.258 32149 32149 I View    : MotionEvent.ACTION_UP: mPrivateFlags: -2128590800,   mHasPerformedLongPress: false,   mIgnoreNextUpEvent: false
07-02 23:30:16.272  4229  4567 V SoundPool: play(soundID=1, leftVolume=1.000000, rightVolume=1.000000, priority=0, loop=0, rate=1.000000)
07-02 23:30:16.273  4229  4567 V AudioTrack: setSampleRate(5291): prior state:STATE_STOPPED rate:48000
07-02 23:30:16.274  4229  4567 V AudioTrack: start(5291): prior state:STATE_STOPPED
07-02 23:30:16.274  4229  4567 V AudioTrack: start(5291): server read:-203588  cumulative flushed:0  client written:0
07-02 23:30:16.274   965  2034 V AF::Track: start(4816): calling pid 4229 session 23897
07-02 23:30:16.275   965  1326 D APM_AudioPolicyManager: startOutput portId 5291 output primary->(primary output)(13), stream 1, session 23897
07-02 23:30:16.275   965  1326 V APM_AudioPolicyManager: selectOutputForMusicEffects selected output 13
07-02 23:30:16.275   965  1326 V APM_AudioPolicyManager: getNewOutputDevices selected devices {type:0x2,@:}
07-02 23:30:16.275   965  1326 V APM_AudioPolicyManager: setOutputDevices device {type:0x2,@:} delayMs 0
07-02 23:30:16.275   965  1326 V APM_AudioPolicyManager: setOutputDevices() prevDevice {type:0x2,@:}
07-02 23:30:16.275   965  1326 V APM_AudioPolicyManager: setOutputDevices: suppressing checkDeviceMuteStrategies
07-02 23:30:16.275   965  1326 V APM_AudioPolicyManager: setOutputDevices setting same device {type:0x2,@:} or null device, force=0, patch handle=5258
07-02 23:30:16.278  4229  4567 V SoundPool: play returned 12407
07-02 23:30:16.279  4229  6309 V AudioSystem: ioConfigChanged() event 8
07-02 23:30:16.279  4229  6309 V AudioSystem: ioConfigChanged() AUDIO_CLIENT_STARTED  io 13 port 5291 num callbacks 0
07-02 23:30:16.327   965  1885 V AF::Track: getNextBuffer(4816): underrun,  framesReady(0) < framesDesired(236), state: 6
07-02 23:30:16.328  4229 32186 V AudioTrack: stop(5291): prior state:STATE_ACTIVE
07-02 23:30:16.328   965  2034 V AF::Track: stop(4816): calling pid 4229
07-02 23:30:16.352   965  1887 D AF::Track: presentationComplete(4816): presentationComplete() reset: mPresentationCompleteFrames 1167360 audioHalFrames 960
07-02 23:30:16.372   965  1887 V AF::Track: presentationComplete(4816): presentationComplete() mPresentationCompleteFrames 1167360 framesWritten 1167360
07-02 23:30:16.379   965  1326 V APM_AudioPolicyManager: stopOutput() portId 5291 output 13, stream 1, session 23897
07-02 23:30:16.380   965  1326 V APM_AudioPolicyManager: getNewOutputDevices selected devices AUDIO_DEVICE_NONE
07-02 23:30:16.380   965  1326 V APM_AudioPolicyManager: setOutputDevices device AUDIO_DEVICE_NONE delayMs 120
07-02 23:30:16.380   965  1326 V APM_AudioPolicyManager: setOutputDevices() prevDevice {type:0x2,@:}
07-02 23:30:16.381   965  1326 W APM::AudioPolicyEngine: getDevicesForStrategy() unknown strategy: -1
07-02 23:30:16.381   965  1326 V APM_AudioPolicyManager: setOutputDevices setting same device AUDIO_DEVICE_NONE or null device, force=0, patch handle=5258
07-02 23:30:16.381   965  1326 V APM_AudioPolicyManager: selectOutputForMusicEffects selected output 13
07-02 23:30:16.697 32149 32149 I ViewInteraction: Checking 'MatchesViewAssertion{viewMatcher=an instance of android.widget.TextView and view.getText() with or without transformation to match: a string containing "Subtotal: $10.00"}' assertion on view view.getId() is <2131231217/com.example.lunchtray:id/subtotal>
07-02 23:30:16.704 32149 32149 I ViewInteraction: Checking 'MatchesViewAssertion{viewMatcher=an instance of android.widget.TextView and view.getText() with or without transformation to match: a string containing "Tax: $0.80"}' assertion on view view.getId() is <2131231233/com.example.lunchtray:id/tax>
07-02 23:30:16.709 32149 32149 I ViewInteraction: Checking 'MatchesViewAssertion{viewMatcher=an instance of android.widget.TextView and view.getText() with or without transformation to match: a string containing "Total: $10.80"}' assertion on view view.getId() is <2131231262/com.example.lunchtray:id/total>
07-02 23:30:16.709 32149 32173 I TestRunner: finished: subtotal_tax_total_in_checkout(com.example.lunchtray.OrderFunctionalityTests)
