07-02 23:30:23.823 32149 32173 I TestRunner: started: radio_buttons_update_entree_menu_subtotal(com.example.lunchtray.OrderFunctionalityTests)
07-02 23:30:23.831 32149 32149 D LifecycleMonitor: Lifecycle status change: com.example.lunchtray.MainActivity@951a9a6 in: DESTROYED
07-02 23:30:23.831 32149 32149 V ActivityScenario: Update currentActivityStage to DESTROYED, currentActivity=null
07-02 23:30:23.832 32149 32149 I chatty  : uid=10913(com.example.lunchtray) identical 3 lines
07-02 23:30:23.832 32149 32149 V ActivityScenario: Update currentActivityStage to DESTROYED, currentActivity=null
07-02 23:30:23.832 32149 32149 V ActivityScenario: Activity lifecycle changed event received but ignored because the intent does not match. startActivityIntent=Intent { act=android.intent.action.MAIN cat=[android.intent.category.LAUNCHER] cmp=com.example.lunchtray/androidx.fragment.app.testing.FragmentScenario$EmptyFragmentActivity (has extras) }, activity.getIntent()=Intent { act=android.intent.action.MAIN cat=[android.intent.category.LAUNCHER] cmp=com.example.lunchtray/.MainActivity }, activity=com.example.lunchtray.MainActivity@951a9a6
07-02 23:30:23.832 32149 32149 V ActivityScenario: Update currentActivityStage to DESTROYED, currentActivity=null
07-02 23:30:23.839   970  1855 D SurfaceFlinger: Create EffectLayer(0xb400007d2cf6ec60) Surface(name=20d41bf NavigationBar#0)/@0xa6cf867 - animation-leash#1
07-02 23:30:23.840   970  1856 D SurfaceFlinger: Create EffectLayer(0xb400007d2cf0df40) Surface(name=da0e137 StatusBar)/@0x5eb3426 - animation-leash#1
07-02 23:30:23.842   970   970 I SurfaceFlinger: Remove EffectLayer(0xb400007d2cec6c30) Surface(name=da0e137 StatusBar)/@0x5eb3426 - animation-leash#0 (parent=none)
07-02 23:30:23.842   970   970 I SurfaceFlinger: Remove EffectLayer(0xb400007d2cec99c0) Surface(name=20d41bf NavigationBar#0)/@0xa6cf867 - animation-leash#0 (parent=none)
07-02 23:30:23.842   970   970 I SurfaceFlinger: Remove ContainerLayer(0xb400007d2cf10cd0) 9fe2309 com.example.lunchtray/com.example.lunchtray.MainActivity#0 (parent=none)
07-02 23:30:23.842   970   970 I SurfaceFlinger: Remove BufferQueueLayer(0xb400007d3cd7fc40) com.example.lunchtray/com.example.lunchtray.MainActivity@32149#0 (parent=none)
07-02 23:30:23.842   970   970 D Layer   : Destroy 9fe2309 com.example.lunchtray/com.example.lunchtray.MainActivity#0(0xb400007d2cf10cd0)
07-02 23:30:23.843   970   970 D Layer   : Destroy com.example.lunchtray/com.example.lunchtray.MainActivity@32149#0(0xb400007d3cd7fc40)
07-02 23:30:23.852 32149 32173 W Settings: Setting always_finish_activities has moved from android.provider.Settings.System to android.provider.Settings.Global, returning read-only value.
07-02 23:30:23.855  4229  7773 D InputDispatcher: Window went away: com.example.lunchtray/com.example.lunchtray.MainActivity@32149#0
07-02 23:30:23.855  4696  4696 D NavigationModeController: getCurrentUserContext: contextUser=0 currentUser=0
07-02 23:30:23.855   970  1855 D SurfaceFlinger: Create EffectLayer(0xb400007d2cf3e5d0) Surface(name=20d41bf NavigationBar#0)/@0xa6cf867 - animation-leash#0
07-02 23:30:23.857   970  1856 D SurfaceFlinger: Create EffectLayer(0xb400007d2cf93cb0) Surface(name=da0e137 StatusBar)/@0x5eb3426 - animation-leash#0
07-02 23:30:23.859   970   970 I SurfaceFlinger: Remove EffectLayer(0xb400007d2cec6c30) Surface(name=da0e137 StatusBar)/@0x5eb3426 - animation-leash#0 (parent=none)
07-02 23:30:23.859   970   970 I SurfaceFlinger: Remove EffectLayer(0xb400007d2cec99c0) Surface(name=20d41bf NavigationBar#0)/@0xa6cf867 - animation-leash#0 (parent=none)
07-02 23:30:23.859   970   970 I SurfaceFlinger: Remove EffectLayer(0xb400007d2ced5000) Task=9882#0 (parent=none)
07-02 23:30:23.859   970   970 I SurfaceFlinger: Remove ContainerLayer(0xb400007d2cf02900) ActivityRecord{cdc50c u0 com.example.lunchtray/.MainActivity t9882 tda0:1}#0 (parent=none)
07-02 23:30:23.859   970   970 I SurfaceFlinger: Remove EffectLayer(0xb400007d2cf0df40) Surface(name=da0e137 StatusBar)/@0x5eb3426 - animation-leash#1 (parent=none)
07-02 23:30:23.859   970   970 I SurfaceFlinger: Remove EffectLayer(0xb400007d2cf6ec60) Surface(name=20d41bf NavigationBar#0)/@0xa6cf867 - animation-leash#1 (parent=none)
07-02 23:30:23.859   970   970 D Layer   : Destroy Surface(name=da0e137 StatusBar)/@0x5eb3426 - animation-leash#0(0xb400007d2cec6c30)
07-02 23:30:23.859   970   970 D Layer   : Destroy Surface(name=20d41bf NavigationBar#0)/@0xa6cf867 - animation-leash#0(0xb400007d2cec99c0)
07-02 23:30:23.859   970   970 D Layer   : Destroy Task=9882#0(0xb400007d2ced5000)
07-02 23:30:23.859   970   970 D Layer   : Destroy ActivityRecord{cdc50c u0 com.example.lunchtray/.MainActivity t9882 tda0:1}#0(0xb400007d2cf02900)
07-02 23:30:23.861  4696  4696 D NavigationModeController: getCurrentUserContext: contextUser=0 currentUser=0
07-02 23:30:23.866   970  1855 D SurfaceFlinger: Create EffectLayer(0xb400007d2cec99c0) Task=9883#0
07-02 23:30:23.866  3772  3782 I PowerRM : System FW:1 IC:0 SO:0 GT:0 CAPP:-1 APP:0
07-02 23:30:23.866  3772  3782 I PowerRM : FIA lock1 locked
07-02 23:30:23.867  3772  3782 E PRM_CONFIG_Parser: get_custom_config not found
07-02 23:30:23.868   970  1023 D SurfaceFlinger: Create ContainerLayer(0xb400007d2cec6c30) ActivityRecord{4196e8e u0 com.example.lunchtray/androidx.test.core.app.InstrumentationActivityInvoker$BootstrapActivity t9883 tda0:1}#0
07-02 23:30:23.870 17401 17401 I [LGHome6]Launcher: onTopResumedActivityChanged state = false
07-02 23:30:23.870  4696  4696 I LightBarTransitionsController: appTransitionPending(): skipped, displayId = 0, isKeyguardGoingAway = false
07-02 23:30:23.871  4696  4696 I chatty  : uid=10157(com.lge.quicktools) com.android.systemui identical 4 lines
07-02 23:30:23.871  4696  4696 I LightBarTransitionsController: appTransitionPending(): skipped, displayId = 0, isKeyguardGoingAway = false
07-02 23:30:23.872   970  1023 D SurfaceFlinger: Create EffectLayer(0xb400007d2cf10cd0) Surface(name=20d41bf NavigationBar#0)/@0xa6cf867 - animation-leash#1
07-02 23:30:23.872  3937  3977 E statsd  : Predicate 5980654721335871649 dropping data for dimension key (10)0x2010101->10913[I] (10)0x30000->*launch*[S]
07-02 23:30:23.872  4696  5709 I GameToolsControllerService: game removed from map {}
07-02 23:30:23.873   970  1023 D SurfaceFlinger: Create EffectLayer(0xb400007d2cfb8d00) Surface(name=da0e137 StatusBar)/@0x5eb3426 - animation-leash#1
07-02 23:30:23.876   970   970 I SurfaceFlinger: Remove EffectLayer(0xb400007d2cf0df40) Surface(name=da0e137 StatusBar)/@0x5eb3426 - animation-leash#1 (parent=none)
07-02 23:30:23.876   970   970 I SurfaceFlinger: Remove EffectLayer(0xb400007d2cf3e5d0) Surface(name=20d41bf NavigationBar#0)/@0xa6cf867 - animation-leash#0 (parent=none)
07-02 23:30:23.876   970   970 I SurfaceFlinger: Remove EffectLayer(0xb400007d2cf6ec60) Surface(name=20d41bf NavigationBar#0)/@0xa6cf867 - animation-leash#1 (parent=none)
07-02 23:30:23.876   970   970 I SurfaceFlinger: Remove EffectLayer(0xb400007d2cf93cb0) Surface(name=da0e137 StatusBar)/@0x5eb3426 - animation-leash#0 (parent=none)
07-02 23:30:23.876   970   970 D Layer   : Destroy Surface(name=da0e137 StatusBar)/@0x5eb3426 - animation-leash#1(0xb400007d2cf0df40)
07-02 23:30:23.876   970   970 D Layer   : Destroy Surface(name=20d41bf NavigationBar#0)/@0xa6cf867 - animation-leash#1(0xb400007d2cf6ec60)
07-02 23:30:23.877  4878 17365 D RoundCornerMask: metaData is null
07-02 23:30:23.877 17401 17401 I [LGHome6]LauncherCallbacksImpl: Launcher.onPause // 9.50.66(95006600) this:com.lge.launcher3.LauncherExtension$LauncherCallbacksImpl@8b8f9a6
07-02 23:30:23.880  4229  6306 V LGSettingsProvider: call_put(secure:reminder_exp_learning_time_elapsed=21669785982)  calling package = com.android.systemui  callingUserId : 0
07-02 23:30:23.880  4696  5709 D StatusBar: mainDisplayTopActivityComponentName : ComponentInfo{com.example.lunchtray/androidx.test.core.app.InstrumentationActivityInvoker$BootstrapActivity}
07-02 23:30:23.882  4696  4696 I LightBarTransitionsController: appTransitionPending(): skipped, displayId = 0, isKeyguardGoingAway = false
07-02 23:30:23.882  4696  4696 I chatty  : uid=10157(com.lge.quicktools) com.android.systemui identical 10 lines
07-02 23:30:23.882  4696  4696 I LightBarTransitionsController: appTransitionPending(): skipped, displayId = 0, isKeyguardGoingAway = false
07-02 23:30:23.884  5218  5259 V CoverTools: [IconViewController.java:271:activityChanged] callMethod: CallMethod.RESUME
07-02 23:30:23.884  5218  5259 V CoverTools: [IconViewController.java:272:activityChanged] componentName: com.example.lunchtray/androidx.test.core.app.InstrumentationActivityInvoker$BootstrapActivity
07-02 23:30:23.884  6595  6620 D TopPackageTracker: activityChanged callMethod=1 packageName=com.example.lunchtray displayid=0
07-02 23:30:23.884  5218  5259 V CoverTools: [IconViewController.java:273:activityChanged] packageName: com.example.lunchtray
07-02 23:30:23.884  5218  5259 V CoverTools: [IconViewController.java:274:activityChanged] className: com.example.lunchtray
07-02 23:30:23.884  5218  5259 V CoverTools: [IconViewController.java:275:activityChanged] displayId: 0
07-02 23:30:23.884  6595  6595 I GameToolsService: no game is running, stop everything
07-02 23:30:23.884  6595  6595 I GameToolsWindow: forceHide, Game is Not Running
07-02 23:30:23.884  4229  7773 V LGSettingsProvider: call_put(system:do_not_disturb_for_game=0)  calling package = com.lge.gametools  callingUserId : 0
07-02 23:30:23.885  6595  6595 I GameToolsDBManager: DB changed to: false
07-02 23:30:23.885  6595 24516 D TopPackageTracker: activityChanged callMethod=1 packageName=com.example.lunchtray displayid=0
07-02 23:30:23.885   970  1855 D SurfaceFlinger: Create EffectLayer(0xb400007d2ced5000) Surface(name=20d41bf NavigationBar#0)/@0xa6cf867 - animation-leash#0
07-02 23:30:23.886   970  1023 D SurfaceFlinger: Create EffectLayer(0xb400007d2cf02900) Surface(name=da0e137 StatusBar)/@0x5eb3426 - animation-leash#0
07-02 23:30:23.888  5218  5259 V CoverTools: [IconViewController.java:271:activityChanged] callMethod: CallMethod.RESUME
07-02 23:30:23.888  5218  5259 V CoverTools: [IconViewController.java:272:activityChanged] componentName: com.example.lunchtray/androidx.test.core.app.InstrumentationActivityInvoker$BootstrapActivity
07-02 23:30:23.888  5218  5259 V CoverTools: [IconViewController.java:273:activityChanged] packageName: com.example.lunchtray
07-02 23:30:23.888  5218  5259 V CoverTools: [IconViewController.java:274:activityChanged] className: com.example.lunchtray
07-02 23:30:23.889  5218  5259 V CoverTools: [IconViewController.java:275:activityChanged] displayId: 0
07-02 23:30:23.891  4229  6300 W ActivityManager: Sending non-protected broadcast com.sld.stop_game from system 4878:com.lge.systemserver/1000 pkg com.lge.systemservice
07-02 23:30:23.891  4878 17365 D RoundCornerMask: metaData is null
07-02 23:30:23.891   970  1854 D SurfaceFlinger: Create ContainerLayer(0xb400007d2cdf9bb0) df56aec Splash Screen com.example.lunchtray#0
07-02 23:30:23.891  4696  4696 I StatusBar: updateStatusBarColor(): mApplyNotchStatusBar=false delay=true isPort=true
07-02 23:30:23.892  4696  5709 I GameToolsControllerService: game removed from map {}
07-02 23:30:23.892  4229  4370 I TouchFilterInputStageHelper: [needTouchEventFilter] Displayid : 0
07-02 23:30:23.893   970   970 I SurfaceFlinger: Remove EffectLayer(0xb400007d2cf10cd0) Surface(name=20d41bf NavigationBar#0)/@0xa6cf867 - animation-leash#1 (parent=none)
07-02 23:30:23.893   970   970 I SurfaceFlinger: Remove EffectLayer(0xb400007d2cf3e5d0) Surface(name=20d41bf NavigationBar#0)/@0xa6cf867 - animation-leash#0 (parent=none)
07-02 23:30:23.893   970   970 I SurfaceFlinger: Remove EffectLayer(0xb400007d2cf93cb0) Surface(name=da0e137 StatusBar)/@0x5eb3426 - animation-leash#0 (parent=none)
07-02 23:30:23.893   970   970 I SurfaceFlinger: Remove EffectLayer(0xb400007d2cfb8d00) Surface(name=da0e137 StatusBar)/@0x5eb3426 - animation-leash#1 (parent=none)
07-02 23:30:23.893   970   970 D Layer   : Destroy Surface(name=20d41bf NavigationBar#0)/@0xa6cf867 - animation-leash#0(0xb400007d2cf3e5d0)
07-02 23:30:23.893   970   970 D Layer   : Destroy Surface(name=da0e137 StatusBar)/@0x5eb3426 - animation-leash#0(0xb400007d2cf93cb0)
07-02 23:30:23.893   970   970 D Layer   : Destroy Surface(name=da0e137 StatusBar)/@0x5eb3426 - animation-leash#1(0xb400007d2cfb8d00)
07-02 23:30:23.893   970   970 D Layer   : Destroy Surface(name=20d41bf NavigationBar#0)/@0xa6cf867 - animation-leash#1(0xb400007d2cf10cd0)
07-02 23:30:23.894  4229  4370 D HandGripFilter: getdisplaysize, x : 1080 y : 2340
07-02 23:30:23.894  4696  5709 D StatusBar: mainDisplayTopActivityComponentName : ComponentInfo{com.example.lunchtray/androidx.test.core.app.InstrumentationActivityInvoker$BootstrapActivity}
07-02 23:30:23.894  4878 17365 D RoundCornerMask: metaData is null
07-02 23:30:23.898 32149 32149 D LifecycleMonitor: Lifecycle status change: androidx.test.core.app.InstrumentationActivityInvoker$BootstrapActivity@49e02ad in: PRE_ON_CREATE
07-02 23:30:23.898 32149 32149 V ActivityScenario: Activity lifecycle changed event received but ignored because the intent does not match. startActivityIntent=Intent { act=android.intent.action.MAIN cat=[android.intent.category.LAUNCHER] cmp=com.example.lunchtray/.MainActivity }, activity.getIntent()=Intent { act=android.intent.action.MAIN cat=[android.intent.category.LAUNCHER] flg=0x10008000 cmp=com.example.lunchtray/androidx.test.core.app.InstrumentationActivityInvoker$BootstrapActivity (has extras) }, activity=androidx.test.core.app.InstrumentationActivityInvoker$BootstrapActivity@49e02ad
07-02 23:30:23.898 32149 32149 I chatty  : uid=10913(com.example.lunchtray) identical 3 lines
07-02 23:30:23.898 32149 32149 V ActivityScenario: Activity lifecycle changed event received but ignored because the intent does not match. startActivityIntent=Intent { act=android.intent.action.MAIN cat=[android.intent.category.LAUNCHER] cmp=com.example.lunchtray/.MainActivity }, activity.getIntent()=Intent { act=android.intent.action.MAIN cat=[android.intent.category.LAUNCHER] flg=0x10008000 cmp=com.example.lunchtray/androidx.test.core.app.InstrumentationActivityInvoker$BootstrapActivity (has extras) }, activity=androidx.test.core.app.InstrumentationActivityInvoker$BootstrapActivity@49e02ad
07-02 23:30:23.898 32149 32149 V ActivityScenario: Activity lifecycle changed event received but ignored because the intent does not match. startActivityIntent=Intent { act=android.intent.action.MAIN cat=[android.intent.category.LAUNCHER] cmp=com.example.lunchtray/androidx.fragment.app.testing.FragmentScenario$EmptyFragmentActivity (has extras) }, activity.getIntent()=Intent { act=android.intent.action.MAIN cat=[android.intent.category.LAUNCHER] flg=0x10008000 cmp=com.example.lunchtray/androidx.test.core.app.InstrumentationActivityInvoker$BootstrapActivity (has extras) }, activity=androidx.test.core.app.InstrumentationActivityInvoker$BootstrapActivity@49e02ad
07-02 23:30:23.898 32149 32149 V ActivityScenario: Activity lifecycle changed event received but ignored because the intent does not match. startActivityIntent=Intent { act=android.intent.action.MAIN cat=[android.intent.category.LAUNCHER] cmp=com.example.lunchtray/.MainActivity }, activity.getIntent()=Intent { act=android.intent.action.MAIN cat=[android.intent.category.LAUNCHER] flg=0x10008000 cmp=com.example.lunchtray/androidx.test.core.app.InstrumentationActivityInvoker$BootstrapActivity (has extras) }, activity=androidx.test.core.app.InstrumentationActivityInvoker$BootstrapActivity@49e02ad
07-02 23:30:23.898 32149 32149 V ActivityScenario: Activity lifecycle changed event received but ignored because the intent does not match. startActivityIntent=Intent { act=android.intent.action.MAIN cat=[android.intent.category.LAUNCHER] cmp=com.example.lunchtray/androidx.fragment.app.testing.FragmentScenario$EmptyFragmentActivity (has extras) }, activity.getIntent()=Intent { act=android.intent.action.MAIN cat=[android.intent.category.LAUNCHER] flg=0x10008000 cmp=com.example.lunchtray/androidx.test.core.app.InstrumentationActivityInvoker$BootstrapActivity (has extras) }, activity=androidx.test.core.app.InstrumentationActivityInvoker$BootstrapActivity@49e02ad
07-02 23:30:23.899  4878 17365 D RoundCornerMask: metaData is null
07-02 23:30:23.899   970  1023 D SurfaceFlinger: Create EffectLayer(0xb400007d2cf93cb0) Surface(name=20d41bf NavigationBar#0)/@0xa6cf867 - animation-leash#1
07-02 23:30:23.900   970  1856 D SurfaceFlinger: Create EffectLayer(0xb400007d2cf3e5d0) Surface(name=da0e137 StatusBar)/@0x5eb3426 - animation-leash#1
07-02 23:30:23.902   970  1854 D SurfaceFlinger: Create BufferQueueLayer(0xb400007d3cd6e670) Splash Screen com.example.lunchtray@4229#0
07-02 23:30:23.905   970  1023 D SurfaceFlinger: Create EffectLayer(0xb400007d2cf6ec60) Surface(name=20d41bf NavigationBar#0)/@0xa6cf867 - animation-leash#0
07-02 23:30:23.906   970  1854 D SurfaceFlinger: Create EffectLayer(0xb400007d2cf0df40) Surface(name=da0e137 StatusBar)/@0x5eb3426 - animation-leash#0
07-02 23:30:23.909   970   970 I SurfaceFlinger: Remove EffectLayer(0xb400007d2ced5000) Surface(name=20d41bf NavigationBar#0)/@0xa6cf867 - animation-leash#0 (parent=none)
07-02 23:30:23.909   970   970 I SurfaceFlinger: Remove EffectLayer(0xb400007d2cf02900) Surface(name=da0e137 StatusBar)/@0x5eb3426 - animation-leash#0 (parent=none)
07-02 23:30:23.909   970   970 I SurfaceFlinger: Remove EffectLayer(0xb400007d2cf3e5d0) Surface(name=da0e137 StatusBar)/@0x5eb3426 - animation-leash#1 (parent=none)
07-02 23:30:23.909   970   970 I SurfaceFlinger: Remove EffectLayer(0xb400007d2cf93cb0) Surface(name=20d41bf NavigationBar#0)/@0xa6cf867 - animation-leash#1 (parent=none)
07-02 23:30:23.909   970   970 D Layer   : Destroy Surface(name=da0e137 StatusBar)/@0x5eb3426 - animation-leash#0(0xb400007d2cf02900)
07-02 23:30:23.910   970   970 D Layer   : Destroy Surface(name=20d41bf NavigationBar#0)/@0xa6cf867 - animation-leash#0(0xb400007d2ced5000)
07-02 23:30:23.912   970  1854 D SurfaceFlinger: Create EffectLayer(0xb400007d2cf10cd0) Surface(name=20d41bf NavigationBar#0)/@0xa6cf867 - animation-leash#1
07-02 23:30:23.913   970  1854 D SurfaceFlinger: Create EffectLayer(0xb400007d2cfb8d00) Surface(name=da0e137 StatusBar)/@0x5eb3426 - animation-leash#1
07-02 23:30:23.915  4696  4696 I LightBarTransitionsController: appTransitionStarting():  [isKeyguardGoingAway = false], [(mDisplayId != displayId) = false], [!forced = true]
07-02 23:30:23.915  4696  4696 I LightBarTransitionsController: animateIconTint() : skip : mNextDarkIntensity = 0.0
07-02 23:30:23.915  4696  4696 I LightBarTransitionsController: appTransitionStarting():  [isKeyguardGoingAway = false], [(mDisplayId != displayId) = false], [!forced = true]
07-02 23:30:23.916  4696  4696 I LightBarTransitionsController: appTransitionStarting():  [isKeyguardGoingAway = false], [(mDisplayId != displayId) = true], [!forced = true]
07-02 23:30:23.916  4696  4696 I chatty  : uid=10157(com.lge.quicktools) com.android.systemui identical 4 lines
07-02 23:30:23.916  4696  4696 I LightBarTransitionsController: appTransitionStarting():  [isKeyguardGoingAway = false], [(mDisplayId != displayId) = true], [!forced = true]
07-02 23:30:23.916  4696  4696 I LightBarTransitionsController: appTransitionStarting():  [isKeyguardGoingAway = false], [(mDisplayId != displayId) = false], [!forced = true]
07-02 23:30:23.916  4696  4696 D ImageWallpaper.DrawableEngine@139004800#0: drawFrame(onVisibilityChanged-INVISIBLE)
07-02 23:30:23.916  4696  4696 D ImageWallpaper.DrawableEngine@139004800#0: drawFrame, !redrawNeeded && !mOffsetsChanged
07-02 23:30:23.916   970  1856 D SurfaceFlinger: Create EffectLayer(0xb400007d2ced5000) Surface(name=da0e137 StatusBar)/@0x5eb3426 - animation-leash#0
07-02 23:30:23.917   970  1856 D SurfaceFlinger: Create EffectLayer(0xb400007d2cf02900) Surface(name=20d41bf NavigationBar#0)/@0xa6cf867 - animation-leash#0
07-02 23:30:23.918  4229  4365 D WindowManager: [DisplayPolicy#0] 1.updateNavigationBarColor => mLastColorNavigationBar=0xff000000
07-02 23:30:23.918  4229  4365 D IStatusBar.Stub: updateNavigationBarColor(0, -16777216)
07-02 23:30:23.918  4696  5730 D IStatusBar.Stub : CommandQueue: updateNavigationBarColor(0, -16777216)
07-02 23:30:23.918  4696  4696 I NavigationThemeResource: display(0) notify navigation bar color(0xff000000)
07-02 23:30:23.918  4696  4696 I NavigationThemeResource: WmEx Color light = 0
07-02 23:30:23.918  4696  4696 I NavigationThemeResource: NavigationKey(0) Color is changed(WHITE_WITH_BORDER -> WHITE)
07-02 23:30:23.918  4696  4696 I NavigationThemeResource:  BarMode=0, Theme=WHITE, LightBackground=false, mNavigationLight=false (NOT Transparent)
07-02 23:30:23.918  4696  4696 I NavigationThemeResource: , Keyguard show=false, IME shown=false, Bar vertical=false, Panel expanded=false
07-02 23:30:23.918  4696  4696 I LightBarTransitionsController: animateIconTint() : skip : mNextDarkIntensity = 0.0
07-02 23:30:23.919  4696  5488 D PhoneStatusBarPolicy: updateManagedProfile userId = 0
07-02 23:30:23.920 22659 22750 D ViewRootImpl: onChangedIMENavigationColor(), color: ff080808
07-02 23:30:23.920  4696  5709 I GameToolsControllerService: game removed from map {}
07-02 23:30:23.922 32149 32149 D LifecycleMonitor: Lifecycle status change: androidx.test.core.app.InstrumentationActivityInvoker$BootstrapActivity@49e02ad in: CREATED
07-02 23:30:23.922 32149 32149 V ActivityScenario: Activity lifecycle changed event received but ignored because the intent does not match. startActivityIntent=Intent { act=android.intent.action.MAIN cat=[android.intent.category.LAUNCHER] cmp=com.example.lunchtray/.MainActivity }, activity.getIntent()=Intent { act=android.intent.action.MAIN cat=[android.intent.category.LAUNCHER] flg=0x10008000 cmp=com.example.lunchtray/androidx.test.core.app.InstrumentationActivityInvoker$BootstrapActivity (has extras) }, activity=androidx.test.core.app.InstrumentationActivityInvoker$BootstrapActivity@49e02ad
07-02 23:30:23.922 32149 32149 I chatty  : uid=10913(com.example.lunchtray) identical 3 lines
07-02 23:30:23.922 32149 32149 V ActivityScenario: Activity lifecycle changed event received but ignored because the intent does not match. startActivityIntent=Intent { act=android.intent.action.MAIN cat=[android.intent.category.LAUNCHER] cmp=com.example.lunchtray/.MainActivity }, activity.getIntent()=Intent { act=android.intent.action.MAIN cat=[android.intent.category.LAUNCHER] flg=0x10008000 cmp=com.example.lunchtray/androidx.test.core.app.InstrumentationActivityInvoker$BootstrapActivity (has extras) }, activity=androidx.test.core.app.InstrumentationActivityInvoker$BootstrapActivity@49e02ad
07-02 23:30:23.922 32149 32149 V ActivityScenario: Activity lifecycle changed event received but ignored because the intent does not match. startActivityIntent=Intent { act=android.intent.action.MAIN cat=[android.intent.category.LAUNCHER] cmp=com.example.lunchtray/androidx.fragment.app.testing.FragmentScenario$EmptyFragmentActivity (has extras) }, activity.getIntent()=Intent { act=android.intent.action.MAIN cat=[android.intent.category.LAUNCHER] flg=0x10008000 cmp=com.example.lunchtray/androidx.test.core.app.InstrumentationActivityInvoker$BootstrapActivity (has extras) }, activity=androidx.test.core.app.InstrumentationActivityInvoker$BootstrapActivity@49e02ad
07-02 23:30:23.922 32149 32149 V ActivityScenario: Activity lifecycle changed event received but ignored because the intent does not match. startActivityIntent=Intent { act=android.intent.action.MAIN cat=[android.intent.category.LAUNCHER] cmp=com.example.lunchtray/.MainActivity }, activity.getIntent()=Intent { act=android.intent.action.MAIN cat=[android.intent.category.LAUNCHER] flg=0x10008000 cmp=com.example.lunchtray/androidx.test.core.app.InstrumentationActivityInvoker$BootstrapActivity (has extras) }, activity=androidx.test.core.app.InstrumentationActivityInvoker$BootstrapActivity@49e02ad
07-02 23:30:23.922 32149 32149 V ActivityScenario: Activity lifecycle changed event received but ignored because the intent does not match. startActivityIntent=Intent { act=android.intent.action.MAIN cat=[android.intent.category.LAUNCHER] cmp=com.example.lunchtray/androidx.fragment.app.testing.FragmentScenario$EmptyFragmentActivity (has extras) }, activity.getIntent()=Intent { act=android.intent.action.MAIN cat=[android.intent.category.LAUNCHER] flg=0x10008000 cmp=com.example.lunchtray/androidx.test.core.app.InstrumentationActivityInvoker$BootstrapActivity (has extras) }, activity=androidx.test.core.app.InstrumentationActivityInvoker$BootstrapActivity@49e02ad
07-02 23:30:23.923  4696  5709 D StatusBar: mainDisplayTopActivityComponentName : ComponentInfo{com.example.lunchtray/androidx.test.core.app.InstrumentationActivityInvoker$BootstrapActivity}
07-02 23:30:23.925 32149 32149 D LifecycleMonitor: Lifecycle status change: androidx.test.core.app.InstrumentationActivityInvoker$BootstrapActivity@49e02ad in: STARTED
07-02 23:30:23.925 32149 32149 V ActivityScenario: Activity lifecycle changed event received but ignored because the intent does not match. startActivityIntent=Intent { act=android.intent.action.MAIN cat=[android.intent.category.LAUNCHER] cmp=com.example.lunchtray/.MainActivity }, activity.getIntent()=Intent { act=android.intent.action.MAIN cat=[android.intent.category.LAUNCHER] flg=0x10008000 cmp=com.example.lunchtray/androidx.test.core.app.InstrumentationActivityInvoker$BootstrapActivity (has extras) }, activity=androidx.test.core.app.InstrumentationActivityInvoker$BootstrapActivity@49e02ad
07-02 23:30:23.925 32149 32149 I chatty  : uid=10913(com.example.lunchtray) identical 3 lines
07-02 23:30:23.925 32149 32149 V ActivityScenario: Activity lifecycle changed event received but ignored because the intent does not match. startActivityIntent=Intent { act=android.intent.action.MAIN cat=[android.intent.category.LAUNCHER] cmp=com.example.lunchtray/.MainActivity }, activity.getIntent()=Intent { act=android.intent.action.MAIN cat=[android.intent.category.LAUNCHER] flg=0x10008000 cmp=com.example.lunchtray/androidx.test.core.app.InstrumentationActivityInvoker$BootstrapActivity (has extras) }, activity=androidx.test.core.app.InstrumentationActivityInvoker$BootstrapActivity@49e02ad
07-02 23:30:23.926 32149 32149 V ActivityScenario: Activity lifecycle changed event received but ignored because the intent does not match. startActivityIntent=Intent { act=android.intent.action.MAIN cat=[android.intent.category.LAUNCHER] cmp=com.example.lunchtray/androidx.fragment.app.testing.FragmentScenario$EmptyFragmentActivity (has extras) }, activity.getIntent()=Intent { act=android.intent.action.MAIN cat=[android.intent.category.LAUNCHER] flg=0x10008000 cmp=com.example.lunchtray/androidx.test.core.app.InstrumentationActivityInvoker$BootstrapActivity (has extras) }, activity=androidx.test.core.app.InstrumentationActivityInvoker$BootstrapActivity@49e02ad
07-02 23:30:23.926 32149 32149 V ActivityScenario: Activity lifecycle changed event received but ignored because the intent does not match. startActivityIntent=Intent { act=android.intent.action.MAIN cat=[android.intent.category.LAUNCHER] cmp=com.example.lunchtray/.MainActivity }, activity.getIntent()=Intent { act=android.intent.action.MAIN cat=[android.intent.category.LAUNCHER] flg=0x10008000 cmp=com.example.lunchtray/androidx.test.core.app.InstrumentationActivityInvoker$BootstrapActivity (has extras) }, activity=androidx.test.core.app.InstrumentationActivityInvoker$BootstrapActivity@49e02ad
07-02 23:30:23.926 32149 32149 V ActivityScenario: Activity lifecycle changed event received but ignored because the intent does not match. startActivityIntent=Intent { act=android.intent.action.MAIN cat=[android.intent.category.LAUNCHER] cmp=com.example.lunchtray/androidx.fragment.app.testing.FragmentScenario$EmptyFragmentActivity (has extras) }, activity.getIntent()=Intent { act=android.intent.action.MAIN cat=[android.intent.category.LAUNCHER] flg=0x10008000 cmp=com.example.lunchtray/androidx.test.core.app.InstrumentationActivityInvoker$BootstrapActivity (has extras) }, activity=androidx.test.core.app.InstrumentationActivityInvoker$BootstrapActivity@49e02ad
07-02 23:30:23.926   970   970 I SurfaceFlinger: Remove EffectLayer(0xb400007d2cf0df40) Surface(name=da0e137 StatusBar)/@0x5eb3426 - animation-leash#0 (parent=none)
07-02 23:30:23.926   970   970 I SurfaceFlinger: Remove EffectLayer(0xb400007d2cf10cd0) Surface(name=20d41bf NavigationBar#0)/@0xa6cf867 - animation-leash#1 (parent=none)
07-02 23:30:23.927   970   970 I SurfaceFlinger: Remove EffectLayer(0xb400007d2cf3e5d0) Surface(name=da0e137 StatusBar)/@0x5eb3426 - animation-leash#1 (parent=none)
07-02 23:30:23.927   970   970 I SurfaceFlinger: Remove EffectLayer(0xb400007d2cf6ec60) Surface(name=20d41bf NavigationBar#0)/@0xa6cf867 - animation-leash#0 (parent=none)
07-02 23:30:23.927   970   970 I SurfaceFlinger: Remove EffectLayer(0xb400007d2cf93cb0) Surface(name=20d41bf NavigationBar#0)/@0xa6cf867 - animation-leash#1 (parent=none)
07-02 23:30:23.927   970   970 I SurfaceFlinger: Remove EffectLayer(0xb400007d2cfb8d00) Surface(name=da0e137 StatusBar)/@0x5eb3426 - animation-leash#1 (parent=none)
07-02 23:30:23.927   970   970 D Layer   : Destroy Surface(name=da0e137 StatusBar)/@0x5eb3426 - animation-leash#1(0xb400007d2cf3e5d0)
07-02 23:30:23.927   970   970 D Layer   : Destroy Surface(name=20d41bf NavigationBar#0)/@0xa6cf867 - animation-leash#1(0xb400007d2cf93cb0)
07-02 23:30:23.927   970   970 D Layer   : Destroy Surface(name=da0e137 StatusBar)/@0x5eb3426 - animation-leash#0(0xb400007d2cf0df40)
07-02 23:30:23.927   970   970 D Layer   : Destroy Surface(name=20d41bf NavigationBar#0)/@0xa6cf867 - animation-leash#0(0xb400007d2cf6ec60)
07-02 23:30:23.928  4229  7761 D InputDispatcher: Focus left window: Window{73606ff u0 com.lge.launcher3/com.lge.launcher3.LauncherExtension} in display 0
07-02 23:30:23.928  4229  7761 D InputDispatcher: Window went away: Splash Screen com.example.lunchtray@4229#0
07-02 23:30:23.928  4229  7761 D InputDispatcher: Window went away: Window{7fc242a u0 com.lge.launcher3/com.lge.launcher3.LauncherExtension}
07-02 23:30:23.928  4229  7761 D InputDispatcher: Window went away: Window{73606ff u0 com.lge.launcher3/com.lge.launcher3.LauncherExtension}
07-02 23:30:23.928  4696  4696 I StatusBar: updateStatusBarColor(): mApplyNotchStatusBar=false delay=true isPort=true
07-02 23:30:23.929  4696  4696 I LightBarTransitionsController: animateIconTint() : skip : mNextDarkIntensity = 0.0
07-02 23:30:23.930  4696  4696 I StatusBar: updateStatusBarColor(): mApplyNotchStatusBar=false delay=true isPort=true
07-02 23:30:23.930  4696  4696 I LightBarTransitionsController: animateIconTint() : skip : mNextDarkIntensity = 0.0
07-02 23:30:23.930  4696  5709 I GameToolsControllerService: game removed from map {}
07-02 23:30:23.932   970   970 I MiniDump: -------------------------------------------------------------------------------------------
07-02 23:30:23.932   970   970 I MiniDump: [ROTATION_0] H |  Comp Type |  Transform |  Alpha |  Disp Frame (LTRB) |  Source Crop (LTRB) | Frame Rate  | Disp[19260613375406721] ""
07-02 23:30:23.932   970   970 I MiniDump: 0xb400007d3cd6e670 |     DEVICE |          0 | 1.000 |    0    0 1080 2340 |   0.0   0.0 1080.0 2340.0 | Splash Screen com.example.lunchtray@4229#0
07-02 23:30:23.932   970   970 I MiniDump: 0xb400007d3cd36d70 |     DEVICE |          0 | 1.000 |    0    0 1080   87 |   0.0   0.0 1080.0  87.0 | StatusBar@4696#0
07-02 23:30:23.932   970   970 I MiniDump: 0xb400007d3cd22010 |     DEVICE |          0 | 1.000 |    0 2196 1080 2340 |   0.0   0.0 1080.0 144.0 | NavigationBar#0@4696#0
07-02 23:30:23.934  4696  5709 D StatusBar: mainDisplayTopActivityComponentName : ComponentInfo{com.example.lunchtray/androidx.test.core.app.InstrumentationActivityInvoker$BootstrapActivity}
07-02 23:30:23.936   970  1856 D SurfaceFlinger: Create ContainerLayer(0xb400007d2cf6ec60) ActivityRecord{ed58ddd u0 com.example.lunchtray/androidx.fragment.app.testing.FragmentScenario$EmptyFragmentActivity t9883 tda0:1}#0
07-02 23:30:23.938  4696  4696 I LightBarTransitionsController: appTransitionPending(): skipped, displayId = 0, isKeyguardGoingAway = false
07-02 23:30:23.938  4696  4696 I chatty  : uid=10157(com.lge.quicktools) com.android.systemui identical 4 lines
07-02 23:30:23.938  4696  4696 I LightBarTransitionsController: appTransitionPending(): skipped, displayId = 0, isKeyguardGoingAway = false
07-02 23:30:23.940  3772  3782 I PowerRM : System FW:1 IC:0 SO:0 GT:0 CAPP:-1 APP:0
07-02 23:30:23.940  3772  3782 E PRM_CONFIG_Parser: get_custom_config not found
07-02 23:30:23.940 32149 32149 D LifecycleMonitor: Lifecycle status change: androidx.test.core.app.InstrumentationActivityInvoker$BootstrapActivity@49e02ad in: RESUMED
07-02 23:30:23.940 32149 32149 V ActivityScenario: Activity lifecycle changed event received but ignored because the intent does not match. startActivityIntent=Intent { act=android.intent.action.MAIN cat=[android.intent.category.LAUNCHER] cmp=com.example.lunchtray/.MainActivity }, activity.getIntent()=Intent { act=android.intent.action.MAIN cat=[android.intent.category.LAUNCHER] flg=0x10008000 cmp=com.example.lunchtray/androidx.test.core.app.InstrumentationActivityInvoker$BootstrapActivity (has extras) }, activity=androidx.test.core.app.InstrumentationActivityInvoker$BootstrapActivity@49e02ad
07-02 23:30:23.940 32149 32149 I chatty  : uid=10913(com.example.lunchtray) identical 3 lines
07-02 23:30:23.940 32149 32149 V ActivityScenario: Activity lifecycle changed event received but ignored because the intent does not match. startActivityIntent=Intent { act=android.intent.action.MAIN cat=[android.intent.category.LAUNCHER] cmp=com.example.lunchtray/.MainActivity }, activity.getIntent()=Intent { act=android.intent.action.MAIN cat=[android.intent.category.LAUNCHER] flg=0x10008000 cmp=com.example.lunchtray/androidx.test.core.app.InstrumentationActivityInvoker$BootstrapActivity (has extras) }, activity=androidx.test.core.app.InstrumentationActivityInvoker$BootstrapActivity@49e02ad
07-02 23:30:23.940 32149 32149 V ActivityScenario: Activity lifecycle changed event received but ignored because the intent does not match. startActivityIntent=Intent { act=android.intent.action.MAIN cat=[android.intent.category.LAUNCHER] cmp=com.example.lunchtray/androidx.fragment.app.testing.FragmentScenario$EmptyFragmentActivity (has extras) }, activity.getIntent()=Intent { act=android.intent.action.MAIN cat=[android.intent.category.LAUNCHER] flg=0x10008000 cmp=com.example.lunchtray/androidx.test.core.app.InstrumentationActivityInvoker$BootstrapActivity (has extras) }, activity=androidx.test.core.app.InstrumentationActivityInvoker$BootstrapActivity@49e02ad
07-02 23:30:23.941 32149 32149 V ActivityScenario: Activity lifecycle changed event received but ignored because the intent does not match. startActivityIntent=Intent { act=android.intent.action.MAIN cat=[android.intent.category.LAUNCHER] cmp=com.example.lunchtray/.MainActivity }, activity.getIntent()=Intent { act=android.intent.action.MAIN cat=[android.intent.category.LAUNCHER] flg=0x10008000 cmp=com.example.lunchtray/androidx.test.core.app.InstrumentationActivityInvoker$BootstrapActivity (has extras) }, activity=androidx.test.core.app.InstrumentationActivityInvoker$BootstrapActivity@49e02ad
07-02 23:30:23.941 32149 32149 V ActivityScenario: Activity lifecycle changed event received but ignored because the intent does not match. startActivityIntent=Intent { act=android.intent.action.MAIN cat=[android.intent.category.LAUNCHER] cmp=com.example.lunchtray/androidx.fragment.app.testing.FragmentScenario$EmptyFragmentActivity (has extras) }, activity.getIntent()=Intent { act=android.intent.action.MAIN cat=[android.intent.category.LAUNCHER] flg=0x10008000 cmp=com.example.lunchtray/androidx.test.core.app.InstrumentationActivityInvoker$BootstrapActivity (has extras) }, activity=androidx.test.core.app.InstrumentationActivityInvoker$BootstrapActivity@49e02ad
07-02 23:30:23.941  4878  4903 D RoundCornerMask: metaData is null
07-02 23:30:23.943   970   970 I SurfaceFlinger: Remove EffectLayer(0xb400007d2cf10cd0) Surface(name=20d41bf NavigationBar#0)/@0xa6cf867 - animation-leash#1 (parent=none)
07-02 23:30:23.943   970   970 I SurfaceFlinger: Remove EffectLayer(0xb400007d2cfb8d00) Surface(name=da0e137 StatusBar)/@0x5eb3426 - animation-leash#1 (parent=none)
07-02 23:30:23.943   970   970 D Layer   : Destroy Surface(name=20d41bf NavigationBar#0)/@0xa6cf867 - animation-leash#1(0xb400007d2cf10cd0)
07-02 23:30:23.943   970   970 D Layer   : Destroy Surface(name=da0e137 StatusBar)/@0x5eb3426 - animation-leash#1(0xb400007d2cfb8d00)
07-02 23:30:23.945  4696  4696 I StatusBar: updateStatusBarColor(): mApplyNotchStatusBar=false delay=true isPort=true
07-02 23:30:23.945  4696  5709 I GameToolsControllerService: game removed from map {}
07-02 23:30:23.946  4696  5709 D StatusBar: mainDisplayTopActivityComponentName : ComponentInfo{com.example.lunchtray/androidx.fragment.app.testing.FragmentScenario$EmptyFragmentActivity}
07-02 23:30:23.947  4878  2474 D RoundCornerMask: metaData is null
07-02 23:30:23.948 32149 32149 D LifecycleMonitor: Lifecycle status change: androidx.test.core.app.InstrumentationActivityInvoker$BootstrapActivity@49e02ad in: PAUSED
07-02 23:30:23.948 32149 32149 V ActivityScenario: Activity lifecycle changed event received but ignored because the intent does not match. startActivityIntent=Intent { act=android.intent.action.MAIN cat=[android.intent.category.LAUNCHER] cmp=com.example.lunchtray/.MainActivity }, activity.getIntent()=Intent { act=android.intent.action.MAIN cat=[android.intent.category.LAUNCHER] flg=0x10008000 cmp=com.example.lunchtray/androidx.test.core.app.InstrumentationActivityInvoker$BootstrapActivity (has extras) }, activity=androidx.test.core.app.InstrumentationActivityInvoker$BootstrapActivity@49e02ad
07-02 23:30:23.948 32149 32149 I chatty  : uid=10913(com.example.lunchtray) identical 3 lines
07-02 23:30:23.948 32149 32149 V ActivityScenario: Activity lifecycle changed event received but ignored because the intent does not match. startActivityIntent=Intent { act=android.intent.action.MAIN cat=[android.intent.category.LAUNCHER] cmp=com.example.lunchtray/.MainActivity }, activity.getIntent()=Intent { act=android.intent.action.MAIN cat=[android.intent.category.LAUNCHER] flg=0x10008000 cmp=com.example.lunchtray/androidx.test.core.app.InstrumentationActivityInvoker$BootstrapActivity (has extras) }, activity=androidx.test.core.app.InstrumentationActivityInvoker$BootstrapActivity@49e02ad
07-02 23:30:23.948 32149 32149 V ActivityScenario: Activity lifecycle changed event received but ignored because the intent does not match. startActivityIntent=Intent { act=android.intent.action.MAIN cat=[android.intent.category.LAUNCHER] cmp=com.example.lunchtray/androidx.fragment.app.testing.FragmentScenario$EmptyFragmentActivity (has extras) }, activity.getIntent()=Intent { act=android.intent.action.MAIN cat=[android.intent.category.LAUNCHER] flg=0x10008000 cmp=com.example.lunchtray/androidx.test.core.app.InstrumentationActivityInvoker$BootstrapActivity (has extras) }, activity=androidx.test.core.app.InstrumentationActivityInvoker$BootstrapActivity@49e02ad
07-02 23:30:23.948 32149 32149 V ActivityScenario: Activity lifecycle changed event received but ignored because the intent does not match. startActivityIntent=Intent { act=android.intent.action.MAIN cat=[android.intent.category.LAUNCHER] cmp=com.example.lunchtray/.MainActivity }, activity.getIntent()=Intent { act=android.intent.action.MAIN cat=[android.intent.category.LAUNCHER] flg=0x10008000 cmp=com.example.lunchtray/androidx.test.core.app.InstrumentationActivityInvoker$BootstrapActivity (has extras) }, activity=androidx.test.core.app.InstrumentationActivityInvoker$BootstrapActivity@49e02ad
07-02 23:30:23.948 32149 32149 V ActivityScenario: Activity lifecycle changed event received but ignored because the intent does not match. startActivityIntent=Intent { act=android.intent.action.MAIN cat=[android.intent.category.LAUNCHER] cmp=com.example.lunchtray/androidx.fragment.app.testing.FragmentScenario$EmptyFragmentActivity (has extras) }, activity.getIntent()=Intent { act=android.intent.action.MAIN cat=[android.intent.category.LAUNCHER] flg=0x10008000 cmp=com.example.lunchtray/androidx.test.core.app.InstrumentationActivityInvoker$BootstrapActivity (has extras) }, activity=androidx.test.core.app.InstrumentationActivityInvoker$BootstrapActivity@49e02ad
07-02 23:30:23.949  4696  4696 I StatusBar: updateStatusBarColor(): mApplyNotchStatusBar=false delay=true isPort=true
07-02 23:30:23.949  4696  5709 I GameToolsControllerService: game removed from map {}
07-02 23:30:23.949  4696  4696 I LightBarTransitionsController: appTransitionPending(): skipped, displayId = 0, isKeyguardGoingAway = false
07-02 23:30:23.950  4696  4696 I chatty  : uid=10157(com.lge.quicktools) com.android.systemui identical 10 lines
07-02 23:30:23.950  4696  4696 I LightBarTransitionsController: appTransitionPending(): skipped, displayId = 0, isKeyguardGoingAway = false
07-02 23:30:23.952  5218  5259 V CoverTools: [IconViewController.java:271:activityChanged] callMethod: CallMethod.RESUME
07-02 23:30:23.952  5218  5259 V CoverTools: [IconViewController.java:272:activityChanged] componentName: com.example.lunchtray/androidx.fragment.app.testing.FragmentScenario$EmptyFragmentActivity
07-02 23:30:23.952  5218  5259 V CoverTools: [IconViewController.java:273:activityChanged] packageName: com.example.lunchtray
07-02 23:30:23.952  5218  5259 V CoverTools: [IconViewController.java:274:activityChanged] className: com.example.lunchtray
07-02 23:30:23.952  5218  5259 V CoverTools: [IconViewController.java:275:activityChanged] displayId: 0
07-02 23:30:23.952  6595  6620 D TopPackageTracker: activityChanged callMethod=1 packageName=com.example.lunchtray displayid=0
07-02 23:30:23.953  5218  5259 V CoverTools: [IconViewController.java:271:activityChanged] callMethod: CallMethod.RESUME
07-02 23:30:23.953  5218  5259 V CoverTools: [IconViewController.java:272:activityChanged] componentName: com.example.lunchtray/androidx.fragment.app.testing.FragmentScenario$EmptyFragmentActivity
07-02 23:30:23.953  5218  5259 V CoverTools: [IconViewController.java:273:activityChanged] packageName: com.example.lunchtray
07-02 23:30:23.953  5218  5259 V CoverTools: [IconViewController.java:274:activityChanged] className: com.example.lunchtray
07-02 23:30:23.953  5218  5259 V CoverTools: [IconViewController.java:275:activityChanged] displayId: 0
07-02 23:30:23.953  6595  6620 D TopPackageTracker: activityChanged callMethod=1 packageName=com.example.lunchtray displayid=0
07-02 23:30:23.953   970  1856 D SurfaceFlinger: Create EffectLayer(0xb400007d2cfb8d00) Surface(name=ActivityRecord{4196e8e u0 com.example.lunchtray/androidx.test.core.app.InstrumentationActivityInvoker$BootstrapActivity t9883 tda0:1})/@0xa43823 - animation-leash#0
07-02 23:30:23.954   970  1856 D SurfaceFlinger: Create ContainerLayer(0xb400007d2cf10cd0) Surface(name=ActivityRecord{4196e8e u0 com.example.lunchtray/androidx.test.core.app.InstrumentationActivityInvoker$BootstrapActivity t9883 tda0:1})/@0xa43823 - animation-bounds#0
07-02 23:30:23.955  4696  4696 I LightBarTransitionsController: appTransitionStarting():  [isKeyguardGoingAway = false], [(mDisplayId != displayId) = false], [!forced = true]
07-02 23:30:23.955  4696  4696 I LightBarTransitionsController: animateIconTint() : skip : mNextDarkIntensity = 0.0
07-02 23:30:23.955  4696  4696 I LightBarTransitionsController: appTransitionStarting():  [isKeyguardGoingAway = false], [(mDisplayId != displayId) = false], [!forced = true]
07-02 23:30:23.955  4696  4696 I LightBarTransitionsController: appTransitionStarting():  [isKeyguardGoingAway = false], [(mDisplayId != displayId) = true], [!forced = true]
07-02 23:30:23.955  4696  4696 I chatty  : uid=10157(com.lge.quicktools) com.android.systemui identical 4 lines
07-02 23:30:23.955  4696  4696 I LightBarTransitionsController: appTransitionStarting():  [isKeyguardGoingAway = false], [(mDisplayId != displayId) = true], [!forced = true]
07-02 23:30:23.955  4696  4696 I LightBarTransitionsController: appTransitionStarting():  [isKeyguardGoingAway = false], [(mDisplayId != displayId) = false], [!forced = true]
07-02 23:30:23.957 17401 17401 I [LGHome6]StateManager: [RecentsAnimation] goToState(): (LauncherState - 0 -> LauncherState - 0), animated=false, delay=0, onCompleteRunnable=null
07-02 23:30:23.957 17401 17401 I [LGHome6]StateManager: [RecentsAnimation] goToState(): 1. isInState LauncherState - 0
07-02 23:30:23.957 17401 17401 I [LGHome6]Launcher: Launcher.onStop
07-02 23:30:23.957  4696  5488 D PhoneStatusBarPolicy: updateManagedProfile userId = 0
07-02 23:30:23.958  4696  5709 D StatusBar: mainDisplayTopActivityComponentName : ComponentInfo{com.example.lunchtray/androidx.fragment.app.testing.FragmentScenario$EmptyFragmentActivity}
07-02 23:30:23.960  4878 17365 D RoundCornerMask: metaData is null
07-02 23:30:23.961  4696  4696 I StatusBar: updateStatusBarColor(): mApplyNotchStatusBar=false delay=true isPort=true
07-02 23:30:23.961  4696  5709 I GameToolsControllerService: game removed from map {}
07-02 23:30:23.961  4696  4696 I LightBarTransitionsController: animateIconTint() : skip : mNextDarkIntensity = 0.0
07-02 23:30:23.962  4878 17365 D RoundCornerMask: metaData is null
07-02 23:30:23.963  4696  5709 D StatusBar: mainDisplayTopActivityComponentName : ComponentInfo{com.example.lunchtray/androidx.fragment.app.testing.FragmentScenario$EmptyFragmentActivity}
07-02 23:30:23.964 32149 32149 D LifecycleMonitor: Lifecycle status change: androidx.fragment.app.testing.FragmentScenario$EmptyFragmentActivity@d7af33a in: PRE_ON_CREATE
07-02 23:30:23.964 32149 32149 V ActivityScenario: Activity lifecycle changed event received but ignored because the intent does not match. startActivityIntent=Intent { act=android.intent.action.MAIN cat=[android.intent.category.LAUNCHER] cmp=com.example.lunchtray/.MainActivity }, activity.getIntent()=Intent { act=android.intent.action.MAIN cat=[android.intent.category.LAUNCHER] cmp=com.example.lunchtray/androidx.fragment.app.testing.FragmentScenario$EmptyFragmentActivity (has extras) }, activity=androidx.fragment.app.testing.FragmentScenario$EmptyFragmentActivity@d7af33a
07-02 23:30:23.964 32149 32149 I chatty  : uid=10913(com.example.lunchtray) identical 3 lines
07-02 23:30:23.964 32149 32149 V ActivityScenario: Activity lifecycle changed event received but ignored because the intent does not match. startActivityIntent=Intent { act=android.intent.action.MAIN cat=[android.intent.category.LAUNCHER] cmp=com.example.lunchtray/.MainActivity }, activity.getIntent()=Intent { act=android.intent.action.MAIN cat=[android.intent.category.LAUNCHER] cmp=com.example.lunchtray/androidx.fragment.app.testing.FragmentScenario$EmptyFragmentActivity (has extras) }, activity=androidx.fragment.app.testing.FragmentScenario$EmptyFragmentActivity@d7af33a
07-02 23:30:23.965 32149 32149 V ActivityScenario: Activity lifecycle changed event received but ignored because the reported transition was not ON_CREATE while the last known transition was DESTROYED
07-02 23:30:23.965  4696  5709 I GameToolsControllerService: game removed from map {}
07-02 23:30:23.965 32149 32149 V ActivityScenario: Activity lifecycle changed event received but ignored because the intent does not match. startActivityIntent=Intent { act=android.intent.action.MAIN cat=[android.intent.category.LAUNCHER] cmp=com.example.lunchtray/.MainActivity }, activity.getIntent()=Intent { act=android.intent.action.MAIN cat=[android.intent.category.LAUNCHER] cmp=com.example.lunchtray/androidx.fragment.app.testing.FragmentScenario$EmptyFragmentActivity (has extras) }, activity=androidx.fragment.app.testing.FragmentScenario$EmptyFragmentActivity@d7af33a
07-02 23:30:23.965 32149 32149 V ActivityScenario: Activity lifecycle changed event received but ignored because the reported transition was not ON_CREATE while the last known transition was PRE_ON_CREATE
07-02 23:30:23.966  4696  4696 I StatusBar: updateStatusBarColor(): mApplyNotchStatusBar=false delay=true isPort=true
07-02 23:30:23.966  4696  4696 I LightBarTransitionsController: animateIconTint() : skip : mNextDarkIntensity = 0.0
07-02 23:30:23.968 17401 17401 I [LGHome6]EditModeOffManager: EditModeOffManager is not running
07-02 23:30:23.970  4696  5709 D StatusBar: mainDisplayTopActivityComponentName : ComponentInfo{com.example.lunchtray/androidx.fragment.app.testing.FragmentScenario$EmptyFragmentActivity}
07-02 23:30:23.972  4696  4696 I StatusBar: updateStatusBarColor(): mApplyNotchStatusBar=false delay=true isPort=true
07-02 23:30:23.972  4696  4696 I LightBarTransitionsController: animateIconTint() : skip : mNextDarkIntensity = 0.0
07-02 23:30:23.973 18984 18984 I GsaVoiceInteractionSrv: Handling ACTION_STOP_HOTWORD
07-02 23:30:23.976 22659 22750 D ViewRootImpl: onChangedIMENavigationColor(), color: ff080808
07-02 23:30:23.978 32149 32149 D LifecycleMonitor: Lifecycle status change: androidx.fragment.app.testing.FragmentScenario$EmptyFragmentActivity@d7af33a in: CREATED
