07-02 23:30:22.150  4229  4511 D InputTransport: channel 'swipe-up (server)' : action=ACTION_UP(0), id=0, displayId=0, tooltype=1, deviceId=-1, source=0x1002, flags=0x0, edgeFlags=0x0, metaState=0x0, buttonState=0x1, downTime=172126055000000, eventTime=172126138000000, pointerCount=1 xos=0, yos=0
07-02 23:30:22.150  4229  4511 D InputTransport: channel 'edge-swipe (server)' : action=ACTION_UP(0), id=0, displayId=0, tooltype=1, deviceId=-1, source=0x1002, flags=0x0, edgeFlags=0x0, metaState=0x0, buttonState=0x1, downTime=172126055000000, eventTime=172126138000000, pointerCount=1 xos=0, yos=0
07-02 23:30:22.150  4229  4511 D InputTransport: channel 'swipe-up (server)' : action=ACTION_UP(0), id=0, displayId=0, tooltype=1, deviceId=-1, source=0x1002, flags=0x0, edgeFlags=0x0, metaState=0x0, buttonState=0x1, downTime=172126055000000, eventTime=172126138000000, pointerCount=1 xos=0, yos=0
07-02 23:30:22.151  4229  4511 D InputTransport: channel 'swipe-up (server)' : action=ACTION_UP(0), id=0, displayId=0, tooltype=1, deviceId=-1, source=0x1002, flags=0x0, edgeFlags=0x0, metaState=0x0, buttonState=0x1, downTime=172126055000000, eventTime=172126138000000, pointerCount=1 xos=0, yos=0
07-02 23:30:22.151  4229  4511 D InputTransport: channel 'PointerEventDispatcher0 (server)' : action=ACTION_UP(0), id=0, displayId=0, tooltype=1, deviceId=-1, source=0x1002, flags=0x0, edgeFlags=0x0, metaState=0x0, buttonState=0x1, downTime=172126055000000, eventTime=172126138000000, pointerCount=1 xos=0, yos=0
07-02 23:30:22.152  4229  4511 D InputTransport: channel 'PointerEventDispatcherForRear0 (server)' : action=ACTION_UP(0), id=0, displayId=0, tooltype=1, deviceId=-1, source=0x1002, flags=0x0, edgeFlags=0x0, metaState=0x0, buttonState=0x1, downTime=172126055000000, eventTime=172126138000000, pointerCount=1 xos=0, yos=0
07-02 23:30:22.155   970   970 I SurfaceFlinger: Setting desired display config specs: defaultConfig: 0 primaryRange: [60 60] expandedRange: [0 inf]
07-02 23:30:22.156   970   970 I SurfaceFlinger: setDesiredActiveConfig(60fps)
07-02 23:30:22.164 32149 32149 I View    : PerformClick: com.google.android.material.button.MaterialButton{7de20c6 VFED..C.. ...p..ID 48,1605-516,1749 #7f08007a app:id/cancel_button}
07-02 23:30:22.164 32149 32149 I View    : MotionEvent.ACTION_UP: mPrivateFlags: -2128590800,   mHasPerformedLongPress: false,   mIgnoreNextUpEvent: false
07-02 23:30:22.172  4229  4567 V SoundPool: play(soundID=1, leftVolume=1.000000, rightVolume=1.000000, priority=0, loop=0, rate=1.000000)
07-02 23:30:22.173  4229  4567 V AudioTrack: setSampleRate(5291): prior state:STATE_STOPPED rate:48000
07-02 23:30:22.173  4229  4567 V AudioTrack: start(5291): prior state:STATE_STOPPED
07-02 23:30:22.173  4229  4567 V AudioTrack: start(5291): server read:-224740  cumulative flushed:0  client written:0
07-02 23:30:22.173   965  2725 V AF::Track: start(4816): calling pid 4229 session 23897
07-02 23:30:22.174   965  1326 D APM_AudioPolicyManager: startOutput portId 5291 output primary->(primary output)(13), stream 1, session 23897
07-02 23:30:22.174   965  1326 V APM_AudioPolicyManager: selectOutputForMusicEffects selected output 13
07-02 23:30:22.175   965  1326 V APM_AudioPolicyManager: getNewOutputDevices selected devices {type:0x2,@:}
07-02 23:30:22.175   965  1326 V APM_AudioPolicyManager: setOutputDevices device {type:0x2,@:} delayMs 0
07-02 23:30:22.175   965  1326 V APM_AudioPolicyManager: setOutputDevices() prevDevice {type:0x2,@:}
07-02 23:30:22.175   965  1326 V APM_AudioPolicyManager: setOutputDevices: suppressing checkDeviceMuteStrategies
07-02 23:30:22.175   965  1326 V APM_AudioPolicyManager: setOutputDevices setting same device {type:0x2,@:} or null device, force=0, patch handle=5258
07-02 23:30:22.175  4229  4567 V SoundPool: play returned 12418
07-02 23:30:22.175  4229  5237 V AudioSystem: ioConfigChanged() event 8
07-02 23:30:22.175  4229  5237 V AudioSystem: ioConfigChanged() AUDIO_CLIENT_STARTED  io 13 port 5291 num callbacks 0
07-02 23:30:22.226   965  1885 V AF::Track: getNextBuffer(4816): underrun,  framesReady(0) < framesDesired(236), state: 6
07-02 23:30:22.231  4229 32186 V AudioTrack: stop(5291): prior state:STATE_ACTIVE
07-02 23:30:22.231   965  1887 D AF::Track: presentationComplete(4816): presentationComplete() reset: mPresentationCompleteFrames 1449600 audioHalFrames 960
07-02 23:30:22.231   965  2725 V AF::Track: stop(4816): calling pid 4229
07-02 23:30:22.271   965  1887 V AF::Track: presentationComplete(4816): presentationComplete() mPresentationCompleteFrames 1449600 framesWritten 1450560
07-02 23:30:22.278   965  1326 V APM_AudioPolicyManager: stopOutput() portId 5291 output 13, stream 1, session 23897
07-02 23:30:22.279   965  1326 V APM_AudioPolicyManager: getNewOutputDevices selected devices AUDIO_DEVICE_NONE
07-02 23:30:22.279   965  1326 V APM_AudioPolicyManager: setOutputDevices device AUDIO_DEVICE_NONE delayMs 120
07-02 23:30:22.279   965  1326 V APM_AudioPolicyManager: setOutputDevices() prevDevice {type:0x2,@:}
07-02 23:30:22.280   965  1326 W APM::AudioPolicyEngine: getDevicesForStrategy() unknown strategy: -1
07-02 23:30:22.280   965  1326 V APM_AudioPolicyManager: setOutputDevices setting same device AUDIO_DEVICE_NONE or null device, force=0, patch handle=5258
07-02 23:30:22.280   965  1326 V APM_AudioPolicyManager: selectOutputForMusicEffects selected output 13
07-02 23:30:22.448  4229  4598 D WifiWatchdogStateMachine: iwlanpercheck loss=0% / volume1 / imscallstate:0 sum:0, perAvg:0
07-02 23:30:22.569 32149 32149 I ViewInteraction: Performing 'single click' action on view view.getId() is <2131231208/com.example.lunchtray:id/start_order_btn>
07-02 23:30:22.574  4229  4511 D InputTransport: channel '9fe2309 com.example.lunchtray/com.example.lunchtray.MainActivity (server)' : action=ACTION_DOWN(0), id=0, displayId=0, tooltype=0, deviceId=-1, source=0x1002, flags=0x0, edgeFlags=0x0, metaState=0x0, buttonState=0x1, downTime=172126563000000, eventTime=172126563000000, pointerCount=1 xos=0, yos=0
07-02 23:30:22.574  4229  4511 D InputTransport: channel 'swipe-up (server)' : action=ACTION_DOWN(0), id=0, displayId=0, tooltype=0, deviceId=-1, source=0x1002, flags=0x0, edgeFlags=0x0, metaState=0x0, buttonState=0x1, downTime=172126563000000, eventTime=172126563000000, pointerCount=1 xos=0, yos=0
07-02 23:30:22.574  4229  4511 D InputTransport: channel 'edge-swipe (server)' : action=ACTION_DOWN(0), id=0, displayId=0, tooltype=0, deviceId=-1, source=0x1002, flags=0x0, edgeFlags=0x0, metaState=0x0, buttonState=0x1, downTime=172126563000000, eventTime=172126563000000, pointerCount=1 xos=0, yos=0
07-02 23:30:22.574  4229  4511 D InputTransport: channel 'swipe-up (server)' : action=ACTION_DOWN(0), id=0, displayId=0, tooltype=0, deviceId=-1, source=0x1002, flags=0x0, edgeFlags=0x0, metaState=0x0, buttonState=0x1, downTime=172126563000000, eventTime=172126563000000, pointerCount=1 xos=0, yos=0
07-02 23:30:22.575  4229  4511 D InputTransport: channel 'swipe-up (server)' : action=ACTION_DOWN(0), id=0, displayId=0, tooltype=0, deviceId=-1, source=0x1002, flags=0x0, edgeFlags=0x0, metaState=0x0, buttonState=0x1, downTime=172126563000000, eventTime=172126563000000, pointerCount=1 xos=0, yos=0
07-02 23:30:22.575  4229  4511 D InputTransport: channel 'PointerEventDispatcher0 (server)' : action=ACTION_DOWN(0), id=0, displayId=0, tooltype=0, deviceId=-1, source=0x1002, flags=0x0, edgeFlags=0x0, metaState=0x0, buttonState=0x1, downTime=172126563000000, eventTime=172126563000000, pointerCount=1 xos=0, yos=0
07-02 23:30:22.575  4229  4511 D InputTransport: channel 'PointerEventDispatcherForRear0 (server)' : action=ACTION_DOWN(0), id=0, displayId=0, tooltype=0, deviceId=-1, source=0x1002, flags=0x0, edgeFlags=0x0, metaState=0x0, buttonState=0x1, downTime=172126563000000, eventTime=172126563000000, pointerCount=1 xos=0, yos=0
07-02 23:30:22.654  4229  4511 D InputTransport: channel '9fe2309 com.example.lunchtray/com.example.lunchtray.MainActivity (server)' : action=ACTION_UP(0), id=0, displayId=0, tooltype=1, deviceId=-1, source=0x1002, flags=0x0, edgeFlags=0x0, metaState=0x0, buttonState=0x1, downTime=172126563000000, eventTime=172126644000000, pointerCount=1 xos=0, yos=0
07-02 23:30:22.654  4229  4511 D InputTransport: channel 'swipe-up (server)' : action=ACTION_UP(0), id=0, displayId=0, tooltype=1, deviceId=-1, source=0x1002, flags=0x0, edgeFlags=0x0, metaState=0x0, buttonState=0x1, downTime=172126563000000, eventTime=172126644000000, pointerCount=1 xos=0, yos=0
07-02 23:30:22.655  4229  4511 D InputTransport: channel 'edge-swipe (server)' : action=ACTION_UP(0), id=0, displayId=0, tooltype=1, deviceId=-1, source=0x1002, flags=0x0, edgeFlags=0x0, metaState=0x0, buttonState=0x1, downTime=172126563000000, eventTime=172126644000000, pointerCount=1 xos=0, yos=0
07-02 23:30:22.655  4229  4511 D InputTransport: channel 'swipe-up (server)' : action=ACTION_UP(0), id=0, displayId=0, tooltype=1, deviceId=-1, source=0x1002, flags=0x0, edgeFlags=0x0, metaState=0x0, buttonState=0x1, downTime=172126563000000, eventTime=172126644000000, pointerCount=1 xos=0, yos=0
07-02 23:30:22.655  4229  4511 D InputTransport: channel 'swipe-up (server)' : action=ACTION_UP(0), id=0, displayId=0, tooltype=1, deviceId=-1, source=0x1002, flags=0x0, edgeFlags=0x0, metaState=0x0, buttonState=0x1, downTime=172126563000000, eventTime=172126644000000, pointerCount=1 xos=0, yos=0
07-02 23:30:22.655  4229  4511 D InputTransport: channel 'PointerEventDispatcher0 (server)' : action=ACTION_UP(0), id=0, displayId=0, tooltype=1, deviceId=-1, source=0x1002, flags=0x0, edgeFlags=0x0, metaState=0x0, buttonState=0x1, downTime=172126563000000, eventTime=172126644000000, pointerCount=1 xos=0, yos=0
07-02 23:30:22.655  4229  4511 D InputTransport: channel 'PointerEventDispatcherForRear0 (server)' : action=ACTION_UP(0), id=0, displayId=0, tooltype=1, deviceId=-1, source=0x1002, flags=0x0, edgeFlags=0x0, metaState=0x0, buttonState=0x1, downTime=172126563000000, eventTime=172126644000000, pointerCount=1 xos=0, yos=0
07-02 23:30:22.656 32149 32149 I View    : PerformClick: com.google.android.material.button.MaterialButton{8ea7ef8 VFED..C.. ...P.... 321,983-760,1127 #7f0801e8 app:id/start_order_btn}
07-02 23:30:22.656 32149 32149 I View    : MotionEvent.ACTION_UP: mPrivateFlags: 16828464,   mHasPerformedLongPress: false,   mIgnoreNextUpEvent: false
07-02 23:30:22.659  4229  4567 V SoundPool: play(soundID=1, leftVolume=1.000000, rightVolume=1.000000, priority=0, loop=0, rate=1.000000)
07-02 23:30:22.660  4229  4567 V AudioTrack: setSampleRate(5291): prior state:STATE_STOPPED rate:48000
07-02 23:30:22.661  4229  4567 V AudioTrack: start(5291): prior state:STATE_STOPPED
07-02 23:30:22.661  4229  4567 V AudioTrack: start(5291): server read:-227384  cumulative flushed:0  client written:0
07-02 23:30:22.661   965  2725 V AF::Track: start(4816): calling pid 4229 session 23897
07-02 23:30:22.662   965  1326 D APM_AudioPolicyManager: startOutput portId 5291 output primary->(primary output)(13), stream 1, session 23897
07-02 23:30:22.662   965  1326 V APM_AudioPolicyManager: selectOutputForMusicEffects selected output 13
07-02 23:30:22.662   965  1326 V APM_AudioPolicyManager: getNewOutputDevices selected devices {type:0x2,@:}
07-02 23:30:22.662   965  1326 V APM_AudioPolicyManager: setOutputDevices device {type:0x2,@:} delayMs 0
07-02 23:30:22.662   965  1326 V APM_AudioPolicyManager: setOutputDevices() prevDevice {type:0x2,@:}
07-02 23:30:22.662   965  1326 V APM_AudioPolicyManager: setOutputDevices: suppressing checkDeviceMuteStrategies
07-02 23:30:22.662   965  1326 V APM_AudioPolicyManager: setOutputDevices setting same device {type:0x2,@:} or null device, force=0, patch handle=5258
07-02 23:30:22.663  4229  4567 V SoundPool: play returned 12422
07-02 23:30:22.671  4229  7769 V AudioSystem: ioConfigChanged() event 8
07-02 23:30:22.671  4229  7769 V AudioSystem: ioConfigChanged() AUDIO_CLIENT_STARTED  io 13 port 5291 num callbacks 0
07-02 23:30:22.726   965  1885 V AF::Track: getNextBuffer(4816): underrun,  framesReady(0) < framesDesired(236), state: 6
07-02 23:30:22.730   965  1887 D AF::Track: presentationComplete(4816): presentationComplete() reset: mPresentationCompleteFrames 1473600 audioHalFrames 960
07-02 23:30:22.737  4229 32186 V AudioTrack: stop(5291): prior state:STATE_ACTIVE
07-02 23:30:22.737   965  2725 V AF::Track: stop(4816): calling pid 4229
07-02 23:30:22.771   965  1887 V AF::Track: presentationComplete(4816): presentationComplete() mPresentationCompleteFrames 1473600 framesWritten 1474560
07-02 23:30:22.778   965  1326 V APM_AudioPolicyManager: stopOutput() portId 5291 output 13, stream 1, session 23897
07-02 23:30:22.778   965  1326 V APM_AudioPolicyManager: getNewOutputDevices selected devices AUDIO_DEVICE_NONE
07-02 23:30:22.778   965  1326 V APM_AudioPolicyManager: setOutputDevices device AUDIO_DEVICE_NONE delayMs 120
07-02 23:30:22.778   965  1326 V APM_AudioPolicyManager: setOutputDevices() prevDevice {type:0x2,@:}
07-02 23:30:22.779   965  1326 W APM::AudioPolicyEngine: getDevicesForStrategy() unknown strategy: -1
07-02 23:30:22.780   965  1326 V APM_AudioPolicyManager: setOutputDevices setting same device AUDIO_DEVICE_NONE or null device, force=0, patch handle=5258
07-02 23:30:22.780   965  1326 V APM_AudioPolicyManager: selectOutputForMusicEffects selected output 13
07-02 23:30:23.077 32149 32149 I ViewInteraction: Checking 'MatchesViewAssertion{viewMatcher=(view has effective visibility <VISIBLE> and view.getGlobalVisibleRect() to return non-empty rectangle)}' assertion on view an instance of android.widget.TextView and view.getText() with or without transformation to match: is "Subtotal: $0.00"
07-02 23:30:23.078 32149 32173 I TestRunner: finished: order_reset_after_cancel_from_side_menu(com.example.lunchtray.OrderFunctionalityTests)
