07-02 23:30:28.864  4229  4511 D InputTransport: channel 'swipe-up (server)' : action=ACTION_UP(0), id=0, displayId=0, tooltype=1, deviceId=-1, source=0x1002, flags=0x0, edgeFlags=0x0, metaState=0x0, buttonState=0x1, downTime=172132769000000, eventTime=172132852000000, pointerCount=1 xos=0, yos=0
07-02 23:30:28.864  4229  4511 D InputTransport: channel 'swipe-up (server)' : action=ACTION_UP(0), id=0, displayId=0, tooltype=1, deviceId=-1, source=0x1002, flags=0x0, edgeFlags=0x0, metaState=0x0, buttonState=0x1, downTime=172132769000000, eventTime=172132852000000, pointerCount=1 xos=0, yos=0
07-02 23:30:28.864  4229  4511 D InputTransport: channel 'PointerEventDispatcher0 (server)' : action=ACTION_UP(0), id=0, displayId=0, tooltype=1, deviceId=-1, source=0x1002, flags=0x0, edgeFlags=0x0, metaState=0x0, buttonState=0x1, downTime=172132769000000, eventTime=172132852000000, pointerCount=1 xos=0, yos=0
07-02 23:30:28.864  4229  4511 D InputTransport: channel 'PointerEventDispatcherForRear0 (server)' : action=ACTION_UP(0), id=0, displayId=0, tooltype=1, deviceId=-1, source=0x1002, flags=0x0, edgeFlags=0x0, metaState=0x0, buttonState=0x1, downTime=172132769000000, eventTime=172132852000000, pointerCount=1 xos=0, yos=0
07-02 23:30:28.872 32149 32149 I View    : PerformClick: com.google.android.material.radiobutton.MaterialRadioButton{1be0f28 VFED..C.. ...p..ID 0,0-459,144 #7f0801a2 app:id/salad}
07-02 23:30:28.872 32149 32149 I View    : MotionEvent.ACTION_UP: mPrivateFlags: -2128590800,   mHasPerformedLongPress: false,   mIgnoreNextUpEvent: false
07-02 23:30:28.887  4229  4567 V SoundPool: play(soundID=1, leftVolume=1.000000, rightVolume=1.000000, priority=0, loop=0, rate=1.000000)
07-02 23:30:28.890  4229  4567 V AudioTrack: setSampleRate(5291): prior state:STATE_STOPPED rate:48000
07-02 23:30:28.890  4229  4567 V AudioTrack: start(5291): prior state:STATE_STOPPED
07-02 23:30:28.890  4229  4567 V AudioTrack: start(5291): server read:-248536  cumulative flushed:0  client written:0
07-02 23:30:28.890   965  2034 V AF::Track: start(4816): calling pid 4229 session 23897
07-02 23:30:28.897   965  1326 D APM_AudioPolicyManager: startOutput portId 5291 output primary->(primary output)(13), stream 1, session 23897
07-02 23:30:28.898   965  1326 V APM_AudioPolicyManager: selectOutputForMusicEffects selected output 13
07-02 23:30:28.898   965  1326 V APM_AudioPolicyManager: getNewOutputDevices selected devices {type:0x2,@:}
07-02 23:30:28.898   965  1326 V APM_AudioPolicyManager: setOutputDevices device {type:0x2,@:} delayMs 0
07-02 23:30:28.898   965  1326 V APM_AudioPolicyManager: setOutputDevices() prevDevice {type:0x2,@:}
07-02 23:30:28.898   965  1326 V APM_AudioPolicyManager: setOutputDevices: suppressing checkDeviceMuteStrategies
07-02 23:30:28.898   965  1326 V APM_AudioPolicyManager: setOutputDevices setting same device {type:0x2,@:} or null device, force=0, patch handle=5258
07-02 23:30:28.899  4229  4567 V SoundPool: play returned 12433
07-02 23:30:28.901  4229  5209 V AudioSystem: ioConfigChanged() event 8
07-02 23:30:28.901  4229  5209 V AudioSystem: ioConfigChanged() AUDIO_CLIENT_STARTED  io 13 port 5291 num callbacks 0
07-02 23:30:28.956   965  1885 V AF::Track: getNextBuffer(4816): underrun,  framesReady(0) < framesDesired(236), state: 6
07-02 23:30:28.967  4229 32186 V AudioTrack: stop(5291): prior state:STATE_ACTIVE
07-02 23:30:28.968   965  2034 V AF::Track: stop(4816): calling pid 4229
07-02 23:30:28.990   965  1887 D AF::Track: presentationComplete(4816): presentationComplete() reset: mPresentationCompleteFrames 1774080 audioHalFrames 960
07-02 23:30:29.001 32257 32257 D vendor.qti.hardware.seccam@1.0-service-qti: SecCam: service starting
07-02 23:30:29.006   645   645 I hwservicemanager: getTransport: Cannot find entry vendor.qti.hardware.seccam@1.0::ISecCam/default in either framework or device manifest.
07-02 23:30:29.006 32257 32257 E HidlServiceManagement: Service vendor.qti.hardware.seccam@1.0::ISecCam/default must be in VINTF manifest in order to register/get.
07-02 23:30:29.006 32257 32257 E vendor.qti.hardware.seccam@1.0-service-qti: Cannot register ISecCam HAL service
07-02 23:30:29.010   965  1887 V AF::Track: presentationComplete(4816): presentationComplete() mPresentationCompleteFrames 1774080 framesWritten 1774080
07-02 23:30:29.017   965  1326 V APM_AudioPolicyManager: stopOutput() portId 5291 output 13, stream 1, session 23897
07-02 23:30:29.018   965  1326 V APM_AudioPolicyManager: getNewOutputDevices selected devices AUDIO_DEVICE_NONE
07-02 23:30:29.018   965  1326 V APM_AudioPolicyManager: setOutputDevices device AUDIO_DEVICE_NONE delayMs 120
07-02 23:30:29.018   965  1326 V APM_AudioPolicyManager: setOutputDevices() prevDevice {type:0x2,@:}
07-02 23:30:29.020   965  1326 W APM::AudioPolicyEngine: getDevicesForStrategy() unknown strategy: -1
07-02 23:30:29.021   965  1326 V APM_AudioPolicyManager: setOutputDevices setting same device AUDIO_DEVICE_NONE or null device, force=0, patch handle=5258
07-02 23:30:29.021   965  1326 V APM_AudioPolicyManager: selectOutputForMusicEffects selected output 13
07-02 23:30:29.147  3772  3782 I PowerRM : CF-1 b-1
07-02 23:30:29.147  3772  3782 I PowerRM : REQF = -1
07-02 23:30:29.148  3772  3782 I Powercontrol_Client: Notify refreshrate 160:60:-1
07-02 23:30:29.148   903   924 I vendor.lge.hardware.powercontrol@1.3-impl: notify_refreshrate_limit to 160/60/-1
07-02 23:30:29.158   970   970 I SurfaceFlinger: Setting desired display config specs: defaultConfig: 0 primaryRange: [60 60] expandedRange: [0 inf]
07-02 23:30:29.158   970   970 I SurfaceFlinger: setDesiredActiveConfig(60fps)
07-02 23:30:29.252 32149 32149 I ViewInteraction: Performing 'single click' action on view view.getId() is <2131231081/com.example.lunchtray:id/next_button>
07-02 23:30:29.258  4229  4511 D InputTransport: channel '7d148ea com.example.lunchtray/com.example.lunchtray.MainActivity (server)' : action=ACTION_DOWN(0), id=0, displayId=0, tooltype=0, deviceId=-1, source=0x1002, flags=0x0, edgeFlags=0x0, metaState=0x0, buttonState=0x1, downTime=172133247000000, eventTime=172133247000000, pointerCount=1 xos=0, yos=0
07-02 23:30:29.258  4229  4511 D InputTransport: channel 'swipe-up (server)' : action=ACTION_DOWN(0), id=0, displayId=0, tooltype=0, deviceId=-1, source=0x1002, flags=0x0, edgeFlags=0x0, metaState=0x0, buttonState=0x1, downTime=172133247000000, eventTime=172133247000000, pointerCount=1 xos=0, yos=0
07-02 23:30:29.258  4229  4511 D InputTransport: channel 'edge-swipe (server)' : action=ACTION_DOWN(0), id=0, displayId=0, tooltype=0, deviceId=-1, source=0x1002, flags=0x0, edgeFlags=0x0, metaState=0x0, buttonState=0x1, downTime=172133247000000, eventTime=172133247000000, pointerCount=1 xos=0, yos=0
07-02 23:30:29.258  4229  4511 D InputTransport: channel 'swipe-up (server)' : action=ACTION_DOWN(0), id=0, displayId=0, tooltype=0, deviceId=-1, source=0x1002, flags=0x0, edgeFlags=0x0, metaState=0x0, buttonState=0x1, downTime=172133247000000, eventTime=172133247000000, pointerCount=1 xos=0, yos=0
07-02 23:30:29.258  4229  4511 D InputTransport: channel 'swipe-up (server)' : action=ACTION_DOWN(0), id=0, displayId=0, tooltype=0, deviceId=-1, source=0x1002, flags=0x0, edgeFlags=0x0, metaState=0x0, buttonState=0x1, downTime=172133247000000, eventTime=172133247000000, pointerCount=1 xos=0, yos=0
07-02 23:30:29.258  4229  4511 D InputTransport: channel 'PointerEventDispatcher0 (server)' : action=ACTION_DOWN(0), id=0, displayId=0, tooltype=0, deviceId=-1, source=0x1002, flags=0x0, edgeFlags=0x0, metaState=0x0, buttonState=0x1, downTime=172133247000000, eventTime=172133247000000, pointerCount=1 xos=0, yos=0
07-02 23:30:29.258  4229  4511 D InputTransport: channel 'PointerEventDispatcherForRear0 (server)' : action=ACTION_DOWN(0), id=0, displayId=0, tooltype=0, deviceId=-1, source=0x1002, flags=0x0, edgeFlags=0x0, metaState=0x0, buttonState=0x1, downTime=172133247000000, eventTime=172133247000000, pointerCount=1 xos=0, yos=0
07-02 23:30:29.340  4229  4511 D InputTransport: channel '7d148ea com.example.lunchtray/com.example.lunchtray.MainActivity (server)' : action=ACTION_UP(0), id=0, displayId=0, tooltype=1, deviceId=-1, source=0x1002, flags=0x0, edgeFlags=0x0, metaState=0x0, buttonState=0x1, downTime=172133247000000, eventTime=172133328000000, pointerCount=1 xos=0, yos=0
07-02 23:30:29.340  4229  4511 D InputTransport: channel 'swipe-up (server)' : action=ACTION_UP(0), id=0, displayId=0, tooltype=1, deviceId=-1, source=0x1002, flags=0x0, edgeFlags=0x0, metaState=0x0, buttonState=0x1, downTime=172133247000000, eventTime=172133328000000, pointerCount=1 xos=0, yos=0
07-02 23:30:29.340  4229  4511 D InputTransport: channel 'edge-swipe (server)' : action=ACTION_UP(0), id=0, displayId=0, tooltype=1, deviceId=-1, source=0x1002, flags=0x0, edgeFlags=0x0, metaState=0x0, buttonState=0x1, downTime=172133247000000, eventTime=172133328000000, pointerCount=1 xos=0, yos=0
07-02 23:30:29.340  4229  4511 D InputTransport: channel 'swipe-up (server)' : action=ACTION_UP(0), id=0, displayId=0, tooltype=1, deviceId=-1, source=0x1002, flags=0x0, edgeFlags=0x0, metaState=0x0, buttonState=0x1, downTime=172133247000000, eventTime=172133328000000, pointerCount=1 xos=0, yos=0
07-02 23:30:29.340  4229  4511 D InputTransport: channel 'swipe-up (server)' : action=ACTION_UP(0), id=0, displayId=0, tooltype=1, deviceId=-1, source=0x1002, flags=0x0, edgeFlags=0x0, metaState=0x0, buttonState=0x1, downTime=172133247000000, eventTime=172133328000000, pointerCount=1 xos=0, yos=0
07-02 23:30:29.340  4229  4511 D InputTransport: channel 'PointerEventDispatcher0 (server)' : action=ACTION_UP(0), id=0, displayId=0, tooltype=1, deviceId=-1, source=0x1002, flags=0x0, edgeFlags=0x0, metaState=0x0, buttonState=0x1, downTime=172133247000000, eventTime=172133328000000, pointerCount=1 xos=0, yos=0
07-02 23:30:29.340  4229  4511 D InputTransport: channel 'PointerEventDispatcherForRear0 (server)' : action=ACTION_UP(0), id=0, displayId=0, tooltype=1, deviceId=-1, source=0x1002, flags=0x0, edgeFlags=0x0, metaState=0x0, buttonState=0x1, downTime=172133247000000, eventTime=172133328000000, pointerCount=1 xos=0, yos=0
07-02 23:30:29.350 32149 32149 I View    : PerformClick: com.google.android.material.button.MaterialButton{26acfcc VFED..C.. ...p..ID 564,1605-1032,1749 #7f080169 app:id/next_button}
07-02 23:30:29.350 32149 32149 I View    : MotionEvent.ACTION_UP: mPrivateFlags: -2128590800,   mHasPerformedLongPress: false,   mIgnoreNextUpEvent: false
07-02 23:30:29.365  4229  4567 V SoundPool: play(soundID=1, leftVolume=1.000000, rightVolume=1.000000, priority=0, loop=0, rate=1.000000)
07-02 23:30:29.366  4229  4567 V AudioTrack: setSampleRate(5291): prior state:STATE_STOPPED rate:48000
07-02 23:30:29.366  4229  4567 V AudioTrack: start(5291): prior state:STATE_STOPPED
07-02 23:30:29.366  4229  4567 V AudioTrack: start(5291): server read:-251180  cumulative flushed:0  client written:0
07-02 23:30:29.366   965  2034 V AF::Track: start(4816): calling pid 4229 session 23897
07-02 23:30:29.372   965  1326 D APM_AudioPolicyManager: startOutput portId 5291 output primary->(primary output)(13), stream 1, session 23897
07-02 23:30:29.372   965  1326 V APM_AudioPolicyManager: selectOutputForMusicEffects selected output 13
07-02 23:30:29.372   965  1326 V APM_AudioPolicyManager: getNewOutputDevices selected devices {type:0x2,@:}
07-02 23:30:29.372   965  1326 V APM_AudioPolicyManager: setOutputDevices device {type:0x2,@:} delayMs 0
07-02 23:30:29.372   965  1326 V APM_AudioPolicyManager: setOutputDevices() prevDevice {type:0x2,@:}
07-02 23:30:29.372   965  1326 V APM_AudioPolicyManager: setOutputDevices: suppressing checkDeviceMuteStrategies
07-02 23:30:29.372   965  1326 V APM_AudioPolicyManager: setOutputDevices setting same device {type:0x2,@:} or null device, force=0, patch handle=5258
07-02 23:30:29.373  4229  4567 V SoundPool: play returned 12434
07-02 23:30:29.373  4229  5209 V AudioSystem: ioConfigChanged() event 8
07-02 23:30:29.373  4229  5209 V AudioSystem: ioConfigChanged() AUDIO_CLIENT_STARTED  io 13 port 5291 num callbacks 0
07-02 23:30:29.379  4696  4696 I NetworkController.WifiSignalController: Change in state to: connected=true,enabled=true,level=3,inetCondition=1,iconGroup=IconGroup(Default Wi-Fi Icons),activityIn=true,activityOut=true,rssi=-62,lteadvancedmode=0,ssid="Node",wifiStandard=0,isReady=false,isTransient=false,statusLabel=null,isGigaWiFi=false,isAttWifiCall=false,detailedState=CONNECTED
07-02 23:30:29.379  4696  4696 I NetworkController: [getDataController] getDefaultDataSubId : dataSubId is 3
07-02 23:30:29.380  4696  4696 I NetworkController.WifiSignalController: updateIconGroup() : mWifiGeneration = 4
07-02 23:30:29.380  4696  4696 I NetworkController.WifiSignalController: updateIconGroup() : connected = true, mCurrentState.isAttWifiCall = false
07-02 23:30:29.381  4696  4696 I MSimUtils: getSubId : 3
07-02 23:30:29.382  4696  4696 I MSimUtils: getSubId : 3
07-02 23:30:29.410  4696  4696 D BarBackgroundDrawable: draw() : targetColor = 0, canvas = android.graphics.RecordingCanvas@243f64e, this = com.android.systemui.statusbar.phone.BarTransitions$BarBackgroundDrawable@575c7c9
07-02 23:30:29.423  4696  4696 D StatusBarNotificationPresenter: isShowNotificationIconsOnly() orientation: 1
07-02 23:30:29.426   965  1885 V AF::Track: getNextBuffer(4816): underrun,  framesReady(0) < framesDesired(236), state: 6
07-02 23:30:29.429  4229 32186 V AudioTrack: stop(5291): prior state:STATE_ACTIVE
07-02 23:30:29.429   965  2034 V AF::Track: stop(4816): calling pid 4229
07-02 23:30:29.451   965  1887 D AF::Track: presentationComplete(4816): presentationComplete() reset: mPresentationCompleteFrames 1796160 audioHalFrames 960
07-02 23:30:29.470   965  1887 V AF::Track: presentationComplete(4816): presentationComplete() mPresentationCompleteFrames 1796160 framesWritten 1796160
07-02 23:30:29.478   965  1326 V APM_AudioPolicyManager: stopOutput() portId 5291 output 13, stream 1, session 23897
07-02 23:30:29.478   965  1326 V APM_AudioPolicyManager: getNewOutputDevices selected devices AUDIO_DEVICE_NONE
07-02 23:30:29.478   965  1326 V APM_AudioPolicyManager: setOutputDevices device AUDIO_DEVICE_NONE delayMs 120
07-02 23:30:29.478   965  1326 V APM_AudioPolicyManager: setOutputDevices() prevDevice {type:0x2,@:}
07-02 23:30:29.479   965  1326 W APM::AudioPolicyEngine: getDevicesForStrategy() unknown strategy: -1
07-02 23:30:29.479   965  1326 V APM_AudioPolicyManager: setOutputDevices setting same device AUDIO_DEVICE_NONE or null device, force=0, patch handle=5258
07-02 23:30:29.480   965  1326 V APM_AudioPolicyManager: selectOutputForMusicEffects selected output 13
07-02 23:30:29.778 32149 32149 I ViewInteraction: Performing 'single click' action on view view.getId() is <2131230835/com.example.lunchtray:id/bread>
07-02 23:30:29.784  4229  4511 D InputTransport: channel '7d148ea com.example.lunchtray/com.example.lunchtray.MainActivity (server)' : action=ACTION_DOWN(0), id=0, displayId=0, tooltype=0, deviceId=-1, source=0x1002, flags=0x0, edgeFlags=0x0, metaState=0x0, buttonState=0x1, downTime=172133774000000, eventTime=172133774000000, pointerCount=1 xos=0, yos=0
07-02 23:30:29.785  4229  4511 D InputTransport: channel 'swipe-up (server)' : action=ACTION_DOWN(0), id=0, displayId=0, tooltype=0, deviceId=-1, source=0x1002, flags=0x0, edgeFlags=0x0, metaState=0x0, buttonState=0x1, downTime=172133774000000, eventTime=172133774000000, pointerCount=1 xos=0, yos=0
07-02 23:30:29.785  4229  4511 D InputTransport: channel 'edge-swipe (server)' : action=ACTION_DOWN(0), id=0, displayId=0, tooltype=0, deviceId=-1, source=0x1002, flags=0x0, edgeFlags=0x0, metaState=0x0, buttonState=0x1, downTime=172133774000000, eventTime=172133774000000, pointerCount=1 xos=0, yos=0
07-02 23:30:29.785  4229  4511 D InputTransport: channel 'swipe-up (server)' : action=ACTION_DOWN(0), id=0, displayId=0, tooltype=0, deviceId=-1, source=0x1002, flags=0x0, edgeFlags=0x0, metaState=0x0, buttonState=0x1, downTime=172133774000000, eventTime=172133774000000, pointerCount=1 xos=0, yos=0
07-02 23:30:29.785  4229  4511 D InputTransport: channel 'swipe-up (server)' : action=ACTION_DOWN(0), id=0, displayId=0, tooltype=0, deviceId=-1, source=0x1002, flags=0x0, edgeFlags=0x0, metaState=0x0, buttonState=0x1, downTime=172133774000000, eventTime=172133774000000, pointerCount=1 xos=0, yos=0
07-02 23:30:29.785  4229  4511 D InputTransport: channel 'PointerEventDispatcher0 (server)' : action=ACTION_DOWN(0), id=0, displayId=0, tooltype=0, deviceId=-1, source=0x1002, flags=0x0, edgeFlags=0x0, metaState=0x0, buttonState=0x1, downTime=172133774000000, eventTime=172133774000000, pointerCount=1 xos=0, yos=0
07-02 23:30:29.785  4229  4511 D InputTransport: channel 'PointerEventDispatcherForRear0 (server)' : action=ACTION_DOWN(0), id=0, displayId=0, tooltype=0, deviceId=-1, source=0x1002, flags=0x0, edgeFlags=0x0, metaState=0x0, buttonState=0x1, downTime=172133774000000, eventTime=172133774000000, pointerCount=1 xos=0, yos=0
07-02 23:30:29.867  4229  4511 D InputTransport: channel '7d148ea com.example.lunchtray/com.example.lunchtray.MainActivity (server)' : action=ACTION_UP(0), id=0, displayId=0, tooltype=1, deviceId=-1, source=0x1002, flags=0x0, edgeFlags=0x0, metaState=0x0, buttonState=0x1, downTime=172133774000000, eventTime=172133857000000, pointerCount=1 xos=0, yos=0
07-02 23:30:29.867  4229  4511 D InputTransport: channel 'swipe-up (server)' : action=ACTION_UP(0), id=0, displayId=0, tooltype=1, deviceId=-1, source=0x1002, flags=0x0, edgeFlags=0x0, metaState=0x0, buttonState=0x1, downTime=172133774000000, eventTime=172133857000000, pointerCount=1 xos=0, yos=0
07-02 23:30:29.868  4229  4511 D InputTransport: channel 'edge-swipe (server)' : action=ACTION_UP(0), id=0, displayId=0, tooltype=1, deviceId=-1, source=0x1002, flags=0x0, edgeFlags=0x0, metaState=0x0, buttonState=0x1, downTime=172133774000000, eventTime=172133857000000, pointerCount=1 xos=0, yos=0
07-02 23:30:29.868  4229  4511 D InputTransport: channel 'swipe-up (server)' : action=ACTION_UP(0), id=0, displayId=0, tooltype=1, deviceId=-1, source=0x1002, flags=0x0, edgeFlags=0x0, metaState=0x0, buttonState=0x1, downTime=172133774000000, eventTime=172133857000000, pointerCount=1 xos=0, yos=0
07-02 23:30:29.868  4229  4511 D InputTransport: channel 'swipe-up (server)' : action=ACTION_UP(0), id=0, displayId=0, tooltype=1, deviceId=-1, source=0x1002, flags=0x0, edgeFlags=0x0, metaState=0x0, buttonState=0x1, downTime=172133774000000, eventTime=172133857000000, pointerCount=1 xos=0, yos=0
07-02 23:30:29.868  4229  4511 D InputTransport: channel 'PointerEventDispatcher0 (server)' : action=ACTION_UP(0), id=0, displayId=0, tooltype=1, deviceId=-1, source=0x1002, flags=0x0, edgeFlags=0x0, metaState=0x0, buttonState=0x1, downTime=172133774000000, eventTime=172133857000000, pointerCount=1 xos=0, yos=0
07-02 23:30:29.868  4229  4511 D InputTransport: channel 'PointerEventDispatcherForRear0 (server)' : action=ACTION_UP(0), id=0, displayId=0, tooltype=1, deviceId=-1, source=0x1002, flags=0x0, edgeFlags=0x0, metaState=0x0, buttonState=0x1, downTime=172133774000000, eventTime=172133857000000, pointerCount=1 xos=0, yos=0
07-02 23:30:29.872 32149 32149 I View    : PerformClick: com.google.android.material.radiobutton.MaterialRadioButton{5dc0889 VFED..C.. ...p..ID 0,0-358,144 #7f080073 app:id/bread}
07-02 23:30:29.873 32149 32149 I View    : MotionEvent.ACTION_UP: mPrivateFlags: -2128590800,   mHasPerformedLongPress: false,   mIgnoreNextUpEvent: false
07-02 23:30:29.890  4229  4567 V SoundPool: play(soundID=1, leftVolume=1.000000, rightVolume=1.000000, priority=0, loop=0, rate=1.000000)
07-02 23:30:29.891  4229  4567 V AudioTrack: setSampleRate(5291): prior state:STATE_STOPPED rate:48000
07-02 23:30:29.891  4229  4567 V AudioTrack: start(5291): prior state:STATE_STOPPED
07-02 23:30:29.891  4229  4567 V AudioTrack: start(5291): server read:-253824  cumulative flushed:0  client written:0
07-02 23:30:29.892   965  2034 V AF::Track: start(4816): calling pid 4229 session 23897
07-02 23:30:29.893   965  1326 D APM_AudioPolicyManager: startOutput portId 5291 output primary->(primary output)(13), stream 1, session 23897
07-02 23:30:29.893   965  1326 V APM_AudioPolicyManager: selectOutputForMusicEffects selected output 13
07-02 23:30:29.894   965  1326 V APM_AudioPolicyManager: getNewOutputDevices selected devices {type:0x2,@:}
07-02 23:30:29.894   965  1326 V APM_AudioPolicyManager: setOutputDevices device {type:0x2,@:} delayMs 0
07-02 23:30:29.894   965  1326 V APM_AudioPolicyManager: setOutputDevices() prevDevice {type:0x2,@:}
07-02 23:30:29.894   965  1326 V APM_AudioPolicyManager: setOutputDevices: suppressing checkDeviceMuteStrategies
07-02 23:30:29.894   965  1326 V APM_AudioPolicyManager: setOutputDevices setting same device {type:0x2,@:} or null device, force=0, patch handle=5258
07-02 23:30:29.895  4229  4567 V SoundPool: play returned 12438
07-02 23:30:29.897  4229  5209 V AudioSystem: ioConfigChanged() event 8
07-02 23:30:29.897  4229  5209 V AudioSystem: ioConfigChanged() AUDIO_CLIENT_STARTED  io 13 port 5291 num callbacks 0
07-02 23:30:29.946   965  1885 V AF::Track: getNextBuffer(4816): underrun,  framesReady(0) < framesDesired(236), state: 6
07-02 23:30:29.950   965  1887 D AF::Track: presentationComplete(4816): presentationComplete() reset: mPresentationCompleteFrames 1820160 audioHalFrames 960
07-02 23:30:29.951  4229 32186 V AudioTrack: stop(5291): prior state:STATE_ACTIVE
07-02 23:30:29.951   965  2034 V AF::Track: stop(4816): calling pid 4229
07-02 23:30:29.991   965  1887 V AF::Track: presentationComplete(4816): presentationComplete() mPresentationCompleteFrames 1820160 framesWritten 1821120
07-02 23:30:29.998   965  1326 V APM_AudioPolicyManager: stopOutput() portId 5291 output 13, stream 1, session 23897
07-02 23:30:29.998   965  1326 V APM_AudioPolicyManager: getNewOutputDevices selected devices AUDIO_DEVICE_NONE
07-02 23:30:29.998   965  1326 V APM_AudioPolicyManager: setOutputDevices device AUDIO_DEVICE_NONE delayMs 120
07-02 23:30:29.998   965  1326 V APM_AudioPolicyManager: setOutputDevices() prevDevice {type:0x2,@:}
07-02 23:30:29.999   965  1326 W APM::AudioPolicyEngine: getDevicesForStrategy() unknown strategy: -1
07-02 23:30:30.000   965  1326 V APM_AudioPolicyManager: setOutputDevices setting same device AUDIO_DEVICE_NONE or null device, force=0, patch handle=5258
07-02 23:30:30.000   965  1326 V APM_AudioPolicyManager: selectOutputForMusicEffects selected output 13
07-02 23:30:30.253 32149 32149 I ViewInteraction: Performing 'single click' action on view view.getId() is <2131231081/com.example.lunchtray:id/next_button>
07-02 23:30:30.259  4229  4511 D InputTransport: channel '7d148ea com.example.lunchtray/com.example.lunchtray.MainActivity (server)' : action=ACTION_DOWN(0), id=0, displayId=0, tooltype=0, deviceId=-1, source=0x1002, flags=0x0, edgeFlags=0x0, metaState=0x0, buttonState=0x1, downTime=172134248000000, eventTime=172134248000000, pointerCount=1 xos=0, yos=0
07-02 23:30:30.259  4229  4511 D InputTransport: channel 'swipe-up (server)' : action=ACTION_DOWN(0), id=0, displayId=0, tooltype=0, deviceId=-1, source=0x1002, flags=0x0, edgeFlags=0x0, metaState=0x0, buttonState=0x1, downTime=172134248000000, eventTime=172134248000000, pointerCount=1 xos=0, yos=0
07-02 23:30:30.259  4229  4511 D InputTransport: channel 'edge-swipe (server)' : action=ACTION_DOWN(0), id=0, displayId=0, tooltype=0, deviceId=-1, source=0x1002, flags=0x0, edgeFlags=0x0, metaState=0x0, buttonState=0x1, downTime=172134248000000, eventTime=172134248000000, pointerCount=1 xos=0, yos=0
07-02 23:30:30.259  4229  4511 D InputTransport: channel 'swipe-up (server)' : action=ACTION_DOWN(0), id=0, displayId=0, tooltype=0, deviceId=-1, source=0x1002, flags=0x0, edgeFlags=0x0, metaState=0x0, buttonState=0x1, downTime=172134248000000, eventTime=172134248000000, pointerCount=1 xos=0, yos=0
07-02 23:30:30.259  4229  4511 D InputTransport: channel 'swipe-up (server)' : action=ACTION_DOWN(0), id=0, displayId=0, tooltype=0, deviceId=-1, source=0x1002, flags=0x0, edgeFlags=0x0, metaState=0x0, buttonState=0x1, downTime=172134248000000, eventTime=172134248000000, pointerCount=1 xos=0, yos=0
07-02 23:30:30.259  4229  4511 D InputTransport: channel 'PointerEventDispatcher0 (server)' : action=ACTION_DOWN(0), id=0, displayId=0, tooltype=0, deviceId=-1, source=0x1002, flags=0x0, edgeFlags=0x0, metaState=0x0, buttonState=0x1, downTime=172134248000000, eventTime=172134248000000, pointerCount=1 xos=0, yos=0
07-02 23:30:30.259  4229  4511 D InputTransport: channel 'PointerEventDispatcherForRear0 (server)' : action=ACTION_DOWN(0), id=0, displayId=0, tooltype=0, deviceId=-1, source=0x1002, flags=0x0, edgeFlags=0x0, metaState=0x0, buttonState=0x1, downTime=172134248000000, eventTime=172134248000000, pointerCount=1 xos=0, yos=0
07-02 23:30:30.340  4229  4511 D InputTransport: channel '7d148ea com.example.lunchtray/com.example.lunchtray.MainActivity (server)' : action=ACTION_UP(0), id=0, displayId=0, tooltype=1, deviceId=-1, source=0x1002, flags=0x0, edgeFlags=0x0, metaState=0x0, buttonState=0x1, downTime=172134248000000, eventTime=172134330000000, pointerCount=1 xos=0, yos=0
07-02 23:30:30.340  4229  4511 D InputTransport: channel 'swipe-up (server)' : action=ACTION_UP(0), id=0, displayId=0, tooltype=1, deviceId=-1, source=0x1002, flags=0x0, edgeFlags=0x0, metaState=0x0, buttonState=0x1, downTime=172134248000000, eventTime=172134330000000, pointerCount=1 xos=0, yos=0
07-02 23:30:30.341  4229  4511 D InputTransport: channel 'edge-swipe (server)' : action=ACTION_UP(0), id=0, displayId=0, tooltype=1, deviceId=-1, source=0x1002, flags=0x0, edgeFlags=0x0, metaState=0x0, buttonState=0x1, downTime=172134248000000, eventTime=172134330000000, pointerCount=1 xos=0, yos=0
07-02 23:30:30.341  4229  4511 D InputTransport: channel 'swipe-up (server)' : action=ACTION_UP(0), id=0, displayId=0, tooltype=1, deviceId=-1, source=0x1002, flags=0x0, edgeFlags=0x0, metaState=0x0, buttonState=0x1, downTime=172134248000000, eventTime=172134330000000, pointerCount=1 xos=0, yos=0
07-02 23:30:30.341  4229  4511 D InputTransport: channel 'swipe-up (server)' : action=ACTION_UP(0), id=0, displayId=0, tooltype=1, deviceId=-1, source=0x1002, flags=0x0, edgeFlags=0x0, metaState=0x0, buttonState=0x1, downTime=172134248000000, eventTime=172134330000000, pointerCount=1 xos=0, yos=0
07-02 23:30:30.341  4229  4511 D InputTransport: channel 'PointerEventDispatcher0 (server)' : action=ACTION_UP(0), id=0, displayId=0, tooltype=1, deviceId=-1, source=0x1002, flags=0x0, edgeFlags=0x0, metaState=0x0, buttonState=0x1, downTime=172134248000000, eventTime=172134330000000, pointerCount=1 xos=0, yos=0
07-02 23:30:30.341  4229  4511 D InputTransport: channel 'PointerEventDispatcherForRear0 (server)' : action=ACTION_UP(0), id=0, displayId=0, tooltype=1, deviceId=-1, source=0x1002, flags=0x0, edgeFlags=0x0, metaState=0x0, buttonState=0x1, downTime=172134248000000, eventTime=172134330000000, pointerCount=1 xos=0, yos=0
07-02 23:30:30.346 32149 32149 I View    : PerformClick: com.google.android.material.button.MaterialButton{fa7d7dd VFED..C.. ...p..ID 564,1232-1032,1376 #7f080169 app:id/next_button}
07-02 23:30:30.346 32149 32149 I View    : MotionEvent.ACTION_UP: mPrivateFlags: -2128590800,   mHasPerformedLongPress: false,   mIgnoreNextUpEvent: false
07-02 23:30:30.351  4229  4567 V SoundPool: play(soundID=1, leftVolume=1.000000, rightVolume=1.000000, priority=0, loop=0, rate=1.000000)
07-02 23:30:30.352  4229  4567 V AudioTrack: setSampleRate(5291): prior state:STATE_STOPPED rate:48000
07-02 23:30:30.353  4229  4567 V AudioTrack: start(5291): prior state:STATE_STOPPED
07-02 23:30:30.353  4229  4567 V AudioTrack: start(5291): server read:-256468  cumulative flushed:0  client written:0
07-02 23:30:30.353   965  2034 V AF::Track: start(4816): calling pid 4229 session 23897
07-02 23:30:30.354   965  1326 D APM_AudioPolicyManager: startOutput portId 5291 output primary->(primary output)(13), stream 1, session 23897
07-02 23:30:30.354   965  1326 V APM_AudioPolicyManager: selectOutputForMusicEffects selected output 13
07-02 23:30:30.355   965  1326 V APM_AudioPolicyManager: getNewOutputDevices selected devices {type:0x2,@:}
07-02 23:30:30.355   965  1326 V APM_AudioPolicyManager: setOutputDevices device {type:0x2,@:} delayMs 0
07-02 23:30:30.355   965  1326 V APM_AudioPolicyManager: setOutputDevices() prevDevice {type:0x2,@:}
07-02 23:30:30.355   965  1326 V APM_AudioPolicyManager: setOutputDevices: suppressing checkDeviceMuteStrategies
07-02 23:30:30.355   965  1326 V APM_AudioPolicyManager: setOutputDevices setting same device {type:0x2,@:} or null device, force=0, patch handle=5258
07-02 23:30:30.356  4229  4567 V SoundPool: play returned 12439
07-02 23:30:30.358  4229  5209 V AudioSystem: ioConfigChanged() event 8
07-02 23:30:30.358  4229  5209 V AudioSystem: ioConfigChanged() AUDIO_CLIENT_STARTED  io 13 port 5291 num callbacks 0
07-02 23:30:30.407   965  1885 V AF::Track: getNextBuffer(4816): underrun,  framesReady(0) < framesDesired(236), state: 6
07-02 23:30:30.411   965  1887 D AF::Track: presentationComplete(4816): presentationComplete() reset: mPresentationCompleteFrames 1842240 audioHalFrames 960
07-02 23:30:30.412  4229 32186 V AudioTrack: stop(5291): prior state:STATE_ACTIVE
07-02 23:30:30.412   965  2034 V AF::Track: stop(4816): calling pid 4229
07-02 23:30:30.451   965  1887 V AF::Track: presentationComplete(4816): presentationComplete() mPresentationCompleteFrames 1842240 framesWritten 1843200
07-02 23:30:30.458   965  1326 V APM_AudioPolicyManager: stopOutput() portId 5291 output 13, stream 1, session 23897
07-02 23:30:30.458   965  1326 V APM_AudioPolicyManager: getNewOutputDevices selected devices AUDIO_DEVICE_NONE
07-02 23:30:30.458   965  1326 V APM_AudioPolicyManager: setOutputDevices device AUDIO_DEVICE_NONE delayMs 120
07-02 23:30:30.459   965  1326 V APM_AudioPolicyManager: setOutputDevices() prevDevice {type:0x2,@:}
07-02 23:30:30.460   965  1326 W APM::AudioPolicyEngine: getDevicesForStrategy() unknown strategy: -1
07-02 23:30:30.460   965  1326 V APM_AudioPolicyManager: setOutputDevices setting same device AUDIO_DEVICE_NONE or null device, force=0, patch handle=5258
07-02 23:30:30.460   965  1326 V APM_AudioPolicyManager: selectOutputForMusicEffects selected output 13
07-02 23:30:30.744 32149 32149 I ViewInteraction: Performing 'single click' action on view view.getId() is <2131230842/com.example.lunchtray:id/cancel_button>
07-02 23:30:30.753  4229  4511 D InputTransport: channel '7d148ea com.example.lunchtray/com.example.lunchtray.MainActivity (server)' : action=ACTION_DOWN(0), id=0, displayId=0, tooltype=0, deviceId=-1, source=0x1002, flags=0x0, edgeFlags=0x0, metaState=0x0, buttonState=0x1, downTime=172134741000000, eventTime=172134741000000, pointerCount=1 xos=0, yos=0
07-02 23:30:30.753  4229  4511 D InputTransport: channel 'swipe-up (server)' : action=ACTION_DOWN(0), id=0, displayId=0, tooltype=0, deviceId=-1, source=0x1002, flags=0x0, edgeFlags=0x0, metaState=0x0, buttonState=0x1, downTime=172134741000000, eventTime=172134741000000, pointerCount=1 xos=0, yos=0
07-02 23:30:30.753  4229  4511 D InputTransport: channel 'edge-swipe (server)' : action=ACTION_DOWN(0), id=0, displayId=0, tooltype=0, deviceId=-1, source=0x1002, flags=0x0, edgeFlags=0x0, metaState=0x0, buttonState=0x1, downTime=172134741000000, eventTime=172134741000000, pointerCount=1 xos=0, yos=0
07-02 23:30:30.753  4229  4511 D InputTransport: channel 'swipe-up (server)' : action=ACTION_DOWN(0), id=0, displayId=0, tooltype=0, deviceId=-1, source=0x1002, flags=0x0, edgeFlags=0x0, metaState=0x0, buttonState=0x1, downTime=172134741000000, eventTime=172134741000000, pointerCount=1 xos=0, yos=0
07-02 23:30:30.753  4229  4511 D InputTransport: channel 'swipe-up (server)' : action=ACTION_DOWN(0), id=0, displayId=0, tooltype=0, deviceId=-1, source=0x1002, flags=0x0, edgeFlags=0x0, metaState=0x0, buttonState=0x1, downTime=172134741000000, eventTime=172134741000000, pointerCount=1 xos=0, yos=0
07-02 23:30:30.753  4229  4511 D InputTransport: channel 'PointerEventDispatcher0 (server)' : action=ACTION_DOWN(0), id=0, displayId=0, tooltype=0, deviceId=-1, source=0x1002, flags=0x0, edgeFlags=0x0, metaState=0x0, buttonState=0x1, downTime=172134741000000, eventTime=172134741000000, pointerCount=1 xos=0, yos=0
07-02 23:30:30.754  4229  4511 D InputTransport: channel 'PointerEventDispatcherForRear0 (server)' : action=ACTION_DOWN(0), id=0, displayId=0, tooltype=0, deviceId=-1, source=0x1002, flags=0x0, edgeFlags=0x0, metaState=0x0, buttonState=0x1, downTime=172134741000000, eventTime=172134741000000, pointerCount=1 xos=0, yos=0
07-02 23:30:30.833  4229  4511 D InputTransport: channel '7d148ea com.example.lunchtray/com.example.lunchtray.MainActivity (server)' : action=ACTION_UP(0), id=0, displayId=0, tooltype=1, deviceId=-1, source=0x1002, flags=0x0, edgeFlags=0x0, metaState=0x0, buttonState=0x1, downTime=172134741000000, eventTime=172134823000000, pointerCount=1 xos=0, yos=0
07-02 23:30:30.833  4229  4511 D InputTransport: channel 'swipe-up (server)' : action=ACTION_UP(0), id=0, displayId=0, tooltype=1, deviceId=-1, source=0x1002, flags=0x0, edgeFlags=0x0, metaState=0x0, buttonState=0x1, downTime=172134741000000, eventTime=172134823000000, pointerCount=1 xos=0, yos=0
07-02 23:30:30.833  4229  4511 D InputTransport: channel 'edge-swipe (server)' : action=ACTION_UP(0), id=0, displayId=0, tooltype=1, deviceId=-1, source=0x1002, flags=0x0, edgeFlags=0x0, metaState=0x0, buttonState=0x1, downTime=172134741000000, eventTime=172134823000000, pointerCount=1 xos=0, yos=0
07-02 23:30:30.833  4229  4511 D InputTransport: channel 'swipe-up (server)' : action=ACTION_UP(0), id=0, displayId=0, tooltype=1, deviceId=-1, source=0x1002, flags=0x0, edgeFlags=0x0, metaState=0x0, buttonState=0x1, downTime=172134741000000, eventTime=172134823000000, pointerCount=1 xos=0, yos=0
07-02 23:30:30.833  4229  4511 D InputTransport: channel 'swipe-up (server)' : action=ACTION_UP(0), id=0, displayId=0, tooltype=1, deviceId=-1, source=0x1002, flags=0x0, edgeFlags=0x0, metaState=0x0, buttonState=0x1, downTime=172134741000000, eventTime=172134823000000, pointerCount=1 xos=0, yos=0
07-02 23:30:30.834  4229  4511 D InputTransport: channel 'PointerEventDispatcher0 (server)' : action=ACTION_UP(0), id=0, displayId=0, tooltype=1, deviceId=-1, source=0x1002, flags=0x0, edgeFlags=0x0, metaState=0x0, buttonState=0x1, downTime=172134741000000, eventTime=172134823000000, pointerCount=1 xos=0, yos=0
07-02 23:30:30.834  4229  4511 D InputTransport: channel 'PointerEventDispatcherForRear0 (server)' : action=ACTION_UP(0), id=0, displayId=0, tooltype=1, deviceId=-1, source=0x1002, flags=0x0, edgeFlags=0x0, metaState=0x0, buttonState=0x1, downTime=172134741000000, eventTime=172134823000000, pointerCount=1 xos=0, yos=0
07-02 23:30:30.846 32149 32149 I View    : PerformClick: com.google.android.material.button.MaterialButton{e55fb1f VFED..C.. ...p..ID 48,889-1032,1033 #7f08007a app:id/cancel_button}
07-02 23:30:30.847 32149 32149 I View    : MotionEvent.ACTION_UP: mPrivateFlags: -2128590800,   mHasPerformedLongPress: false,   mIgnoreNextUpEvent: false
07-02 23:30:30.856  4229  4567 V SoundPool: play(soundID=1, leftVolume=1.000000, rightVolume=1.000000, priority=0, loop=0, rate=1.000000)
07-02 23:30:30.857  4229  4567 V AudioTrack: setSampleRate(5291): prior state:STATE_STOPPED rate:48000
07-02 23:30:30.857  4229  4567 V AudioTrack: start(5291): prior state:STATE_STOPPED
07-02 23:30:30.857  4229  4567 V AudioTrack: start(5291): server read:-259112  cumulative flushed:0  client written:0
07-02 23:30:30.858   965  2034 V AF::Track: start(4816): calling pid 4229 session 23897
07-02 23:30:30.862   965  1326 D APM_AudioPolicyManager: startOutput portId 5291 output primary->(primary output)(13), stream 1, session 23897
07-02 23:30:30.862   965  1326 V APM_AudioPolicyManager: selectOutputForMusicEffects selected output 13
07-02 23:30:30.863   965  1326 V APM_AudioPolicyManager: getNewOutputDevices selected devices {type:0x2,@:}
07-02 23:30:30.863   965  1326 V APM_AudioPolicyManager: setOutputDevices device {type:0x2,@:} delayMs 0
07-02 23:30:30.863   965  1326 V APM_AudioPolicyManager: setOutputDevices() prevDevice {type:0x2,@:}
07-02 23:30:30.863   965  1326 V APM_AudioPolicyManager: setOutputDevices: suppressing checkDeviceMuteStrategies
07-02 23:30:30.863   965  1326 V APM_AudioPolicyManager: setOutputDevices setting same device {type:0x2,@:} or null device, force=0, patch handle=5258
07-02 23:30:30.864  4229  4567 V SoundPool: play returned 12440
07-02 23:30:30.870  4229  5209 V AudioSystem: ioConfigChanged() event 8
07-02 23:30:30.871  4229  5209 V AudioSystem: ioConfigChanged() AUDIO_CLIENT_STARTED  io 13 port 5291 num callbacks 0
07-02 23:30:30.927   965  1885 V AF::Track: getNextBuffer(4816): underrun,  framesReady(0) < framesDesired(236), state: 6
07-02 23:30:30.931   965  1887 D AF::Track: presentationComplete(4816): presentationComplete() reset: mPresentationCompleteFrames 1867200 audioHalFrames 960
07-02 23:30:30.937  4229 32186 V AudioTrack: stop(5291): prior state:STATE_ACTIVE
07-02 23:30:30.937   965  2034 V AF::Track: stop(4816): calling pid 4229
07-02 23:30:30.970   965  1887 V AF::Track: presentationComplete(4816): presentationComplete() mPresentationCompleteFrames 1867200 framesWritten 1868160
07-02 23:30:30.978   965  1326 V APM_AudioPolicyManager: stopOutput() portId 5291 output 13, stream 1, session 23897
07-02 23:30:30.978   965  1326 V APM_AudioPolicyManager: getNewOutputDevices selected devices AUDIO_DEVICE_NONE
07-02 23:30:30.978   965  1326 V APM_AudioPolicyManager: setOutputDevices device AUDIO_DEVICE_NONE delayMs 120
07-02 23:30:30.978   965  1326 V APM_AudioPolicyManager: setOutputDevices() prevDevice {type:0x2,@:}
07-02 23:30:30.979   965  1326 W APM::AudioPolicyEngine: getDevicesForStrategy() unknown strategy: -1
07-02 23:30:30.980   965  1326 V APM_AudioPolicyManager: setOutputDevices setting same device AUDIO_DEVICE_NONE or null device, force=0, patch handle=5258
07-02 23:30:30.980   965  1326 V APM_AudioPolicyManager: selectOutputForMusicEffects selected output 13
07-02 23:30:31.257 32149 32149 I ViewInteraction: Performing 'single click' action on view view.getId() is <2131231208/com.example.lunchtray:id/start_order_btn>
07-02 23:30:31.264  4229  4511 D InputTransport: channel '7d148ea com.example.lunchtray/com.example.lunchtray.MainActivity (server)' : action=ACTION_DOWN(0), id=0, displayId=0, tooltype=0, deviceId=-1, source=0x1002, flags=0x0, edgeFlags=0x0, metaState=0x0, buttonState=0x1, downTime=172135253000000, eventTime=172135253000000, pointerCount=1 xos=0, yos=0
07-02 23:30:31.265  4229  4511 D InputTransport: channel 'swipe-up (server)' : action=ACTION_DOWN(0), id=0, displayId=0, tooltype=0, deviceId=-1, source=0x1002, flags=0x0, edgeFlags=0x0, metaState=0x0, buttonState=0x1, downTime=172135253000000, eventTime=172135253000000, pointerCount=1 xos=0, yos=0
07-02 23:30:31.265  4229  4511 D InputTransport: channel 'edge-swipe (server)' : action=ACTION_DOWN(0), id=0, displayId=0, tooltype=0, deviceId=-1, source=0x1002, flags=0x0, edgeFlags=0x0, metaState=0x0, buttonState=0x1, downTime=172135253000000, eventTime=172135253000000, pointerCount=1 xos=0, yos=0
07-02 23:30:31.265  4229  4511 D InputTransport: channel 'swipe-up (server)' : action=ACTION_DOWN(0), id=0, displayId=0, tooltype=0, deviceId=-1, source=0x1002, flags=0x0, edgeFlags=0x0, metaState=0x0, buttonState=0x1, downTime=172135253000000, eventTime=172135253000000, pointerCount=1 xos=0, yos=0
07-02 23:30:31.265  4229  4511 D InputTransport: channel 'swipe-up (server)' : action=ACTION_DOWN(0), id=0, displayId=0, tooltype=0, deviceId=-1, source=0x1002, flags=0x0, edgeFlags=0x0, metaState=0x0, buttonState=0x1, downTime=172135253000000, eventTime=172135253000000, pointerCount=1 xos=0, yos=0
07-02 23:30:31.265  4229  4511 D InputTransport: channel 'PointerEventDispatcher0 (server)' : action=ACTION_DOWN(0), id=0, displayId=0, tooltype=0, deviceId=-1, source=0x1002, flags=0x0, edgeFlags=0x0, metaState=0x0, buttonState=0x1, downTime=172135253000000, eventTime=172135253000000, pointerCount=1 xos=0, yos=0
07-02 23:30:31.265  4229  4511 D InputTransport: channel 'PointerEventDispatcherForRear0 (server)' : action=ACTION_DOWN(0), id=0, displayId=0, tooltype=0, deviceId=-1, source=0x1002, flags=0x0, edgeFlags=0x0, metaState=0x0, buttonState=0x1, downTime=172135253000000, eventTime=172135253000000, pointerCount=1 xos=0, yos=0
07-02 23:30:31.345  4229  4511 D InputTransport: channel '7d148ea com.example.lunchtray/com.example.lunchtray.MainActivity (server)' : action=ACTION_UP(0), id=0, displayId=0, tooltype=1, deviceId=-1, source=0x1002, flags=0x0, edgeFlags=0x0, metaState=0x0, buttonState=0x1, downTime=172135253000000, eventTime=172135335000000, pointerCount=1 xos=0, yos=0
07-02 23:30:31.346  4229  4511 D InputTransport: channel 'swipe-up (server)' : action=ACTION_UP(0), id=0, displayId=0, tooltype=1, deviceId=-1, source=0x1002, flags=0x0, edgeFlags=0x0, metaState=0x0, buttonState=0x1, downTime=172135253000000, eventTime=172135335000000, pointerCount=1 xos=0, yos=0
07-02 23:30:31.346  4229  4511 D InputTransport: channel 'edge-swipe (server)' : action=ACTION_UP(0), id=0, displayId=0, tooltype=1, deviceId=-1, source=0x1002, flags=0x0, edgeFlags=0x0, metaState=0x0, buttonState=0x1, downTime=172135253000000, eventTime=172135335000000, pointerCount=1 xos=0, yos=0
07-02 23:30:31.347  4229  4511 D InputTransport: channel 'swipe-up (server)' : action=ACTION_UP(0), id=0, displayId=0, tooltype=1, deviceId=-1, source=0x1002, flags=0x0, edgeFlags=0x0, metaState=0x0, buttonState=0x1, downTime=172135253000000, eventTime=172135335000000, pointerCount=1 xos=0, yos=0
07-02 23:30:31.347  4229  4511 D InputTransport: channel 'swipe-up (server)' : action=ACTION_UP(0), id=0, displayId=0, tooltype=1, deviceId=-1, source=0x1002, flags=0x0, edgeFlags=0x0, metaState=0x0, buttonState=0x1, downTime=172135253000000, eventTime=172135335000000, pointerCount=1 xos=0, yos=0
07-02 23:30:31.347  4229  4511 D InputTransport: channel 'PointerEventDispatcher0 (server)' : action=ACTION_UP(0), id=0, displayId=0, tooltype=1, deviceId=-1, source=0x1002, flags=0x0, edgeFlags=0x0, metaState=0x0, buttonState=0x1, downTime=172135253000000, eventTime=172135335000000, pointerCount=1 xos=0, yos=0
07-02 23:30:31.348  4229  4511 D InputTransport: channel 'PointerEventDispatcherForRear0 (server)' : action=ACTION_UP(0), id=0, displayId=0, tooltype=1, deviceId=-1, source=0x1002, flags=0x0, edgeFlags=0x0, metaState=0x0, buttonState=0x1, downTime=172135253000000, eventTime=172135335000000, pointerCount=1 xos=0, yos=0
07-02 23:30:31.349 32149 32149 I View    : PerformClick: com.google.android.material.button.MaterialButton{81d7665 VFED..C.. ...P.... 321,983-760,1127 #7f0801e8 app:id/start_order_btn}
07-02 23:30:31.349 32149 32149 I View    : MotionEvent.ACTION_UP: mPrivateFlags: 16828464,   mHasPerformedLongPress: false,   mIgnoreNextUpEvent: false
07-02 23:30:31.353  4229  4567 V SoundPool: play(soundID=1, leftVolume=1.000000, rightVolume=1.000000, priority=0, loop=0, rate=1.000000)
07-02 23:30:31.355  4229  4567 V AudioTrack: setSampleRate(5291): prior state:STATE_STOPPED rate:48000
07-02 23:30:31.355  4229  4567 V AudioTrack: start(5291): prior state:STATE_STOPPED
07-02 23:30:31.355  4229  4567 V AudioTrack: start(5291): server read:-261756  cumulative flushed:0  client written:0
07-02 23:30:31.357   965  2034 V AF::Track: start(4816): calling pid 4229 session 23897
07-02 23:30:31.358   965  1326 D APM_AudioPolicyManager: startOutput portId 5291 output primary->(primary output)(13), stream 1, session 23897
07-02 23:30:31.359   965  1326 V APM_AudioPolicyManager: selectOutputForMusicEffects selected output 13
07-02 23:30:31.359   965  1326 V APM_AudioPolicyManager: getNewOutputDevices selected devices {type:0x2,@:}
07-02 23:30:31.359   965  1326 V APM_AudioPolicyManager: setOutputDevices device {type:0x2,@:} delayMs 0
07-02 23:30:31.359   965  1326 V APM_AudioPolicyManager: setOutputDevices() prevDevice {type:0x2,@:}
07-02 23:30:31.359   965  1326 V APM_AudioPolicyManager: setOutputDevices: suppressing checkDeviceMuteStrategies
07-02 23:30:31.359   965  1326 V APM_AudioPolicyManager: setOutputDevices setting same device {type:0x2,@:} or null device, force=0, patch handle=5258
07-02 23:30:31.360  4229  7768 V AudioSystem: ioConfigChanged() event 8
07-02 23:30:31.361  4229  7768 V AudioSystem: ioConfigChanged() AUDIO_CLIENT_STARTED  io 13 port 5291 num callbacks 0
07-02 23:30:31.361  4229  4567 V SoundPool: play returned 12442
07-02 23:30:31.426   965  1885 V AF::Track: getNextBuffer(4816): underrun,  framesReady(0) < framesDesired(236), state: 6
07-02 23:30:31.431   965  1887 D AF::Track: presentationComplete(4816): presentationComplete() reset: mPresentationCompleteFrames 1891200 audioHalFrames 960
07-02 23:30:31.434  4229 32186 V AudioTrack: stop(5291): prior state:STATE_ACTIVE
07-02 23:30:31.435   965  2034 V AF::Track: stop(4816): calling pid 4229
07-02 23:30:31.471   965  1887 V AF::Track: presentationComplete(4816): presentationComplete() mPresentationCompleteFrames 1891200 framesWritten 1892160
07-02 23:30:31.478   965  1326 V APM_AudioPolicyManager: stopOutput() portId 5291 output 13, stream 1, session 23897
07-02 23:30:31.478   965  1326 V APM_AudioPolicyManager: getNewOutputDevices selected devices AUDIO_DEVICE_NONE
07-02 23:30:31.478   965  1326 V APM_AudioPolicyManager: setOutputDevices device AUDIO_DEVICE_NONE delayMs 120
07-02 23:30:31.478   965  1326 V APM_AudioPolicyManager: setOutputDevices() prevDevice {type:0x2,@:}
07-02 23:30:31.479   965  1326 W APM::AudioPolicyEngine: getDevicesForStrategy() unknown strategy: -1
07-02 23:30:31.479   965  1326 V APM_AudioPolicyManager: setOutputDevices setting same device AUDIO_DEVICE_NONE or null device, force=0, patch handle=5258
07-02 23:30:31.480   965  1326 V APM_AudioPolicyManager: selectOutputForMusicEffects selected output 13
07-02 23:30:31.791 32149 32149 I ViewInteraction: Checking 'MatchesViewAssertion{viewMatcher=(view has effective visibility <VISIBLE> and view.getGlobalVisibleRect() to return non-empty rectangle)}' assertion on view an instance of android.widget.TextView and view.getText() with or without transformation to match: is "Subtotal: $0.00"
07-02 23:30:31.792 32149 32173 I TestRunner: finished: order_reset_after_cancel_from_checkout(com.example.lunchtray.OrderFunctionalityTests)
