07-02 23:29:51.961 32149 32149 I View    : MotionEvent.ACTION_UP: mPrivateFlags: -2128590800,   mHasPerformedLongPress: false,   mIgnoreNextUpEvent: false
07-02 23:29:51.969  4229  4567 V SoundPool: play(soundID=1, leftVolume=1.000000, rightVolume=1.000000, priority=0, loop=0, rate=1.000000)
07-02 23:29:51.969  4229  4567 V AudioTrack: setSampleRate(5291): prior state:STATE_STOPPED rate:48000
07-02 23:29:51.969  4229  4567 V AudioTrack: start(5291): prior state:STATE_STOPPED
07-02 23:29:51.969  4229  4567 V AudioTrack: start(5291): server read:-105760  cumulative flushed:0  client written:0
07-02 23:29:51.969   965   965 V AF::Track: start(4816): calling pid 4229 session 23897
07-02 23:29:51.970   965  1326 D APM_AudioPolicyManager: startOutput portId 5291 output primary->(primary output)(13), stream 1, session 23897
07-02 23:29:51.970   965  1326 V APM_AudioPolicyManager: selectOutputForMusicEffects selected output 13
07-02 23:29:51.970   965  1326 V APM_AudioPolicyManager: getNewOutputDevices selected devices {type:0x2,@:}
07-02 23:29:51.970   965  1326 V APM_AudioPolicyManager: setOutputDevices device {type:0x2,@:} delayMs 0
07-02 23:29:51.970   965  1326 V APM_AudioPolicyManager: setOutputDevices() prevDevice {type:0x2,@:}
07-02 23:29:51.970   965  1326 V APM_AudioPolicyManager: setOutputDevices: suppressing checkDeviceMuteStrategies
07-02 23:29:51.970   965  1326 V APM_AudioPolicyManager: setOutputDevices setting same device {type:0x2,@:} or null device, force=0, patch handle=5258
07-02 23:29:51.971  4229  4567 V SoundPool: play returned 12347
07-02 23:29:51.972  4229  7059 V AudioSystem: ioConfigChanged() event 8
07-02 23:29:51.972  4229  7059 V AudioSystem: ioConfigChanged() AUDIO_CLIENT_STARTED  io 13 port 5291 num callbacks 0
07-02 23:29:51.972   835  3654 D audio_hw_primary: start_output_stream: enter: stream(0xe8204330)usecase(1: low-latency-playback) devices(0x2) is_haptic_usecase(0)
07-02 23:29:51.972   835  3654 V msm8974_platform_lge: LGE_platform_set_parameters: enter: hifi_dac_dop=0
07-02 23:29:51.972   835  3654 D audio_hw_hfp: hfp_set_parameters: enter
07-02 23:29:51.972   835  3654 V platform_param: lge_platform_factory_set_parameters: enter: hifi_dac_dop=0
07-02 23:29:51.972   835  3654 D platform_param: lge_platform_dev_set_parameters : set mixer ctl(Es9018 Dop:0) hifi_dacdop_enable : 0
07-02 23:29:51.973  4229  4298 I system_server: oneway function results will be dropped but finished with status OK and parcel size 4
07-02 23:29:51.973   835  3654 V feature_audio_cs35l41_stereo: lge_cs35l41_stereo_set_parameters: enter
07-02 23:29:51.973   835  3654 V feature_audio_cs35l41_stereo: lge_cs35l41_stereo_set_parameters: exit
07-02 23:29:51.974   835  3654 D audio_hw_primary: select_devices for use case (low-latency-playback)
07-02 23:29:51.974   835  3654 D audio_hw_lge: lge_check_hifi_dac_case: It is not HiFi DAC scenario
07-02 23:29:51.974   835  3654 D msm8974_platform_lge: LGE_platform_get_output_snd_device2: enter(0:2)
07-02 23:29:51.974   835  3654 V platform_apt: lge_get_output_in_mandatory_depth: enter and devices(2)
07-02 23:29:51.974   835  3654 V platform_apt: lge_get_output_in_minor_depth: enter : native devices(2) parents devices(2)
07-02 23:29:51.974   835  3654 D feature_audio_cs35l41_stereo: lge_cs35l41_support_stereo_speaker: enter
07-02 23:29:51.974   835  3654 V feature_audio_cs35l41_stereo: lge_cs35l41_support_stereo_speaker: enable piezo stereo speaker
07-02 23:29:51.974   835  3654 V platform_apt: lge_get_output_in_external_device_depth: enter 214
07-02 23:29:51.974   835  3654 D msm8974_platform_lge: LGE_platform_get_output_snd_device2: exit: out_snd_device(speaker)
07-02 23:29:51.974   835  3654 D audio_hw_primary: select_devices: out_snd_device(214: speaker) in_snd_device(0: )
07-02 23:29:51.974   835  3654 I msm8974_platform: platform_check_and_set_codec_backend_cfg:becf: afe: bitwidth 16, samplerate 48000 channels 2, backend_idx 0 usecase = 1 device (speaker)
07-02 23:29:51.974   835  3654 D msm8974_platform: platform_split_snd_device: snd_device(214) num devices(1) new_snd_devices(0)
07-02 23:29:51.974   835  3654 I msm8974_platform: platform_check_and_set_codec_backend_cfg: new_snd_devices[0] is 214
07-02 23:29:51.974   835  3654 I msm8974_platform: platform_check_codec_backend_cfg:becf: afe: bitwidth 16, samplerate 48000 channels 2, backend_idx 0 usecase = 1 device (speaker)
07-02 23:29:51.974   835  3654 I audio_hw_lge: lge_get_device_type_for_mqa snd_device = 214
07-02 23:29:51.974   835  3654 D audio_hw_lge: lge_get_max_samplerate_for_current_backend
07-02 23:29:51.974   835  3654 I audio_hw_lge: lge_get_max_samplerate_for_current_backend sample rate = 48000 backend = 0 mqa_enable = 0, active_mqa_offload = 0
07-02 23:29:51.974   835  3654 I audio_hw_lge: lge_get_device_type_for_mqa snd_device = 214
07-02 23:29:51.975   835  3654 D audio_hw_extn: audio_extn_enable_hifi_filter: mixer_value set 0
07-02 23:29:51.975   835  3654 D msm8974_platform: platform_check_codec_backend_cfg:becf: updated afe: bitwidth 16, samplerate 48000 channels 2,backend_idx 0 usecase = 1 device (speaker)
07-02 23:29:51.975   835  3654 D msm8974_platform: platform_check_codec_backend_cfg:becf: afe: playback on codec device not supporting native playback set default Sample Rate(48k)
07-02 23:29:51.975   835  3654 I msm8974_platform: platform_check_codec_backend_cfg:becf: afe: Codec selected backend: 0 updated bit width: 16 and sample rate: 48000
07-02 23:29:51.975   835  3654 D audio_hw_primary: check_usecases_codec_backend:becf: force routing 0
07-02 23:29:51.975   835  3654 E msm8974_platform: platform_check_backends_match: Invalid snd_device =
07-02 23:29:51.975   835  3654 D audio_hw_primary: check_usecases_codec_backend:becf: (85) check_usecases curr device: speaker, usecase device: backends match 0
07-02 23:29:51.975   835  3654 D audio_hw_primary: check_usecases_codec_backend:becf: check_usecases num.of Usecases to switch 0
07-02 23:29:51.975   835  3654 E audio_hw_primary: enable_snd_device: enter  214
07-02 23:29:51.975   835  3654 D hardware_info: hw_info_append_hw_type : device_name = speaker
07-02 23:29:51.975   835  3654 D msm8974_platform: platform_split_snd_device: snd_device(214) num devices(0) new_snd_devices(0)
07-02 23:29:51.975   835  3654 D audio_hw_primary: enable_snd_device: snd_device(214: speaker)
07-02 23:29:51.975   835  3654 D msm8974_platform: platform_get_island_cfg_on_device:island cfg status on snd_device = (speaker 0)
07-02 23:29:51.975   835  3654 I soundtrigger: audio_extn_sound_trigger_update_device_status: device 0xd6 of type 0 for Event 1, with Raise=0
07-02 23:29:51.975   835  3654 D audio_route: Apply path: speaker
07-02 23:29:51.975   835  3654 I audio_hw_utils: audio_extn_utils_update_stream_output_app_type_cfg Allowing 24 and above bits playback on speaker ONLY at default sampling rate
07-02 23:29:51.975   835  3654 I audio_hw_lge: lge_get_device_type_for_mqa snd_device = 214
07-02 23:29:51.975   835  3654 D audio_hw_utils: audio_extn_utils_send_app_type_cfg: usecase->out_snd_device speaker
07-02 23:29:51.975   835  3654 D msm8974_platform: platform_split_snd_device: snd_device(214) num devices(0) new_snd_devices(0)
07-02 23:29:51.975   835  3654 E audio_hw_lge: lge_check_adv_hifi_condition: return false. hifi_dac_enable false
07-02 23:29:51.975   835  3654 D audio_hw_utils: audio_extn_btsco_get_sample_rate:Not a BT SCO device, need not update sampling rate
07-02 23:29:51.975   835  3654 I audio_hw_utils: send_app_type_cfg_for_device PLAYBACK app_type 69937, acdb_dev_id 15, sample_rate 48000, snd_device_be_idx 41
07-02 23:29:51.976   835  3654 D msm8974_platform: platform_split_snd_device: snd_device(214) num devices(1) new_snd_devices(0)
07-02 23:29:51.976   835  3654 D audio_hw_utils: audio_extn_btsco_get_sample_rate:Not a BT SCO device, need not update sampling rate
07-02 23:29:51.976   835  3654 E audio_hw_lge: lge_check_adv_hifi_condition: return false. hifi_dac_enable false
07-02 23:29:51.976   835  3654 D ACDB-LOADER: ACDB -> send_audio_cal, acdb_id = 15, path = 0, app id = 0x11131, sample rate = 48000, afe_sample_rate = 48000
07-02 23:29:51.976   835  3654 D ACDB-LOADER: ACDB -> send_asm_topology
07-02 23:29:51.976   835  3654 D ACDB-LOADER: ACDB -> ACDB_CMD_GET_AUDPROC_STREAM_TOPOLOGY_ID
07-02 23:29:51.976   835  3654 D ACDB-LOADER: ACDB -> send_adm_topology
07-02 23:29:51.976   835  3654 D ACDB-LOADER: ACDB -> ACDB_CMD_GET_AUDPROC_COMMON_TOPOLOGY_ID
07-02 23:29:51.976   835  3654 D ACDB-LOADER: ACDB -> send_audtable
07-02 23:29:51.976   835  3654 D ACDB-LOADER: ACDB -> ACDB_CMD_GET_AUDPROC_INSTANCE_COMMON_TABLE_SIZE
07-02 23:29:51.976   835  3654 D ACDB-LOADER: ACDB -> ACDB_CMD_GET_AUDPROC_INSTANCE_COMMON_TABLE
07-02 23:29:51.976   835  3654 D ACDB-LOADER: ACDB -> AUDIO_SET_AUDPROC_CAL cal_type[11] acdb_id[15] app_type[69937]
07-02 23:29:51.976   835  3654 D ACDB-LOADER: ACDB -> send_audvoltable
07-02 23:29:51.976   835  3654 D ACDB-LOADER: ACDB -> ACDB_CMD_GET_AUDPROC_INSTANCE_GAIN_DEP_STEP_TABLE_SIZE
07-02 23:29:51.976   835  3654 D ACDB-LOADER: ACDB -> ACDB_CMD_GET_AUDPROC_INSTANCE_GAIN_DEP_STEP_TABLE, vol index 0
07-02 23:29:51.976   835  3654 D ACDB-LOADER: ACDB -> AUDIO_SET_VOL_CAL cal type = 12
07-02 23:29:51.976   835  3654 D ACDB-LOADER: ACDB -> ACDB_CMD_GET_AUDPROC_INSTANCE_STREAM_TABLE_SIZE
07-02 23:29:51.976   835  3654 D ACDB-LOADER: ACDB -> send_audstrmtable
07-02 23:29:51.976   835  3654 D ACDB-LOADER: ACDB -> ACDB_CMD_GET_AUDPROC_INSTANCE_STREAM_TABLE
07-02 23:29:51.976   835  3654 D ACDB-LOADER: ACDB -> audstrm_cal->cal_type.cal_data.cal_size = 376
07-02 23:29:51.976   835  3654 D ACDB-LOADER: ACDB -> send_afe_topology
07-02 23:29:51.976   835  3654 D ACDB-LOADER: ACDB -> ACDB_CMD_GET_AFE_TOPOLOGY_ID
07-02 23:29:51.976   835  3654 D ACDB-LOADER: ACDB -> GET_AFE_TOPOLOGY_ID for adcd_id 15, Topology Id 112fc
07-02 23:29:51.976   835  3654 D ACDB-LOADER: ACDB -> send_afe_cal
07-02 23:29:51.976   835  3654 D ACDB-LOADER: ACDB -> ACDB_CMD_GET_AFE_INSTANCE_COMMON_TABLE_SIZE
07-02 23:29:51.976   835  3654 D android.hardware.audio.service: Failed to fetch the lookup information of the device 0000000F
07-02 23:29:51.976   835  3654 D ACDB-LOADER: Error: ACDB_CMD_GET_AFE_INSTANCE_COMMON_TABLE_SIZE Returned = -19
07-02 23:29:51.976   835  3654 D ACDB-LOADER: ACDB -> ACDB_CMD_GET_AFE_INSTANCE_COMMON_TABLE
07-02 23:29:51.976   835  3654 D android.hardware.audio.service: Failed to fetch the lookup information of the device 0000000F
07-02 23:29:51.976   835  3654 D ACDB-LOADER: Error: ACDB AFE returned = -19
07-02 23:29:51.976   835  3654 D ACDB-LOADER: ACDB -> AUDIO_SET_AFE_CAL cal_type[16] acdb_id[15]
07-02 23:29:51.976   835  3654 D ACDB-LOADER: ACDB -> send_hw_delay : acdb_id = 15 path = 0
07-02 23:29:51.976   835  3654 D ACDB-LOADER: ACDB -> ACDB_AVSYNC_INFO: ACDB_CMD_GET_DEVICE_PROPERTY
07-02 23:29:51.976   835  3654 D msm8974_platform: platform_split_snd_device: snd_device(214) num devices(0) new_snd_devices(0)
07-02 23:29:51.976   835  3654 I msm8974_platform: platform_get_custom_mtmx_params: no matching param with id 0 ip_ch 2 op_ch 2 uc_id 1 snd_dev 214
07-02 23:29:51.976   835  3654 V msm8974_platform_lge: LGE_platform_add_backend_name: enter: 214
07-02 23:29:51.976   835  3654 D audio_hw_primary: enable_audio_route: apply mixer and update path: low-latency-playback speaker
07-02 23:29:51.976   835  3654 D audio_route: Apply path: low-latency-playback speaker
07-02 23:29:51.978   835  3654 E soundtrigger: audio_extn_sound_trigger_update_stream_status: invalid input device 0x0, for event 3
07-02 23:29:51.978   835  3654 D soundtrigger: audio_extn_sound_trigger_update_stream_status: uc_info->id 1 of type 0 for Event 3, with Raise=0
07-02 23:29:51.978   835  3654 D audio_hw_primary: select_devices: done
07-02 23:29:51.978   835  3654 E audio_ext_hw_plugin: [ext_hw_plugin_usecase_start] NULL input pointer
07-02 23:29:51.978   835  3654 E audio_hw_primary: start_output_stream: failed to start ext hw plugin
07-02 23:29:52.021   835  3654 D msm8974_platform: platform_set_channel_map mixer_ctl_name:Playback Channel Map13
07-02 23:29:52.021   835  3654 D msm8974_platform: platform_set_channel_map: set mapping(1 2 0 0 0 0 0 0) for channel:2
07-02 23:29:52.022   835  3654 V lge_audio_hifi_dacdop: lge_set_tdm_format() mixer:Playback 1 Compress, value:0
07-02 23:29:52.023   835  3654 D audio_hw_primary: start_output_stream: exit
07-02 23:29:52.023   835  3654 D feature_audio_cs35l41_stereo: lge_cs35l41_support_stereo_speaker: enter
07-02 23:29:52.023   835  3654 V feature_audio_cs35l41_stereo: lge_cs35l41_support_stereo_speaker: enable piezo stereo speaker
07-02 23:29:52.023   835  3654 V feature_audio_cs35l41_stereo: lge_cs35l41_stereo_output_device_refcount: device [214] , ref_count [1]
07-02 23:29:52.023   835  3654 V feature_audio_cs35l41_stereo: lge_cs35l41_stereo_enable_stereo_module: enable lge stereo audio module
07-02 23:29:52.023   835  3654 V feature_audio_cs35l41_stereo: lge_cs35l41_stereo_set_audio_mode: enter 1
07-02 23:29:52.023   835  3654 V feature_audio_cs35l41_stereo: lge_cs35l41_stereo_set_audio_mode_for_usecase: audio_mode: 1 / usecase_id 1
07-02 23:29:52.023   835  3654 V feature_audio_cs35l41_stereo: lge_cs35l41_stereo_module_enable: enter 1
07-02 23:29:52.023   835  3654 V feature_audio_cs35l41_stereo: lge_cs35l41_stereo_module_downmixing: enter 0
07-02 23:29:52.024   835  3654 V feature_audio_cs35l41_stereo: lge_cs35l41_stereo_module_chswap: enter 0
07-02 23:29:52.025   835  3654 D msm8974_platform: platform_split_snd_device: snd_device(214) num devices(0) new_snd_devices(0)
07-02 23:29:52.025   835  3654 I msm8974_platform: platform_get_custom_mtmx_params: no matching param with id 0 ip_ch 2 op_ch 2 uc_id 1 snd_dev 214
07-02 23:29:52.031 32149 32149 D LifecycleMonitor: Lifecycle status change: androidx.test.core.app.InstrumentationActivityInvoker$BootstrapActivity@d5f1079 in: STOPPED
07-02 23:29:52.032 32149 32149 V ActivityScenario: Activity lifecycle changed event received but ignored because the intent does not match. startActivityIntent=Intent { act=android.intent.action.MAIN cat=[android.intent.category.LAUNCHER] cmp=com.example.lunchtray/androidx.fragment.app.testing.FragmentScenario$EmptyFragmentActivity (has extras) }, activity.getIntent()=Intent { act=android.intent.action.MAIN cat=[android.intent.category.LAUNCHER] flg=0x10008000 cmp=com.example.lunchtray/androidx.test.core.app.InstrumentationActivityInvoker$BootstrapActivity (has extras) }, activity=androidx.test.core.app.InstrumentationActivityInvoker$BootstrapActivity@d5f1079
07-02 23:29:52.062   970   970 I SurfaceFlinger: Remove ContainerLayer(0xb400007d2cfbe820) Surface(name=ActivityRecord{bb3153e u0 com.example.lunchtray/androidx.test.core.app.InstrumentationActivityInvoker$BootstrapActivity t9875 tda0:1})/@0xc9f2ffe - animation-bounds#0 (parent=none)
07-02 23:29:52.062   970   970 I SurfaceFlinger: Remove EffectLayer(0xb400007d2cfc9e60) Surface(name=ActivityRecord{bb3153e u0 com.example.lunchtray/androidx.test.core.app.InstrumentationActivityInvoker$BootstrapActivity t9875 tda0:1})/@0xc9f2ffe - animation-leash#0 (parent=none)
07-02 23:29:52.062   970   970 D Layer   : Destroy Surface(name=ActivityRecord{bb3153e u0 com.example.lunchtray/androidx.test.core.app.InstrumentationActivityInvoker$BootstrapActivity t9875 tda0:1})/@0xc9f2ffe - animation-bounds#0(0xb400007d2cfbe820)
07-02 23:29:52.062   970   970 D Layer   : Destroy Surface(name=ActivityRecord{bb3153e u0 com.example.lunchtray/androidx.test.core.app.InstrumentationActivityInvoker$BootstrapActivity t9875 tda0:1})/@0xc9f2ffe - animation-leash#0(0xb400007d2cfc9e60)
07-02 23:29:52.096   965  1885 V AF::Track: getNextBuffer(4816): underrun,  framesReady(0) < framesDesired(236), state: 6
07-02 23:29:52.097  4229 32186 V AudioTrack: stop(5291): prior state:STATE_ACTIVE
07-02 23:29:52.097   965   965 V AF::Track: stop(4816): calling pid 4229
07-02 23:29:52.134 12149 12167 I FontLog : Received query Noto Color Emoji Compat, URI content://com.google.android.gms.fonts [CONTEXT service_id=132 ]
07-02 23:29:52.134 12149 12167 I FontLog : Query [emojicompat-emoji-font] resolved to {Noto Color Emoji Compat, wdth 100.0, wght 400, ital 0.0, bestEffort false} [CONTEXT service_id=132 ]
07-02 23:29:52.135 12149 12167 I FontLog : Fetch {Noto Color Emoji Compat, wdth 100.0, wght 400, ital 0.0, bestEffort false} end status Status{statusCode=SUCCESS, resolution=null} [CONTEXT service_id=132 ]
07-02 23:29:52.138   965  1887 D AF::Track: presentationComplete(4816): presentationComplete() reset: mPresentationCompleteFrames 5760 audioHalFrames 960
07-02 23:29:52.139 12149 12167 I FontLog : Pulling font file for id = 349, cache size = 4 [CONTEXT service_id=132 ]
07-02 23:29:52.142 12149 12167 I FontLog : Pulling font file for id = 349, cache size = 4 [CONTEXT service_id=132 ]
07-02 23:29:52.158   965  1887 V AF::Track: presentationComplete(4816): presentationComplete() mPresentationCompleteFrames 5760 framesWritten 5760
07-02 23:29:52.168   965  1326 V APM_AudioPolicyManager: stopOutput() portId 5291 output 13, stream 1, session 23897
07-02 23:29:52.168   965  1326 V APM_AudioPolicyManager: getNewOutputDevices selected devices AUDIO_DEVICE_NONE
07-02 23:29:52.168   965  1326 V APM_AudioPolicyManager: setOutputDevices device AUDIO_DEVICE_NONE delayMs 120
07-02 23:29:52.168   965  1326 V APM_AudioPolicyManager: setOutputDevices() prevDevice {type:0x2,@:}
07-02 23:29:52.169   965  1326 W APM::AudioPolicyEngine: getDevicesForStrategy() unknown strategy: -1
07-02 23:29:52.169   965  1326 V APM_AudioPolicyManager: setOutputDevices setting same device AUDIO_DEVICE_NONE or null device, force=0, patch handle=5258
07-02 23:29:52.169   965  1326 V APM_AudioPolicyManager: selectOutputForMusicEffects selected output 13
07-02 23:29:52.345 32149 32149 I ViewInteraction: Checking 'MatchesViewAssertion{viewMatcher=an instance of android.widget.TextView and view.getText() with or without transformation to match: a string containing "Subtotal: $2.50"}' assertion on view view.getId() is <2131231217/com.example.lunchtray:id/subtotal>
07-02 23:29:52.352 32149 32149 I ViewInteraction: Performing 'single click' action on view view.getId() is <2131231187/com.example.lunchtray:id/soup>
07-02 23:29:52.357  4229  4511 D InputTransport: channel 'f594ae com.example.lunchtray/androidx.fragment.app.testing.FragmentScenario$EmptyFragmentActivity (server)' : action=ACTION_DOWN(0), id=0, displayId=0, tooltype=0, deviceId=-1, source=0x1002, flags=0x0, edgeFlags=0x0, metaState=0x0, buttonState=0x1, downTime=172096347000000, eventTime=172096347000000, pointerCount=1 xos=0, yos=0
07-02 23:29:52.357  4229  4511 D InputTransport: channel 'swipe-up (server)' : action=ACTION_DOWN(0), id=0, displayId=0, tooltype=0, deviceId=-1, source=0x1002, flags=0x0, edgeFlags=0x0, metaState=0x0, buttonState=0x1, downTime=172096347000000, eventTime=172096347000000, pointerCount=1 xos=0, yos=0
07-02 23:29:52.357  4229  4511 D InputTransport: channel 'edge-swipe (server)' : action=ACTION_DOWN(0), id=0, displayId=0, tooltype=0, deviceId=-1, source=0x1002, flags=0x0, edgeFlags=0x0, metaState=0x0, buttonState=0x1, downTime=172096347000000, eventTime=172096347000000, pointerCount=1 xos=0, yos=0
07-02 23:29:52.357  4229  4511 D InputTransport: channel 'swipe-up (server)' : action=ACTION_DOWN(0), id=0, displayId=0, tooltype=0, deviceId=-1, source=0x1002, flags=0x0, edgeFlags=0x0, metaState=0x0, buttonState=0x1, downTime=172096347000000, eventTime=172096347000000, pointerCount=1 xos=0, yos=0
07-02 23:29:52.357  4229  4511 D InputTransport: channel 'swipe-up (server)' : action=ACTION_DOWN(0), id=0, displayId=0, tooltype=0, deviceId=-1, source=0x1002, flags=0x0, edgeFlags=0x0, metaState=0x0, buttonState=0x1, downTime=172096347000000, eventTime=172096347000000, pointerCount=1 xos=0, yos=0
07-02 23:29:52.357  4229  4511 D InputTransport: channel 'PointerEventDispatcher0 (server)' : action=ACTION_DOWN(0), id=0, displayId=0, tooltype=0, deviceId=-1, source=0x1002, flags=0x0, edgeFlags=0x0, metaState=0x0, buttonState=0x1, downTime=172096347000000, eventTime=172096347000000, pointerCount=1 xos=0, yos=0
07-02 23:29:52.357  4229  4511 D InputTransport: channel 'PointerEventDispatcherForRear0 (server)' : action=ACTION_DOWN(0), id=0, displayId=0, tooltype=0, deviceId=-1, source=0x1002, flags=0x0, edgeFlags=0x0, metaState=0x0, buttonState=0x1, downTime=172096347000000, eventTime=172096347000000, pointerCount=1 xos=0, yos=0
07-02 23:29:52.438  4229  4511 D InputTransport: channel 'f594ae com.example.lunchtray/androidx.fragment.app.testing.FragmentScenario$EmptyFragmentActivity (server)' : action=ACTION_UP(0), id=0, displayId=0, tooltype=1, deviceId=-1, source=0x1002, flags=0x0, edgeFlags=0x0, metaState=0x0, buttonState=0x1, downTime=172096347000000, eventTime=172096429000000, pointerCount=1 xos=0, yos=0
07-02 23:29:52.439  4229  4511 D InputTransport: channel 'swipe-up (server)' : action=ACTION_UP(0), id=0, displayId=0, tooltype=1, deviceId=-1, source=0x1002, flags=0x0, edgeFlags=0x0, metaState=0x0, buttonState=0x1, downTime=172096347000000, eventTime=172096429000000, pointerCount=1 xos=0, yos=0
07-02 23:29:52.439  4229  4511 D InputTransport: channel 'edge-swipe (server)' : action=ACTION_UP(0), id=0, displayId=0, tooltype=1, deviceId=-1, source=0x1002, flags=0x0, edgeFlags=0x0, metaState=0x0, buttonState=0x1, downTime=172096347000000, eventTime=172096429000000, pointerCount=1 xos=0, yos=0
07-02 23:29:52.439  4229  4511 D InputTransport: channel 'swipe-up (server)' : action=ACTION_UP(0), id=0, displayId=0, tooltype=1, deviceId=-1, source=0x1002, flags=0x0, edgeFlags=0x0, metaState=0x0, buttonState=0x1, downTime=172096347000000, eventTime=172096429000000, pointerCount=1 xos=0, yos=0
07-02 23:29:52.439  4229  4511 D InputTransport: channel 'swipe-up (server)' : action=ACTION_UP(0), id=0, displayId=0, tooltype=1, deviceId=-1, source=0x1002, flags=0x0, edgeFlags=0x0, metaState=0x0, buttonState=0x1, downTime=172096347000000, eventTime=172096429000000, pointerCount=1 xos=0, yos=0
07-02 23:29:52.439  4229  4511 D InputTransport: channel 'PointerEventDispatcher0 (server)' : action=ACTION_UP(0), id=0, displayId=0, tooltype=1, deviceId=-1, source=0x1002, flags=0x0, edgeFlags=0x0, metaState=0x0, buttonState=0x1, downTime=172096347000000, eventTime=172096429000000, pointerCount=1 xos=0, yos=0
07-02 23:29:52.439  4229  4511 D InputTransport: channel 'PointerEventDispatcherForRear0 (server)' : action=ACTION_UP(0), id=0, displayId=0, tooltype=1, deviceId=-1, source=0x1002, flags=0x0, edgeFlags=0x0, metaState=0x0, buttonState=0x1, downTime=172096347000000, eventTime=172096429000000, pointerCount=1 xos=0, yos=0
07-02 23:29:52.443 32149 32149 I View    : PerformClick: android.widget.RadioButton{6861852 VFED..C.. ...p..ID 0,325-669,421 #7f0801d3 app:id/soup}
07-02 23:29:52.443 32149 32149 I View    : MotionEvent.ACTION_UP: mPrivateFlags: -2128590800,   mHasPerformedLongPress: false,   mIgnoreNextUpEvent: false
07-02 23:29:52.465  4229  4567 V SoundPool: play(soundID=1, leftVolume=1.000000, rightVolume=1.000000, priority=0, loop=0, rate=1.000000)
07-02 23:29:52.466  4229  4567 V AudioTrack: setSampleRate(5291): prior state:STATE_STOPPED rate:48000
07-02 23:29:52.467  4229  4567 V AudioTrack: start(5291): prior state:STATE_STOPPED
07-02 23:29:52.467  4229  4567 V AudioTrack: start(5291): server read:-108404  cumulative flushed:0  client written:0
07-02 23:29:52.467   965   965 V AF::Track: start(4816): calling pid 4229 session 23897
07-02 23:29:52.469   965  1326 D APM_AudioPolicyManager: startOutput portId 5291 output primary->(primary output)(13), stream 1, session 23897
07-02 23:29:52.470   965  1326 V APM_AudioPolicyManager: selectOutputForMusicEffects selected output 13
07-02 23:29:52.470   965  1326 V APM_AudioPolicyManager: getNewOutputDevices selected devices {type:0x2,@:}
07-02 23:29:52.470   965  1326 V APM_AudioPolicyManager: setOutputDevices device {type:0x2,@:} delayMs 0
07-02 23:29:52.470   965  1326 V APM_AudioPolicyManager: setOutputDevices() prevDevice {type:0x2,@:}
07-02 23:29:52.471   965  1326 V APM_AudioPolicyManager: setOutputDevices: suppressing checkDeviceMuteStrategies
07-02 23:29:52.471   965  1326 V APM_AudioPolicyManager: setOutputDevices setting same device {type:0x2,@:} or null device, force=0, patch handle=5258
07-02 23:29:52.472  4229  4567 V SoundPool: play returned 12350
07-02 23:29:52.480  4229  5236 V AudioSystem: ioConfigChanged() event 8
07-02 23:29:52.480  4229  5236 V AudioSystem: ioConfigChanged() AUDIO_CLIENT_STARTED  io 13 port 5291 num callbacks 0
07-02 23:29:52.537   965  1885 V AF::Track: getNextBuffer(4816): underrun,  framesReady(0) < framesDesired(236), state: 6
07-02 23:29:52.540   965  1887 D AF::Track: presentationComplete(4816): presentationComplete() reset: mPresentationCompleteFrames 24960 audioHalFrames 960
07-02 23:29:52.545  4229 32186 V AudioTrack: stop(5291): prior state:STATE_ACTIVE
07-02 23:29:52.545   965   965 V AF::Track: stop(4816): calling pid 4229
07-02 23:29:52.580   965  1887 V AF::Track: presentationComplete(4816): presentationComplete() mPresentationCompleteFrames 24960 framesWritten 25920
07-02 23:29:52.590   965  1326 V APM_AudioPolicyManager: stopOutput() portId 5291 output 13, stream 1, session 23897
07-02 23:29:52.591   965  1326 V APM_AudioPolicyManager: getNewOutputDevices selected devices AUDIO_DEVICE_NONE
07-02 23:29:52.591   965  1326 V APM_AudioPolicyManager: setOutputDevices device AUDIO_DEVICE_NONE delayMs 120
07-02 23:29:52.591   965  1326 V APM_AudioPolicyManager: setOutputDevices() prevDevice {type:0x2,@:}
07-02 23:29:52.592   965  1326 W APM::AudioPolicyEngine: getDevicesForStrategy() unknown strategy: -1
07-02 23:29:52.592   965  1326 V APM_AudioPolicyManager: setOutputDevices setting same device AUDIO_DEVICE_NONE or null device, force=0, patch handle=5258
07-02 23:29:52.592   965  1326 V APM_AudioPolicyManager: selectOutputForMusicEffects selected output 13
07-02 23:29:52.830 32149 32149 I ViewInteraction: Checking 'MatchesViewAssertion{viewMatcher=an instance of android.widget.TextView and view.getText() with or without transformation to match: a string containing "Subtotal: $3.00"}' assertion on view view.getId() is <2131231217/com.example.lunchtray:id/subtotal>
07-02 23:29:52.834 32149 32149 I ViewInteraction: Performing 'single click' action on view view.getId() is <2131231121/com.example.lunchtray:id/potatoes>
07-02 23:29:52.838  4229  4511 D InputTransport: channel 'f594ae com.example.lunchtray/androidx.fragment.app.testing.FragmentScenario$EmptyFragmentActivity (server)' : action=ACTION_DOWN(0), id=0, displayId=0, tooltype=0, deviceId=-1, source=0x1002, flags=0x0, edgeFlags=0x0, metaState=0x0, buttonState=0x1, downTime=172096828000000, eventTime=172096828000000, pointerCount=1 xos=0, yos=0
07-02 23:29:52.838  4229  4511 D InputTransport: channel 'swipe-up (server)' : action=ACTION_DOWN(0), id=0, displayId=0, tooltype=0, deviceId=-1, source=0x1002, flags=0x0, edgeFlags=0x0, metaState=0x0, buttonState=0x1, downTime=172096828000000, eventTime=172096828000000, pointerCount=1 xos=0, yos=0
07-02 23:29:52.838  4229  4511 D InputTransport: channel 'edge-swipe (server)' : action=ACTION_DOWN(0), id=0, displayId=0, tooltype=0, deviceId=-1, source=0x1002, flags=0x0, edgeFlags=0x0, metaState=0x0, buttonState=0x1, downTime=172096828000000, eventTime=172096828000000, pointerCount=1 xos=0, yos=0
07-02 23:29:52.838  4229  4511 D InputTransport: channel 'swipe-up (server)' : action=ACTION_DOWN(0), id=0, displayId=0, tooltype=0, deviceId=-1, source=0x1002, flags=0x0, edgeFlags=0x0, metaState=0x0, buttonState=0x1, downTime=172096828000000, eventTime=172096828000000, pointerCount=1 xos=0, yos=0
07-02 23:29:52.838  4229  4511 D InputTransport: channel 'swipe-up (server)' : action=ACTION_DOWN(0), id=0, displayId=0, tooltype=0, deviceId=-1, source=0x1002, flags=0x0, edgeFlags=0x0, metaState=0x0, buttonState=0x1, downTime=172096828000000, eventTime=172096828000000, pointerCount=1 xos=0, yos=0
07-02 23:29:52.838  4229  4511 D InputTransport: channel 'PointerEventDispatcher0 (server)' : action=ACTION_DOWN(0), id=0, displayId=0, tooltype=0, deviceId=-1, source=0x1002, flags=0x0, edgeFlags=0x0, metaState=0x0, buttonState=0x1, downTime=172096828000000, eventTime=172096828000000, pointerCount=1 xos=0, yos=0
07-02 23:29:52.839  4229  4511 D InputTransport: channel 'PointerEventDispatcherForRear0 (server)' : action=ACTION_DOWN(0), id=0, displayId=0, tooltype=0, deviceId=-1, source=0x1002, flags=0x0, edgeFlags=0x0, metaState=0x0, buttonState=0x1, downTime=172096828000000, eventTime=172096828000000, pointerCount=1 xos=0, yos=0
07-02 23:29:52.920  4229  4511 D InputTransport: channel 'f594ae com.example.lunchtray/androidx.fragment.app.testing.FragmentScenario$EmptyFragmentActivity (server)' : action=ACTION_UP(0), id=0, displayId=0, tooltype=1, deviceId=-1, source=0x1002, flags=0x0, edgeFlags=0x0, metaState=0x0, buttonState=0x1, downTime=172096828000000, eventTime=172096910000000, pointerCount=1 xos=0, yos=0
07-02 23:29:52.920  4229  4511 D InputTransport: channel 'swipe-up (server)' : action=ACTION_UP(0), id=0, displayId=0, tooltype=1, deviceId=-1, source=0x1002, flags=0x0, edgeFlags=0x0, metaState=0x0, buttonState=0x1, downTime=172096828000000, eventTime=172096910000000, pointerCount=1 xos=0, yos=0
07-02 23:29:52.920  4229  4511 D InputTransport: channel 'edge-swipe (server)' : action=ACTION_UP(0), id=0, displayId=0, tooltype=1, deviceId=-1, source=0x1002, flags=0x0, edgeFlags=0x0, metaState=0x0, buttonState=0x1, downTime=172096828000000, eventTime=172096910000000, pointerCount=1 xos=0, yos=0
07-02 23:29:52.920  4229  4511 D InputTransport: channel 'swipe-up (server)' : action=ACTION_UP(0), id=0, displayId=0, tooltype=1, deviceId=-1, source=0x1002, flags=0x0, edgeFlags=0x0, metaState=0x0, buttonState=0x1, downTime=172096828000000, eventTime=172096910000000, pointerCount=1 xos=0, yos=0
07-02 23:29:52.920  4229  4511 D InputTransport: channel 'swipe-up (server)' : action=ACTION_UP(0), id=0, displayId=0, tooltype=1, deviceId=-1, source=0x1002, flags=0x0, edgeFlags=0x0, metaState=0x0, buttonState=0x1, downTime=172096828000000, eventTime=172096910000000, pointerCount=1 xos=0, yos=0
07-02 23:29:52.920  4229  4511 D InputTransport: channel 'PointerEventDispatcher0 (server)' : action=ACTION_UP(0), id=0, displayId=0, tooltype=1, deviceId=-1, source=0x1002, flags=0x0, edgeFlags=0x0, metaState=0x0, buttonState=0x1, downTime=172096828000000, eventTime=172096910000000, pointerCount=1 xos=0, yos=0
07-02 23:29:52.920  4229  4511 D InputTransport: channel 'PointerEventDispatcherForRear0 (server)' : action=ACTION_UP(0), id=0, displayId=0, tooltype=1, deviceId=-1, source=0x1002, flags=0x0, edgeFlags=0x0, metaState=0x0, buttonState=0x1, downTime=172096828000000, eventTime=172096910000000, pointerCount=1 xos=0, yos=0
07-02 23:29:52.924 32149 32149 I View    : PerformClick: android.widget.RadioButton{6edc1ca VFED..C.. ...p..ID 0,650-470,746 #7f080191 app:id/potatoes}
07-02 23:29:52.924 32149 32149 I View    : MotionEvent.ACTION_UP: mPrivateFlags: -2128590800,   mHasPerformedLongPress: false,   mIgnoreNextUpEvent: false
07-02 23:29:52.950  4229  4567 V SoundPool: play(soundID=1, leftVolume=1.000000, rightVolume=1.000000, priority=0, loop=0, rate=1.000000)
07-02 23:29:52.951  4229  4567 V AudioTrack: setSampleRate(5291): prior state:STATE_STOPPED rate:48000
07-02 23:29:52.952  4229  4567 V AudioTrack: start(5291): prior state:STATE_STOPPED
07-02 23:29:52.952  4229  4567 V AudioTrack: start(5291): server read:-111048  cumulative flushed:0  client written:0
07-02 23:29:52.952   965   965 V AF::Track: start(4816): calling pid 4229 session 23897
07-02 23:29:52.953   965  1326 D APM_AudioPolicyManager: startOutput portId 5291 output primary->(primary output)(13), stream 1, session 23897
07-02 23:29:52.954   965  1326 V APM_AudioPolicyManager: selectOutputForMusicEffects selected output 13
07-02 23:29:52.954   965  1326 V APM_AudioPolicyManager: getNewOutputDevices selected devices {type:0x2,@:}
07-02 23:29:52.954   965  1326 V APM_AudioPolicyManager: setOutputDevices device {type:0x2,@:} delayMs 0
07-02 23:29:52.954   965  1326 V APM_AudioPolicyManager: setOutputDevices() prevDevice {type:0x2,@:}
07-02 23:29:52.954   965  1326 V APM_AudioPolicyManager: setOutputDevices: suppressing checkDeviceMuteStrategies
07-02 23:29:52.954   965  1326 V APM_AudioPolicyManager: setOutputDevices setting same device {type:0x2,@:} or null device, force=0, patch handle=5258
07-02 23:29:52.956  4229  4567 V SoundPool: play returned 12351
07-02 23:29:52.962  4229  5236 V AudioSystem: ioConfigChanged() event 8
07-02 23:29:52.962  4229  5236 V AudioSystem: ioConfigChanged() AUDIO_CLIENT_STARTED  io 13 port 5291 num callbacks 0
07-02 23:29:53.016   965  1885 V AF::Track: getNextBuffer(4816): underrun,  framesReady(0) < framesDesired(236), state: 6
07-02 23:29:53.023   965  1887 D AF::Track: presentationComplete(4816): presentationComplete() reset: mPresentationCompleteFrames 48000 audioHalFrames 960
07-02 23:29:53.029  4229 32186 V AudioTrack: stop(5291): prior state:STATE_ACTIVE
07-02 23:29:53.029   965   965 V AF::Track: stop(4816): calling pid 4229
07-02 23:29:53.062   965  1887 V AF::Track: presentationComplete(4816): presentationComplete() mPresentationCompleteFrames 48000 framesWritten 48960
07-02 23:29:53.070   965  1326 V APM_AudioPolicyManager: stopOutput() portId 5291 output 13, stream 1, session 23897
07-02 23:29:53.070   965  1326 V APM_AudioPolicyManager: getNewOutputDevices selected devices AUDIO_DEVICE_NONE
07-02 23:29:53.070   965  1326 V APM_AudioPolicyManager: setOutputDevices device AUDIO_DEVICE_NONE delayMs 120
07-02 23:29:53.070   965  1326 V APM_AudioPolicyManager: setOutputDevices() prevDevice {type:0x2,@:}
07-02 23:29:53.072   965  1326 W APM::AudioPolicyEngine: getDevicesForStrategy() unknown strategy: -1
07-02 23:29:53.072   965  1326 V APM_AudioPolicyManager: setOutputDevices setting same device AUDIO_DEVICE_NONE or null device, force=0, patch handle=5258
07-02 23:29:53.072   965  1326 V APM_AudioPolicyManager: selectOutputForMusicEffects selected output 13
07-02 23:29:53.105  4878  4878 I LGPackageLabelService: Received MSG_MAKE_PACKAGELABEL
07-02 23:29:53.353 32149 32149 I ViewInteraction: Checking 'MatchesViewAssertion{viewMatcher=an instance of android.widget.TextView and view.getText() with or without transformation to match: a string containing "Subtotal: $2.00"}' assertion on view view.getId() is <2131231217/com.example.lunchtray:id/subtotal>
07-02 23:29:53.360 32149 32149 I ViewInteraction: Performing 'single click' action on view view.getId() is <2131231128/com.example.lunchtray:id/rice>
07-02 23:29:53.366  4229  4511 D InputTransport: channel 'f594ae com.example.lunchtray/androidx.fragment.app.testing.FragmentScenario$EmptyFragmentActivity (server)' : action=ACTION_DOWN(0), id=0, displayId=0, tooltype=0, deviceId=-1, source=0x1002, flags=0x0, edgeFlags=0x0, metaState=0x0, buttonState=0x1, downTime=172097356000000, eventTime=172097356000000, pointerCount=1 xos=0, yos=0
07-02 23:29:53.366  4229  4511 D InputTransport: channel 'swipe-up (server)' : action=ACTION_DOWN(0), id=0, displayId=0, tooltype=0, deviceId=-1, source=0x1002, flags=0x0, edgeFlags=0x0, metaState=0x0, buttonState=0x1, downTime=172097356000000, eventTime=172097356000000, pointerCount=1 xos=0, yos=0
07-02 23:29:53.366  4229  4511 D InputTransport: channel 'edge-swipe (server)' : action=ACTION_DOWN(0), id=0, displayId=0, tooltype=0, deviceId=-1, source=0x1002, flags=0x0, edgeFlags=0x0, metaState=0x0, buttonState=0x1, downTime=172097356000000, eventTime=172097356000000, pointerCount=1 xos=0, yos=0
07-02 23:29:53.366  4229  4511 D InputTransport: channel 'swipe-up (server)' : action=ACTION_DOWN(0), id=0, displayId=0, tooltype=0, deviceId=-1, source=0x1002, flags=0x0, edgeFlags=0x0, metaState=0x0, buttonState=0x1, downTime=172097356000000, eventTime=172097356000000, pointerCount=1 xos=0, yos=0
07-02 23:29:53.366  4229  4511 D InputTransport: channel 'swipe-up (server)' : action=ACTION_DOWN(0), id=0, displayId=0, tooltype=0, deviceId=-1, source=0x1002, flags=0x0, edgeFlags=0x0, metaState=0x0, buttonState=0x1, downTime=172097356000000, eventTime=172097356000000, pointerCount=1 xos=0, yos=0
07-02 23:29:53.366  4229  4511 D InputTransport: channel 'PointerEventDispatcher0 (server)' : action=ACTION_DOWN(0), id=0, displayId=0, tooltype=0, deviceId=-1, source=0x1002, flags=0x0, edgeFlags=0x0, metaState=0x0, buttonState=0x1, downTime=172097356000000, eventTime=172097356000000, pointerCount=1 xos=0, yos=0
07-02 23:29:53.366  4229  4511 D InputTransport: channel 'PointerEventDispatcherForRear0 (server)' : action=ACTION_DOWN(0), id=0, displayId=0, tooltype=0, deviceId=-1, source=0x1002, flags=0x0, edgeFlags=0x0, metaState=0x0, buttonState=0x1, downTime=172097356000000, eventTime=172097356000000, pointerCount=1 xos=0, yos=0
07-02 23:29:53.632  3772  3782 I PowerRM : CF-1 b-1
07-02 23:29:53.633  3772  3782 I PowerRM : REQF = -1
07-02 23:29:53.633  3772  3782 I Powercontrol_Client: Notify refreshrate 160:60:-1
07-02 23:29:53.633   903   924 I vendor.lge.hardware.powercontrol@1.3-impl: notify_refreshrate_limit to 160/60/-1
07-02 23:29:53.639   970   970 I SurfaceFlinger: Setting desired display config specs: defaultConfig: 0 primaryRange: [60 60] expandedRange: [0 inf]
07-02 23:29:53.639   970   970 I SurfaceFlinger: setDesiredActiveConfig(60fps)
07-02 23:29:53.692 12149 12149 D BoundBrokerSvc: onUnbind: Intent { act=com.google.android.gms.clearcut.bootcount.service.START dat=chimera-action:com.google.android.gms.clearcut.bootcount.service.START cmp=com.google.android.gms/.chimera.PersistentBoundBrokerService }
07-02 23:29:53.698  4229  4511 D InputTransport: channel 'f594ae com.example.lunchtray/androidx.fragment.app.testing.FragmentScenario$EmptyFragmentActivity (server)' : action=ACTION_UP(0), id=0, displayId=0, tooltype=1, deviceId=-1, source=0x1002, flags=0x0, edgeFlags=0x0, metaState=0x0, buttonState=0x1, downTime=172097356000000, eventTime=172097688000000, pointerCount=1 xos=0, yos=0
07-02 23:29:53.699  4229  4511 D InputTransport: channel 'swipe-up (server)' : action=ACTION_UP(0), id=0, displayId=0, tooltype=1, deviceId=-1, source=0x1002, flags=0x0, edgeFlags=0x0, metaState=0x0, buttonState=0x1, downTime=172097356000000, eventTime=172097688000000, pointerCount=1 xos=0, yos=0
07-02 23:29:53.699  4229  4511 D InputTransport: channel 'edge-swipe (server)' : action=ACTION_UP(0), id=0, displayId=0, tooltype=1, deviceId=-1, source=0x1002, flags=0x0, edgeFlags=0x0, metaState=0x0, buttonState=0x1, downTime=172097356000000, eventTime=172097688000000, pointerCount=1 xos=0, yos=0
07-02 23:29:53.699  4229  4511 D InputTransport: channel 'swipe-up (server)' : action=ACTION_UP(0), id=0, displayId=0, tooltype=1, deviceId=-1, source=0x1002, flags=0x0, edgeFlags=0x0, metaState=0x0, buttonState=0x1, downTime=172097356000000, eventTime=172097688000000, pointerCount=1 xos=0, yos=0
07-02 23:29:53.699  4229  4511 D InputTransport: channel 'swipe-up (server)' : action=ACTION_UP(0), id=0, displayId=0, tooltype=1, deviceId=-1, source=0x1002, flags=0x0, edgeFlags=0x0, metaState=0x0, buttonState=0x1, downTime=172097356000000, eventTime=172097688000000, pointerCount=1 xos=0, yos=0
07-02 23:29:53.699  4229  4511 D InputTransport: channel 'PointerEventDispatcher0 (server)' : action=ACTION_UP(0), id=0, displayId=0, tooltype=1, deviceId=-1, source=0x1002, flags=0x0, edgeFlags=0x0, metaState=0x0, buttonState=0x1, downTime=172097356000000, eventTime=172097688000000, pointerCount=1 xos=0, yos=0
07-02 23:29:53.699  4229  4511 D InputTransport: channel 'PointerEventDispatcherForRear0 (server)' : action=ACTION_UP(0), id=0, displayId=0, tooltype=1, deviceId=-1, source=0x1002, flags=0x0, edgeFlags=0x0, metaState=0x0, buttonState=0x1, downTime=172097356000000, eventTime=172097688000000, pointerCount=1 xos=0, yos=0
07-02 23:29:53.700 32149 32149 I View    : PerformClick: android.widget.RadioButton{4e2e83a VFED..C.. ...P.... 0,975-429,1071 #7f080198 app:id/rice}
07-02 23:29:53.700 32149 32149 I View    : MotionEvent.ACTION_UP: mPrivateFlags: 16828464,   mHasPerformedLongPress: false,   mIgnoreNextUpEvent: false
07-02 23:29:53.712  4229  4567 V SoundPool: play(soundID=1, leftVolume=1.000000, rightVolume=1.000000, priority=0, loop=0, rate=1.000000)
07-02 23:29:53.713  4229  4567 V AudioTrack: setSampleRate(5291): prior state:STATE_STOPPED rate:48000
07-02 23:29:53.713  4229  4567 V AudioTrack: start(5291): prior state:STATE_STOPPED
07-02 23:29:53.713  4229  4567 V AudioTrack: start(5291): server read:-113692  cumulative flushed:0  client written:0
07-02 23:29:53.713   965   965 V AF::Track: start(4816): calling pid 4229 session 23897
07-02 23:29:53.714   965  1326 D APM_AudioPolicyManager: startOutput portId 5291 output primary->(primary output)(13), stream 1, session 23897
07-02 23:29:53.714   965  1326 V APM_AudioPolicyManager: selectOutputForMusicEffects selected output 13
07-02 23:29:53.715   965  1326 V APM_AudioPolicyManager: getNewOutputDevices selected devices {type:0x2,@:}
07-02 23:29:53.715   965  1326 V APM_AudioPolicyManager: setOutputDevices device {type:0x2,@:} delayMs 0
07-02 23:29:53.715   965  1326 V APM_AudioPolicyManager: setOutputDevices() prevDevice {type:0x2,@:}
07-02 23:29:53.715   965  1326 V APM_AudioPolicyManager: setOutputDevices: suppressing checkDeviceMuteStrategies
07-02 23:29:53.715   965  1326 V APM_AudioPolicyManager: setOutputDevices setting same device {type:0x2,@:} or null device, force=0, patch handle=5258
07-02 23:29:53.716  4229  4567 V SoundPool: play returned 12352
07-02 23:29:53.725  4229  4298 V AudioSystem: ioConfigChanged() event 8
07-02 23:29:53.725  4229  4298 V AudioSystem: ioConfigChanged() AUDIO_CLIENT_STARTED  io 13 port 5291 num callbacks 0
07-02 23:29:53.777   965  1885 V AF::Track: getNextBuffer(4816): underrun,  framesReady(0) < framesDesired(236), state: 6
07-02 23:29:53.783   965  1887 D AF::Track: presentationComplete(4816): presentationComplete() reset: mPresentationCompleteFrames 84480 audioHalFrames 960
07-02 23:29:53.789  4229 32186 V AudioTrack: stop(5291): prior state:STATE_ACTIVE
07-02 23:29:53.789   965   965 V AF::Track: stop(4816): calling pid 4229
07-02 23:29:53.823   965  1887 V AF::Track: presentationComplete(4816): presentationComplete() mPresentationCompleteFrames 84480 framesWritten 85440
07-02 23:29:53.830   965  1326 V APM_AudioPolicyManager: stopOutput() portId 5291 output 13, stream 1, session 23897
07-02 23:29:53.830   965  1326 V APM_AudioPolicyManager: getNewOutputDevices selected devices AUDIO_DEVICE_NONE
07-02 23:29:53.830   965  1326 V APM_AudioPolicyManager: setOutputDevices device AUDIO_DEVICE_NONE delayMs 120
07-02 23:29:53.831   965  1326 V APM_AudioPolicyManager: setOutputDevices() prevDevice {type:0x2,@:}
07-02 23:29:53.832   965  1326 W APM::AudioPolicyEngine: getDevicesForStrategy() unknown strategy: -1
07-02 23:29:53.832   965  1326 V APM_AudioPolicyManager: setOutputDevices setting same device AUDIO_DEVICE_NONE or null device, force=0, patch handle=5258
07-02 23:29:53.832   965  1326 V APM_AudioPolicyManager: selectOutputForMusicEffects selected output 13
07-02 23:29:53.936 32188 32188 D vendor.qti.hardware.seccam@1.0-service-qti: SecCam: service starting
07-02 23:29:53.940   645   645 I hwservicemanager: getTransport: Cannot find entry vendor.qti.hardware.seccam@1.0::ISecCam/default in either framework or device manifest.
07-02 23:29:53.941 32188 32188 E HidlServiceManagement: Service vendor.qti.hardware.seccam@1.0::ISecCam/default must be in VINTF manifest in order to register/get.
07-02 23:29:53.941 32188 32188 E vendor.qti.hardware.seccam@1.0-service-qti: Cannot register ISecCam HAL service
07-02 23:29:54.080 32149 32149 I ViewInteraction: Checking 'MatchesViewAssertion{viewMatcher=an instance of android.widget.TextView and view.getText() with or without transformation to match: a string containing "Subtotal: $1.50"}' assertion on view view.getId() is <2131231217/com.example.lunchtray:id/subtotal>
07-02 23:29:54.081 32149 32173 I TestRunner: finished: radio_buttons_update_side_menu_subtotal(com.example.lunchtray.OrderFunctionalityTests)
