07-02 23:29:58.501   965  1887 D AF::Track: presentationComplete(4816): presentationComplete() reset: mPresentationCompleteFrames 311040 audioHalFrames 960
07-02 23:29:58.508  4229 32186 V AudioTrack: stop(5291): prior state:STATE_ACTIVE
07-02 23:29:58.509   965  2725 V AF::Track: stop(4816): calling pid 4229
07-02 23:29:58.541   965  1887 V AF::Track: presentationComplete(4816): presentationComplete() mPresentationCompleteFrames 311040 framesWritten 312000
07-02 23:29:58.549   965  1326 V APM_AudioPolicyManager: stopOutput() portId 5291 output 13, stream 1, session 23897
07-02 23:29:58.549   965  1326 V APM_AudioPolicyManager: getNewOutputDevices selected devices AUDIO_DEVICE_NONE
07-02 23:29:58.549   965  1326 V APM_AudioPolicyManager: setOutputDevices device AUDIO_DEVICE_NONE delayMs 120
07-02 23:29:58.549   965  1326 V APM_AudioPolicyManager: setOutputDevices() prevDevice {type:0x2,@:}
07-02 23:29:58.550   965  1326 W APM::AudioPolicyEngine: getDevicesForStrategy() unknown strategy: -1
07-02 23:29:58.550   965  1326 V APM_AudioPolicyManager: setOutputDevices setting same device AUDIO_DEVICE_NONE or null device, force=0, patch handle=5258
07-02 23:29:58.550   965  1326 V APM_AudioPolicyManager: selectOutputForMusicEffects selected output 13
07-02 23:29:58.836 32149 32149 I ViewInteraction: Performing 'single click' action on view view.getId() is <2131231208/com.example.lunchtray:id/start_order_btn>
07-02 23:29:58.844  4229  4511 D InputTransport: channel '3f6c269 com.example.lunchtray/com.example.lunchtray.MainActivity (server)' : action=ACTION_DOWN(0), id=0, displayId=0, tooltype=0, deviceId=-1, source=0x1002, flags=0x0, edgeFlags=0x0, metaState=0x0, buttonState=0x1, downTime=172102832000000, eventTime=172102832000000, pointerCount=1 xos=0, yos=0
07-02 23:29:58.844  4229  4511 D InputTransport: channel 'swipe-up (server)' : action=ACTION_DOWN(0), id=0, displayId=0, tooltype=0, deviceId=-1, source=0x1002, flags=0x0, edgeFlags=0x0, metaState=0x0, buttonState=0x1, downTime=172102832000000, eventTime=172102832000000, pointerCount=1 xos=0, yos=0
07-02 23:29:58.844  4229  4511 D InputTransport: channel 'edge-swipe (server)' : action=ACTION_DOWN(0), id=0, displayId=0, tooltype=0, deviceId=-1, source=0x1002, flags=0x0, edgeFlags=0x0, metaState=0x0, buttonState=0x1, downTime=172102832000000, eventTime=172102832000000, pointerCount=1 xos=0, yos=0
07-02 23:29:58.844  4229  4511 D InputTransport: channel 'swipe-up (server)' : action=ACTION_DOWN(0), id=0, displayId=0, tooltype=0, deviceId=-1, source=0x1002, flags=0x0, edgeFlags=0x0, metaState=0x0, buttonState=0x1, downTime=172102832000000, eventTime=172102832000000, pointerCount=1 xos=0, yos=0
07-02 23:29:58.845  4229  4511 D InputTransport: channel 'swipe-up (server)' : action=ACTION_DOWN(0), id=0, displayId=0, tooltype=0, deviceId=-1, source=0x1002, flags=0x0, edgeFlags=0x0, metaState=0x0, buttonState=0x1, downTime=172102832000000, eventTime=172102832000000, pointerCount=1 xos=0, yos=0
07-02 23:29:58.845  4229  4511 D InputTransport: channel 'PointerEventDispatcher0 (server)' : action=ACTION_DOWN(0), id=0, displayId=0, tooltype=0, deviceId=-1, source=0x1002, flags=0x0, edgeFlags=0x0, metaState=0x0, buttonState=0x1, downTime=172102832000000, eventTime=172102832000000, pointerCount=1 xos=0, yos=0
07-02 23:29:58.845  4229  4511 D InputTransport: channel 'PointerEventDispatcherForRear0 (server)' : action=ACTION_DOWN(0), id=0, displayId=0, tooltype=0, deviceId=-1, source=0x1002, flags=0x0, edgeFlags=0x0, metaState=0x0, buttonState=0x1, downTime=172102832000000, eventTime=172102832000000, pointerCount=1 xos=0, yos=0
07-02 23:29:58.922  4229  4511 D InputTransport: channel '3f6c269 com.example.lunchtray/com.example.lunchtray.MainActivity (server)' : action=ACTION_UP(0), id=0, displayId=0, tooltype=1, deviceId=-1, source=0x1002, flags=0x0, edgeFlags=0x0, metaState=0x0, buttonState=0x1, downTime=172102832000000, eventTime=172102913000000, pointerCount=1 xos=0, yos=0
07-02 23:29:58.923  4229  4511 D InputTransport: channel 'swipe-up (server)' : action=ACTION_UP(0), id=0, displayId=0, tooltype=1, deviceId=-1, source=0x1002, flags=0x0, edgeFlags=0x0, metaState=0x0, buttonState=0x1, downTime=172102832000000, eventTime=172102913000000, pointerCount=1 xos=0, yos=0
07-02 23:29:58.923  4229  4511 D InputTransport: channel 'edge-swipe (server)' : action=ACTION_UP(0), id=0, displayId=0, tooltype=1, deviceId=-1, source=0x1002, flags=0x0, edgeFlags=0x0, metaState=0x0, buttonState=0x1, downTime=172102832000000, eventTime=172102913000000, pointerCount=1 xos=0, yos=0
07-02 23:29:58.923  4229  4511 D InputTransport: channel 'swipe-up (server)' : action=ACTION_UP(0), id=0, displayId=0, tooltype=1, deviceId=-1, source=0x1002, flags=0x0, edgeFlags=0x0, metaState=0x0, buttonState=0x1, downTime=172102832000000, eventTime=172102913000000, pointerCount=1 xos=0, yos=0
07-02 23:29:58.923  4229  4511 D InputTransport: channel 'swipe-up (server)' : action=ACTION_UP(0), id=0, displayId=0, tooltype=1, deviceId=-1, source=0x1002, flags=0x0, edgeFlags=0x0, metaState=0x0, buttonState=0x1, downTime=172102832000000, eventTime=172102913000000, pointerCount=1 xos=0, yos=0
07-02 23:29:58.923  4229  4511 D InputTransport: channel 'PointerEventDispatcher0 (server)' : action=ACTION_UP(0), id=0, displayId=0, tooltype=1, deviceId=-1, source=0x1002, flags=0x0, edgeFlags=0x0, metaState=0x0, buttonState=0x1, downTime=172102832000000, eventTime=172102913000000, pointerCount=1 xos=0, yos=0
07-02 23:29:58.923  4229  4511 D InputTransport: channel 'PointerEventDispatcherForRear0 (server)' : action=ACTION_UP(0), id=0, displayId=0, tooltype=1, deviceId=-1, source=0x1002, flags=0x0, edgeFlags=0x0, metaState=0x0, buttonState=0x1, downTime=172102832000000, eventTime=172102913000000, pointerCount=1 xos=0, yos=0
07-02 23:29:58.924 32149 32149 I View    : PerformClick: com.google.android.material.button.MaterialButton{b974b0e VFED..C.. ...P.... 321,983-760,1127 #7f0801e8 app:id/start_order_btn}
07-02 23:29:58.924 32149 32149 I View    : MotionEvent.ACTION_UP: mPrivateFlags: 16828464,   mHasPerformedLongPress: false,   mIgnoreNextUpEvent: false
07-02 23:29:58.927  4229  4567 V SoundPool: play(soundID=1, leftVolume=1.000000, rightVolume=1.000000, priority=0, loop=0, rate=1.000000)
07-02 23:29:58.929  4229  4567 V AudioTrack: setSampleRate(5291): prior state:STATE_STOPPED rate:48000
07-02 23:29:58.929  4229  4567 V AudioTrack: start(5291): prior state:STATE_STOPPED
07-02 23:29:58.929  4229  4567 V AudioTrack: start(5291): server read:-134844  cumulative flushed:0  client written:0
07-02 23:29:58.930   965  2725 V AF::Track: start(4816): calling pid 4229 session 23897
07-02 23:29:58.931   965  1326 D APM_AudioPolicyManager: startOutput portId 5291 output primary->(primary output)(13), stream 1, session 23897
07-02 23:29:58.932   965  1326 V APM_AudioPolicyManager: selectOutputForMusicEffects selected output 13
07-02 23:29:58.932   965  1326 V APM_AudioPolicyManager: getNewOutputDevices selected devices {type:0x2,@:}
07-02 23:29:58.932   965  1326 V APM_AudioPolicyManager: setOutputDevices device {type:0x2,@:} delayMs 0
07-02 23:29:58.932   965  1326 V APM_AudioPolicyManager: setOutputDevices() prevDevice {type:0x2,@:}
07-02 23:29:58.932   965  1326 V APM_AudioPolicyManager: setOutputDevices: suppressing checkDeviceMuteStrategies
07-02 23:29:58.932   965  1326 V APM_AudioPolicyManager: setOutputDevices setting same device {type:0x2,@:} or null device, force=0, patch handle=5258
07-02 23:29:58.933  4229  4567 V SoundPool: play returned 12366
07-02 23:29:58.941  4229  5209 V AudioSystem: ioConfigChanged() event 8
07-02 23:29:58.941  4229  5209 V AudioSystem: ioConfigChanged() AUDIO_CLIENT_STARTED  io 13 port 5291 num callbacks 0
07-02 23:29:58.950 32195 32195 D vendor.qti.hardware.seccam@1.0-service-qti: SecCam: service starting
07-02 23:29:58.954   645   645 I hwservicemanager: getTransport: Cannot find entry vendor.qti.hardware.seccam@1.0::ISecCam/default in either framework or device manifest.
07-02 23:29:58.954 32195 32195 E HidlServiceManagement: Service vendor.qti.hardware.seccam@1.0::ISecCam/default must be in VINTF manifest in order to register/get.
07-02 23:29:58.954 32195 32195 E vendor.qti.hardware.seccam@1.0-service-qti: Cannot register ISecCam HAL service
07-02 23:29:58.996   965  1885 V AF::Track: getNextBuffer(4816): underrun,  framesReady(0) < framesDesired(236), state: 6
07-02 23:29:59.001   965  1887 D AF::Track: presentationComplete(4816): presentationComplete() reset: mPresentationCompleteFrames 335040 audioHalFrames 960
07-02 23:29:59.006  4229 32186 V AudioTrack: stop(5291): prior state:STATE_ACTIVE
07-02 23:29:59.007   965  2725 V AF::Track: stop(4816): calling pid 4229
07-02 23:29:59.041   965  1887 V AF::Track: presentationComplete(4816): presentationComplete() mPresentationCompleteFrames 335040 framesWritten 336000
07-02 23:29:59.049   965  1326 V APM_AudioPolicyManager: stopOutput() portId 5291 output 13, stream 1, session 23897
07-02 23:29:59.049   965  1326 V APM_AudioPolicyManager: getNewOutputDevices selected devices AUDIO_DEVICE_NONE
07-02 23:29:59.049   965  1326 V APM_AudioPolicyManager: setOutputDevices device AUDIO_DEVICE_NONE delayMs 120
07-02 23:29:59.049   965  1326 V APM_AudioPolicyManager: setOutputDevices() prevDevice {type:0x2,@:}
07-02 23:29:59.050   965  1326 W APM::AudioPolicyEngine: getDevicesForStrategy() unknown strategy: -1
07-02 23:29:59.050   965  1326 V APM_AudioPolicyManager: setOutputDevices setting same device AUDIO_DEVICE_NONE or null device, force=0, patch handle=5258
07-02 23:29:59.050   965  1326 V APM_AudioPolicyManager: selectOutputForMusicEffects selected output 13
07-02 23:29:59.376 32149 32149 I ViewInteraction: Checking 'MatchesViewAssertion{viewMatcher=(view has effective visibility <VISIBLE> and view.getGlobalVisibleRect() to return non-empty rectangle)}' assertion on view an instance of android.widget.TextView and view.getText() with or without transformation to match: is "Subtotal: $0.00"
07-02 23:29:59.378 32149 32173 I TestRunner: finished: order_reset_after_cancel_from_accompaniment_menu(com.example.lunchtray.OrderFunctionalityTests)
