07-02 23:30:00.460  4696  4696 I BarTransitions.PhoneStatusBarTransitions: setNotchColor color = 0
07-02 23:30:00.498  4696  4696 I LightBarTransitionsController: animateIconTint() : skip : mNextDarkIntensity = 0.0
07-02 23:30:00.506   965  1885 V AF::Track: getNextBuffer(4816): underrun,  framesReady(0) < framesDesired(236), state: 6
07-02 23:30:00.508  4229 32186 V AudioTrack: stop(5291): prior state:STATE_ACTIVE
07-02 23:30:00.509   965   965 V AF::Track: stop(4816): calling pid 4229
07-02 23:30:00.510   970   970 I SurfaceFlinger: Remove ContainerLayer(0xb400007d2cf10cd0) 8029ba0 Splash Screen com.example.lunchtray#0 (parent=none)
07-02 23:30:00.510   970   970 I SurfaceFlinger: Remove EffectLayer(0xb400007d2d000010) Surface(name=8029ba0 Splash Screen com.example.lunchtray)/@0xf6962da - animation-leash#0 (parent=none)
07-02 23:30:00.510   970   970 I SurfaceFlinger: Remove BufferQueueLayer(0xb400007d3cd56180) Splash Screen com.example.lunchtray@4229#0 (parent=none)
07-02 23:30:00.510   970   970 D Layer   : Destroy Surface(name=8029ba0 Splash Screen com.example.lunchtray)/@0xf6962da - animation-leash#0(0xb400007d2d000010)
07-02 23:30:00.510   970   970 D Layer   : Destroy 8029ba0 Splash Screen com.example.lunchtray#0(0xb400007d2cf10cd0)
07-02 23:30:00.511  4229  5209 D InputDispatcher: Window went away: Splash Screen com.example.lunchtray@4229#0
07-02 23:30:00.511   970   970 D Layer   : Destroy Splash Screen com.example.lunchtray@4229#0(0xb400007d3cd56180)
07-02 23:30:00.515   970   970 I MiniDump: -------------------------------------------------------------------------------------------
07-02 23:30:00.515   970   970 I MiniDump: [ROTATION_0] H |  Comp Type |  Transform |  Alpha |  Disp Frame (LTRB) |  Source Crop (LTRB) | Frame Rate  | Disp[19260613375406721] ""
07-02 23:30:00.515   970   970 I MiniDump: 0xb400007d3cd5d0a0 |     DEVICE |          0 | 1.000 |    0    0 1080 2340 |   0.0   0.0 1080.0 2340.0 | com.example.lunchtray/com[...]tray.MainActivity@32149#0
07-02 23:30:00.515   970   970 I MiniDump: 0xb400007d3cd36d70 |     DEVICE |          0 | 1.000 |    0    0 1080   87 |   0.0   0.0 1080.0  87.0 | StatusBar@4696#0
07-02 23:30:00.515   970   970 I MiniDump: 0xb400007d3cd22010 |     DEVICE |          0 | 1.000 |    0 2196 1080 2340 |   0.0   0.0 1080.0 144.0 | NavigationBar#0@4696#0
07-02 23:30:00.541   965  1887 D AF::Track: presentationComplete(4816): presentationComplete() reset: mPresentationCompleteFrames 408960 audioHalFrames 960
07-02 23:30:00.561   965  1887 V AF::Track: presentationComplete(4816): presentationComplete() mPresentationCompleteFrames 408960 framesWritten 408960
07-02 23:30:00.568   965  1326 V APM_AudioPolicyManager: stopOutput() portId 5291 output 13, stream 1, session 23897
07-02 23:30:00.568   965  1326 V APM_AudioPolicyManager: getNewOutputDevices selected devices AUDIO_DEVICE_NONE
07-02 23:30:00.568   965  1326 V APM_AudioPolicyManager: setOutputDevices device AUDIO_DEVICE_NONE delayMs 120
07-02 23:30:00.568   965  1326 V APM_AudioPolicyManager: setOutputDevices() prevDevice {type:0x2,@:}
07-02 23:30:00.568   965  1326 W APM::AudioPolicyEngine: getDevicesForStrategy() unknown strategy: -1
07-02 23:30:00.568   965  1326 V APM_AudioPolicyManager: setOutputDevices setting same device AUDIO_DEVICE_NONE or null device, force=0, patch handle=5258
07-02 23:30:00.568   965  1326 V APM_AudioPolicyManager: selectOutputForMusicEffects selected output 13
07-02 23:30:00.631 32149 32149 D LifecycleMonitor: Lifecycle status change: androidx.test.core.app.InstrumentationActivityInvoker$BootstrapActivity@48db8eb in: STOPPED
07-02 23:30:00.632 32149 32149 V ActivityScenario: Activity lifecycle changed event received but ignored because the intent does not match. startActivityIntent=Intent { act=android.intent.action.MAIN cat=[android.intent.category.LAUNCHER] cmp=com.example.lunchtray/.MainActivity }, activity.getIntent()=Intent { act=android.intent.action.MAIN cat=[android.intent.category.LAUNCHER] flg=0x10008000 cmp=com.example.lunchtray/androidx.test.core.app.InstrumentationActivityInvoker$BootstrapActivity (has extras) }, activity=androidx.test.core.app.InstrumentationActivityInvoker$BootstrapActivity@48db8eb
07-02 23:30:00.633 32149 32149 V ActivityScenario: Activity lifecycle changed event received but ignored because the intent does not match. startActivityIntent=Intent { act=android.intent.action.MAIN cat=[android.intent.category.LAUNCHER] cmp=com.example.lunchtray/.MainActivity }, activity.getIntent()=Intent { act=android.intent.action.MAIN cat=[android.intent.category.LAUNCHER] flg=0x10008000 cmp=com.example.lunchtray/androidx.test.core.app.InstrumentationActivityInvoker$BootstrapActivity (has extras) }, activity=androidx.test.core.app.InstrumentationActivityInvoker$BootstrapActivity@48db8eb
07-02 23:30:00.660   970   970 I SurfaceFlinger: Remove ContainerLayer(0xb400007d2cdf9bb0) Surface(name=ActivityRecord{f7470b3 u0 com.example.lunchtray/androidx.test.core.app.InstrumentationActivityInvoker$BootstrapActivity t9877 tda0:1})/@0xa99b30b - animation-bounds#0 (parent=none)
07-02 23:30:00.661   970   970 I SurfaceFlinger: Remove EffectLayer(0xb400007d2ceaffb0) Surface(name=ActivityRecord{f7470b3 u0 com.example.lunchtray/androidx.test.core.app.InstrumentationActivityInvoker$BootstrapActivity t9877 tda0:1})/@0xa99b30b - animation-leash#0 (parent=none)
07-02 23:30:00.661   970   970 D Layer   : Destroy Surface(name=ActivityRecord{f7470b3 u0 com.example.lunchtray/androidx.test.core.app.InstrumentationActivityInvoker$BootstrapActivity t9877 tda0:1})/@0xa99b30b - animation-bounds#0(0xb400007d2cdf9bb0)
07-02 23:30:00.661   970   970 D Layer   : Destroy Surface(name=ActivityRecord{f7470b3 u0 com.example.lunchtray/androidx.test.core.app.InstrumentationActivityInvoker$BootstrapActivity t9877 tda0:1})/@0xa99b30b - animation-leash#0(0xb400007d2ceaffb0)
07-02 23:30:00.842 32149 32149 I ViewInteraction: Performing 'single click' action on view view.getId() is <2131230844/com.example.lunchtray:id/cauliflower>
07-02 23:30:00.850  4229  4511 D InputTransport: channel 'cf907e com.example.lunchtray/com.example.lunchtray.MainActivity (server)' : action=ACTION_DOWN(0), id=0, displayId=0, tooltype=0, deviceId=-1, source=0x1002, flags=0x0, edgeFlags=0x0, metaState=0x0, buttonState=0x1, downTime=172104839000000, eventTime=172104839000000, pointerCount=1 xos=0, yos=0
07-02 23:30:00.851  4229  4511 D InputTransport: channel 'swipe-up (server)' : action=ACTION_DOWN(0), id=0, displayId=0, tooltype=0, deviceId=-1, source=0x1002, flags=0x0, edgeFlags=0x0, metaState=0x0, buttonState=0x1, downTime=172104839000000, eventTime=172104839000000, pointerCount=1 xos=0, yos=0
07-02 23:30:00.851  4229  4511 D InputTransport: channel 'edge-swipe (server)' : action=ACTION_DOWN(0), id=0, displayId=0, tooltype=0, deviceId=-1, source=0x1002, flags=0x0, edgeFlags=0x0, metaState=0x0, buttonState=0x1, downTime=172104839000000, eventTime=172104839000000, pointerCount=1 xos=0, yos=0
07-02 23:30:00.851  4229  4511 D InputTransport: channel 'swipe-up (server)' : action=ACTION_DOWN(0), id=0, displayId=0, tooltype=0, deviceId=-1, source=0x1002, flags=0x0, edgeFlags=0x0, metaState=0x0, buttonState=0x1, downTime=172104839000000, eventTime=172104839000000, pointerCount=1 xos=0, yos=0
07-02 23:30:00.851  4229  4511 D InputTransport: channel 'swipe-up (server)' : action=ACTION_DOWN(0), id=0, displayId=0, tooltype=0, deviceId=-1, source=0x1002, flags=0x0, edgeFlags=0x0, metaState=0x0, buttonState=0x1, downTime=172104839000000, eventTime=172104839000000, pointerCount=1 xos=0, yos=0
07-02 23:30:00.851  4229  4511 D InputTransport: channel 'PointerEventDispatcher0 (server)' : action=ACTION_DOWN(0), id=0, displayId=0, tooltype=0, deviceId=-1, source=0x1002, flags=0x0, edgeFlags=0x0, metaState=0x0, buttonState=0x1, downTime=172104839000000, eventTime=172104839000000, pointerCount=1 xos=0, yos=0
07-02 23:30:00.851  4229  4511 D InputTransport: channel 'PointerEventDispatcherForRear0 (server)' : action=ACTION_DOWN(0), id=0, displayId=0, tooltype=0, deviceId=-1, source=0x1002, flags=0x0, edgeFlags=0x0, metaState=0x0, buttonState=0x1, downTime=172104839000000, eventTime=172104839000000, pointerCount=1 xos=0, yos=0
07-02 23:30:00.931  4229  4511 D InputTransport: channel 'cf907e com.example.lunchtray/com.example.lunchtray.MainActivity (server)' : action=ACTION_UP(0), id=0, displayId=0, tooltype=1, deviceId=-1, source=0x1002, flags=0x0, edgeFlags=0x0, metaState=0x0, buttonState=0x1, downTime=172104839000000, eventTime=172104921000000, pointerCount=1 xos=0, yos=0
07-02 23:30:00.931  4229  4511 D InputTransport: channel 'swipe-up (server)' : action=ACTION_UP(0), id=0, displayId=0, tooltype=1, deviceId=-1, source=0x1002, flags=0x0, edgeFlags=0x0, metaState=0x0, buttonState=0x1, downTime=172104839000000, eventTime=172104921000000, pointerCount=1 xos=0, yos=0
07-02 23:30:00.931  4229  4511 D InputTransport: channel 'edge-swipe (server)' : action=ACTION_UP(0), id=0, displayId=0, tooltype=1, deviceId=-1, source=0x1002, flags=0x0, edgeFlags=0x0, metaState=0x0, buttonState=0x1, downTime=172104839000000, eventTime=172104921000000, pointerCount=1 xos=0, yos=0
07-02 23:30:00.931  4229  4511 D InputTransport: channel 'swipe-up (server)' : action=ACTION_UP(0), id=0, displayId=0, tooltype=1, deviceId=-1, source=0x1002, flags=0x0, edgeFlags=0x0, metaState=0x0, buttonState=0x1, downTime=172104839000000, eventTime=172104921000000, pointerCount=1 xos=0, yos=0
07-02 23:30:00.931  4229  4511 D InputTransport: channel 'swipe-up (server)' : action=ACTION_UP(0), id=0, displayId=0, tooltype=1, deviceId=-1, source=0x1002, flags=0x0, edgeFlags=0x0, metaState=0x0, buttonState=0x1, downTime=172104839000000, eventTime=172104921000000, pointerCount=1 xos=0, yos=0
07-02 23:30:00.931  4229  4511 D InputTransport: channel 'PointerEventDispatcher0 (server)' : action=ACTION_UP(0), id=0, displayId=0, tooltype=1, deviceId=-1, source=0x1002, flags=0x0, edgeFlags=0x0, metaState=0x0, buttonState=0x1, downTime=172104839000000, eventTime=172104921000000, pointerCount=1 xos=0, yos=0
07-02 23:30:00.931  4229  4511 D InputTransport: channel 'PointerEventDispatcherForRear0 (server)' : action=ACTION_UP(0), id=0, displayId=0, tooltype=1, deviceId=-1, source=0x1002, flags=0x0, edgeFlags=0x0, metaState=0x0, buttonState=0x1, downTime=172104839000000, eventTime=172104921000000, pointerCount=1 xos=0, yos=0
07-02 23:30:00.935 32149 32149 I View    : PerformClick: com.google.android.material.radiobutton.MaterialRadioButton{bc01c07 VFED..C.. ...p..ID 0,0-381,144 #7f08007c app:id/cauliflower}
07-02 23:30:00.935 32149 32149 I View    : MotionEvent.ACTION_UP: mPrivateFlags: -2128590800,   mHasPerformedLongPress: false,   mIgnoreNextUpEvent: false
07-02 23:30:00.955  4229  4567 V SoundPool: play(soundID=1, leftVolume=1.000000, rightVolume=1.000000, priority=0, loop=0, rate=1.000000)
07-02 23:30:00.958  4229  4567 V AudioTrack: setSampleRate(5291): prior state:STATE_STOPPED rate:48000
07-02 23:30:00.958  4229  4567 V AudioTrack: start(5291): prior state:STATE_STOPPED
07-02 23:30:00.958  4229  4567 V AudioTrack: start(5291): server read:-140132  cumulative flushed:0  client written:0
07-02 23:30:00.958   965   965 V AF::Track: start(4816): calling pid 4229 session 23897
07-02 23:30:00.960  4229  4598 D WifiWatchdogStateMachine: iwlanpercheck loss=0% / volume6 / imscallstate:0 sum:0, perAvg:0
07-02 23:30:00.960   965  1326 D APM_AudioPolicyManager: startOutput portId 5291 output primary->(primary output)(13), stream 1, session 23897
07-02 23:30:00.961   965  1326 V APM_AudioPolicyManager: selectOutputForMusicEffects selected output 13
07-02 23:30:00.961   965  1326 V APM_AudioPolicyManager: getNewOutputDevices selected devices {type:0x2,@:}
07-02 23:30:00.961   965  1326 V APM_AudioPolicyManager: setOutputDevices device {type:0x2,@:} delayMs 0
07-02 23:30:00.961   965  1326 V APM_AudioPolicyManager: setOutputDevices() prevDevice {type:0x2,@:}
07-02 23:30:00.961   965  1326 V APM_AudioPolicyManager: setOutputDevices: suppressing checkDeviceMuteStrategies
07-02 23:30:00.961   965  1326 V APM_AudioPolicyManager: setOutputDevices setting same device {type:0x2,@:} or null device, force=0, patch handle=5258
07-02 23:30:00.963  4229  5209 V AudioSystem: ioConfigChanged() event 8
07-02 23:30:00.963  4229  5209 V AudioSystem: ioConfigChanged() AUDIO_CLIENT_STARTED  io 13 port 5291 num callbacks 0
07-02 23:30:00.963  4229  4567 V SoundPool: play returned 12368
07-02 23:30:01.017   965  1885 V AF::Track: getNextBuffer(4816): underrun,  framesReady(0) < framesDesired(236), state: 6
07-02 23:30:01.018  4229 32186 V AudioTrack: stop(5291): prior state:STATE_ACTIVE
07-02 23:30:01.019   965   965 V AF::Track: stop(4816): calling pid 4229
07-02 23:30:01.019   965  1887 D AF::Track: presentationComplete(4816): presentationComplete() reset: mPresentationCompleteFrames 432000 audioHalFrames 960
07-02 23:30:01.059   965  1887 V AF::Track: presentationComplete(4816): presentationComplete() mPresentationCompleteFrames 432000 framesWritten 432960
07-02 23:30:01.070   965  1326 V APM_AudioPolicyManager: stopOutput() portId 5291 output 13, stream 1, session 23897
07-02 23:30:01.070   965  1326 V APM_AudioPolicyManager: getNewOutputDevices selected devices AUDIO_DEVICE_NONE
07-02 23:30:01.070   965  1326 V APM_AudioPolicyManager: setOutputDevices device AUDIO_DEVICE_NONE delayMs 120
07-02 23:30:01.070   965  1326 V APM_AudioPolicyManager: setOutputDevices() prevDevice {type:0x2,@:}
07-02 23:30:01.071   965  1326 W APM::AudioPolicyEngine: getDevicesForStrategy() unknown strategy: -1
07-02 23:30:01.071   965  1326 V APM_AudioPolicyManager: setOutputDevices setting same device AUDIO_DEVICE_NONE or null device, force=0, patch handle=5258
07-02 23:30:01.072   965  1326 V APM_AudioPolicyManager: selectOutputForMusicEffects selected output 13
07-02 23:30:01.325 32149 32149 I ViewInteraction: Performing 'single click' action on view view.getId() is <2131231081/com.example.lunchtray:id/next_button>
07-02 23:30:01.331  4229  4511 D InputTransport: channel 'cf907e com.example.lunchtray/com.example.lunchtray.MainActivity (server)' : action=ACTION_DOWN(0), id=0, displayId=0, tooltype=0, deviceId=-1, source=0x1002, flags=0x0, edgeFlags=0x0, metaState=0x0, buttonState=0x1, downTime=172105320000000, eventTime=172105320000000, pointerCount=1 xos=0, yos=0
07-02 23:30:01.331  4229  4511 D InputTransport: channel 'swipe-up (server)' : action=ACTION_DOWN(0), id=0, displayId=0, tooltype=0, deviceId=-1, source=0x1002, flags=0x0, edgeFlags=0x0, metaState=0x0, buttonState=0x1, downTime=172105320000000, eventTime=172105320000000, pointerCount=1 xos=0, yos=0
07-02 23:30:01.331  4229  4511 D InputTransport: channel 'edge-swipe (server)' : action=ACTION_DOWN(0), id=0, displayId=0, tooltype=0, deviceId=-1, source=0x1002, flags=0x0, edgeFlags=0x0, metaState=0x0, buttonState=0x1, downTime=172105320000000, eventTime=172105320000000, pointerCount=1 xos=0, yos=0
07-02 23:30:01.331  4229  4511 D InputTransport: channel 'swipe-up (server)' : action=ACTION_DOWN(0), id=0, displayId=0, tooltype=0, deviceId=-1, source=0x1002, flags=0x0, edgeFlags=0x0, metaState=0x0, buttonState=0x1, downTime=172105320000000, eventTime=172105320000000, pointerCount=1 xos=0, yos=0
07-02 23:30:01.331  4229  4511 D InputTransport: channel 'swipe-up (server)' : action=ACTION_DOWN(0), id=0, displayId=0, tooltype=0, deviceId=-1, source=0x1002, flags=0x0, edgeFlags=0x0, metaState=0x0, buttonState=0x1, downTime=172105320000000, eventTime=172105320000000, pointerCount=1 xos=0, yos=0
07-02 23:30:01.331  4229  4511 D InputTransport: channel 'PointerEventDispatcher0 (server)' : action=ACTION_DOWN(0), id=0, displayId=0, tooltype=0, deviceId=-1, source=0x1002, flags=0x0, edgeFlags=0x0, metaState=0x0, buttonState=0x1, downTime=172105320000000, eventTime=172105320000000, pointerCount=1 xos=0, yos=0
07-02 23:30:01.332  4229  4511 D InputTransport: channel 'PointerEventDispatcherForRear0 (server)' : action=ACTION_DOWN(0), id=0, displayId=0, tooltype=0, deviceId=-1, source=0x1002, flags=0x0, edgeFlags=0x0, metaState=0x0, buttonState=0x1, downTime=172105320000000, eventTime=172105320000000, pointerCount=1 xos=0, yos=0
07-02 23:30:01.411  4229  4511 D InputTransport: channel 'cf907e com.example.lunchtray/com.example.lunchtray.MainActivity (server)' : action=ACTION_UP(0), id=0, displayId=0, tooltype=1, deviceId=-1, source=0x1002, flags=0x0, edgeFlags=0x0, metaState=0x0, buttonState=0x1, downTime=172105320000000, eventTime=172105402000000, pointerCount=1 xos=0, yos=0
07-02 23:30:01.411  4229  4511 D InputTransport: channel 'swipe-up (server)' : action=ACTION_UP(0), id=0, displayId=0, tooltype=1, deviceId=-1, source=0x1002, flags=0x0, edgeFlags=0x0, metaState=0x0, buttonState=0x1, downTime=172105320000000, eventTime=172105402000000, pointerCount=1 xos=0, yos=0
07-02 23:30:01.411  4229  4511 D InputTransport: channel 'edge-swipe (server)' : action=ACTION_UP(0), id=0, displayId=0, tooltype=1, deviceId=-1, source=0x1002, flags=0x0, edgeFlags=0x0, metaState=0x0, buttonState=0x1, downTime=172105320000000, eventTime=172105402000000, pointerCount=1 xos=0, yos=0
07-02 23:30:01.412  4229  4511 D InputTransport: channel 'swipe-up (server)' : action=ACTION_UP(0), id=0, displayId=0, tooltype=1, deviceId=-1, source=0x1002, flags=0x0, edgeFlags=0x0, metaState=0x0, buttonState=0x1, downTime=172105320000000, eventTime=172105402000000, pointerCount=1 xos=0, yos=0
07-02 23:30:01.412  4229  4511 D InputTransport: channel 'swipe-up (server)' : action=ACTION_UP(0), id=0, displayId=0, tooltype=1, deviceId=-1, source=0x1002, flags=0x0, edgeFlags=0x0, metaState=0x0, buttonState=0x1, downTime=172105320000000, eventTime=172105402000000, pointerCount=1 xos=0, yos=0
07-02 23:30:01.412  4229  4511 D InputTransport: channel 'PointerEventDispatcher0 (server)' : action=ACTION_UP(0), id=0, displayId=0, tooltype=1, deviceId=-1, source=0x1002, flags=0x0, edgeFlags=0x0, metaState=0x0, buttonState=0x1, downTime=172105320000000, eventTime=172105402000000, pointerCount=1 xos=0, yos=0
07-02 23:30:01.412  4229  4511 D InputTransport: channel 'PointerEventDispatcherForRear0 (server)' : action=ACTION_UP(0), id=0, displayId=0, tooltype=1, deviceId=-1, source=0x1002, flags=0x0, edgeFlags=0x0, metaState=0x0, buttonState=0x1, downTime=172105320000000, eventTime=172105402000000, pointerCount=1 xos=0, yos=0
07-02 23:30:01.419 32149 32149 I View    : PerformClick: com.google.android.material.button.MaterialButton{f4119fb VFED..C.. ...p..ID 564,1713-1032,1857 #7f080169 app:id/next_button}
07-02 23:30:01.419 32149 32149 I View    : MotionEvent.ACTION_UP: mPrivateFlags: -2128590800,   mHasPerformedLongPress: false,   mIgnoreNextUpEvent: false
07-02 23:30:01.427  4229  4567 V SoundPool: play(soundID=1, leftVolume=1.000000, rightVolume=1.000000, priority=0, loop=0, rate=1.000000)
07-02 23:30:01.428  4229  4567 V AudioTrack: setSampleRate(5291): prior state:STATE_STOPPED rate:48000
07-02 23:30:01.428  4229  4567 V AudioTrack: start(5291): prior state:STATE_STOPPED
07-02 23:30:01.428  4229  4567 V AudioTrack: start(5291): server read:-142776  cumulative flushed:0  client written:0
07-02 23:30:01.429   965   965 V AF::Track: start(4816): calling pid 4229 session 23897
07-02 23:30:01.430   965  1326 D APM_AudioPolicyManager: startOutput portId 5291 output primary->(primary output)(13), stream 1, session 23897
07-02 23:30:01.430   965  1326 V APM_AudioPolicyManager: selectOutputForMusicEffects selected output 13
07-02 23:30:01.431   965  1326 V APM_AudioPolicyManager: getNewOutputDevices selected devices {type:0x2,@:}
07-02 23:30:01.431   965  1326 V APM_AudioPolicyManager: setOutputDevices device {type:0x2,@:} delayMs 0
07-02 23:30:01.431   965  1326 V APM_AudioPolicyManager: setOutputDevices() prevDevice {type:0x2,@:}
07-02 23:30:01.431   965  1326 V APM_AudioPolicyManager: setOutputDevices: suppressing checkDeviceMuteStrategies
07-02 23:30:01.431   965  1326 V APM_AudioPolicyManager: setOutputDevices setting same device {type:0x2,@:} or null device, force=0, patch handle=5258
07-02 23:30:01.432  4229  4567 V SoundPool: play returned 12369
07-02 23:30:01.434  4229  4298 V AudioSystem: ioConfigChanged() event 8
07-02 23:30:01.434  4229  4298 V AudioSystem: ioConfigChanged() AUDIO_CLIENT_STARTED  io 13 port 5291 num callbacks 0
07-02 23:30:01.486   965  1885 V AF::Track: getNextBuffer(4816): underrun,  framesReady(0) < framesDesired(236), state: 6
07-02 23:30:01.488  4229 32186 V AudioTrack: stop(5291): prior state:STATE_ACTIVE
07-02 23:30:01.488   965   965 V AF::Track: stop(4816): calling pid 4229
07-02 23:30:01.514   965  1887 D AF::Track: presentationComplete(4816): presentationComplete() reset: mPresentationCompleteFrames 455040 audioHalFrames 960
07-02 23:30:01.534   965  1887 V AF::Track: presentationComplete(4816): presentationComplete() mPresentationCompleteFrames 455040 framesWritten 455040
07-02 23:30:01.539   965  1326 V APM_AudioPolicyManager: stopOutput() portId 5291 output 13, stream 1, session 23897
07-02 23:30:01.539   965  1326 V APM_AudioPolicyManager: getNewOutputDevices selected devices AUDIO_DEVICE_NONE
07-02 23:30:01.539   965  1326 V APM_AudioPolicyManager: setOutputDevices device AUDIO_DEVICE_NONE delayMs 120
07-02 23:30:01.539   965  1326 V APM_AudioPolicyManager: setOutputDevices() prevDevice {type:0x2,@:}
07-02 23:30:01.540   965  1326 W APM::AudioPolicyEngine: getDevicesForStrategy() unknown strategy: -1
07-02 23:30:01.541   965  1326 V APM_AudioPolicyManager: setOutputDevices setting same device AUDIO_DEVICE_NONE or null device, force=0, patch handle=5258
07-02 23:30:01.541   965  1326 V APM_AudioPolicyManager: selectOutputForMusicEffects selected output 13
07-02 23:30:01.802   914   914 D vendor.lge.hardware.thermal@1.2-impl: Read value from /proc/lge_power/adc/vts, 353
07-02 23:30:01.809   914   914 D vendor.lge.hardware.thermal@1.2-impl: Read value from /proc/lge_power/adc/vts, 353
07-02 23:30:01.857 32149 32149 I ViewInteraction: Performing 'single click' action on view view.getId() is <2131231138/com.example.lunchtray:id/salad>
07-02 23:30:01.866  4229  4511 D InputTransport: channel 'cf907e com.example.lunchtray/com.example.lunchtray.MainActivity (server)' : action=ACTION_DOWN(0), id=0, displayId=0, tooltype=0, deviceId=-1, source=0x1002, flags=0x0, edgeFlags=0x0, metaState=0x0, buttonState=0x1, downTime=172105855000000, eventTime=172105855000000, pointerCount=1 xos=0, yos=0
07-02 23:30:01.867  4229  4511 D InputTransport: channel 'swipe-up (server)' : action=ACTION_DOWN(0), id=0, displayId=0, tooltype=0, deviceId=-1, source=0x1002, flags=0x0, edgeFlags=0x0, metaState=0x0, buttonState=0x1, downTime=172105855000000, eventTime=172105855000000, pointerCount=1 xos=0, yos=0
07-02 23:30:01.867  4229  4511 D InputTransport: channel 'edge-swipe (server)' : action=ACTION_DOWN(0), id=0, displayId=0, tooltype=0, deviceId=-1, source=0x1002, flags=0x0, edgeFlags=0x0, metaState=0x0, buttonState=0x1, downTime=172105855000000, eventTime=172105855000000, pointerCount=1 xos=0, yos=0
07-02 23:30:01.867  4229  4511 D InputTransport: channel 'swipe-up (server)' : action=ACTION_DOWN(0), id=0, displayId=0, tooltype=0, deviceId=-1, source=0x1002, flags=0x0, edgeFlags=0x0, metaState=0x0, buttonState=0x1, downTime=172105855000000, eventTime=172105855000000, pointerCount=1 xos=0, yos=0
07-02 23:30:01.867  4229  4511 D InputTransport: channel 'swipe-up (server)' : action=ACTION_DOWN(0), id=0, displayId=0, tooltype=0, deviceId=-1, source=0x1002, flags=0x0, edgeFlags=0x0, metaState=0x0, buttonState=0x1, downTime=172105855000000, eventTime=172105855000000, pointerCount=1 xos=0, yos=0
07-02 23:30:01.867  4229  4511 D InputTransport: channel 'PointerEventDispatcher0 (server)' : action=ACTION_DOWN(0), id=0, displayId=0, tooltype=0, deviceId=-1, source=0x1002, flags=0x0, edgeFlags=0x0, metaState=0x0, buttonState=0x1, downTime=172105855000000, eventTime=172105855000000, pointerCount=1 xos=0, yos=0
07-02 23:30:01.867  4229  4511 D InputTransport: channel 'PointerEventDispatcherForRear0 (server)' : action=ACTION_DOWN(0), id=0, displayId=0, tooltype=0, deviceId=-1, source=0x1002, flags=0x0, edgeFlags=0x0, metaState=0x0, buttonState=0x1, downTime=172105855000000, eventTime=172105855000000, pointerCount=1 xos=0, yos=0
07-02 23:30:01.950  4229  4511 D InputTransport: channel 'cf907e com.example.lunchtray/com.example.lunchtray.MainActivity (server)' : action=ACTION_UP(0), id=0, displayId=0, tooltype=1, deviceId=-1, source=0x1002, flags=0x0, edgeFlags=0x0, metaState=0x0, buttonState=0x1, downTime=172105855000000, eventTime=172105939000000, pointerCount=1 xos=0, yos=0
07-02 23:30:01.951  4229  4511 D InputTransport: channel 'swipe-up (server)' : action=ACTION_UP(0), id=0, displayId=0, tooltype=1, deviceId=-1, source=0x1002, flags=0x0, edgeFlags=0x0, metaState=0x0, buttonState=0x1, downTime=172105855000000, eventTime=172105939000000, pointerCount=1 xos=0, yos=0
07-02 23:30:01.951  4229  4511 D InputTransport: channel 'edge-swipe (server)' : action=ACTION_UP(0), id=0, displayId=0, tooltype=1, deviceId=-1, source=0x1002, flags=0x0, edgeFlags=0x0, metaState=0x0, buttonState=0x1, downTime=172105855000000, eventTime=172105939000000, pointerCount=1 xos=0, yos=0
07-02 23:30:01.951  4229  4511 D InputTransport: channel 'swipe-up (server)' : action=ACTION_UP(0), id=0, displayId=0, tooltype=1, deviceId=-1, source=0x1002, flags=0x0, edgeFlags=0x0, metaState=0x0, buttonState=0x1, downTime=172105855000000, eventTime=172105939000000, pointerCount=1 xos=0, yos=0
07-02 23:30:01.951  4229  4511 D InputTransport: channel 'swipe-up (server)' : action=ACTION_UP(0), id=0, displayId=0, tooltype=1, deviceId=-1, source=0x1002, flags=0x0, edgeFlags=0x0, metaState=0x0, buttonState=0x1, downTime=172105855000000, eventTime=172105939000000, pointerCount=1 xos=0, yos=0
07-02 23:30:01.951  4229  4511 D InputTransport: channel 'PointerEventDispatcher0 (server)' : action=ACTION_UP(0), id=0, displayId=0, tooltype=1, deviceId=-1, source=0x1002, flags=0x0, edgeFlags=0x0, metaState=0x0, buttonState=0x1, downTime=172105855000000, eventTime=172105939000000, pointerCount=1 xos=0, yos=0
07-02 23:30:01.951  4229  4511 D InputTransport: channel 'PointerEventDispatcherForRear0 (server)' : action=ACTION_UP(0), id=0, displayId=0, tooltype=1, deviceId=-1, source=0x1002, flags=0x0, edgeFlags=0x0, metaState=0x0, buttonState=0x1, downTime=172105855000000, eventTime=172105939000000, pointerCount=1 xos=0, yos=0
07-02 23:30:01.961 32149 32149 I View    : PerformClick: com.google.android.material.radiobutton.MaterialRadioButton{a774c1c VFED..C.. ...p..ID 0,0-459,144 #7f0801a2 app:id/salad}
07-02 23:30:01.961 32149 32149 I View    : MotionEvent.ACTION_UP: mPrivateFlags: -2128590800,   mHasPerformedLongPress: false,   mIgnoreNextUpEvent: false
07-02 23:30:01.988  4229  4567 V SoundPool: play(soundID=1, leftVolume=1.000000, rightVolume=1.000000, priority=0, loop=0, rate=1.000000)
07-02 23:30:01.989  4229  4567 V AudioTrack: setSampleRate(5291): prior state:STATE_STOPPED rate:48000
07-02 23:30:01.989  4229  4567 V AudioTrack: start(5291): prior state:STATE_STOPPED
07-02 23:30:01.989  4229  4567 V AudioTrack: start(5291): server read:-145420  cumulative flushed:0  client written:0
07-02 23:30:01.989   965   965 V AF::Track: start(4816): calling pid 4229 session 23897
07-02 23:30:01.990   965  1326 D APM_AudioPolicyManager: startOutput portId 5291 output primary->(primary output)(13), stream 1, session 23897
07-02 23:30:01.991   965  1326 V APM_AudioPolicyManager: selectOutputForMusicEffects selected output 13
07-02 23:30:01.991   965  1326 V APM_AudioPolicyManager: getNewOutputDevices selected devices {type:0x2,@:}
07-02 23:30:01.991   965  1326 V APM_AudioPolicyManager: setOutputDevices device {type:0x2,@:} delayMs 0
07-02 23:30:01.991   965  1326 V APM_AudioPolicyManager: setOutputDevices() prevDevice {type:0x2,@:}
07-02 23:30:01.991   965  1326 V APM_AudioPolicyManager: setOutputDevices: suppressing checkDeviceMuteStrategies
07-02 23:30:01.991   965  1326 V APM_AudioPolicyManager: setOutputDevices setting same device {type:0x2,@:} or null device, force=0, patch handle=5258
07-02 23:30:01.992  4229  4567 V SoundPool: play returned 12370
07-02 23:30:01.993  4229  4298 V AudioSystem: ioConfigChanged() event 8
07-02 23:30:01.993  4229  4298 V AudioSystem: ioConfigChanged() AUDIO_CLIENT_STARTED  io 13 port 5291 num callbacks 0
07-02 23:30:02.046   965  1885 V AF::Track: getNextBuffer(4816): underrun,  framesReady(0) < framesDesired(236), state: 6
07-02 23:30:02.048  4229 32186 V AudioTrack: stop(5291): prior state:STATE_ACTIVE
07-02 23:30:02.049   965   965 V AF::Track: stop(4816): calling pid 4229
07-02 23:30:02.073   965  1887 D AF::Track: presentationComplete(4816): presentationComplete() reset: mPresentationCompleteFrames 481920 audioHalFrames 960
07-02 23:30:02.093   965  1887 V AF::Track: presentationComplete(4816): presentationComplete() mPresentationCompleteFrames 481920 framesWritten 481920
07-02 23:30:02.098   965  1326 V APM_AudioPolicyManager: stopOutput() portId 5291 output 13, stream 1, session 23897
07-02 23:30:02.099   965  1326 V APM_AudioPolicyManager: getNewOutputDevices selected devices AUDIO_DEVICE_NONE
07-02 23:30:02.099   965  1326 V APM_AudioPolicyManager: setOutputDevices device AUDIO_DEVICE_NONE delayMs 120
07-02 23:30:02.099   965  1326 V APM_AudioPolicyManager: setOutputDevices() prevDevice {type:0x2,@:}
07-02 23:30:02.100   965  1326 W APM::AudioPolicyEngine: getDevicesForStrategy() unknown strategy: -1
07-02 23:30:02.101   965  1326 V APM_AudioPolicyManager: setOutputDevices setting same device AUDIO_DEVICE_NONE or null device, force=0, patch handle=5258
07-02 23:30:02.101   965  1326 V APM_AudioPolicyManager: selectOutputForMusicEffects selected output 13
07-02 23:30:02.181  4696  4696 I NetworkController.WifiSignalController: Change in state to: connected=true,enabled=true,level=3,inetCondition=1,iconGroup=IconGroup(Default Wi-Fi Icons),activityIn=false,activityOut=true,rssi=-56,lteadvancedmode=0,ssid="Node",wifiStandard=0,isReady=false,isTransient=false,statusLabel=null,isGigaWiFi=false,isAttWifiCall=false,detailedState=CONNECTED
07-02 23:30:02.181  4696  4696 I NetworkController: [getDataController] getDefaultDataSubId : dataSubId is 3
07-02 23:30:02.183  4696  4696 I NetworkController.WifiSignalController: updateIconGroup() : mWifiGeneration = 4
07-02 23:30:02.183  4696  4696 I NetworkController.WifiSignalController: updateIconGroup() : connected = true, mCurrentState.isAttWifiCall = false
07-02 23:30:02.185  4696  4696 I MSimUtils: getSubId : 3
07-02 23:30:02.186  4696  4696 I MSimUtils: getSubId : 3
07-02 23:30:02.222  4696  4696 D BarBackgroundDrawable: draw() : targetColor = 0, canvas = android.graphics.RecordingCanvas@243f64e, this = com.android.systemui.statusbar.phone.BarTransitions$BarBackgroundDrawable@575c7c9
07-02 23:30:02.237  4696  4696 D StatusBarNotificationPresenter: isShowNotificationIconsOnly() orientation: 1
07-02 23:30:02.387 32149 32149 I ViewInteraction: Checking 'MatchesViewAssertion{viewMatcher=an instance of android.widget.TextView and view.getText() with or without transformation to match: a string containing "Subtotal: $9.50"}' assertion on view view.getId() is <2131231217/com.example.lunchtray:id/subtotal>
07-02 23:30:02.394 32149 32149 I ViewInteraction: Performing 'single click' action on view view.getId() is <2131231081/com.example.lunchtray:id/next_button>
07-02 23:30:02.398  4229  4511 D InputTransport: channel 'cf907e com.example.lunchtray/com.example.lunchtray.MainActivity (server)' : action=ACTION_DOWN(0), id=0, displayId=0, tooltype=0, deviceId=-1, source=0x1002, flags=0x0, edgeFlags=0x0, metaState=0x0, buttonState=0x1, downTime=172106388000000, eventTime=172106388000000, pointerCount=1 xos=0, yos=0
07-02 23:30:02.399  4229  4511 D InputTransport: channel 'swipe-up (server)' : action=ACTION_DOWN(0), id=0, displayId=0, tooltype=0, deviceId=-1, source=0x1002, flags=0x0, edgeFlags=0x0, metaState=0x0, buttonState=0x1, downTime=172106388000000, eventTime=172106388000000, pointerCount=1 xos=0, yos=0
07-02 23:30:02.399  4229  4511 D InputTransport: channel 'edge-swipe (server)' : action=ACTION_DOWN(0), id=0, displayId=0, tooltype=0, deviceId=-1, source=0x1002, flags=0x0, edgeFlags=0x0, metaState=0x0, buttonState=0x1, downTime=172106388000000, eventTime=172106388000000, pointerCount=1 xos=0, yos=0
07-02 23:30:02.399  4229  4511 D InputTransport: channel 'swipe-up (server)' : action=ACTION_DOWN(0), id=0, displayId=0, tooltype=0, deviceId=-1, source=0x1002, flags=0x0, edgeFlags=0x0, metaState=0x0, buttonState=0x1, downTime=172106388000000, eventTime=172106388000000, pointerCount=1 xos=0, yos=0
07-02 23:30:02.399  4229  4511 D InputTransport: channel 'swipe-up (server)' : action=ACTION_DOWN(0), id=0, displayId=0, tooltype=0, deviceId=-1, source=0x1002, flags=0x0, edgeFlags=0x0, metaState=0x0, buttonState=0x1, downTime=172106388000000, eventTime=172106388000000, pointerCount=1 xos=0, yos=0
07-02 23:30:02.399  4229  4511 D InputTransport: channel 'PointerEventDispatcher0 (server)' : action=ACTION_DOWN(0), id=0, displayId=0, tooltype=0, deviceId=-1, source=0x1002, flags=0x0, edgeFlags=0x0, metaState=0x0, buttonState=0x1, downTime=172106388000000, eventTime=172106388000000, pointerCount=1 xos=0, yos=0
07-02 23:30:02.399  4229  4511 D InputTransport: channel 'PointerEventDispatcherForRear0 (server)' : action=ACTION_DOWN(0), id=0, displayId=0, tooltype=0, deviceId=-1, source=0x1002, flags=0x0, edgeFlags=0x0, metaState=0x0, buttonState=0x1, downTime=172106388000000, eventTime=172106388000000, pointerCount=1 xos=0, yos=0
07-02 23:30:02.482  4229  4511 D InputTransport: channel 'cf907e com.example.lunchtray/com.example.lunchtray.MainActivity (server)' : action=ACTION_UP(0), id=0, displayId=0, tooltype=1, deviceId=-1, source=0x1002, flags=0x0, edgeFlags=0x0, metaState=0x0, buttonState=0x1, downTime=172106388000000, eventTime=172106471000000, pointerCount=1 xos=0, yos=0
07-02 23:30:02.482  4229  4511 D InputTransport: channel 'swipe-up (server)' : action=ACTION_UP(0), id=0, displayId=0, tooltype=1, deviceId=-1, source=0x1002, flags=0x0, edgeFlags=0x0, metaState=0x0, buttonState=0x1, downTime=172106388000000, eventTime=172106471000000, pointerCount=1 xos=0, yos=0
07-02 23:30:02.482  4229  4511 D InputTransport: channel 'edge-swipe (server)' : action=ACTION_UP(0), id=0, displayId=0, tooltype=1, deviceId=-1, source=0x1002, flags=0x0, edgeFlags=0x0, metaState=0x0, buttonState=0x1, downTime=172106388000000, eventTime=172106471000000, pointerCount=1 xos=0, yos=0
07-02 23:30:02.482  4229  4511 D InputTransport: channel 'swipe-up (server)' : action=ACTION_UP(0), id=0, displayId=0, tooltype=1, deviceId=-1, source=0x1002, flags=0x0, edgeFlags=0x0, metaState=0x0, buttonState=0x1, downTime=172106388000000, eventTime=172106471000000, pointerCount=1 xos=0, yos=0
07-02 23:30:02.482  4229  4511 D InputTransport: channel 'swipe-up (server)' : action=ACTION_UP(0), id=0, displayId=0, tooltype=1, deviceId=-1, source=0x1002, flags=0x0, edgeFlags=0x0, metaState=0x0, buttonState=0x1, downTime=172106388000000, eventTime=172106471000000, pointerCount=1 xos=0, yos=0
07-02 23:30:02.482  4229  4511 D InputTransport: channel 'PointerEventDispatcher0 (server)' : action=ACTION_UP(0), id=0, displayId=0, tooltype=1, deviceId=-1, source=0x1002, flags=0x0, edgeFlags=0x0, metaState=0x0, buttonState=0x1, downTime=172106388000000, eventTime=172106471000000, pointerCount=1 xos=0, yos=0
07-02 23:30:02.483  4229  4511 D InputTransport: channel 'PointerEventDispatcherForRear0 (server)' : action=ACTION_UP(0), id=0, displayId=0, tooltype=1, deviceId=-1, source=0x1002, flags=0x0, edgeFlags=0x0, metaState=0x0, buttonState=0x1, downTime=172106388000000, eventTime=172106471000000, pointerCount=1 xos=0, yos=0
07-02 23:30:02.495 32149 32149 I View    : PerformClick: com.google.android.material.button.MaterialButton{5cca480 VFED..C.. ...p..ID 564,1605-1032,1749 #7f080169 app:id/next_button}
07-02 23:30:02.496 32149 32149 I View    : MotionEvent.ACTION_UP: mPrivateFlags: -2128590800,   mHasPerformedLongPress: false,   mIgnoreNextUpEvent: false
07-02 23:30:02.503  4229  4567 V SoundPool: play(soundID=1, leftVolume=1.000000, rightVolume=1.000000, priority=0, loop=0, rate=1.000000)
07-02 23:30:02.504  4229  4567 V AudioTrack: setSampleRate(5291): prior state:STATE_STOPPED rate:48000
07-02 23:30:02.504  4229  4567 V AudioTrack: start(5291): prior state:STATE_STOPPED
07-02 23:30:02.504  4229  4567 V AudioTrack: start(5291): server read:-148064  cumulative flushed:0  client written:0
07-02 23:30:02.504   965   965 V AF::Track: start(4816): calling pid 4229 session 23897
07-02 23:30:02.505   965  1326 D APM_AudioPolicyManager: startOutput portId 5291 output primary->(primary output)(13), stream 1, session 23897
07-02 23:30:02.505   965  1326 V APM_AudioPolicyManager: selectOutputForMusicEffects selected output 13
07-02 23:30:02.505   965  1326 V APM_AudioPolicyManager: getNewOutputDevices selected devices {type:0x2,@:}
07-02 23:30:02.505   965  1326 V APM_AudioPolicyManager: setOutputDevices device {type:0x2,@:} delayMs 0
07-02 23:30:02.505   965  1326 V APM_AudioPolicyManager: setOutputDevices() prevDevice {type:0x2,@:}
07-02 23:30:02.505   965  1326 V APM_AudioPolicyManager: setOutputDevices: suppressing checkDeviceMuteStrategies
07-02 23:30:02.505   965  1326 V APM_AudioPolicyManager: setOutputDevices setting same device {type:0x2,@:} or null device, force=0, patch handle=5258
07-02 23:30:02.507  4229  4567 V SoundPool: play returned 12374
07-02 23:30:02.510  4229  5209 V AudioSystem: ioConfigChanged() event 8
07-02 23:30:02.510  4229  5209 V AudioSystem: ioConfigChanged() AUDIO_CLIENT_STARTED  io 13 port 5291 num callbacks 0
07-02 23:30:02.566   965  1885 V AF::Track: getNextBuffer(4816): underrun,  framesReady(0) < framesDesired(236), state: 6
07-02 23:30:02.567  4229 32186 V AudioTrack: stop(5291): prior state:STATE_ACTIVE
07-02 23:30:02.567   965   965 V AF::Track: stop(4816): calling pid 4229
07-02 23:30:02.590   965  1887 D AF::Track: presentationComplete(4816): presentationComplete() reset: mPresentationCompleteFrames 506880 audioHalFrames 960
07-02 23:30:02.611   965  1887 V AF::Track: presentationComplete(4816): presentationComplete() mPresentationCompleteFrames 506880 framesWritten 506880
07-02 23:30:02.619   965  1326 V APM_AudioPolicyManager: stopOutput() portId 5291 output 13, stream 1, session 23897
07-02 23:30:02.619   965  1326 V APM_AudioPolicyManager: getNewOutputDevices selected devices AUDIO_DEVICE_NONE
07-02 23:30:02.619   965  1326 V APM_AudioPolicyManager: setOutputDevices device AUDIO_DEVICE_NONE delayMs 120
07-02 23:30:02.619   965  1326 V APM_AudioPolicyManager: setOutputDevices() prevDevice {type:0x2,@:}
07-02 23:30:02.620   965  1326 W APM::AudioPolicyEngine: getDevicesForStrategy() unknown strategy: -1
07-02 23:30:02.620   965  1326 V APM_AudioPolicyManager: setOutputDevices setting same device AUDIO_DEVICE_NONE or null device, force=0, patch handle=5258
07-02 23:30:02.621   965  1326 V APM_AudioPolicyManager: selectOutputForMusicEffects selected output 13
07-02 23:30:02.636  3772  3782 I PowerRM : CF-1 b-1
07-02 23:30:02.636  3772  3782 I PowerRM : REQF = -1
07-02 23:30:02.636  3772  3782 I Powercontrol_Client: Notify refreshrate 160:60:-1
07-02 23:30:02.637   903   924 I vendor.lge.hardware.powercontrol@1.3-impl: notify_refreshrate_limit to 160/60/-1
07-02 23:30:02.643   970   970 I SurfaceFlinger: Setting desired display config specs: defaultConfig: 0 primaryRange: [60 60] expandedRange: [0 inf]
07-02 23:30:02.644   970   970 I SurfaceFlinger: setDesiredActiveConfig(60fps)
07-02 23:30:02.941 32149 32149 I ViewInteraction: Performing 'single click' action on view view.getId() is <2131230835/com.example.lunchtray:id/bread>
07-02 23:30:02.949  4229  4511 D InputTransport: channel 'cf907e com.example.lunchtray/com.example.lunchtray.MainActivity (server)' : action=ACTION_DOWN(0), id=0, displayId=0, tooltype=0, deviceId=-1, source=0x1002, flags=0x0, edgeFlags=0x0, metaState=0x0, buttonState=0x1, downTime=172106938000000, eventTime=172106938000000, pointerCount=1 xos=0, yos=0
07-02 23:30:02.949  4229  4511 D InputTransport: channel 'swipe-up (server)' : action=ACTION_DOWN(0), id=0, displayId=0, tooltype=0, deviceId=-1, source=0x1002, flags=0x0, edgeFlags=0x0, metaState=0x0, buttonState=0x1, downTime=172106938000000, eventTime=172106938000000, pointerCount=1 xos=0, yos=0
07-02 23:30:02.949  4229  4511 D InputTransport: channel 'edge-swipe (server)' : action=ACTION_DOWN(0), id=0, displayId=0, tooltype=0, deviceId=-1, source=0x1002, flags=0x0, edgeFlags=0x0, metaState=0x0, buttonState=0x1, downTime=172106938000000, eventTime=172106938000000, pointerCount=1 xos=0, yos=0
07-02 23:30:02.949  4229  4511 D InputTransport: channel 'swipe-up (server)' : action=ACTION_DOWN(0), id=0, displayId=0, tooltype=0, deviceId=-1, source=0x1002, flags=0x0, edgeFlags=0x0, metaState=0x0, buttonState=0x1, downTime=172106938000000, eventTime=172106938000000, pointerCount=1 xos=0, yos=0
07-02 23:30:02.949  4229  4511 D InputTransport: channel 'swipe-up (server)' : action=ACTION_DOWN(0), id=0, displayId=0, tooltype=0, deviceId=-1, source=0x1002, flags=0x0, edgeFlags=0x0, metaState=0x0, buttonState=0x1, downTime=172106938000000, eventTime=172106938000000, pointerCount=1 xos=0, yos=0
07-02 23:30:02.949  4229  4511 D InputTransport: channel 'PointerEventDispatcher0 (server)' : action=ACTION_DOWN(0), id=0, displayId=0, tooltype=0, deviceId=-1, source=0x1002, flags=0x0, edgeFlags=0x0, metaState=0x0, buttonState=0x1, downTime=172106938000000, eventTime=172106938000000, pointerCount=1 xos=0, yos=0
07-02 23:30:02.949  4229  4511 D InputTransport: channel 'PointerEventDispatcherForRear0 (server)' : action=ACTION_DOWN(0), id=0, displayId=0, tooltype=0, deviceId=-1, source=0x1002, flags=0x0, edgeFlags=0x0, metaState=0x0, buttonState=0x1, downTime=172106938000000, eventTime=172106938000000, pointerCount=1 xos=0, yos=0
07-02 23:30:02.987  4229  4598 D WifiWatchdogStateMachine: iwlanpercheck loss=0% / volume4 / imscallstate:0 sum:0, perAvg:0
07-02 23:30:03.030  4229  4511 D InputTransport: channel 'cf907e com.example.lunchtray/com.example.lunchtray.MainActivity (server)' : action=ACTION_UP(0), id=0, displayId=0, tooltype=1, deviceId=-1, source=0x1002, flags=0x0, edgeFlags=0x0, metaState=0x0, buttonState=0x1, downTime=172106938000000, eventTime=172107020000000, pointerCount=1 xos=0, yos=0
07-02 23:30:03.030  4229  4511 D InputTransport: channel 'swipe-up (server)' : action=ACTION_UP(0), id=0, displayId=0, tooltype=1, deviceId=-1, source=0x1002, flags=0x0, edgeFlags=0x0, metaState=0x0, buttonState=0x1, downTime=172106938000000, eventTime=172107020000000, pointerCount=1 xos=0, yos=0
07-02 23:30:03.031  4229  4511 D InputTransport: channel 'edge-swipe (server)' : action=ACTION_UP(0), id=0, displayId=0, tooltype=1, deviceId=-1, source=0x1002, flags=0x0, edgeFlags=0x0, metaState=0x0, buttonState=0x1, downTime=172106938000000, eventTime=172107020000000, pointerCount=1 xos=0, yos=0
07-02 23:30:03.031  4229  4511 D InputTransport: channel 'swipe-up (server)' : action=ACTION_UP(0), id=0, displayId=0, tooltype=1, deviceId=-1, source=0x1002, flags=0x0, edgeFlags=0x0, metaState=0x0, buttonState=0x1, downTime=172106938000000, eventTime=172107020000000, pointerCount=1 xos=0, yos=0
07-02 23:30:03.031  4229  4511 D InputTransport: channel 'swipe-up (server)' : action=ACTION_UP(0), id=0, displayId=0, tooltype=1, deviceId=-1, source=0x1002, flags=0x0, edgeFlags=0x0, metaState=0x0, buttonState=0x1, downTime=172106938000000, eventTime=172107020000000, pointerCount=1 xos=0, yos=0
07-02 23:30:03.031  4229  4511 D InputTransport: channel 'PointerEventDispatcher0 (server)' : action=ACTION_UP(0), id=0, displayId=0, tooltype=1, deviceId=-1, source=0x1002, flags=0x0, edgeFlags=0x0, metaState=0x0, buttonState=0x1, downTime=172106938000000, eventTime=172107020000000, pointerCount=1 xos=0, yos=0
07-02 23:30:03.031  4229  4511 D InputTransport: channel 'PointerEventDispatcherForRear0 (server)' : action=ACTION_UP(0), id=0, displayId=0, tooltype=1, deviceId=-1, source=0x1002, flags=0x0, edgeFlags=0x0, metaState=0x0, buttonState=0x1, downTime=172106938000000, eventTime=172107020000000, pointerCount=1 xos=0, yos=0
07-02 23:30:03.034 32149 32149 I View    : PerformClick: com.google.android.material.radiobutton.MaterialRadioButton{f50d3ed VFED..C.. ...p..ID 0,0-358,144 #7f080073 app:id/bread}
07-02 23:30:03.034 32149 32149 I View    : MotionEvent.ACTION_UP: mPrivateFlags: -2128590800,   mHasPerformedLongPress: false,   mIgnoreNextUpEvent: false
07-02 23:30:03.049  4229  4567 V SoundPool: play(soundID=1, leftVolume=1.000000, rightVolume=1.000000, priority=0, loop=0, rate=1.000000)
07-02 23:30:03.050  4229  4567 V AudioTrack: setSampleRate(5291): prior state:STATE_STOPPED rate:48000
07-02 23:30:03.050  4229  4567 V AudioTrack: start(5291): prior state:STATE_STOPPED
07-02 23:30:03.050  4229  4567 V AudioTrack: start(5291): server read:-150708  cumulative flushed:0  client written:0
07-02 23:30:03.051   965   965 V AF::Track: start(4816): calling pid 4229 session 23897
07-02 23:30:03.052   965  1326 D APM_AudioPolicyManager: startOutput portId 5291 output primary->(primary output)(13), stream 1, session 23897
07-02 23:30:03.052   965  1326 V APM_AudioPolicyManager: selectOutputForMusicEffects selected output 13
07-02 23:30:03.052   965  1326 V APM_AudioPolicyManager: getNewOutputDevices selected devices {type:0x2,@:}
07-02 23:30:03.052   965  1326 V APM_AudioPolicyManager: setOutputDevices device {type:0x2,@:} delayMs 0
07-02 23:30:03.052   965  1326 V APM_AudioPolicyManager: setOutputDevices() prevDevice {type:0x2,@:}
07-02 23:30:03.052   965  1326 V APM_AudioPolicyManager: setOutputDevices: suppressing checkDeviceMuteStrategies
07-02 23:30:03.053   965  1326 V APM_AudioPolicyManager: setOutputDevices setting same device {type:0x2,@:} or null device, force=0, patch handle=5258
07-02 23:30:03.054  4229  5209 V AudioSystem: ioConfigChanged() event 8
07-02 23:30:03.054  4229  5209 V AudioSystem: ioConfigChanged() AUDIO_CLIENT_STARTED  io 13 port 5291 num callbacks 0
07-02 23:30:03.056  4229  4567 V SoundPool: play returned 12375
07-02 23:30:03.106   965  1885 V AF::Track: getNextBuffer(4816): underrun,  framesReady(0) < framesDesired(236), state: 6
07-02 23:30:03.111   965  1887 D AF::Track: presentationComplete(4816): presentationComplete() reset: mPresentationCompleteFrames 531840 audioHalFrames 960
07-02 23:30:03.112  4229 32186 V AudioTrack: stop(5291): prior state:STATE_ACTIVE
07-02 23:30:03.112   965   965 V AF::Track: stop(4816): calling pid 4229
07-02 23:30:03.151   965  1887 V AF::Track: presentationComplete(4816): presentationComplete() mPresentationCompleteFrames 531840 framesWritten 532800
07-02 23:30:03.159   965  1326 V APM_AudioPolicyManager: stopOutput() portId 5291 output 13, stream 1, session 23897
07-02 23:30:03.159   965  1326 V APM_AudioPolicyManager: getNewOutputDevices selected devices AUDIO_DEVICE_NONE
07-02 23:30:03.159   965  1326 V APM_AudioPolicyManager: setOutputDevices device AUDIO_DEVICE_NONE delayMs 120
07-02 23:30:03.159   965  1326 V APM_AudioPolicyManager: setOutputDevices() prevDevice {type:0x2,@:}
07-02 23:30:03.160   965  1326 W APM::AudioPolicyEngine: getDevicesForStrategy() unknown strategy: -1
07-02 23:30:03.160   965  1326 V APM_AudioPolicyManager: setOutputDevices setting same device AUDIO_DEVICE_NONE or null device, force=0, patch handle=5258
07-02 23:30:03.160   965  1326 V APM_AudioPolicyManager: selectOutputForMusicEffects selected output 13
07-02 23:30:03.457 32149 32149 I ViewInteraction: Checking 'MatchesViewAssertion{viewMatcher=an instance of android.widget.TextView and view.getText() with or without transformation to match: a string containing "Subtotal: $10.00"}' assertion on view view.getId() is <2131231217/com.example.lunchtray:id/subtotal>
07-02 23:30:03.464 32149 32149 I ViewInteraction: Performing 'single click' action on view view.getId() is <2131231081/com.example.lunchtray:id/next_button>
07-02 23:30:03.470  4229  4511 D InputTransport: channel 'cf907e com.example.lunchtray/com.example.lunchtray.MainActivity (server)' : action=ACTION_DOWN(0), id=0, displayId=0, tooltype=0, deviceId=-1, source=0x1002, flags=0x0, edgeFlags=0x0, metaState=0x0, buttonState=0x1, downTime=172107460000000, eventTime=172107460000000, pointerCount=1 xos=0, yos=0
07-02 23:30:03.470  4229  4511 D InputTransport: channel 'swipe-up (server)' : action=ACTION_DOWN(0), id=0, displayId=0, tooltype=0, deviceId=-1, source=0x1002, flags=0x0, edgeFlags=0x0, metaState=0x0, buttonState=0x1, downTime=172107460000000, eventTime=172107460000000, pointerCount=1 xos=0, yos=0
07-02 23:30:03.471  4229  4511 D InputTransport: channel 'edge-swipe (server)' : action=ACTION_DOWN(0), id=0, displayId=0, tooltype=0, deviceId=-1, source=0x1002, flags=0x0, edgeFlags=0x0, metaState=0x0, buttonState=0x1, downTime=172107460000000, eventTime=172107460000000, pointerCount=1 xos=0, yos=0
07-02 23:30:03.471  4229  4511 D InputTransport: channel 'swipe-up (server)' : action=ACTION_DOWN(0), id=0, displayId=0, tooltype=0, deviceId=-1, source=0x1002, flags=0x0, edgeFlags=0x0, metaState=0x0, buttonState=0x1, downTime=172107460000000, eventTime=172107460000000, pointerCount=1 xos=0, yos=0
07-02 23:30:03.471  4229  4511 D InputTransport: channel 'swipe-up (server)' : action=ACTION_DOWN(0), id=0, displayId=0, tooltype=0, deviceId=-1, source=0x1002, flags=0x0, edgeFlags=0x0, metaState=0x0, buttonState=0x1, downTime=172107460000000, eventTime=172107460000000, pointerCount=1 xos=0, yos=0
