07-02 23:30:23.978 32149 32149 V ActivityScenario: Activity lifecycle changed event received but ignored because the intent does not match. startActivityIntent=Intent { act=android.intent.action.MAIN cat=[android.intent.category.LAUNCHER] cmp=com.example.lunchtray/.MainActivity }, activity.getIntent()=Intent { act=android.intent.action.MAIN cat=[android.intent.category.LAUNCHER] cmp=com.example.lunchtray/androidx.fragment.app.testing.FragmentScenario$EmptyFragmentActivity (has extras) }, activity=androidx.fragment.app.testing.FragmentScenario$EmptyFragmentActivity@d7af33a
07-02 23:30:23.978 32149 32149 I chatty  : uid=10913(com.example.lunchtray) identical 3 lines
07-02 23:30:23.978 32149 32149 V ActivityScenario: Activity lifecycle changed event received but ignored because the intent does not match. startActivityIntent=Intent { act=android.intent.action.MAIN cat=[android.intent.category.LAUNCHER] cmp=com.example.lunchtray/.MainActivity }, activity.getIntent()=Intent { act=android.intent.action.MAIN cat=[android.intent.category.LAUNCHER] cmp=com.example.lunchtray/androidx.fragment.app.testing.FragmentScenario$EmptyFragmentActivity (has extras) }, activity=androidx.fragment.app.testing.FragmentScenario$EmptyFragmentActivity@d7af33a
07-02 23:30:23.978 32149 32149 V ActivityScenario: Update currentActivityStage to CREATED, currentActivity=androidx.fragment.app.testing.FragmentScenario$EmptyFragmentActivity@d7af33a
07-02 23:30:23.978 32149 32149 V ActivityScenario: Activity lifecycle changed event received but ignored because the intent does not match. startActivityIntent=Intent { act=android.intent.action.MAIN cat=[android.intent.category.LAUNCHER] cmp=com.example.lunchtray/.MainActivity }, activity.getIntent()=Intent { act=android.intent.action.MAIN cat=[android.intent.category.LAUNCHER] cmp=com.example.lunchtray/androidx.fragment.app.testing.FragmentScenario$EmptyFragmentActivity (has extras) }, activity=androidx.fragment.app.testing.FragmentScenario$EmptyFragmentActivity@d7af33a
07-02 23:30:23.978 32149 32149 V ActivityScenario: Update currentActivityStage to CREATED, currentActivity=androidx.fragment.app.testing.FragmentScenario$EmptyFragmentActivity@d7af33a
07-02 23:30:23.981 32149 32149 D LifecycleMonitor: Lifecycle status change: androidx.fragment.app.testing.FragmentScenario$EmptyFragmentActivity@d7af33a in: STARTED
07-02 23:30:23.981 32149 32149 V ActivityScenario: Activity lifecycle changed event received but ignored because the intent does not match. startActivityIntent=Intent { act=android.intent.action.MAIN cat=[android.intent.category.LAUNCHER] cmp=com.example.lunchtray/.MainActivity }, activity.getIntent()=Intent { act=android.intent.action.MAIN cat=[android.intent.category.LAUNCHER] cmp=com.example.lunchtray/androidx.fragment.app.testing.FragmentScenario$EmptyFragmentActivity (has extras) }, activity=androidx.fragment.app.testing.FragmentScenario$EmptyFragmentActivity@d7af33a
07-02 23:30:23.981 32149 32149 I chatty  : uid=10913(com.example.lunchtray) identical 3 lines
07-02 23:30:23.981 32149 32149 V ActivityScenario: Activity lifecycle changed event received but ignored because the intent does not match. startActivityIntent=Intent { act=android.intent.action.MAIN cat=[android.intent.category.LAUNCHER] cmp=com.example.lunchtray/.MainActivity }, activity.getIntent()=Intent { act=android.intent.action.MAIN cat=[android.intent.category.LAUNCHER] cmp=com.example.lunchtray/androidx.fragment.app.testing.FragmentScenario$EmptyFragmentActivity (has extras) }, activity=androidx.fragment.app.testing.FragmentScenario$EmptyFragmentActivity@d7af33a
07-02 23:30:23.981 32149 32149 V ActivityScenario: Update currentActivityStage to STARTED, currentActivity=androidx.fragment.app.testing.FragmentScenario$EmptyFragmentActivity@d7af33a
07-02 23:30:23.981 32149 32149 V ActivityScenario: Activity lifecycle changed event received but ignored because the intent does not match. startActivityIntent=Intent { act=android.intent.action.MAIN cat=[android.intent.category.LAUNCHER] cmp=com.example.lunchtray/.MainActivity }, activity.getIntent()=Intent { act=android.intent.action.MAIN cat=[android.intent.category.LAUNCHER] cmp=com.example.lunchtray/androidx.fragment.app.testing.FragmentScenario$EmptyFragmentActivity (has extras) }, activity=androidx.fragment.app.testing.FragmentScenario$EmptyFragmentActivity@d7af33a
07-02 23:30:23.981 32149 32149 V ActivityScenario: Update currentActivityStage to STARTED, currentActivity=androidx.fragment.app.testing.FragmentScenario$EmptyFragmentActivity@d7af33a
07-02 23:30:23.982 32149 32149 D LifecycleMonitor: Lifecycle status change: androidx.fragment.app.testing.FragmentScenario$EmptyFragmentActivity@d7af33a in: RESUMED
07-02 23:30:23.982 32149 32149 V ActivityScenario: Activity lifecycle changed event received but ignored because the intent does not match. startActivityIntent=Intent { act=android.intent.action.MAIN cat=[android.intent.category.LAUNCHER] cmp=com.example.lunchtray/.MainActivity }, activity.getIntent()=Intent { act=android.intent.action.MAIN cat=[android.intent.category.LAUNCHER] cmp=com.example.lunchtray/androidx.fragment.app.testing.FragmentScenario$EmptyFragmentActivity (has extras) }, activity=androidx.fragment.app.testing.FragmentScenario$EmptyFragmentActivity@d7af33a
07-02 23:30:23.983 32149 32149 I chatty  : uid=10913(com.example.lunchtray) identical 3 lines
07-02 23:30:23.983 32149 32149 V ActivityScenario: Activity lifecycle changed event received but ignored because the intent does not match. startActivityIntent=Intent { act=android.intent.action.MAIN cat=[android.intent.category.LAUNCHER] cmp=com.example.lunchtray/.MainActivity }, activity.getIntent()=Intent { act=android.intent.action.MAIN cat=[android.intent.category.LAUNCHER] cmp=com.example.lunchtray/androidx.fragment.app.testing.FragmentScenario$EmptyFragmentActivity (has extras) }, activity=androidx.fragment.app.testing.FragmentScenario$EmptyFragmentActivity@d7af33a
07-02 23:30:23.983 32149 32149 V ActivityScenario: Update currentActivityStage to RESUMED, currentActivity=androidx.fragment.app.testing.FragmentScenario$EmptyFragmentActivity@d7af33a
07-02 23:30:23.983 32149 32149 V ActivityScenario: Activity lifecycle changed event received but ignored because the intent does not match. startActivityIntent=Intent { act=android.intent.action.MAIN cat=[android.intent.category.LAUNCHER] cmp=com.example.lunchtray/.MainActivity }, activity.getIntent()=Intent { act=android.intent.action.MAIN cat=[android.intent.category.LAUNCHER] cmp=com.example.lunchtray/androidx.fragment.app.testing.FragmentScenario$EmptyFragmentActivity (has extras) }, activity=androidx.fragment.app.testing.FragmentScenario$EmptyFragmentActivity@d7af33a
07-02 23:30:23.983 32149 32149 V ActivityScenario: Update currentActivityStage to RESUMED, currentActivity=androidx.fragment.app.testing.FragmentScenario$EmptyFragmentActivity@d7af33a
07-02 23:30:23.985 32249 32249 D vendor.qti.hardware.seccam@1.0-service-qti: SecCam: service starting
07-02 23:30:23.988   645   645 I hwservicemanager: getTransport: Cannot find entry vendor.qti.hardware.seccam@1.0::ISecCam/default in either framework or device manifest.
07-02 23:30:23.988 32249 32249 E HidlServiceManagement: Service vendor.qti.hardware.seccam@1.0::ISecCam/default must be in VINTF manifest in order to register/get.
07-02 23:30:23.988 32249 32249 E vendor.qti.hardware.seccam@1.0-service-qti: Cannot register ISecCam HAL service
07-02 23:30:23.988   970  1854 D SurfaceFlinger: Create ContainerLayer(0xb400007d2cf93cb0) 9839176 com.example.lunchtray/androidx.fragment.app.testing.FragmentScenario$EmptyFragmentActivity#0
07-02 23:30:23.990 32149 32149 I TouchFilterInputStageHelper: [needTouchEventFilter] Displayid : 0
07-02 23:30:23.991 32149 32149 D HandGripFilter: getdisplaysize, x : 1080 y : 2340
07-02 23:30:23.993   970   970 I SurfaceFlinger: Remove BufferQueueLayer(0xb400007d3cd257a0) com.lge.launcher3/com.lge.launcher3.LauncherExtension@17401#0 (parent=none)
07-02 23:30:23.993   970   970 I SurfaceFlinger: Remove BufferQueueLayer(0xb400007d3cd56180) com.lge.launcher3/com.lge.launcher3.LauncherExtension@28931#0 (parent=none)
07-02 23:30:23.994   970   970 D Layer   : Destroy com.lge.launcher3/com.lge.launcher3.LauncherExtension@17401#0(0xb400007d3cd257a0)
07-02 23:30:23.994   970   970 D Layer   : Destroy com.lge.launcher3/com.lge.launcher3.LauncherExtension@28931#0(0xb400007d3cd56180)
07-02 23:30:23.995  4229  6300 D InputDispatcher: Window went away: com.lge.launcher3/com.lge.launcher3.LauncherExtension@28931#0
07-02 23:30:23.995  4229  6300 D InputDispatcher: Window went away: com.lge.launcher3/com.lge.launcher3.LauncherExtension@17401#0
07-02 23:30:23.996   970  1023 D SurfaceFlinger: Create BufferQueueLayer(0xb400007d3cd5d0a0) com.example.lunchtray/androidx.fragment.app.testing.FragmentScenario$EmptyFragmentActivity@32149#0
07-02 23:30:23.998   970  1023 D SurfaceFlinger: Create EffectLayer(0xb400007d2cf0df40) Surface(name=da0e137 StatusBar)/@0x5eb3426 - animation-leash#1
07-02 23:30:23.999   970  1023 D SurfaceFlinger: Create EffectLayer(0xb400007d2cf3e5d0) Surface(name=20d41bf NavigationBar#0)/@0xa6cf867 - animation-leash#1
07-02 23:30:24.000  4229  4365 D WindowManager: [DisplayPolicy#0] 1.updateNavigationBarColor => mLastColorNavigationBar=0xff080808
07-02 23:30:24.000  4229  4365 D IStatusBar.Stub: updateNavigationBarColor(0, -16250872)
07-02 23:30:24.000  4696 10272 D IStatusBar.Stub : CommandQueue: updateNavigationBarColor(0, -16250872)
07-02 23:30:24.001  4696  4696 I NavigationThemeResource: display(0) notify navigation bar color(0xff080808)
07-02 23:30:24.001  4696  4696 I NavigationThemeResource: WmEx Color dark = -16250872
07-02 23:30:24.001  3772  3782 I PowerRM : System FW:1 IC:0 SO:0 GT:0 CAPP:-1 APP:0
07-02 23:30:24.001  3772  3782 I PowerRM : System FW:0 IC:0 SO:0 GT:0 CAPP:-1 APP:0
07-02 23:30:24.001  3772  3782 I PowerRM : FIA lock1 unlocked
07-02 23:30:24.007   873   873 D vendor.lge.hardware.battery@1.0-impl: Read value from /proc/lge_power/adc/batt_id, 1
07-02 23:30:24.007   873   873 D vendor.lge.hardware.battery@1.0-impl: Read value from /proc/lge_power/battery/condition, 1
07-02 23:30:24.008   876   876 D vendor.lge.hardware.charger@1.1-impl: Read value from /proc/lge_power/battery/time_to_full_now, 22748
07-02 23:30:24.009   876   876 D vendor.lge.hardware.charger@1.1-impl: Read value from /proc/lge_power/charger/fastchg, 0
07-02 23:30:24.009   876   876 D vendor.lge.hardware.charger@1.1-impl: Read value from /proc/lge_power/battery/vzw_chg, -1000000
07-02 23:30:24.009   876   876 D vendor.lge.hardware.charger@1.1-impl: Read value from /proc/lge_power/charger/incompatible, 0
07-02 23:30:24.009   876   876 D vendor.lge.hardware.charger@1.1-impl: Read value from /proc/lge_power/charger/usbid_type, 2147483647
07-02 23:30:24.009   876   876 D vendor.lge.hardware.charger@1.1-impl: Read value from /sys/class/qnovo/QNA_METER, 86
07-02 23:30:24.010   970   970 I SurfaceFlinger: Remove EffectLayer(0xb400007d2ced5000) Surface(name=da0e137 StatusBar)/@0x5eb3426 - animation-leash#0 (parent=none)
07-02 23:30:24.010   970   970 I SurfaceFlinger: Remove EffectLayer(0xb400007d2cf02900) Surface(name=20d41bf NavigationBar#0)/@0xa6cf867 - animation-leash#0 (parent=none)
07-02 23:30:24.011  3937  3977 E statsd  : Predicate 5980654721335871649 dropping data for dimension key (10)0x2010101->10913[I] (10)0x30000->*launch*[S]
07-02 23:30:24.011  4229  7773 D InputDispatcher: Focus entered window: Window{9839176 u0 com.example.lunchtray/androidx.fragment.app.testing.FragmentScenario$EmptyFragmentActivity} in display 0
07-02 23:30:24.015   970  1854 D SurfaceFlinger: Create EffectLayer(0xb400007d2ce9ee50) Surface(name=df56aec Splash Screen com.example.lunchtray)/@0x814ed52 - animation-leash#0
07-02 23:30:24.015   914   914 D vendor.lge.hardware.thermal@1.2-impl: Read value from /proc/lge_power/adc/vts, 354
07-02 23:30:24.016  4696  4696 I LightBarTransitionsController: animateIconTint() : skip : mNextDarkIntensity = 0.0
07-02 23:30:24.019  4229  4229 D AS.AudioService: onReceive ACTION_BATTERY_CHANGED EXTRA_PLUGGED : 2
07-02 23:30:24.021  5069  5069 D TeleService: PhoneGlobalsEx: onReceive: android.intent.action.BATTERY_CHANGED
07-02 23:30:24.021  6595  6595 I GameToolsWindow: onReceive = android.intent.action.BATTERY_CHANGED reason = null
07-02 23:30:24.021  6595  6595 D GameToolsWindow: isStereoSpeakerModel: true
07-02 23:30:24.021  6595  6595 D GameToolsWindow: updateDTSButton mIsFMRadioOn = false / mDTSViewDisabled = false
07-02 23:30:24.021  6595  6595 D GameToolsWindow: isStereoSpeakerModel: true
07-02 23:30:24.023 28204 28204 W MainApplication: onReceive intent : Intent { act=android.intent.action.BATTERY_CHANGED flg=0x60000010 (has extras) }
07-02 23:30:24.023  4696  4696 I LGPowerUI: onReceive = android.intent.action.BATTERY_CHANGED
07-02 23:30:24.023  4696  4696 I LGPowerUI: level = 23, plugType = 2, plugged = true, charging = true, temperature = 349, chargingCurrent = 0, factoryCableItem = 0, isFastCharging = false, batteryID = 1, isSafeCharging = false
07-02 23:30:24.023  4696  4696 I LGPowerUI: mIsSupportEstimateChargingTime: true
07-02 23:30:24.024  5075  5075 D DeviceStatisticsService: chargerType=2 batteryLevel=23 totalBatteryCapacity=3879100
07-02 23:30:24.024   876   876 D vendor.lge.hardware.charger@1.1-impl: Read value from /proc/lge_power/battery/time_to_full_now, 22748
07-02 23:30:24.025  4696  4696 I LowBatteryModeManager: applyDualScreenLowBatteryMode() newState : 2, mLowDualScreenBatteryMode : 2
07-02 23:30:24.025  4696  4696 I LowBatteryModeManager: applyCmrMode() enabled: false batteryLevel: 23
07-02 23:30:24.025  4696  4696 I LowBatteryModeManager: setCmrMode(false)
07-02 23:30:24.027   970   970 I SurfaceFlinger: Remove EffectLayer(0xb400007d2ced5000) Surface(name=da0e137 StatusBar)/@0x5eb3426 - animation-leash#0 (parent=none)
07-02 23:30:24.027   970   970 I SurfaceFlinger: Remove EffectLayer(0xb400007d2cf02900) Surface(name=20d41bf NavigationBar#0)/@0xa6cf867 - animation-leash#0 (parent=none)
07-02 23:30:24.027   970   970 D Layer   : Destroy Surface(name=da0e137 StatusBar)/@0x5eb3426 - animation-leash#0(0xb400007d2ced5000)
07-02 23:30:24.027   970   970 D Layer   : Destroy Surface(name=20d41bf NavigationBar#0)/@0xa6cf867 - animation-leash#0(0xb400007d2cf02900)
07-02 23:30:24.028  4696  4918 I AbsQuickSettingsHandlerBase: Got action android.intent.action.BATTERY_CHANGED for battery
07-02 23:30:24.030  4696  4696 D StatusBarNotificationPresenter: isShowNotificationIconsOnly() orientation: 1
07-02 23:30:24.031  4696  4696 D BarBackgroundDrawable: draw() : targetColor = 0, canvas = android.graphics.RecordingCanvas@243f64e, this = com.android.systemui.statusbar.phone.BarTransitions$BarBackgroundDrawable@575c7c9
07-02 23:30:24.034  4696  4696 D KeyguardUpdateMonitor: received broadcast android.intent.action.BATTERY_CHANGED
07-02 23:30:24.034  4696  4696 D KeyguardUpdateMonitor: Intent.ACTION_BATTERY_CHANGED status : 2, plugged : 2, charging : true, safe charging : false, level : 23, temperature : 349, temperatureState : 0, EXTRA_CHARGING_CURRENT : 0 / EXTRA_HVDCP_TYPE : false
07-02 23:30:24.034  4696  4696 D KeyguardUpdateMonitor: handleBatteryUpdate
07-02 23:30:24.035   876   876 D vendor.lge.hardware.charger@1.1-impl: Read value from /proc/lge_power/battery/time_to_full_now, 22748
07-02 23:30:24.035   876   876 D vendor.lge.hardware.charger@1.1-impl: Read value from /proc/lge_power/battery/time_to_full_now, 22748
07-02 23:30:24.036 22659 22750 D ViewRootImpl: onChangedIMENavigationColor(), color: ff080808
07-02 23:30:24.039   970  1856 D SurfaceFlinger: Create EffectLayer(0xb400007d2ce40ec0) Surface(name=5853c13 InputMethod)/@0x7ab2849 - animation-leash#0
07-02 23:30:24.045  4229  6300 D InputDispatcher: Window went away: Window{df56aec u0 Splash Screen com.example.lunchtray}
07-02 23:30:24.045 32149 32149 I ViewInteraction: Performing 'single click' action on view view.getId() is <2131230844/com.example.lunchtray:id/cauliflower>
07-02 23:30:24.047  4696  5671 D NavigationModeController: getCurrentUserContext: contextUser=0 currentUser=0
07-02 23:30:24.047  4696  5671 I chatty  : uid=10157(com.lge.quicktools) LGNavigationBar identical 1 line
07-02 23:30:24.048  4696  5671 D NavigationModeController: getCurrentUserContext: contextUser=0 currentUser=0
07-02 23:30:24.048  4229  4511 I InputDispatcher: Window is obscured at point by other window: windowInfo(layoutParamsType=1, name=Window{9839176 u0 com.example.lunchtray/androidx.fragment.app.testing.FragmentScenario$EmptyFragmentActivity}), otherWindowInfo(layoutParamsType=3, name=Splash Screen com.example.lunchtray@4229#0)
07-02 23:30:24.048  4696  5671 D NavigationModeController: getCurrentUserContext: contextUser=0 currentUser=0
07-02 23:30:24.048  4229  4511 D InputTransport: channel '9839176 com.example.lunchtray/androidx.fragment.app.testing.FragmentScenario$EmptyFragmentActivity (server)' : action=ACTION_DOWN(0), id=0, displayId=0, tooltype=0, deviceId=-1, source=0x1002, flags=0x1, edgeFlags=0x0, metaState=0x0, buttonState=0x1, downTime=172128038000000, eventTime=172128038000000, pointerCount=1 xos=0, yos=0
07-02 23:30:24.048  4229  4511 D InputTransport: channel 'swipe-up (server)' : action=ACTION_DOWN(0), id=0, displayId=0, tooltype=0, deviceId=-1, source=0x1002, flags=0x0, edgeFlags=0x0, metaState=0x0, buttonState=0x1, downTime=172128038000000, eventTime=172128038000000, pointerCount=1 xos=0, yos=0
07-02 23:30:24.048  4229  4511 D InputTransport: channel 'edge-swipe (server)' : action=ACTION_DOWN(0), id=0, displayId=0, tooltype=0, deviceId=-1, source=0x1002, flags=0x0, edgeFlags=0x0, metaState=0x0, buttonState=0x1, downTime=172128038000000, eventTime=172128038000000, pointerCount=1 xos=0, yos=0
07-02 23:30:24.048  4229  4511 D InputTransport: channel 'swipe-up (server)' : action=ACTION_DOWN(0), id=0, displayId=0, tooltype=0, deviceId=-1, source=0x1002, flags=0x0, edgeFlags=0x0, metaState=0x0, buttonState=0x1, downTime=172128038000000, eventTime=172128038000000, pointerCount=1 xos=0, yos=0
07-02 23:30:24.048  4229  4511 D InputTransport: channel 'swipe-up (server)' : action=ACTION_DOWN(0), id=0, displayId=0, tooltype=0, deviceId=-1, source=0x1002, flags=0x0, edgeFlags=0x0, metaState=0x0, buttonState=0x1, downTime=172128038000000, eventTime=172128038000000, pointerCount=1 xos=0, yos=0
07-02 23:30:24.048  4229  4511 D InputTransport: channel 'PointerEventDispatcher0 (server)' : action=ACTION_DOWN(0), id=0, displayId=0, tooltype=0, deviceId=-1, source=0x1002, flags=0x0, edgeFlags=0x0, metaState=0x0, buttonState=0x1, downTime=172128038000000, eventTime=172128038000000, pointerCount=1 xos=0, yos=0
07-02 23:30:24.048  4229  4511 D InputTransport: channel 'PointerEventDispatcherForRear0 (server)' : action=ACTION_DOWN(0), id=0, displayId=0, tooltype=0, deviceId=-1, source=0x1002, flags=0x0, edgeFlags=0x0, metaState=0x0, buttonState=0x1, downTime=172128038000000, eventTime=172128038000000, pointerCount=1 xos=0, yos=0
07-02 23:30:24.053  4696  4696 D NavigationModeController: getCurrentUserContext: contextUser=0 currentUser=0
07-02 23:30:24.060   970   970 I SurfaceFlinger: Remove EffectLayer(0xb400007d2cfa4e10) Surface(name=5853c13 InputMethod)/@0x7ab2849 - animation-leash#1 (parent=none)
07-02 23:30:24.064   970   970 I MiniDump: -------------------------------------------------------------------------------------------
07-02 23:30:24.064   970   970 I MiniDump: [ROTATION_0] H |  Comp Type |  Transform |  Alpha |  Disp Frame (LTRB) |  Source Crop (LTRB) | Frame Rate  | Disp[19260613375406721] ""
07-02 23:30:24.064   970   970 I MiniDump: 0xb400007d3cd5d0a0 |     DEVICE |          0 | 1.000 |    0    0 1080 2340 |   0.0   0.0 1080.0 2340.0 | com.example.lunchtray/and[...]yFragmentActivity@32149#0
07-02 23:30:24.064   970   970 I MiniDump: 0xb400007d3cd6e670 |     DEVICE |          0 | 0.887 |    0    0 1080 2340 |   0.0   0.0 1080.0 2340.0 | Splash Screen com.example.lunchtray@4229#0
07-02 23:30:24.064   970   970 I MiniDump: 0xb400007d3cd36d70 |     DEVICE |          0 | 1.000 |    0    0 1080   87 |   0.0   0.0 1080.0  87.0 | StatusBar@4696#0
07-02 23:30:24.064   970   970 I MiniDump: 0xb400007d3cd22010 |     DEVICE |          0 | 1.000 |    0 2196 1080 2340 |   0.0   0.0 1080.0 144.0 | NavigationBar#0@4696#0
07-02 23:30:24.091  4696  4696 I BarTransitions.PhoneStatusBarTransitions: setNotchColor color = 0
07-02 23:30:24.128  4229  4511 D InputTransport: channel '9839176 com.example.lunchtray/androidx.fragment.app.testing.FragmentScenario$EmptyFragmentActivity (server)' : action=ACTION_UP(0), id=0, displayId=0, tooltype=1, deviceId=-1, source=0x1002, flags=0x1, edgeFlags=0x0, metaState=0x0, buttonState=0x1, downTime=172128038000000, eventTime=172128120000000, pointerCount=1 xos=0, yos=0
07-02 23:30:24.128  4229  4511 D InputTransport: channel 'swipe-up (server)' : action=ACTION_UP(0), id=0, displayId=0, tooltype=1, deviceId=-1, source=0x1002, flags=0x0, edgeFlags=0x0, metaState=0x0, buttonState=0x1, downTime=172128038000000, eventTime=172128120000000, pointerCount=1 xos=0, yos=0
07-02 23:30:24.128  4229  4511 D InputTransport: channel 'edge-swipe (server)' : action=ACTION_UP(0), id=0, displayId=0, tooltype=1, deviceId=-1, source=0x1002, flags=0x0, edgeFlags=0x0, metaState=0x0, buttonState=0x1, downTime=172128038000000, eventTime=172128120000000, pointerCount=1 xos=0, yos=0
07-02 23:30:24.128  4229  4511 D InputTransport: channel 'swipe-up (server)' : action=ACTION_UP(0), id=0, displayId=0, tooltype=1, deviceId=-1, source=0x1002, flags=0x0, edgeFlags=0x0, metaState=0x0, buttonState=0x1, downTime=172128038000000, eventTime=172128120000000, pointerCount=1 xos=0, yos=0
07-02 23:30:24.128  4229  4511 D InputTransport: channel 'swipe-up (server)' : action=ACTION_UP(0), id=0, displayId=0, tooltype=1, deviceId=-1, source=0x1002, flags=0x0, edgeFlags=0x0, metaState=0x0, buttonState=0x1, downTime=172128038000000, eventTime=172128120000000, pointerCount=1 xos=0, yos=0
07-02 23:30:24.129  4229  4511 D InputTransport: channel 'PointerEventDispatcher0 (server)' : action=ACTION_UP(0), id=0, displayId=0, tooltype=1, deviceId=-1, source=0x1002, flags=0x0, edgeFlags=0x0, metaState=0x0, buttonState=0x1, downTime=172128038000000, eventTime=172128120000000, pointerCount=1 xos=0, yos=0
07-02 23:30:24.129  4229  4511 D InputTransport: channel 'PointerEventDispatcherForRear0 (server)' : action=ACTION_UP(0), id=0, displayId=0, tooltype=1, deviceId=-1, source=0x1002, flags=0x0, edgeFlags=0x0, metaState=0x0, buttonState=0x1, downTime=172128038000000, eventTime=172128120000000, pointerCount=1 xos=0, yos=0
07-02 23:30:24.129  4696  4696 I BarTransitions.PhoneStatusBarTransitions: setNotchColor color = 0
07-02 23:30:24.129 32149 32149 I View    : PerformClick: android.widget.RadioButton{77e2bc6 VFED..C.. ...p..ID 0,0-381,96 #7f08007c app:id/cauliflower}
07-02 23:30:24.129 32149 32149 I View    : MotionEvent.ACTION_UP: mPrivateFlags: -2128590800,   mHasPerformedLongPress: false,   mIgnoreNextUpEvent: false
07-02 23:30:24.130  4696  4696 I BarTransitions.PhoneStatusBarTransitions: setNotchColor color = 0
07-02 23:30:24.132  4696  4696 I LightBarTransitionsController: animateIconTint() : skip : mNextDarkIntensity = 0.0
07-02 23:30:24.144  4696  4696 I BarTransitions.PhoneStatusBarTransitions: setNotchColor color = 0
07-02 23:30:24.147  4229  4567 V SoundPool: play(soundID=1, leftVolume=1.000000, rightVolume=1.000000, priority=0, loop=0, rate=1.000000)
07-02 23:30:24.148  4229  4567 V AudioTrack: setSampleRate(5291): prior state:STATE_STOPPED rate:48000
07-02 23:30:24.148  4229  4567 V AudioTrack: start(5291): prior state:STATE_STOPPED
07-02 23:30:24.148  4229  4567 V AudioTrack: start(5291): server read:-230028  cumulative flushed:0  client written:0
07-02 23:30:24.148   965  2725 V AF::Track: start(4816): calling pid 4229 session 23897
07-02 23:30:24.149   965  1326 D APM_AudioPolicyManager: startOutput portId 5291 output primary->(primary output)(13), stream 1, session 23897
07-02 23:30:24.149   965  1326 V APM_AudioPolicyManager: selectOutputForMusicEffects selected output 13
07-02 23:30:24.149   965  1326 V APM_AudioPolicyManager: getNewOutputDevices selected devices {type:0x2,@:}
07-02 23:30:24.149   965  1326 V APM_AudioPolicyManager: setOutputDevices device {type:0x2,@:} delayMs 0
07-02 23:30:24.149   965  1326 V APM_AudioPolicyManager: setOutputDevices() prevDevice {type:0x2,@:}
07-02 23:30:24.149   965  1326 V APM_AudioPolicyManager: setOutputDevices: suppressing checkDeviceMuteStrategies
07-02 23:30:24.149   965  1326 V APM_AudioPolicyManager: setOutputDevices setting same device {type:0x2,@:} or null device, force=0, patch handle=5258
07-02 23:30:24.149  4696  4696 I BarTransitions.PhoneStatusBarTransitions: setNotchColor color = 0
07-02 23:30:24.149  4229  4567 V SoundPool: play returned 12423
07-02 23:30:24.150  4229  6300 V AudioSystem: ioConfigChanged() event 8
07-02 23:30:24.150  4229  6300 V AudioSystem: ioConfigChanged() AUDIO_CLIENT_STARTED  io 13 port 5291 num callbacks 0
07-02 23:30:24.160  4696  4696 I BarTransitions.PhoneStatusBarTransitions: setNotchColor color = 0
07-02 23:30:24.167  4696  4696 I chatty  : uid=10157(com.lge.quicktools) com.android.systemui identical 1 line
07-02 23:30:24.172  4696  4696 I BarTransitions.PhoneStatusBarTransitions: setNotchColor color = 0
07-02 23:30:24.194   970   970 I SurfaceFlinger: Remove ContainerLayer(0xb400007d2cdf9bb0) df56aec Splash Screen com.example.lunchtray#0 (parent=none)
07-02 23:30:24.194   970   970 I SurfaceFlinger: Remove EffectLayer(0xb400007d2ce9ee50) Surface(name=df56aec Splash Screen com.example.lunchtray)/@0x814ed52 - animation-leash#0 (parent=none)
07-02 23:30:24.194   970   970 I SurfaceFlinger: Remove BufferQueueLayer(0xb400007d3cd6e670) Splash Screen com.example.lunchtray@4229#0 (parent=none)
07-02 23:30:24.194   970   970 D Layer   : Destroy Surface(name=df56aec Splash Screen com.example.lunchtray)/@0x814ed52 - animation-leash#0(0xb400007d2ce9ee50)
07-02 23:30:24.194   970   970 D Layer   : Destroy df56aec Splash Screen com.example.lunchtray#0(0xb400007d2cdf9bb0)
07-02 23:30:24.195  4229  7769 D InputDispatcher: Window went away: Splash Screen com.example.lunchtray@4229#0
07-02 23:30:24.196   970   970 D Layer   : Destroy Splash Screen com.example.lunchtray@4229#0(0xb400007d3cd6e670)
07-02 23:30:24.200   970   970 I MiniDump: -------------------------------------------------------------------------------------------
07-02 23:30:24.200   970   970 I MiniDump: [ROTATION_0] H |  Comp Type |  Transform |  Alpha |  Disp Frame (LTRB) |  Source Crop (LTRB) | Frame Rate  | Disp[19260613375406721] ""
07-02 23:30:24.200   970   970 I MiniDump: 0xb400007d3cd5d0a0 |     DEVICE |          0 | 1.000 |    0    0 1080 2340 |   0.0   0.0 1080.0 2340.0 | com.example.lunchtray/and[...]yFragmentActivity@32149#0
07-02 23:30:24.200   970   970 I MiniDump: 0xb400007d3cd36d70 |     DEVICE |          0 | 1.000 |    0    0 1080   87 |   0.0   0.0 1080.0  87.0 | StatusBar@4696#0
07-02 23:30:24.200   970   970 I MiniDump: 0xb400007d3cd22010 |     DEVICE |          0 | 1.000 |    0 2196 1080 2340 |   0.0   0.0 1080.0 144.0 | NavigationBar#0@4696#0
07-02 23:30:24.206   965  1885 V AF::Track: getNextBuffer(4816): underrun,  framesReady(0) < framesDesired(236), state: 6
07-02 23:30:24.210   965  1887 D AF::Track: presentationComplete(4816): presentationComplete() reset: mPresentationCompleteFrames 1544640 audioHalFrames 960
07-02 23:30:24.217  4229 32186 V AudioTrack: stop(5291): prior state:STATE_ACTIVE
07-02 23:30:24.218   965  2725 V AF::Track: stop(4816): calling pid 4229
07-02 23:30:24.250   965  1887 V AF::Track: presentationComplete(4816): presentationComplete() mPresentationCompleteFrames 1544640 framesWritten 1545600
07-02 23:30:24.257   965  1326 V APM_AudioPolicyManager: stopOutput() portId 5291 output 13, stream 1, session 23897
07-02 23:30:24.257   965  1326 V APM_AudioPolicyManager: getNewOutputDevices selected devices AUDIO_DEVICE_NONE
07-02 23:30:24.257   965  1326 V APM_AudioPolicyManager: setOutputDevices device AUDIO_DEVICE_NONE delayMs 120
07-02 23:30:24.257   965  1326 V APM_AudioPolicyManager: setOutputDevices() prevDevice {type:0x2,@:}
07-02 23:30:24.258   965  1326 W APM::AudioPolicyEngine: getDevicesForStrategy() unknown strategy: -1
07-02 23:30:24.258   965  1326 V APM_AudioPolicyManager: setOutputDevices setting same device AUDIO_DEVICE_NONE or null device, force=0, patch handle=5258
07-02 23:30:24.258   965  1326 V APM_AudioPolicyManager: selectOutputForMusicEffects selected output 13
07-02 23:30:24.349 32149 32149 D LifecycleMonitor: Lifecycle status change: androidx.test.core.app.InstrumentationActivityInvoker$BootstrapActivity@49e02ad in: STOPPED
07-02 23:30:24.350 32149 32149 V ActivityScenario: Activity lifecycle changed event received but ignored because the intent does not match. startActivityIntent=Intent { act=android.intent.action.MAIN cat=[android.intent.category.LAUNCHER] cmp=com.example.lunchtray/.MainActivity }, activity.getIntent()=Intent { act=android.intent.action.MAIN cat=[android.intent.category.LAUNCHER] flg=0x10008000 cmp=com.example.lunchtray/androidx.test.core.app.InstrumentationActivityInvoker$BootstrapActivity (has extras) }, activity=androidx.test.core.app.InstrumentationActivityInvoker$BootstrapActivity@49e02ad
07-02 23:30:24.350 32149 32149 I chatty  : uid=10913(com.example.lunchtray) identical 3 lines
07-02 23:30:24.350 32149 32149 V ActivityScenario: Activity lifecycle changed event received but ignored because the intent does not match. startActivityIntent=Intent { act=android.intent.action.MAIN cat=[android.intent.category.LAUNCHER] cmp=com.example.lunchtray/.MainActivity }, activity.getIntent()=Intent { act=android.intent.action.MAIN cat=[android.intent.category.LAUNCHER] flg=0x10008000 cmp=com.example.lunchtray/androidx.test.core.app.InstrumentationActivityInvoker$BootstrapActivity (has extras) }, activity=androidx.test.core.app.InstrumentationActivityInvoker$BootstrapActivity@49e02ad
07-02 23:30:24.350 32149 32149 V ActivityScenario: Activity lifecycle changed event received but ignored because the intent does not match. startActivityIntent=Intent { act=android.intent.action.MAIN cat=[android.intent.category.LAUNCHER] cmp=com.example.lunchtray/androidx.fragment.app.testing.FragmentScenario$EmptyFragmentActivity (has extras) }, activity.getIntent()=Intent { act=android.intent.action.MAIN cat=[android.intent.category.LAUNCHER] flg=0x10008000 cmp=com.example.lunchtray/androidx.test.core.app.InstrumentationActivityInvoker$BootstrapActivity (has extras) }, activity=androidx.test.core.app.InstrumentationActivityInvoker$BootstrapActivity@49e02ad
07-02 23:30:24.350 32149 32149 V ActivityScenario: Activity lifecycle changed event received but ignored because the intent does not match. startActivityIntent=Intent { act=android.intent.action.MAIN cat=[android.intent.category.LAUNCHER] cmp=com.example.lunchtray/.MainActivity }, activity.getIntent()=Intent { act=android.intent.action.MAIN cat=[android.intent.category.LAUNCHER] flg=0x10008000 cmp=com.example.lunchtray/androidx.test.core.app.InstrumentationActivityInvoker$BootstrapActivity (has extras) }, activity=androidx.test.core.app.InstrumentationActivityInvoker$BootstrapActivity@49e02ad
07-02 23:30:24.350 32149 32149 V ActivityScenario: Activity lifecycle changed event received but ignored because the intent does not match. startActivityIntent=Intent { act=android.intent.action.MAIN cat=[android.intent.category.LAUNCHER] cmp=com.example.lunchtray/androidx.fragment.app.testing.FragmentScenario$EmptyFragmentActivity (has extras) }, activity.getIntent()=Intent { act=android.intent.action.MAIN cat=[android.intent.category.LAUNCHER] flg=0x10008000 cmp=com.example.lunchtray/androidx.test.core.app.InstrumentationActivityInvoker$BootstrapActivity (has extras) }, activity=androidx.test.core.app.InstrumentationActivityInvoker$BootstrapActivity@49e02ad
07-02 23:30:24.379   970   970 I SurfaceFlinger: Remove ContainerLayer(0xb400007d2cf10cd0) Surface(name=ActivityRecord{4196e8e u0 com.example.lunchtray/androidx.test.core.app.InstrumentationActivityInvoker$BootstrapActivity t9883 tda0:1})/@0xa43823 - animation-bounds#0 (parent=none)
07-02 23:30:24.379   970   970 I SurfaceFlinger: Remove EffectLayer(0xb400007d2cfb8d00) Surface(name=ActivityRecord{4196e8e u0 com.example.lunchtray/androidx.test.core.app.InstrumentationActivityInvoker$BootstrapActivity t9883 tda0:1})/@0xa43823 - animation-leash#0 (parent=none)
07-02 23:30:24.379   970   970 D Layer   : Destroy Surface(name=ActivityRecord{4196e8e u0 com.example.lunchtray/androidx.test.core.app.InstrumentationActivityInvoker$BootstrapActivity t9883 tda0:1})/@0xa43823 - animation-bounds#0(0xb400007d2cf10cd0)
07-02 23:30:24.379   970   970 D Layer   : Destroy Surface(name=ActivityRecord{4196e8e u0 com.example.lunchtray/androidx.test.core.app.InstrumentationActivityInvoker$BootstrapActivity t9883 tda0:1})/@0xa43823 - animation-leash#0(0xb400007d2cfb8d00)
07-02 23:30:24.538 32149 32149 I ViewInteraction: Checking 'MatchesViewAssertion{viewMatcher=an instance of android.widget.TextView and view.getText() with or without transformation to match: a string containing "Subtotal: $7.00"}' assertion on view view.getId() is <2131231217/com.example.lunchtray:id/subtotal>
07-02 23:30:24.542 32149 32149 I ViewInteraction: Performing 'single click' action on view view.getId() is <2131230858/com.example.lunchtray:id/chili>
07-02 23:30:24.547  4229  4511 D InputTransport: channel '9839176 com.example.lunchtray/androidx.fragment.app.testing.FragmentScenario$EmptyFragmentActivity (server)' : action=ACTION_DOWN(0), id=0, displayId=0, tooltype=0, deviceId=-1, source=0x1002, flags=0x0, edgeFlags=0x0, metaState=0x0, buttonState=0x1, downTime=172128537000000, eventTime=172128537000000, pointerCount=1 xos=0, yos=0
07-02 23:30:24.548  4229  4511 D InputTransport: channel 'swipe-up (server)' : action=ACTION_DOWN(0), id=0, displayId=0, tooltype=0, deviceId=-1, source=0x1002, flags=0x0, edgeFlags=0x0, metaState=0x0, buttonState=0x1, downTime=172128537000000, eventTime=172128537000000, pointerCount=1 xos=0, yos=0
07-02 23:30:24.548  4229  4511 D InputTransport: channel 'edge-swipe (server)' : action=ACTION_DOWN(0), id=0, displayId=0, tooltype=0, deviceId=-1, source=0x1002, flags=0x0, edgeFlags=0x0, metaState=0x0, buttonState=0x1, downTime=172128537000000, eventTime=172128537000000, pointerCount=1 xos=0, yos=0
07-02 23:30:24.548  4229  4511 D InputTransport: channel 'swipe-up (server)' : action=ACTION_DOWN(0), id=0, displayId=0, tooltype=0, deviceId=-1, source=0x1002, flags=0x0, edgeFlags=0x0, metaState=0x0, buttonState=0x1, downTime=172128537000000, eventTime=172128537000000, pointerCount=1 xos=0, yos=0
07-02 23:30:24.548  4229  4511 D InputTransport: channel 'swipe-up (server)' : action=ACTION_DOWN(0), id=0, displayId=0, tooltype=0, deviceId=-1, source=0x1002, flags=0x0, edgeFlags=0x0, metaState=0x0, buttonState=0x1, downTime=172128537000000, eventTime=172128537000000, pointerCount=1 xos=0, yos=0
07-02 23:30:24.548  4229  4511 D InputTransport: channel 'PointerEventDispatcher0 (server)' : action=ACTION_DOWN(0), id=0, displayId=0, tooltype=0, deviceId=-1, source=0x1002, flags=0x0, edgeFlags=0x0, metaState=0x0, buttonState=0x1, downTime=172128537000000, eventTime=172128537000000, pointerCount=1 xos=0, yos=0
07-02 23:30:24.549  4229  4511 D InputTransport: channel 'PointerEventDispatcherForRear0 (server)' : action=ACTION_DOWN(0), id=0, displayId=0, tooltype=0, deviceId=-1, source=0x1002, flags=0x0, edgeFlags=0x0, metaState=0x0, buttonState=0x1, downTime=172128537000000, eventTime=172128537000000, pointerCount=1 xos=0, yos=0
07-02 23:30:24.629  4229  4511 D InputTransport: channel '9839176 com.example.lunchtray/androidx.fragment.app.testing.FragmentScenario$EmptyFragmentActivity (server)' : action=ACTION_UP(0), id=0, displayId=0, tooltype=1, deviceId=-1, source=0x1002, flags=0x0, edgeFlags=0x0, metaState=0x0, buttonState=0x1, downTime=172128537000000, eventTime=172128619000000, pointerCount=1 xos=0, yos=0
07-02 23:30:24.630  4229  4511 D InputTransport: channel 'swipe-up (server)' : action=ACTION_UP(0), id=0, displayId=0, tooltype=1, deviceId=-1, source=0x1002, flags=0x0, edgeFlags=0x0, metaState=0x0, buttonState=0x1, downTime=172128537000000, eventTime=172128619000000, pointerCount=1 xos=0, yos=0
07-02 23:30:24.630  4229  4511 D InputTransport: channel 'edge-swipe (server)' : action=ACTION_UP(0), id=0, displayId=0, tooltype=1, deviceId=-1, source=0x1002, flags=0x0, edgeFlags=0x0, metaState=0x0, buttonState=0x1, downTime=172128537000000, eventTime=172128619000000, pointerCount=1 xos=0, yos=0
07-02 23:30:24.630  4229  4511 D InputTransport: channel 'swipe-up (server)' : action=ACTION_UP(0), id=0, displayId=0, tooltype=1, deviceId=-1, source=0x1002, flags=0x0, edgeFlags=0x0, metaState=0x0, buttonState=0x1, downTime=172128537000000, eventTime=172128619000000, pointerCount=1 xos=0, yos=0
07-02 23:30:24.630  4229  4511 D InputTransport: channel 'swipe-up (server)' : action=ACTION_UP(0), id=0, displayId=0, tooltype=1, deviceId=-1, source=0x1002, flags=0x0, edgeFlags=0x0, metaState=0x0, buttonState=0x1, downTime=172128537000000, eventTime=172128619000000, pointerCount=1 xos=0, yos=0
07-02 23:30:24.630  4229  4511 D InputTransport: channel 'PointerEventDispatcher0 (server)' : action=ACTION_UP(0), id=0, displayId=0, tooltype=1, deviceId=-1, source=0x1002, flags=0x0, edgeFlags=0x0, metaState=0x0, buttonState=0x1, downTime=172128537000000, eventTime=172128619000000, pointerCount=1 xos=0, yos=0
07-02 23:30:24.630  4229  4511 D InputTransport: channel 'PointerEventDispatcherForRear0 (server)' : action=ACTION_UP(0), id=0, displayId=0, tooltype=1, deviceId=-1, source=0x1002, flags=0x0, edgeFlags=0x0, metaState=0x0, buttonState=0x1, downTime=172128537000000, eventTime=172128619000000, pointerCount=1 xos=0, yos=0
07-02 23:30:24.632 32149 32149 I View    : PerformClick: android.widget.RadioButton{ac5e10a VFED..C.. ...p..ID 0,325-506,421 #7f08008a app:id/chili}
07-02 23:30:24.633 32149 32149 I View    : MotionEvent.ACTION_UP: mPrivateFlags: -2128590800,   mHasPerformedLongPress: false,   mIgnoreNextUpEvent: false
07-02 23:30:24.657  4229  4567 V SoundPool: play(soundID=1, leftVolume=1.000000, rightVolume=1.000000, priority=0, loop=0, rate=1.000000)
07-02 23:30:24.658  4229  4567 V AudioTrack: setSampleRate(5291): prior state:STATE_STOPPED rate:48000
07-02 23:30:24.658  4229  4567 V AudioTrack: start(5291): prior state:STATE_STOPPED
07-02 23:30:24.658  4229  4567 V AudioTrack: start(5291): server read:-232672  cumulative flushed:0  client written:0
07-02 23:30:24.658   965  2725 V AF::Track: start(4816): calling pid 4229 session 23897
07-02 23:30:24.659   965  1326 D APM_AudioPolicyManager: startOutput portId 5291 output primary->(primary output)(13), stream 1, session 23897
07-02 23:30:24.659   965  1326 V APM_AudioPolicyManager: selectOutputForMusicEffects selected output 13
07-02 23:30:24.660   965  1326 V APM_AudioPolicyManager: getNewOutputDevices selected devices {type:0x2,@:}
07-02 23:30:24.660   965  1326 V APM_AudioPolicyManager: setOutputDevices device {type:0x2,@:} delayMs 0
07-02 23:30:24.660   965  1326 V APM_AudioPolicyManager: setOutputDevices() prevDevice {type:0x2,@:}
07-02 23:30:24.660   965  1326 V APM_AudioPolicyManager: setOutputDevices: suppressing checkDeviceMuteStrategies
07-02 23:30:24.660   965  1326 V APM_AudioPolicyManager: setOutputDevices setting same device {type:0x2,@:} or null device, force=0, patch handle=5258
07-02 23:30:24.661  4229  7769 V AudioSystem: ioConfigChanged() event 8
07-02 23:30:24.661  4229  7769 V AudioSystem: ioConfigChanged() AUDIO_CLIENT_STARTED  io 13 port 5291 num callbacks 0
07-02 23:30:24.661  4229  4567 V SoundPool: play returned 12424
07-02 23:30:24.716   965  1885 V AF::Track: getNextBuffer(4816): underrun,  framesReady(0) < framesDesired(236), state: 6
07-02 23:30:24.729   965  1887 D AF::Track: presentationComplete(4816): presentationComplete() reset: mPresentationCompleteFrames 1569600 audioHalFrames 960
07-02 23:30:24.729  4229 32186 V AudioTrack: stop(5291): prior state:STATE_ACTIVE
07-02 23:30:24.729   965  2725 V AF::Track: stop(4816): calling pid 4229
07-02 23:30:24.769   965  1887 V AF::Track: presentationComplete(4816): presentationComplete() mPresentationCompleteFrames 1569600 framesWritten 1570560
07-02 23:30:24.780   965  1326 V APM_AudioPolicyManager: stopOutput() portId 5291 output 13, stream 1, session 23897
07-02 23:30:24.780   965  1326 V APM_AudioPolicyManager: getNewOutputDevices selected devices AUDIO_DEVICE_NONE
07-02 23:30:24.780   965  1326 V APM_AudioPolicyManager: setOutputDevices device AUDIO_DEVICE_NONE delayMs 120
07-02 23:30:24.780   965  1326 V APM_AudioPolicyManager: setOutputDevices() prevDevice {type:0x2,@:}
07-02 23:30:24.781   965  1326 W APM::AudioPolicyEngine: getDevicesForStrategy() unknown strategy: -1
07-02 23:30:24.781   965  1326 V APM_AudioPolicyManager: setOutputDevices setting same device AUDIO_DEVICE_NONE or null device, force=0, patch handle=5258
07-02 23:30:24.781   965  1326 V APM_AudioPolicyManager: selectOutputForMusicEffects selected output 13
07-02 23:30:25.041 32149 32149 I ViewInteraction: Checking 'MatchesViewAssertion{viewMatcher=an instance of android.widget.TextView and view.getText() with or without transformation to match: a string containing "Subtotal: $4.00"}' assertion on view view.getId() is <2131231217/com.example.lunchtray:id/subtotal>
07-02 23:30:25.045 32149 32149 I ViewInteraction: Performing 'single click' action on view view.getId() is <2131231106/com.example.lunchtray:id/pasta>
07-02 23:30:25.050  4229  4511 D InputTransport: channel '9839176 com.example.lunchtray/androidx.fragment.app.testing.FragmentScenario$EmptyFragmentActivity (server)' : action=ACTION_DOWN(0), id=0, displayId=0, tooltype=0, deviceId=-1, source=0x1002, flags=0x0, edgeFlags=0x0, metaState=0x0, buttonState=0x1, downTime=172129040000000, eventTime=172129041000000, pointerCount=1 xos=0, yos=0
07-02 23:30:25.051  4229  4511 D InputTransport: channel 'swipe-up (server)' : action=ACTION_DOWN(0), id=0, displayId=0, tooltype=0, deviceId=-1, source=0x1002, flags=0x0, edgeFlags=0x0, metaState=0x0, buttonState=0x1, downTime=172129040000000, eventTime=172129041000000, pointerCount=1 xos=0, yos=0
07-02 23:30:25.051  4229  4511 D InputTransport: channel 'edge-swipe (server)' : action=ACTION_DOWN(0), id=0, displayId=0, tooltype=0, deviceId=-1, source=0x1002, flags=0x0, edgeFlags=0x0, metaState=0x0, buttonState=0x1, downTime=172129040000000, eventTime=172129041000000, pointerCount=1 xos=0, yos=0
07-02 23:30:25.051  4229  4511 D InputTransport: channel 'swipe-up (server)' : action=ACTION_DOWN(0), id=0, displayId=0, tooltype=0, deviceId=-1, source=0x1002, flags=0x0, edgeFlags=0x0, metaState=0x0, buttonState=0x1, downTime=172129040000000, eventTime=172129041000000, pointerCount=1 xos=0, yos=0
07-02 23:30:25.051  4229  4511 D InputTransport: channel 'swipe-up (server)' : action=ACTION_DOWN(0), id=0, displayId=0, tooltype=0, deviceId=-1, source=0x1002, flags=0x0, edgeFlags=0x0, metaState=0x0, buttonState=0x1, downTime=172129040000000, eventTime=172129041000000, pointerCount=1 xos=0, yos=0
07-02 23:30:25.051  4229  4511 D InputTransport: channel 'PointerEventDispatcher0 (server)' : action=ACTION_DOWN(0), id=0, displayId=0, tooltype=0, deviceId=-1, source=0x1002, flags=0x0, edgeFlags=0x0, metaState=0x0, buttonState=0x1, downTime=172129040000000, eventTime=172129041000000, pointerCount=1 xos=0, yos=0
07-02 23:30:25.051  4229  4511 D InputTransport: channel 'PointerEventDispatcherForRear0 (server)' : action=ACTION_DOWN(0), id=0, displayId=0, tooltype=0, deviceId=-1, source=0x1002, flags=0x0, edgeFlags=0x0, metaState=0x0, buttonState=0x1, downTime=172129040000000, eventTime=172129041000000, pointerCount=1 xos=0, yos=0
07-02 23:30:25.131  4229  4511 D InputTransport: channel '9839176 com.example.lunchtray/androidx.fragment.app.testing.FragmentScenario$EmptyFragmentActivity (server)' : action=ACTION_UP(0), id=0, displayId=0, tooltype=1, deviceId=-1, source=0x1002, flags=0x0, edgeFlags=0x0, metaState=0x0, buttonState=0x1, downTime=172129040000000, eventTime=172129121000000, pointerCount=1 xos=0, yos=0
07-02 23:30:25.131  4229  4511 D InputTransport: channel 'swipe-up (server)' : action=ACTION_UP(0), id=0, displayId=0, tooltype=1, deviceId=-1, source=0x1002, flags=0x0, edgeFlags=0x0, metaState=0x0, buttonState=0x1, downTime=172129040000000, eventTime=172129121000000, pointerCount=1 xos=0, yos=0
07-02 23:30:25.131  4229  4511 D InputTransport: channel 'edge-swipe (server)' : action=ACTION_UP(0), id=0, displayId=0, tooltype=1, deviceId=-1, source=0x1002, flags=0x0, edgeFlags=0x0, metaState=0x0, buttonState=0x1, downTime=172129040000000, eventTime=172129121000000, pointerCount=1 xos=0, yos=0
07-02 23:30:25.131  4229  4511 D InputTransport: channel 'swipe-up (server)' : action=ACTION_UP(0), id=0, displayId=0, tooltype=1, deviceId=-1, source=0x1002, flags=0x0, edgeFlags=0x0, metaState=0x0, buttonState=0x1, downTime=172129040000000, eventTime=172129121000000, pointerCount=1 xos=0, yos=0
07-02 23:30:25.131  4229  4511 D InputTransport: channel 'swipe-up (server)' : action=ACTION_UP(0), id=0, displayId=0, tooltype=1, deviceId=-1, source=0x1002, flags=0x0, edgeFlags=0x0, metaState=0x0, buttonState=0x1, downTime=172129040000000, eventTime=172129121000000, pointerCount=1 xos=0, yos=0
07-02 23:30:25.131  4229  4511 D InputTransport: channel 'PointerEventDispatcher0 (server)' : action=ACTION_UP(0), id=0, displayId=0, tooltype=1, deviceId=-1, source=0x1002, flags=0x0, edgeFlags=0x0, metaState=0x0, buttonState=0x1, downTime=172129040000000, eventTime=172129121000000, pointerCount=1 xos=0, yos=0
07-02 23:30:25.131  4229  4511 D InputTransport: channel 'PointerEventDispatcherForRear0 (server)' : action=ACTION_UP(0), id=0, displayId=0, tooltype=1, deviceId=-1, source=0x1002, flags=0x0, edgeFlags=0x0, metaState=0x0, buttonState=0x1, downTime=172129040000000, eventTime=172129121000000, pointerCount=1 xos=0, yos=0
07-02 23:30:25.133 32149 32149 I View    : PerformClick: android.widget.RadioButton{d48c26e VFED..C.. ...p..ID 0,650-522,746 #7f080182 app:id/pasta}
07-02 23:30:25.133 32149 32149 I View    : MotionEvent.ACTION_UP: mPrivateFlags: -2128590800,   mHasPerformedLongPress: false,   mIgnoreNextUpEvent: false
07-02 23:30:25.142  4229  4567 V SoundPool: play(soundID=1, leftVolume=1.000000, rightVolume=1.000000, priority=0, loop=0, rate=1.000000)
07-02 23:30:25.143  4229  4567 V AudioTrack: setSampleRate(5291): prior state:STATE_STOPPED rate:48000
07-02 23:30:25.143  4229  4567 V AudioTrack: start(5291): prior state:STATE_STOPPED
07-02 23:30:25.143  4229  4567 V AudioTrack: start(5291): server read:-235316  cumulative flushed:0  client written:0
07-02 23:30:25.143   965  2725 V AF::Track: start(4816): calling pid 4229 session 23897
07-02 23:30:25.144   965  1326 D APM_AudioPolicyManager: startOutput portId 5291 output primary->(primary output)(13), stream 1, session 23897
07-02 23:30:25.144   965  1326 V APM_AudioPolicyManager: selectOutputForMusicEffects selected output 13
07-02 23:30:25.145   965  1326 V APM_AudioPolicyManager: getNewOutputDevices selected devices {type:0x2,@:}
07-02 23:30:25.145   965  1326 V APM_AudioPolicyManager: setOutputDevices device {type:0x2,@:} delayMs 0
07-02 23:30:25.145   965  1326 V APM_AudioPolicyManager: setOutputDevices() prevDevice {type:0x2,@:}
07-02 23:30:25.145   965  1326 V APM_AudioPolicyManager: setOutputDevices: suppressing checkDeviceMuteStrategies
07-02 23:30:25.145   965  1326 V APM_AudioPolicyManager: setOutputDevices setting same device {type:0x2,@:} or null device, force=0, patch handle=5258
07-02 23:30:25.146  4229  4567 V SoundPool: play returned 12426
07-02 23:30:25.152  4229  6300 V AudioSystem: ioConfigChanged() event 8
07-02 23:30:25.152  4229  6300 V AudioSystem: ioConfigChanged() AUDIO_CLIENT_STARTED  io 13 port 5291 num callbacks 0
07-02 23:30:25.207   965  1885 V AF::Track: getNextBuffer(4816): underrun,  framesReady(0) < framesDesired(236), state: 6
07-02 23:30:25.212   965  1887 D AF::Track: presentationComplete(4816): presentationComplete() reset: mPresentationCompleteFrames 1592640 audioHalFrames 960
07-02 23:30:25.219  4229 32186 V AudioTrack: stop(5291): prior state:STATE_ACTIVE
07-02 23:30:25.219   965  2725 V AF::Track: stop(4816): calling pid 4229
07-02 23:30:25.252   965  1887 V AF::Track: presentationComplete(4816): presentationComplete() mPresentationCompleteFrames 1592640 framesWritten 1593600
07-02 23:30:25.259   965  1326 V APM_AudioPolicyManager: stopOutput() portId 5291 output 13, stream 1, session 23897
07-02 23:30:25.260   965  1326 V APM_AudioPolicyManager: getNewOutputDevices selected devices AUDIO_DEVICE_NONE
07-02 23:30:25.260   965  1326 V APM_AudioPolicyManager: setOutputDevices device AUDIO_DEVICE_NONE delayMs 120
07-02 23:30:25.260   965  1326 V APM_AudioPolicyManager: setOutputDevices() prevDevice {type:0x2,@:}
07-02 23:30:25.261   965  1326 W APM::AudioPolicyEngine: getDevicesForStrategy() unknown strategy: -1
07-02 23:30:25.261   965  1326 V APM_AudioPolicyManager: setOutputDevices setting same device AUDIO_DEVICE_NONE or null device, force=0, patch handle=5258
07-02 23:30:25.261   965  1326 V APM_AudioPolicyManager: selectOutputForMusicEffects selected output 13
07-02 23:30:25.544 32149 32149 I ViewInteraction: Checking 'MatchesViewAssertion{viewMatcher=an instance of android.widget.TextView and view.getText() with or without transformation to match: a string containing "Subtotal: $5.50"}' assertion on view view.getId() is <2131231217/com.example.lunchtray:id/subtotal>
