07-02 23:30:05.159   970   970 I MiniDump: -------------------------------------------------------------------------------------------
07-02 23:30:05.159   970   970 I MiniDump: [ROTATION_0] H |  Comp Type |  Transform |  Alpha |  Disp Frame (LTRB) |  Source Crop (LTRB) | Frame Rate  | Disp[19260613375406721] ""
07-02 23:30:05.159   970   970 I MiniDump: 0xb400007d3cd5d0a0 |     DEVICE |          0 | 1.000 |    0    0 1080 2340 |   0.0   0.0 1080.0 2340.0 | com.example.lunchtray/com[...]tray.MainActivity@32149#0
07-02 23:30:05.159   970   970 I MiniDump: 0xb400007d3cd36d70 |     DEVICE |          0 | 1.000 |    0    0 1080   87 |   0.0   0.0 1080.0  87.0 | StatusBar@4696#0
07-02 23:30:05.159   970   970 I MiniDump: 0xb400007d3cd22010 |     DEVICE |          0 | 1.000 |    0 2196 1080 2340 |   0.0   0.0 1080.0 144.0 | NavigationBar#0@4696#0
07-02 23:30:05.166   965  1885 V AF::Track: getNextBuffer(4816): underrun,  framesReady(0) < framesDesired(236), state: 6
07-02 23:30:05.173   965  1887 D AF::Track: presentationComplete(4816): presentationComplete() reset: mPresentationCompleteFrames 630720 audioHalFrames 960
07-02 23:30:05.173  4229 32186 V AudioTrack: stop(5291): prior state:STATE_ACTIVE
07-02 23:30:05.174   965   965 V AF::Track: stop(4816): calling pid 4229
07-02 23:30:05.213   965  1887 V AF::Track: presentationComplete(4816): presentationComplete() mPresentationCompleteFrames 630720 framesWritten 631680
07-02 23:30:05.217   965  1326 V APM_AudioPolicyManager: stopOutput() portId 5291 output 13, stream 1, session 23897
07-02 23:30:05.217   965  1326 V APM_AudioPolicyManager: getNewOutputDevices selected devices AUDIO_DEVICE_NONE
07-02 23:30:05.217   965  1326 V APM_AudioPolicyManager: setOutputDevices device AUDIO_DEVICE_NONE delayMs 120
07-02 23:30:05.217   965  1326 V APM_AudioPolicyManager: setOutputDevices() prevDevice {type:0x2,@:}
07-02 23:30:05.218   965  1326 W APM::AudioPolicyEngine: getDevicesForStrategy() unknown strategy: -1
07-02 23:30:05.218   965  1326 V APM_AudioPolicyManager: setOutputDevices setting same device AUDIO_DEVICE_NONE or null device, force=0, patch handle=5258
07-02 23:30:05.218   965  1326 V APM_AudioPolicyManager: selectOutputForMusicEffects selected output 13
07-02 23:30:05.290 32149 32149 D LifecycleMonitor: Lifecycle status change: androidx.test.core.app.InstrumentationActivityInvoker$BootstrapActivity@549187b in: STOPPED
07-02 23:30:05.290 32149 32149 V ActivityScenario: Activity lifecycle changed event received but ignored because the intent does not match. startActivityIntent=Intent { act=android.intent.action.MAIN cat=[android.intent.category.LAUNCHER] cmp=com.example.lunchtray/.MainActivity }, activity.getIntent()=Intent { act=android.intent.action.MAIN cat=[android.intent.category.LAUNCHER] flg=0x10008000 cmp=com.example.lunchtray/androidx.test.core.app.InstrumentationActivityInvoker$BootstrapActivity (has extras) }, activity=androidx.test.core.app.InstrumentationActivityInvoker$BootstrapActivity@549187b
07-02 23:30:05.290 32149 32149 I chatty  : uid=10913(com.example.lunchtray) identical 1 line
07-02 23:30:05.291 32149 32149 V ActivityScenario: Activity lifecycle changed event received but ignored because the intent does not match. startActivityIntent=Intent { act=android.intent.action.MAIN cat=[android.intent.category.LAUNCHER] cmp=com.example.lunchtray/.MainActivity }, activity.getIntent()=Intent { act=android.intent.action.MAIN cat=[android.intent.category.LAUNCHER] flg=0x10008000 cmp=com.example.lunchtray/androidx.test.core.app.InstrumentationActivityInvoker$BootstrapActivity (has extras) }, activity=androidx.test.core.app.InstrumentationActivityInvoker$BootstrapActivity@549187b
07-02 23:30:05.320   970   970 I SurfaceFlinger: Remove ContainerLayer(0xb400007d2cee6160) Surface(name=ActivityRecord{6ebec75 u0 com.example.lunchtray/androidx.test.core.app.InstrumentationActivityInvoker$BootstrapActivity t9878 tda0:1})/@0x6a73f72 - animation-bounds#0 (parent=none)
07-02 23:30:05.320   970   970 I SurfaceFlinger: Remove EffectLayer(0xb400007d2cfc4340) Surface(name=ActivityRecord{6ebec75 u0 com.example.lunchtray/androidx.test.core.app.InstrumentationActivityInvoker$BootstrapActivity t9878 tda0:1})/@0x6a73f72 - animation-leash#0 (parent=none)
07-02 23:30:05.320   970   970 D Layer   : Destroy Surface(name=ActivityRecord{6ebec75 u0 com.example.lunchtray/androidx.test.core.app.InstrumentationActivityInvoker$BootstrapActivity t9878 tda0:1})/@0x6a73f72 - animation-bounds#0(0xb400007d2cee6160)
07-02 23:30:05.320   970   970 D Layer   : Destroy Surface(name=ActivityRecord{6ebec75 u0 com.example.lunchtray/androidx.test.core.app.InstrumentationActivityInvoker$BootstrapActivity t9878 tda0:1})/@0x6a73f72 - animation-leash#0(0xb400007d2cfc4340)
07-02 23:30:05.498 32149 32149 I ViewInteraction: Performing 'single click' action on view view.getId() is <2131230844/com.example.lunchtray:id/cauliflower>
07-02 23:30:05.507  4229  4511 D InputTransport: channel '31e60b1 com.example.lunchtray/com.example.lunchtray.MainActivity (server)' : action=ACTION_DOWN(0), id=0, displayId=0, tooltype=0, deviceId=-1, source=0x1002, flags=0x0, edgeFlags=0x0, metaState=0x0, buttonState=0x1, downTime=172109495000000, eventTime=172109495000000, pointerCount=1 xos=0, yos=0
07-02 23:30:05.508  4229  4511 D InputTransport: channel 'swipe-up (server)' : action=ACTION_DOWN(0), id=0, displayId=0, tooltype=0, deviceId=-1, source=0x1002, flags=0x0, edgeFlags=0x0, metaState=0x0, buttonState=0x1, downTime=172109495000000, eventTime=172109495000000, pointerCount=1 xos=0, yos=0
07-02 23:30:05.508  4229  4511 D InputTransport: channel 'edge-swipe (server)' : action=ACTION_DOWN(0), id=0, displayId=0, tooltype=0, deviceId=-1, source=0x1002, flags=0x0, edgeFlags=0x0, metaState=0x0, buttonState=0x1, downTime=172109495000000, eventTime=172109495000000, pointerCount=1 xos=0, yos=0
07-02 23:30:05.508  4229  4511 D InputTransport: channel 'swipe-up (server)' : action=ACTION_DOWN(0), id=0, displayId=0, tooltype=0, deviceId=-1, source=0x1002, flags=0x0, edgeFlags=0x0, metaState=0x0, buttonState=0x1, downTime=172109495000000, eventTime=172109495000000, pointerCount=1 xos=0, yos=0
07-02 23:30:05.508  4229  4511 D InputTransport: channel 'swipe-up (server)' : action=ACTION_DOWN(0), id=0, displayId=0, tooltype=0, deviceId=-1, source=0x1002, flags=0x0, edgeFlags=0x0, metaState=0x0, buttonState=0x1, downTime=172109495000000, eventTime=172109495000000, pointerCount=1 xos=0, yos=0
07-02 23:30:05.508  4229  4511 D InputTransport: channel 'PointerEventDispatcher0 (server)' : action=ACTION_DOWN(0), id=0, displayId=0, tooltype=0, deviceId=-1, source=0x1002, flags=0x0, edgeFlags=0x0, metaState=0x0, buttonState=0x1, downTime=172109495000000, eventTime=172109495000000, pointerCount=1 xos=0, yos=0
07-02 23:30:05.508  4229  4511 D InputTransport: channel 'PointerEventDispatcherForRear0 (server)' : action=ACTION_DOWN(0), id=0, displayId=0, tooltype=0, deviceId=-1, source=0x1002, flags=0x0, edgeFlags=0x0, metaState=0x0, buttonState=0x1, downTime=172109495000000, eventTime=172109495000000, pointerCount=1 xos=0, yos=0
07-02 23:30:05.531 12149 32200 E CastSocket: [TcpProberDeviceController-2] Failed to shutdown the output stream socket: tfd@c17b8af.
07-02 23:30:05.531 12149 32200 E CastSocket: java.nio.channels.ClosedChannelException
07-02 23:30:05.531 12149 32200 E CastSocket: 	at sun.nio.ch.SocketChannelImpl.shutdownOutput(SocketChannelImpl.java:842)
07-02 23:30:05.531 12149 32200 E CastSocket: 	at sun.nio.ch.SocketAdaptor.shutdownOutput(SocketAdaptor.java:424)
07-02 23:30:05.531 12149 32200 E CastSocket: 	at teb.l(:com.google.android.gms@222116037@22.21.16 (150400-454906765):4)
07-02 23:30:05.531 12149 32200 E CastSocket: 	at teh.c(:com.google.android.gms@222116037@22.21.16 (150400-454906765):46)
07-02 23:30:05.531 12149 32200 E CastSocket: 	at teg.run(:com.google.android.gms@222116037@22.21.16 (150400-454906765):2)
07-02 23:30:05.531 12149 32200 E CastSocket: 	at java.lang.Thread.run(Thread.java:923)
07-02 23:30:05.532 12149 31903 E TcpProberDeviceController: [TcpProberDeviceController-2] onSocketConnectionFailed. Error: 2
07-02 23:30:05.533 12149 32200 E CastSocket: [TcpProberDeviceController-1] Failed to shutdown the output stream socket: tfd@cdd3f9a.
07-02 23:30:05.533 12149 32200 E CastSocket: java.nio.channels.ClosedChannelException
07-02 23:30:05.533 12149 32200 E CastSocket: 	at sun.nio.ch.SocketChannelImpl.shutdownOutput(SocketChannelImpl.java:842)
07-02 23:30:05.533 12149 32200 E CastSocket: 	at sun.nio.ch.SocketAdaptor.shutdownOutput(SocketAdaptor.java:424)
07-02 23:30:05.533 12149 32200 E CastSocket: 	at teb.l(:com.google.android.gms@222116037@22.21.16 (150400-454906765):4)
07-02 23:30:05.533 12149 32200 E CastSocket: 	at teh.c(:com.google.android.gms@222116037@22.21.16 (150400-454906765):46)
07-02 23:30:05.533 12149 32200 E CastSocket: 	at teg.run(:com.google.android.gms@222116037@22.21.16 (150400-454906765):2)
07-02 23:30:05.533 12149 32200 E CastSocket: 	at java.lang.Thread.run(Thread.java:923)
07-02 23:30:05.533 12149 31903 E TcpProberDeviceController: [TcpProberDeviceController-1] onSocketConnectionFailed. Error: 2
07-02 23:30:05.537 12149 31846 I CastSocketMultiplexer: Stopping multiplexer...
07-02 23:30:05.586  4229  4511 D InputTransport: channel '31e60b1 com.example.lunchtray/com.example.lunchtray.MainActivity (server)' : action=ACTION_UP(0), id=0, displayId=0, tooltype=1, deviceId=-1, source=0x1002, flags=0x0, edgeFlags=0x0, metaState=0x0, buttonState=0x1, downTime=172109495000000, eventTime=172109576000000, pointerCount=1 xos=0, yos=0
07-02 23:30:05.586  4229  4511 D InputTransport: channel 'swipe-up (server)' : action=ACTION_UP(0), id=0, displayId=0, tooltype=1, deviceId=-1, source=0x1002, flags=0x0, edgeFlags=0x0, metaState=0x0, buttonState=0x1, downTime=172109495000000, eventTime=172109576000000, pointerCount=1 xos=0, yos=0
07-02 23:30:05.587  4229  4511 D InputTransport: channel 'edge-swipe (server)' : action=ACTION_UP(0), id=0, displayId=0, tooltype=1, deviceId=-1, source=0x1002, flags=0x0, edgeFlags=0x0, metaState=0x0, buttonState=0x1, downTime=172109495000000, eventTime=172109576000000, pointerCount=1 xos=0, yos=0
07-02 23:30:05.587  4229  4511 D InputTransport: channel 'swipe-up (server)' : action=ACTION_UP(0), id=0, displayId=0, tooltype=1, deviceId=-1, source=0x1002, flags=0x0, edgeFlags=0x0, metaState=0x0, buttonState=0x1, downTime=172109495000000, eventTime=172109576000000, pointerCount=1 xos=0, yos=0
07-02 23:30:05.587  4229  4511 D InputTransport: channel 'swipe-up (server)' : action=ACTION_UP(0), id=0, displayId=0, tooltype=1, deviceId=-1, source=0x1002, flags=0x0, edgeFlags=0x0, metaState=0x0, buttonState=0x1, downTime=172109495000000, eventTime=172109576000000, pointerCount=1 xos=0, yos=0
07-02 23:30:05.587  4229  4511 D InputTransport: channel 'PointerEventDispatcher0 (server)' : action=ACTION_UP(0), id=0, displayId=0, tooltype=1, deviceId=-1, source=0x1002, flags=0x0, edgeFlags=0x0, metaState=0x0, buttonState=0x1, downTime=172109495000000, eventTime=172109576000000, pointerCount=1 xos=0, yos=0
07-02 23:30:05.587  4229  4511 D InputTransport: channel 'PointerEventDispatcherForRear0 (server)' : action=ACTION_UP(0), id=0, displayId=0, tooltype=1, deviceId=-1, source=0x1002, flags=0x0, edgeFlags=0x0, metaState=0x0, buttonState=0x1, downTime=172109495000000, eventTime=172109576000000, pointerCount=1 xos=0, yos=0
07-02 23:30:05.590 32149 32149 I View    : PerformClick: com.google.android.material.radiobutton.MaterialRadioButton{8731497 VFED..C.. ...p..ID 0,0-381,144 #7f08007c app:id/cauliflower}
07-02 23:30:05.590 32149 32149 I View    : MotionEvent.ACTION_UP: mPrivateFlags: -2128590800,   mHasPerformedLongPress: false,   mIgnoreNextUpEvent: false
07-02 23:30:05.615  4229  4567 V SoundPool: play(soundID=1, leftVolume=1.000000, rightVolume=1.000000, priority=0, loop=0, rate=1.000000)
07-02 23:30:05.616  4229  4567 V AudioTrack: setSampleRate(5291): prior state:STATE_STOPPED rate:48000
07-02 23:30:05.616  4229  4567 V AudioTrack: start(5291): prior state:STATE_STOPPED
07-02 23:30:05.616  4229  4567 V AudioTrack: start(5291): server read:-158640  cumulative flushed:0  client written:0
07-02 23:30:05.617   965   965 V AF::Track: start(4816): calling pid 4229 session 23897
07-02 23:30:05.618   965  1326 D APM_AudioPolicyManager: startOutput portId 5291 output primary->(primary output)(13), stream 1, session 23897
07-02 23:30:05.618   965  1326 V APM_AudioPolicyManager: selectOutputForMusicEffects selected output 13
07-02 23:30:05.619   965  1326 V APM_AudioPolicyManager: getNewOutputDevices selected devices {type:0x2,@:}
07-02 23:30:05.619   965  1326 V APM_AudioPolicyManager: setOutputDevices device {type:0x2,@:} delayMs 0
07-02 23:30:05.619   965  1326 V APM_AudioPolicyManager: setOutputDevices() prevDevice {type:0x2,@:}
07-02 23:30:05.619   965  1326 V APM_AudioPolicyManager: setOutputDevices: suppressing checkDeviceMuteStrategies
07-02 23:30:05.619   965  1326 V APM_AudioPolicyManager: setOutputDevices setting same device {type:0x2,@:} or null device, force=0, patch handle=5258
07-02 23:30:05.620  4229  4567 V SoundPool: play returned 12379
07-02 23:30:05.631  4229  4298 V AudioSystem: ioConfigChanged() event 8
07-02 23:30:05.631  4229  4298 V AudioSystem: ioConfigChanged() AUDIO_CLIENT_STARTED  io 13 port 5291 num callbacks 0
07-02 23:30:05.686   965  1885 V AF::Track: getNextBuffer(4816): underrun,  framesReady(0) < framesDesired(236), state: 6
07-02 23:30:05.689   965  1887 D AF::Track: presentationComplete(4816): presentationComplete() reset: mPresentationCompleteFrames 655680 audioHalFrames 960
07-02 23:30:05.693  4229 32186 V AudioTrack: stop(5291): prior state:STATE_ACTIVE
07-02 23:30:05.693   965   965 V AF::Track: stop(4816): calling pid 4229
07-02 23:30:05.729   965  1887 V AF::Track: presentationComplete(4816): presentationComplete() mPresentationCompleteFrames 655680 framesWritten 656640
07-02 23:30:05.739   965  1326 V APM_AudioPolicyManager: stopOutput() portId 5291 output 13, stream 1, session 23897
07-02 23:30:05.739   965  1326 V APM_AudioPolicyManager: getNewOutputDevices selected devices AUDIO_DEVICE_NONE
07-02 23:30:05.739   965  1326 V APM_AudioPolicyManager: setOutputDevices device AUDIO_DEVICE_NONE delayMs 120
07-02 23:30:05.739   965  1326 V APM_AudioPolicyManager: setOutputDevices() prevDevice {type:0x2,@:}
07-02 23:30:05.742   965  1326 W APM::AudioPolicyEngine: getDevicesForStrategy() unknown strategy: -1
07-02 23:30:05.742   965  1326 V APM_AudioPolicyManager: setOutputDevices setting same device AUDIO_DEVICE_NONE or null device, force=0, patch handle=5258
07-02 23:30:05.742   965  1326 V APM_AudioPolicyManager: selectOutputForMusicEffects selected output 13
07-02 23:30:06.003 32149 32149 I ViewInteraction: Performing 'single click' action on view view.getId() is <2131231081/com.example.lunchtray:id/next_button>
07-02 23:30:06.012  4229  4511 D InputTransport: channel '31e60b1 com.example.lunchtray/com.example.lunchtray.MainActivity (server)' : action=ACTION_DOWN(0), id=0, displayId=0, tooltype=0, deviceId=-1, source=0x1002, flags=0x0, edgeFlags=0x0, metaState=0x0, buttonState=0x1, downTime=172109999000000, eventTime=172109999000000, pointerCount=1 xos=0, yos=0
07-02 23:30:06.012  4229  4511 D InputTransport: channel 'swipe-up (server)' : action=ACTION_DOWN(0), id=0, displayId=0, tooltype=0, deviceId=-1, source=0x1002, flags=0x0, edgeFlags=0x0, metaState=0x0, buttonState=0x1, downTime=172109999000000, eventTime=172109999000000, pointerCount=1 xos=0, yos=0
07-02 23:30:06.012  4229  4511 D InputTransport: channel 'edge-swipe (server)' : action=ACTION_DOWN(0), id=0, displayId=0, tooltype=0, deviceId=-1, source=0x1002, flags=0x0, edgeFlags=0x0, metaState=0x0, buttonState=0x1, downTime=172109999000000, eventTime=172109999000000, pointerCount=1 xos=0, yos=0
07-02 23:30:06.012  4229  4511 D InputTransport: channel 'swipe-up (server)' : action=ACTION_DOWN(0), id=0, displayId=0, tooltype=0, deviceId=-1, source=0x1002, flags=0x0, edgeFlags=0x0, metaState=0x0, buttonState=0x1, downTime=172109999000000, eventTime=172109999000000, pointerCount=1 xos=0, yos=0
07-02 23:30:06.012  4229  4511 D InputTransport: channel 'swipe-up (server)' : action=ACTION_DOWN(0), id=0, displayId=0, tooltype=0, deviceId=-1, source=0x1002, flags=0x0, edgeFlags=0x0, metaState=0x0, buttonState=0x1, downTime=172109999000000, eventTime=172109999000000, pointerCount=1 xos=0, yos=0
07-02 23:30:06.013  4229  4511 D InputTransport: channel 'PointerEventDispatcher0 (server)' : action=ACTION_DOWN(0), id=0, displayId=0, tooltype=0, deviceId=-1, source=0x1002, flags=0x0, edgeFlags=0x0, metaState=0x0, buttonState=0x1, downTime=172109999000000, eventTime=172109999000000, pointerCount=1 xos=0, yos=0
07-02 23:30:06.013  4229  4511 D InputTransport: channel 'PointerEventDispatcherForRear0 (server)' : action=ACTION_DOWN(0), id=0, displayId=0, tooltype=0, deviceId=-1, source=0x1002, flags=0x0, edgeFlags=0x0, metaState=0x0, buttonState=0x1, downTime=172109999000000, eventTime=172109999000000, pointerCount=1 xos=0, yos=0
07-02 23:30:06.060  4229  4598 D WifiWatchdogStateMachine: iwlanpercheck loss=0% / volume2 / imscallstate:0 sum:0, perAvg:0
07-02 23:30:06.090  4229  4511 D InputTransport: channel '31e60b1 com.example.lunchtray/com.example.lunchtray.MainActivity (server)' : action=ACTION_UP(0), id=0, displayId=0, tooltype=1, deviceId=-1, source=0x1002, flags=0x0, edgeFlags=0x0, metaState=0x0, buttonState=0x1, downTime=172109999000000, eventTime=172110080000000, pointerCount=1 xos=0, yos=0
07-02 23:30:06.090  4229  4511 D InputTransport: channel 'swipe-up (server)' : action=ACTION_UP(0), id=0, displayId=0, tooltype=1, deviceId=-1, source=0x1002, flags=0x0, edgeFlags=0x0, metaState=0x0, buttonState=0x1, downTime=172109999000000, eventTime=172110080000000, pointerCount=1 xos=0, yos=0
07-02 23:30:06.090  4229  4511 D InputTransport: channel 'edge-swipe (server)' : action=ACTION_UP(0), id=0, displayId=0, tooltype=1, deviceId=-1, source=0x1002, flags=0x0, edgeFlags=0x0, metaState=0x0, buttonState=0x1, downTime=172109999000000, eventTime=172110080000000, pointerCount=1 xos=0, yos=0
07-02 23:30:06.090  4229  4511 D InputTransport: channel 'swipe-up (server)' : action=ACTION_UP(0), id=0, displayId=0, tooltype=1, deviceId=-1, source=0x1002, flags=0x0, edgeFlags=0x0, metaState=0x0, buttonState=0x1, downTime=172109999000000, eventTime=172110080000000, pointerCount=1 xos=0, yos=0
07-02 23:30:06.090  4229  4511 D InputTransport: channel 'swipe-up (server)' : action=ACTION_UP(0), id=0, displayId=0, tooltype=1, deviceId=-1, source=0x1002, flags=0x0, edgeFlags=0x0, metaState=0x0, buttonState=0x1, downTime=172109999000000, eventTime=172110080000000, pointerCount=1 xos=0, yos=0
07-02 23:30:06.090  4229  4511 D InputTransport: channel 'PointerEventDispatcher0 (server)' : action=ACTION_UP(0), id=0, displayId=0, tooltype=1, deviceId=-1, source=0x1002, flags=0x0, edgeFlags=0x0, metaState=0x0, buttonState=0x1, downTime=172109999000000, eventTime=172110080000000, pointerCount=1 xos=0, yos=0
07-02 23:30:06.090  4229  4511 D InputTransport: channel 'PointerEventDispatcherForRear0 (server)' : action=ACTION_UP(0), id=0, displayId=0, tooltype=1, deviceId=-1, source=0x1002, flags=0x0, edgeFlags=0x0, metaState=0x0, buttonState=0x1, downTime=172109999000000, eventTime=172110080000000, pointerCount=1 xos=0, yos=0
07-02 23:30:06.097 32149 32149 I View    : PerformClick: com.google.android.material.button.MaterialButton{67eb58b VFED..C.. ...p..ID 564,1713-1032,1857 #7f080169 app:id/next_button}
07-02 23:30:06.097 32149 32149 I View    : MotionEvent.ACTION_UP: mPrivateFlags: -2128590800,   mHasPerformedLongPress: false,   mIgnoreNextUpEvent: false
07-02 23:30:06.115  4229  4567 V SoundPool: play(soundID=1, leftVolume=1.000000, rightVolume=1.000000, priority=0, loop=0, rate=1.000000)
07-02 23:30:06.116  4229  4567 V AudioTrack: setSampleRate(5291): prior state:STATE_STOPPED rate:48000
07-02 23:30:06.116  4229  4567 V AudioTrack: start(5291): prior state:STATE_STOPPED
07-02 23:30:06.116  4229  4567 V AudioTrack: start(5291): server read:-161284  cumulative flushed:0  client written:0
07-02 23:30:06.116   965   965 V AF::Track: start(4816): calling pid 4229 session 23897
07-02 23:30:06.118   965  1326 D APM_AudioPolicyManager: startOutput portId 5291 output primary->(primary output)(13), stream 1, session 23897
07-02 23:30:06.118   965  1326 V APM_AudioPolicyManager: selectOutputForMusicEffects selected output 13
07-02 23:30:06.118   965  1326 V APM_AudioPolicyManager: getNewOutputDevices selected devices {type:0x2,@:}
07-02 23:30:06.119   965  1326 V APM_AudioPolicyManager: setOutputDevices device {type:0x2,@:} delayMs 0
07-02 23:30:06.119   965  1326 V APM_AudioPolicyManager: setOutputDevices() prevDevice {type:0x2,@:}
07-02 23:30:06.119   965  1326 V APM_AudioPolicyManager: setOutputDevices: suppressing checkDeviceMuteStrategies
07-02 23:30:06.119   965  1326 V APM_AudioPolicyManager: setOutputDevices setting same device {type:0x2,@:} or null device, force=0, patch handle=5258
07-02 23:30:06.120  4229  4567 V SoundPool: play returned 12382
07-02 23:30:06.120  4229  7769 V AudioSystem: ioConfigChanged() event 8
07-02 23:30:06.120  4229  7769 V AudioSystem: ioConfigChanged() AUDIO_CLIENT_STARTED  io 13 port 5291 num callbacks 0
07-02 23:30:06.176   965  1885 V AF::Track: getNextBuffer(4816): underrun,  framesReady(0) < framesDesired(236), state: 6
07-02 23:30:06.188  4229 32186 V AudioTrack: stop(5291): prior state:STATE_ACTIVE
07-02 23:30:06.188   965   965 V AF::Track: stop(4816): calling pid 4229
07-02 23:30:06.211   965  1887 D AF::Track: presentationComplete(4816): presentationComplete() reset: mPresentationCompleteFrames 680640 audioHalFrames 960
07-02 23:30:06.231   965  1887 V AF::Track: presentationComplete(4816): presentationComplete() mPresentationCompleteFrames 680640 framesWritten 680640
07-02 23:30:06.239   965  1326 V APM_AudioPolicyManager: stopOutput() portId 5291 output 13, stream 1, session 23897
07-02 23:30:06.239   965  1326 V APM_AudioPolicyManager: getNewOutputDevices selected devices AUDIO_DEVICE_NONE
07-02 23:30:06.239   965  1326 V APM_AudioPolicyManager: setOutputDevices device AUDIO_DEVICE_NONE delayMs 120
07-02 23:30:06.239   965  1326 V APM_AudioPolicyManager: setOutputDevices() prevDevice {type:0x2,@:}
07-02 23:30:06.240   965  1326 W APM::AudioPolicyEngine: getDevicesForStrategy() unknown strategy: -1
07-02 23:30:06.240   965  1326 V APM_AudioPolicyManager: setOutputDevices setting same device AUDIO_DEVICE_NONE or null device, force=0, patch handle=5258
07-02 23:30:06.240   965  1326 V APM_AudioPolicyManager: selectOutputForMusicEffects selected output 13
07-02 23:30:06.385 12764 12764 I DSQN    : DSQN NOTIFY No Established Conn for 4 secs after this item was created. Notify CONN_PROBLEM
07-02 23:30:06.387 12764 32213 I DSQN    : dsqn report finish
07-02 23:30:06.419 12764 12765 I DSQN    : restart monitoring
07-02 23:30:06.530 32149 32149 I ViewInteraction: Performing 'single click' action on view view.getId() is <2131231138/com.example.lunchtray:id/salad>
07-02 23:30:06.541  4229  4511 D InputTransport: channel '31e60b1 com.example.lunchtray/com.example.lunchtray.MainActivity (server)' : action=ACTION_DOWN(0), id=0, displayId=0, tooltype=0, deviceId=-1, source=0x1002, flags=0x0, edgeFlags=0x0, metaState=0x0, buttonState=0x1, downTime=172110528000000, eventTime=172110528000000, pointerCount=1 xos=0, yos=0
07-02 23:30:06.541  4229  4511 D InputTransport: channel 'swipe-up (server)' : action=ACTION_DOWN(0), id=0, displayId=0, tooltype=0, deviceId=-1, source=0x1002, flags=0x0, edgeFlags=0x0, metaState=0x0, buttonState=0x1, downTime=172110528000000, eventTime=172110528000000, pointerCount=1 xos=0, yos=0
07-02 23:30:06.541  4229  4511 D InputTransport: channel 'edge-swipe (server)' : action=ACTION_DOWN(0), id=0, displayId=0, tooltype=0, deviceId=-1, source=0x1002, flags=0x0, edgeFlags=0x0, metaState=0x0, buttonState=0x1, downTime=172110528000000, eventTime=172110528000000, pointerCount=1 xos=0, yos=0
07-02 23:30:06.541  4229  4511 D InputTransport: channel 'swipe-up (server)' : action=ACTION_DOWN(0), id=0, displayId=0, tooltype=0, deviceId=-1, source=0x1002, flags=0x0, edgeFlags=0x0, metaState=0x0, buttonState=0x1, downTime=172110528000000, eventTime=172110528000000, pointerCount=1 xos=0, yos=0
07-02 23:30:06.541  4229  4511 D InputTransport: channel 'swipe-up (server)' : action=ACTION_DOWN(0), id=0, displayId=0, tooltype=0, deviceId=-1, source=0x1002, flags=0x0, edgeFlags=0x0, metaState=0x0, buttonState=0x1, downTime=172110528000000, eventTime=172110528000000, pointerCount=1 xos=0, yos=0
07-02 23:30:06.541  4229  4511 D InputTransport: channel 'PointerEventDispatcher0 (server)' : action=ACTION_DOWN(0), id=0, displayId=0, tooltype=0, deviceId=-1, source=0x1002, flags=0x0, edgeFlags=0x0, metaState=0x0, buttonState=0x1, downTime=172110528000000, eventTime=172110528000000, pointerCount=1 xos=0, yos=0
07-02 23:30:06.542  4229  4511 D InputTransport: channel 'PointerEventDispatcherForRear0 (server)' : action=ACTION_DOWN(0), id=0, displayId=0, tooltype=0, deviceId=-1, source=0x1002, flags=0x0, edgeFlags=0x0, metaState=0x0, buttonState=0x1, downTime=172110528000000, eventTime=172110528000000, pointerCount=1 xos=0, yos=0
07-02 23:30:06.622  4229  4511 D InputTransport: channel '31e60b1 com.example.lunchtray/com.example.lunchtray.MainActivity (server)' : action=ACTION_UP(0), id=0, displayId=0, tooltype=1, deviceId=-1, source=0x1002, flags=0x0, edgeFlags=0x0, metaState=0x0, buttonState=0x1, downTime=172110528000000, eventTime=172110611000000, pointerCount=1 xos=0, yos=0
07-02 23:30:06.623  4229  4511 D InputTransport: channel 'swipe-up (server)' : action=ACTION_UP(0), id=0, displayId=0, tooltype=1, deviceId=-1, source=0x1002, flags=0x0, edgeFlags=0x0, metaState=0x0, buttonState=0x1, downTime=172110528000000, eventTime=172110611000000, pointerCount=1 xos=0, yos=0
07-02 23:30:06.623  4229  4511 D InputTransport: channel 'edge-swipe (server)' : action=ACTION_UP(0), id=0, displayId=0, tooltype=1, deviceId=-1, source=0x1002, flags=0x0, edgeFlags=0x0, metaState=0x0, buttonState=0x1, downTime=172110528000000, eventTime=172110611000000, pointerCount=1 xos=0, yos=0
07-02 23:30:06.623  4229  4511 D InputTransport: channel 'swipe-up (server)' : action=ACTION_UP(0), id=0, displayId=0, tooltype=1, deviceId=-1, source=0x1002, flags=0x0, edgeFlags=0x0, metaState=0x0, buttonState=0x1, downTime=172110528000000, eventTime=172110611000000, pointerCount=1 xos=0, yos=0
07-02 23:30:06.623  4229  4511 D InputTransport: channel 'swipe-up (server)' : action=ACTION_UP(0), id=0, displayId=0, tooltype=1, deviceId=-1, source=0x1002, flags=0x0, edgeFlags=0x0, metaState=0x0, buttonState=0x1, downTime=172110528000000, eventTime=172110611000000, pointerCount=1 xos=0, yos=0
07-02 23:30:06.623  4229  4511 D InputTransport: channel 'PointerEventDispatcher0 (server)' : action=ACTION_UP(0), id=0, displayId=0, tooltype=1, deviceId=-1, source=0x1002, flags=0x0, edgeFlags=0x0, metaState=0x0, buttonState=0x1, downTime=172110528000000, eventTime=172110611000000, pointerCount=1 xos=0, yos=0
07-02 23:30:06.623  4229  4511 D InputTransport: channel 'PointerEventDispatcherForRear0 (server)' : action=ACTION_UP(0), id=0, displayId=0, tooltype=1, deviceId=-1, source=0x1002, flags=0x0, edgeFlags=0x0, metaState=0x0, buttonState=0x1, downTime=172110528000000, eventTime=172110611000000, pointerCount=1 xos=0, yos=0
07-02 23:30:06.630 32149 32149 I View    : PerformClick: com.google.android.material.radiobutton.MaterialRadioButton{8f0876c VFED..C.. ...p..ID 0,0-459,144 #7f0801a2 app:id/salad}
07-02 23:30:06.631 32149 32149 I View    : MotionEvent.ACTION_UP: mPrivateFlags: -2128590800,   mHasPerformedLongPress: false,   mIgnoreNextUpEvent: false
07-02 23:30:06.652  4229  4567 V SoundPool: play(soundID=1, leftVolume=1.000000, rightVolume=1.000000, priority=0, loop=0, rate=1.000000)
07-02 23:30:06.653  4229  4567 V AudioTrack: setSampleRate(5291): prior state:STATE_STOPPED rate:48000
07-02 23:30:06.653  4229  4567 V AudioTrack: start(5291): prior state:STATE_STOPPED
07-02 23:30:06.653  4229  4567 V AudioTrack: start(5291): server read:-163928  cumulative flushed:0  client written:0
07-02 23:30:06.653   965   965 V AF::Track: start(4816): calling pid 4229 session 23897
07-02 23:30:06.654   965  1326 D APM_AudioPolicyManager: startOutput portId 5291 output primary->(primary output)(13), stream 1, session 23897
07-02 23:30:06.655   965  1326 V APM_AudioPolicyManager: selectOutputForMusicEffects selected output 13
07-02 23:30:06.655   965  1326 V APM_AudioPolicyManager: getNewOutputDevices selected devices {type:0x2,@:}
07-02 23:30:06.655   965  1326 V APM_AudioPolicyManager: setOutputDevices device {type:0x2,@:} delayMs 0
07-02 23:30:06.655   965  1326 V APM_AudioPolicyManager: setOutputDevices() prevDevice {type:0x2,@:}
07-02 23:30:06.655   965  1326 V APM_AudioPolicyManager: setOutputDevices: suppressing checkDeviceMuteStrategies
07-02 23:30:06.655   965  1326 V APM_AudioPolicyManager: setOutputDevices setting same device {type:0x2,@:} or null device, force=0, patch handle=5258
07-02 23:30:06.656  4229  4567 V SoundPool: play returned 12383
07-02 23:30:06.657  4229  7769 V AudioSystem: ioConfigChanged() event 8
07-02 23:30:06.657  4229  7769 V AudioSystem: ioConfigChanged() AUDIO_CLIENT_STARTED  io 13 port 5291 num callbacks 0
07-02 23:30:06.726   965  1885 V AF::Track: getNextBuffer(4816): underrun,  framesReady(0) < framesDesired(236), state: 6
07-02 23:30:06.731   965  1887 D AF::Track: presentationComplete(4816): presentationComplete() reset: mPresentationCompleteFrames 705600 audioHalFrames 960
07-02 23:30:06.735  4229 32186 V AudioTrack: stop(5291): prior state:STATE_ACTIVE
07-02 23:30:06.735   965   965 V AF::Track: stop(4816): calling pid 4229
07-02 23:30:06.771   965  1887 V AF::Track: presentationComplete(4816): presentationComplete() mPresentationCompleteFrames 705600 framesWritten 706560
07-02 23:30:06.779   965  1326 V APM_AudioPolicyManager: stopOutput() portId 5291 output 13, stream 1, session 23897
07-02 23:30:06.779   965  1326 V APM_AudioPolicyManager: getNewOutputDevices selected devices AUDIO_DEVICE_NONE
07-02 23:30:06.779   965  1326 V APM_AudioPolicyManager: setOutputDevices device AUDIO_DEVICE_NONE delayMs 120
07-02 23:30:06.779   965  1326 V APM_AudioPolicyManager: setOutputDevices() prevDevice {type:0x2,@:}
07-02 23:30:06.780   965  1326 W APM::AudioPolicyEngine: getDevicesForStrategy() unknown strategy: -1
07-02 23:30:06.780   965  1326 V APM_AudioPolicyManager: setOutputDevices setting same device AUDIO_DEVICE_NONE or null device, force=0, patch handle=5258
07-02 23:30:06.780   965  1326 V APM_AudioPolicyManager: selectOutputForMusicEffects selected output 13
07-02 23:30:06.810   914   914 D vendor.lge.hardware.thermal@1.2-impl: Read value from /proc/lge_power/adc/vts, 353
07-02 23:30:06.815   914   914 D vendor.lge.hardware.thermal@1.2-impl: Read value from /proc/lge_power/adc/vts, 353
07-02 23:30:07.044 32149 32149 I ViewInteraction: Performing 'single click' action on view view.getId() is <2131231081/com.example.lunchtray:id/next_button>
07-02 23:30:07.050  4229  4511 D InputTransport: channel '31e60b1 com.example.lunchtray/com.example.lunchtray.MainActivity (server)' : action=ACTION_DOWN(0), id=0, displayId=0, tooltype=0, deviceId=-1, source=0x1002, flags=0x0, edgeFlags=0x0, metaState=0x0, buttonState=0x1, downTime=172111039000000, eventTime=172111039000000, pointerCount=1 xos=0, yos=0
07-02 23:30:07.052  4229  4511 D InputTransport: channel 'swipe-up (server)' : action=ACTION_DOWN(0), id=0, displayId=0, tooltype=0, deviceId=-1, source=0x1002, flags=0x0, edgeFlags=0x0, metaState=0x0, buttonState=0x1, downTime=172111039000000, eventTime=172111039000000, pointerCount=1 xos=0, yos=0
07-02 23:30:07.052  4229  4511 D InputTransport: channel 'edge-swipe (server)' : action=ACTION_DOWN(0), id=0, displayId=0, tooltype=0, deviceId=-1, source=0x1002, flags=0x0, edgeFlags=0x0, metaState=0x0, buttonState=0x1, downTime=172111039000000, eventTime=172111039000000, pointerCount=1 xos=0, yos=0
07-02 23:30:07.052  4229  4511 D InputTransport: channel 'swipe-up (server)' : action=ACTION_DOWN(0), id=0, displayId=0, tooltype=0, deviceId=-1, source=0x1002, flags=0x0, edgeFlags=0x0, metaState=0x0, buttonState=0x1, downTime=172111039000000, eventTime=172111039000000, pointerCount=1 xos=0, yos=0
07-02 23:30:07.052  4229  4511 D InputTransport: channel 'swipe-up (server)' : action=ACTION_DOWN(0), id=0, displayId=0, tooltype=0, deviceId=-1, source=0x1002, flags=0x0, edgeFlags=0x0, metaState=0x0, buttonState=0x1, downTime=172111039000000, eventTime=172111039000000, pointerCount=1 xos=0, yos=0
07-02 23:30:07.052  4229  4511 D InputTransport: channel 'PointerEventDispatcher0 (server)' : action=ACTION_DOWN(0), id=0, displayId=0, tooltype=0, deviceId=-1, source=0x1002, flags=0x0, edgeFlags=0x0, metaState=0x0, buttonState=0x1, downTime=172111039000000, eventTime=172111039000000, pointerCount=1 xos=0, yos=0
07-02 23:30:07.052  4229  4511 D InputTransport: channel 'PointerEventDispatcherForRear0 (server)' : action=ACTION_DOWN(0), id=0, displayId=0, tooltype=0, deviceId=-1, source=0x1002, flags=0x0, edgeFlags=0x0, metaState=0x0, buttonState=0x1, downTime=172111039000000, eventTime=172111039000000, pointerCount=1 xos=0, yos=0
07-02 23:30:07.076  4229  4598 D WifiWatchdogStateMachine: iwlanpercheck loss=0% / volume7 / imscallstate:0 sum:0, perAvg:0
07-02 23:30:07.130  4229  4511 D InputTransport: channel '31e60b1 com.example.lunchtray/com.example.lunchtray.MainActivity (server)' : action=ACTION_UP(0), id=0, displayId=0, tooltype=1, deviceId=-1, source=0x1002, flags=0x0, edgeFlags=0x0, metaState=0x0, buttonState=0x1, downTime=172111039000000, eventTime=172111120000000, pointerCount=1 xos=0, yos=0
07-02 23:30:07.130  4229  4511 D InputTransport: channel 'swipe-up (server)' : action=ACTION_UP(0), id=0, displayId=0, tooltype=1, deviceId=-1, source=0x1002, flags=0x0, edgeFlags=0x0, metaState=0x0, buttonState=0x1, downTime=172111039000000, eventTime=172111120000000, pointerCount=1 xos=0, yos=0
07-02 23:30:07.131  4229  4511 D InputTransport: channel 'edge-swipe (server)' : action=ACTION_UP(0), id=0, displayId=0, tooltype=1, deviceId=-1, source=0x1002, flags=0x0, edgeFlags=0x0, metaState=0x0, buttonState=0x1, downTime=172111039000000, eventTime=172111120000000, pointerCount=1 xos=0, yos=0
07-02 23:30:07.131  4229  4511 D InputTransport: channel 'swipe-up (server)' : action=ACTION_UP(0), id=0, displayId=0, tooltype=1, deviceId=-1, source=0x1002, flags=0x0, edgeFlags=0x0, metaState=0x0, buttonState=0x1, downTime=172111039000000, eventTime=172111120000000, pointerCount=1 xos=0, yos=0
07-02 23:30:07.131  4229  4511 D InputTransport: channel 'swipe-up (server)' : action=ACTION_UP(0), id=0, displayId=0, tooltype=1, deviceId=-1, source=0x1002, flags=0x0, edgeFlags=0x0, metaState=0x0, buttonState=0x1, downTime=172111039000000, eventTime=172111120000000, pointerCount=1 xos=0, yos=0
07-02 23:30:07.131  4229  4511 D InputTransport: channel 'PointerEventDispatcher0 (server)' : action=ACTION_UP(0), id=0, displayId=0, tooltype=1, deviceId=-1, source=0x1002, flags=0x0, edgeFlags=0x0, metaState=0x0, buttonState=0x1, downTime=172111039000000, eventTime=172111120000000, pointerCount=1 xos=0, yos=0
07-02 23:30:07.131  4229  4511 D InputTransport: channel 'PointerEventDispatcherForRear0 (server)' : action=ACTION_UP(0), id=0, displayId=0, tooltype=1, deviceId=-1, source=0x1002, flags=0x0, edgeFlags=0x0, metaState=0x0, buttonState=0x1, downTime=172111039000000, eventTime=172111120000000, pointerCount=1 xos=0, yos=0
07-02 23:30:07.138 32149 32149 I View    : PerformClick: com.google.android.material.button.MaterialButton{62b66d0 VFED..C.. ...p..ID 564,1605-1032,1749 #7f080169 app:id/next_button}
07-02 23:30:07.138 32149 32149 I View    : MotionEvent.ACTION_UP: mPrivateFlags: -2128590800,   mHasPerformedLongPress: false,   mIgnoreNextUpEvent: false
07-02 23:30:07.138  3772  3782 I PowerRM : CF-1 b-1
07-02 23:30:07.138  3772  3782 I PowerRM : REQF = -1
07-02 23:30:07.139  3772  3782 I Powercontrol_Client: Notify refreshrate 160:60:-1
07-02 23:30:07.139   903   924 I vendor.lge.hardware.powercontrol@1.3-impl: notify_refreshrate_limit to 160/60/-1
07-02 23:30:07.144   970   970 I SurfaceFlinger: Setting desired display config specs: defaultConfig: 0 primaryRange: [60 60] expandedRange: [0 inf]
07-02 23:30:07.144   970   970 I SurfaceFlinger: setDesiredActiveConfig(60fps)
07-02 23:30:07.154  4229  4567 V SoundPool: play(soundID=1, leftVolume=1.000000, rightVolume=1.000000, priority=0, loop=0, rate=1.000000)
07-02 23:30:07.155  4229  4567 V AudioTrack: setSampleRate(5291): prior state:STATE_STOPPED rate:48000
07-02 23:30:07.155  4229  4567 V AudioTrack: start(5291): prior state:STATE_STOPPED
07-02 23:30:07.155  4229  4567 V AudioTrack: start(5291): server read:-166572  cumulative flushed:0  client written:0
07-02 23:30:07.155   965   965 V AF::Track: start(4816): calling pid 4229 session 23897
07-02 23:30:07.156   965  1326 D APM_AudioPolicyManager: startOutput portId 5291 output primary->(primary output)(13), stream 1, session 23897
07-02 23:30:07.157   965  1326 V APM_AudioPolicyManager: selectOutputForMusicEffects selected output 13
07-02 23:30:07.157   965  1326 V APM_AudioPolicyManager: getNewOutputDevices selected devices {type:0x2,@:}
07-02 23:30:07.158   965  1326 V APM_AudioPolicyManager: setOutputDevices device {type:0x2,@:} delayMs 0
07-02 23:30:07.158   965  1326 V APM_AudioPolicyManager: setOutputDevices() prevDevice {type:0x2,@:}
07-02 23:30:07.158   965  1326 V APM_AudioPolicyManager: setOutputDevices: suppressing checkDeviceMuteStrategies
07-02 23:30:07.158   965  1326 V APM_AudioPolicyManager: setOutputDevices setting same device {type:0x2,@:} or null device, force=0, patch handle=5258
07-02 23:30:07.159  4229  7059 V AudioSystem: ioConfigChanged() event 8
07-02 23:30:07.159  4229  7059 V AudioSystem: ioConfigChanged() AUDIO_CLIENT_STARTED  io 13 port 5291 num callbacks 0
07-02 23:30:07.159  4229  4567 V SoundPool: play returned 12384
07-02 23:30:07.216   965  1885 V AF::Track: getNextBuffer(4816): underrun,  framesReady(0) < framesDesired(236), state: 6
07-02 23:30:07.228  4229 32186 V AudioTrack: stop(5291): prior state:STATE_ACTIVE
07-02 23:30:07.228   965   965 V AF::Track: stop(4816): calling pid 4229
07-02 23:30:07.251   965  1887 D AF::Track: presentationComplete(4816): presentationComplete() reset: mPresentationCompleteFrames 730560 audioHalFrames 960
07-02 23:30:07.271   965  1887 V AF::Track: presentationComplete(4816): presentationComplete() mPresentationCompleteFrames 730560 framesWritten 730560
07-02 23:30:07.278   965  1326 V APM_AudioPolicyManager: stopOutput() portId 5291 output 13, stream 1, session 23897
07-02 23:30:07.279   965  1326 V APM_AudioPolicyManager: getNewOutputDevices selected devices AUDIO_DEVICE_NONE
07-02 23:30:07.279   965  1326 V APM_AudioPolicyManager: setOutputDevices device AUDIO_DEVICE_NONE delayMs 120
07-02 23:30:07.279   965  1326 V APM_AudioPolicyManager: setOutputDevices() prevDevice {type:0x2,@:}
07-02 23:30:07.280   965  1326 W APM::AudioPolicyEngine: getDevicesForStrategy() unknown strategy: -1
07-02 23:30:07.280   965  1326 V APM_AudioPolicyManager: setOutputDevices setting same device AUDIO_DEVICE_NONE or null device, force=0, patch handle=5258
07-02 23:30:07.280   965  1326 V APM_AudioPolicyManager: selectOutputForMusicEffects selected output 13
07-02 23:30:07.297   873   873 D vendor.lge.hardware.battery@1.0-impl: Read value from /proc/lge_power/adc/batt_id, 1
07-02 23:30:07.298   873   873 D vendor.lge.hardware.battery@1.0-impl: Read value from /proc/lge_power/battery/condition, 1
07-02 23:30:07.299   876   876 D vendor.lge.hardware.charger@1.1-impl: Read value from /proc/lge_power/battery/time_to_full_now, 22748
07-02 23:30:07.300   876   876 D vendor.lge.hardware.charger@1.1-impl: Read value from /proc/lge_power/charger/fastchg, 0
07-02 23:30:07.300   876   876 D vendor.lge.hardware.charger@1.1-impl: Read value from /proc/lge_power/battery/vzw_chg, -1000000
07-02 23:30:07.301   876   876 D vendor.lge.hardware.charger@1.1-impl: Read value from /proc/lge_power/charger/incompatible, 0
07-02 23:30:07.301   876   876 D vendor.lge.hardware.charger@1.1-impl: Read value from /proc/lge_power/charger/usbid_type, 2147483647
07-02 23:30:07.301   876   876 D vendor.lge.hardware.charger@1.1-impl: Read value from /sys/class/qnovo/QNA_METER, 86
07-02 23:30:07.307   914   914 D vendor.lge.hardware.thermal@1.2-impl: Read value from /proc/lge_power/adc/vts, 353
07-02 23:30:07.309  4229  4229 D AS.AudioService: onReceive ACTION_BATTERY_CHANGED EXTRA_PLUGGED : 2
07-02 23:30:07.311  4696  4696 D KeyguardUpdateMonitor: received broadcast android.intent.action.BATTERY_CHANGED
07-02 23:30:07.311  4696  4696 D KeyguardUpdateMonitor: Intent.ACTION_BATTERY_CHANGED status : 2, plugged : 2, charging : true, safe charging : false, level : 23, temperature : 346, temperatureState : 0, EXTRA_CHARGING_CURRENT : 0 / EXTRA_HVDCP_TYPE : false
07-02 23:30:07.311  4696  4696 D KeyguardUpdateMonitor: handleBatteryUpdate
07-02 23:30:07.313  5069  5069 D TeleService: PhoneGlobalsEx: onReceive: android.intent.action.BATTERY_CHANGED
07-02 23:30:07.314  6595  6595 I GameToolsWindow: onReceive = android.intent.action.BATTERY_CHANGED reason = null
07-02 23:30:07.314  6595  6595 D GameToolsWindow: isStereoSpeakerModel: true
07-02 23:30:07.315  6595  6595 D GameToolsWindow: updateDTSButton mIsFMRadioOn = false / mDTSViewDisabled = false
07-02 23:30:07.315  6595  6595 D GameToolsWindow: isStereoSpeakerModel: true
07-02 23:30:07.315   876   876 D vendor.lge.hardware.charger@1.1-impl: Read value from /proc/lge_power/battery/time_to_full_now, 22748
07-02 23:30:07.316   876   876 D vendor.lge.hardware.charger@1.1-impl: Read value from /proc/lge_power/battery/time_to_full_now, 22748
07-02 23:30:07.317  5075  5075 D DeviceStatisticsService: chargerType=2 batteryLevel=23 totalBatteryCapacity=3874400
07-02 23:30:07.318  4696  4696 I LGPowerUI: onReceive = android.intent.action.BATTERY_CHANGED
07-02 23:30:07.318  4696  4696 I LGPowerUI: level = 23, plugType = 2, plugged = true, charging = true, temperature = 346, chargingCurrent = 0, factoryCableItem = 0, isFastCharging = false, batteryID = 1, isSafeCharging = false
07-02 23:30:07.318  4696  4696 I LGPowerUI: mIsSupportEstimateChargingTime: true
07-02 23:30:07.319 28204 28204 W MainApplication: onReceive intent : Intent { act=android.intent.action.BATTERY_CHANGED flg=0x60000010 (has extras) }
07-02 23:30:07.320  4696  4918 I AbsQuickSettingsHandlerBase: Got action android.intent.action.BATTERY_CHANGED for battery
07-02 23:30:07.321   876   876 D vendor.lge.hardware.charger@1.1-impl: Read value from /proc/lge_power/battery/time_to_full_now, 22748
07-02 23:30:07.323  4696  4696 I LowBatteryModeManager: applyDualScreenLowBatteryMode() newState : 2, mLowDualScreenBatteryMode : 2
07-02 23:30:07.323  4696  4696 I LowBatteryModeManager: applyCmrMode() enabled: false batteryLevel: 23
07-02 23:30:07.323  4696  4696 I LowBatteryModeManager: setCmrMode(false)
07-02 23:30:07.324   873   873 D vendor.lge.hardware.battery@1.0-impl: Read value from /proc/lge_power/battery/charge_full, 3837000
07-02 23:30:07.326   876   876 D vendor.lge.hardware.charger@1.1-impl: Read value from /proc/lge_power/battery/cycle, 37
07-02 23:30:07.327   876   876 D vendor.lge.hardware.charger@1.1-impl: Read value from /proc/lge_power/charger/ibat_current, 241210
07-02 23:30:07.341  4696  4696 D StatusBarNotificationPresenter: isShowNotificationIconsOnly() orientation: 1
07-02 23:30:07.343  4696  4696 D BarBackgroundDrawable: draw() : targetColor = 0, canvas = android.graphics.RecordingCanvas@243f64e, this = com.android.systemui.statusbar.phone.BarTransitions$BarBackgroundDrawable@575c7c9
07-02 23:30:07.562 32149 32149 I ViewInteraction: Performing 'single click' action on view view.getId() is <2131230835/com.example.lunchtray:id/bread>
07-02 23:30:07.571  4229  4511 D InputTransport: channel '31e60b1 com.example.lunchtray/com.example.lunchtray.MainActivity (server)' : action=ACTION_DOWN(0), id=0, displayId=0, tooltype=0, deviceId=-1, source=0x1002, flags=0x0, edgeFlags=0x0, metaState=0x0, buttonState=0x1, downTime=172111559000000, eventTime=172111559000000, pointerCount=1 xos=0, yos=0
07-02 23:30:07.571  4229  4511 D InputTransport: channel 'swipe-up (server)' : action=ACTION_DOWN(0), id=0, displayId=0, tooltype=0, deviceId=-1, source=0x1002, flags=0x0, edgeFlags=0x0, metaState=0x0, buttonState=0x1, downTime=172111559000000, eventTime=172111559000000, pointerCount=1 xos=0, yos=0
07-02 23:30:07.571  4229  4511 D InputTransport: channel 'edge-swipe (server)' : action=ACTION_DOWN(0), id=0, displayId=0, tooltype=0, deviceId=-1, source=0x1002, flags=0x0, edgeFlags=0x0, metaState=0x0, buttonState=0x1, downTime=172111559000000, eventTime=172111559000000, pointerCount=1 xos=0, yos=0
07-02 23:30:07.571  4229  4511 D InputTransport: channel 'swipe-up (server)' : action=ACTION_DOWN(0), id=0, displayId=0, tooltype=0, deviceId=-1, source=0x1002, flags=0x0, edgeFlags=0x0, metaState=0x0, buttonState=0x1, downTime=172111559000000, eventTime=172111559000000, pointerCount=1 xos=0, yos=0
07-02 23:30:07.571  4229  4511 D InputTransport: channel 'swipe-up (server)' : action=ACTION_DOWN(0), id=0, displayId=0, tooltype=0, deviceId=-1, source=0x1002, flags=0x0, edgeFlags=0x0, metaState=0x0, buttonState=0x1, downTime=172111559000000, eventTime=172111559000000, pointerCount=1 xos=0, yos=0
07-02 23:30:07.571  4229  4511 D InputTransport: channel 'PointerEventDispatcher0 (server)' : action=ACTION_DOWN(0), id=0, displayId=0, tooltype=0, deviceId=-1, source=0x1002, flags=0x0, edgeFlags=0x0, metaState=0x0, buttonState=0x1, downTime=172111559000000, eventTime=172111559000000, pointerCount=1 xos=0, yos=0
07-02 23:30:07.572  4229  4511 D InputTransport: channel 'PointerEventDispatcherForRear0 (server)' : action=ACTION_DOWN(0), id=0, displayId=0, tooltype=0, deviceId=-1, source=0x1002, flags=0x0, edgeFlags=0x0, metaState=0x0, buttonState=0x1, downTime=172111559000000, eventTime=172111559000000, pointerCount=1 xos=0, yos=0
07-02 23:30:07.652  4229  4511 D InputTransport: channel '31e60b1 com.example.lunchtray/com.example.lunchtray.MainActivity (server)' : action=ACTION_UP(0), id=0, displayId=0, tooltype=1, deviceId=-1, source=0x1002, flags=0x0, edgeFlags=0x0, metaState=0x0, buttonState=0x1, downTime=172111559000000, eventTime=172111642000000, pointerCount=1 xos=0, yos=0
07-02 23:30:07.653  4229  4511 D InputTransport: channel 'swipe-up (server)' : action=ACTION_UP(0), id=0, displayId=0, tooltype=1, deviceId=-1, source=0x1002, flags=0x0, edgeFlags=0x0, metaState=0x0, buttonState=0x1, downTime=172111559000000, eventTime=172111642000000, pointerCount=1 xos=0, yos=0
07-02 23:30:07.653  4229  4511 D InputTransport: channel 'edge-swipe (server)' : action=ACTION_UP(0), id=0, displayId=0, tooltype=1, deviceId=-1, source=0x1002, flags=0x0, edgeFlags=0x0, metaState=0x0, buttonState=0x1, downTime=172111559000000, eventTime=172111642000000, pointerCount=1 xos=0, yos=0
07-02 23:30:07.653  4229  4511 D InputTransport: channel 'swipe-up (server)' : action=ACTION_UP(0), id=0, displayId=0, tooltype=1, deviceId=-1, source=0x1002, flags=0x0, edgeFlags=0x0, metaState=0x0, buttonState=0x1, downTime=172111559000000, eventTime=172111642000000, pointerCount=1 xos=0, yos=0
07-02 23:30:07.653  4229  4511 D InputTransport: channel 'swipe-up (server)' : action=ACTION_UP(0), id=0, displayId=0, tooltype=1, deviceId=-1, source=0x1002, flags=0x0, edgeFlags=0x0, metaState=0x0, buttonState=0x1, downTime=172111559000000, eventTime=172111642000000, pointerCount=1 xos=0, yos=0
07-02 23:30:07.653  4229  4511 D InputTransport: channel 'PointerEventDispatcher0 (server)' : action=ACTION_UP(0), id=0, displayId=0, tooltype=1, deviceId=-1, source=0x1002, flags=0x0, edgeFlags=0x0, metaState=0x0, buttonState=0x1, downTime=172111559000000, eventTime=172111642000000, pointerCount=1 xos=0, yos=0
07-02 23:30:07.654  4229  4511 D InputTransport: channel 'PointerEventDispatcherForRear0 (server)' : action=ACTION_UP(0), id=0, displayId=0, tooltype=1, deviceId=-1, source=0x1002, flags=0x0, edgeFlags=0x0, metaState=0x0, buttonState=0x1, downTime=172111559000000, eventTime=172111642000000, pointerCount=1 xos=0, yos=0
07-02 23:30:07.661 32149 32149 I View    : PerformClick: com.google.android.material.radiobutton.MaterialRadioButton{5a3c2fd VFED..C.. ...p..ID 0,0-358,144 #7f080073 app:id/bread}
07-02 23:30:07.662 32149 32149 I View    : MotionEvent.ACTION_UP: mPrivateFlags: -2128590800,   mHasPerformedLongPress: false,   mIgnoreNextUpEvent: false
07-02 23:30:07.682  4229  4567 V SoundPool: play(soundID=1, leftVolume=1.000000, rightVolume=1.000000, priority=0, loop=0, rate=1.000000)
07-02 23:30:07.683  4229  4567 V AudioTrack: setSampleRate(5291): prior state:STATE_STOPPED rate:48000
07-02 23:30:07.683  4229  4567 V AudioTrack: start(5291): prior state:STATE_STOPPED
07-02 23:30:07.684  4229  4567 V AudioTrack: start(5291): server read:-169216  cumulative flushed:0  client written:0
07-02 23:30:07.684   965   965 V AF::Track: start(4816): calling pid 4229 session 23897
07-02 23:30:07.686   965  1326 D APM_AudioPolicyManager: startOutput portId 5291 output primary->(primary output)(13), stream 1, session 23897
07-02 23:30:07.686   965  1326 V APM_AudioPolicyManager: selectOutputForMusicEffects selected output 13
07-02 23:30:07.687   965  1326 V APM_AudioPolicyManager: getNewOutputDevices selected devices {type:0x2,@:}
07-02 23:30:07.687   965  1326 V APM_AudioPolicyManager: setOutputDevices device {type:0x2,@:} delayMs 0
07-02 23:30:07.687   965  1326 V APM_AudioPolicyManager: setOutputDevices() prevDevice {type:0x2,@:}
