07-02 23:30:17.613   970  1021 D SurfaceFlinger: Create EffectLayer(0xb400007d2cfa7ba0) Surface(name=da0e137 StatusBar)/@0x5eb3426 - animation-leash#0
07-02 23:30:17.613  3772  3782 I PowerRM : System FW:1 IC:0 SO:0 GT:0 CAPP:-1 APP:0
07-02 23:30:17.613  3772  3782 I PowerRM : System FW:0 IC:0 SO:0 GT:0 CAPP:-1 APP:0
07-02 23:30:17.614  3772  3782 I PowerRM : FIA lock1 unlocked
07-02 23:30:17.614   970  1021 D SurfaceFlinger: Create EffectLayer(0xb400007d2cf9f2f0) Surface(name=20d41bf NavigationBar#0)/@0xa6cf867 - animation-leash#0
07-02 23:30:17.614  4229  4365 D WindowManager: [DisplayPolicy#0] 1.updateNavigationBarColor => mLastColorNavigationBar=0xff080808
07-02 23:30:17.614  4229  4365 D IStatusBar.Stub: updateNavigationBarColor(0, -16250872)
07-02 23:30:17.614  4696 10272 D IStatusBar.Stub : CommandQueue: updateNavigationBarColor(0, -16250872)
07-02 23:30:17.614  4696  4696 I NavigationThemeResource: display(0) notify navigation bar color(0xff080808)
07-02 23:30:17.615  4696  4696 I NavigationThemeResource: WmEx Color dark = -16250872
07-02 23:30:17.623   970   970 I SurfaceFlinger: Remove EffectLayer(0xb400007d2cf6ec60) Surface(name=da0e137 StatusBar)/@0x5eb3426 - animation-leash#1 (parent=none)
07-02 23:30:17.623   970   970 I SurfaceFlinger: Remove EffectLayer(0xb400007d2cfc4340) Surface(name=20d41bf NavigationBar#0)/@0xa6cf867 - animation-leash#1 (parent=none)
07-02 23:30:17.624  3937  3977 E statsd  : Predicate 5980654721335871649 dropping data for dimension key (10)0x2010101->10913[I] (10)0x30000->*launch*[S]
07-02 23:30:17.624  4229  5209 D InputDispatcher: Focus entered window: Window{26701e7 u0 com.example.lunchtray/androidx.fragment.app.testing.FragmentScenario$EmptyFragmentActivity} in display 0
07-02 23:30:17.627   970  1856 D SurfaceFlinger: Create EffectLayer(0xb400007d2cf55250) Surface(name=23a8621 Splash Screen com.example.lunchtray)/@0x47789c9 - animation-leash#0
07-02 23:30:17.640   970   970 I SurfaceFlinger: Remove EffectLayer(0xb400007d2cf6ec60) Surface(name=da0e137 StatusBar)/@0x5eb3426 - animation-leash#1 (parent=none)
07-02 23:30:17.640   970   970 I SurfaceFlinger: Remove EffectLayer(0xb400007d2cfc4340) Surface(name=20d41bf NavigationBar#0)/@0xa6cf867 - animation-leash#1 (parent=none)
07-02 23:30:17.640   970   970 D Layer   : Destroy Surface(name=da0e137 StatusBar)/@0x5eb3426 - animation-leash#1(0xb400007d2cf6ec60)
07-02 23:30:17.640   970   970 D Layer   : Destroy Surface(name=20d41bf NavigationBar#0)/@0xa6cf867 - animation-leash#1(0xb400007d2cfc4340)
07-02 23:30:17.648 22659 22750 D ViewRootImpl: onChangedIMENavigationColor(), color: ff080808
07-02 23:30:17.650  4696  5671 D NavigationModeController: getCurrentUserContext: contextUser=0 currentUser=0
07-02 23:30:17.650  4696  5671 D NavigationModeController: getCurrentUserContext: contextUser=0 currentUser=0
07-02 23:30:17.650   970  1854 D SurfaceFlinger: Create EffectLayer(0xb400007d2cf3e5d0) Surface(name=5853c13 InputMethod)/@0x7ab2849 - animation-leash#0
07-02 23:30:17.654  4696  4696 D NavigationModeController: getCurrentUserContext: contextUser=0 currentUser=0
07-02 23:30:17.658  4229  5236 D InputDispatcher: Window went away: Window{23a8621 u0 Splash Screen com.example.lunchtray}
07-02 23:30:17.659 32149 32149 I ViewInteraction: Performing 'single click' action on view view.getId() is <2131230835/com.example.lunchtray:id/bread>
07-02 23:30:17.660  4229  4511 I InputDispatcher: Window is obscured at point by other window: windowInfo(layoutParamsType=1, name=Window{26701e7 u0 com.example.lunchtray/androidx.fragment.app.testing.FragmentScenario$EmptyFragmentActivity}), otherWindowInfo(layoutParamsType=3, name=Splash Screen com.example.lunchtray@4229#0)
07-02 23:30:17.661  4229  4511 D InputTransport: channel '26701e7 com.example.lunchtray/androidx.fragment.app.testing.FragmentScenario$EmptyFragmentActivity (server)' : action=ACTION_DOWN(0), id=0, displayId=0, tooltype=0, deviceId=-1, source=0x1002, flags=0x1, edgeFlags=0x0, metaState=0x0, buttonState=0x1, downTime=172121652000000, eventTime=172121652000000, pointerCount=1 xos=0, yos=0
07-02 23:30:17.661  4229  4511 D InputTransport: channel 'swipe-up (server)' : action=ACTION_DOWN(0), id=0, displayId=0, tooltype=0, deviceId=-1, source=0x1002, flags=0x0, edgeFlags=0x0, metaState=0x0, buttonState=0x1, downTime=172121652000000, eventTime=172121652000000, pointerCount=1 xos=0, yos=0
07-02 23:30:17.661  4229  4511 D InputTransport: channel 'edge-swipe (server)' : action=ACTION_DOWN(0), id=0, displayId=0, tooltype=0, deviceId=-1, source=0x1002, flags=0x0, edgeFlags=0x0, metaState=0x0, buttonState=0x1, downTime=172121652000000, eventTime=172121652000000, pointerCount=1 xos=0, yos=0
07-02 23:30:17.661  4229  4511 D InputTransport: channel 'swipe-up (server)' : action=ACTION_DOWN(0), id=0, displayId=0, tooltype=0, deviceId=-1, source=0x1002, flags=0x0, edgeFlags=0x0, metaState=0x0, buttonState=0x1, downTime=172121652000000, eventTime=172121652000000, pointerCount=1 xos=0, yos=0
07-02 23:30:17.661  4229  4511 D InputTransport: channel 'swipe-up (server)' : action=ACTION_DOWN(0), id=0, displayId=0, tooltype=0, deviceId=-1, source=0x1002, flags=0x0, edgeFlags=0x0, metaState=0x0, buttonState=0x1, downTime=172121652000000, eventTime=172121652000000, pointerCount=1 xos=0, yos=0
07-02 23:30:17.661  4229  4511 D InputTransport: channel 'PointerEventDispatcher0 (server)' : action=ACTION_DOWN(0), id=0, displayId=0, tooltype=0, deviceId=-1, source=0x1002, flags=0x0, edgeFlags=0x0, metaState=0x0, buttonState=0x1, downTime=172121652000000, eventTime=172121652000000, pointerCount=1 xos=0, yos=0
07-02 23:30:17.661  4229  4511 D InputTransport: channel 'PointerEventDispatcherForRear0 (server)' : action=ACTION_DOWN(0), id=0, displayId=0, tooltype=0, deviceId=-1, source=0x1002, flags=0x0, edgeFlags=0x0, metaState=0x0, buttonState=0x1, downTime=172121652000000, eventTime=172121652000000, pointerCount=1 xos=0, yos=0
07-02 23:30:17.662  4696  5671 D NavigationModeController: getCurrentUserContext: contextUser=0 currentUser=0
07-02 23:30:17.663  4696  5671 D NavigationModeController: getCurrentUserContext: contextUser=0 currentUser=0
07-02 23:30:17.674   970   970 I SurfaceFlinger: Remove EffectLayer(0xb400007d2cfc70d0) Surface(name=5853c13 InputMethod)/@0x7ab2849 - animation-leash#1 (parent=none)
07-02 23:30:17.677   970   970 I MiniDump: -------------------------------------------------------------------------------------------
07-02 23:30:17.677   970   970 I MiniDump: [ROTATION_0] H |  Comp Type |  Transform |  Alpha |  Disp Frame (LTRB) |  Source Crop (LTRB) | Frame Rate  | Disp[19260613375406721] ""
07-02 23:30:17.677   970   970 I MiniDump: 0xb400007d3cd257a0 |     DEVICE |          0 | 1.000 |    0    0 1080 2340 |   0.0   0.0 1080.0 2340.0 | com.example.lunchtray/and[...]yFragmentActivity@32149#0
07-02 23:30:17.677   970   970 I MiniDump: 0xb400007d3cd7fc40 |     DEVICE |          0 | 0.887 |    0    0 1080 2340 |   0.0   0.0 1080.0 2340.0 | Splash Screen com.example.lunchtray@4229#0
07-02 23:30:17.677   970   970 I MiniDump: 0xb400007d3cd36d70 |     DEVICE |          0 | 1.000 |    0    0 1080   87 |   0.0   0.0 1080.0  87.0 | StatusBar@4696#0
07-02 23:30:17.677   970   970 I MiniDump: 0xb400007d3cd22010 |     DEVICE |          0 | 1.000 |    0 2196 1080 2340 |   0.0   0.0 1080.0 144.0 | NavigationBar#0@4696#0
07-02 23:30:17.697  4696  4696 I BarTransitions.PhoneStatusBarTransitions: setNotchColor color = 0
07-02 23:30:17.722  4696  4696 I chatty  : uid=10157(com.lge.quicktools) com.android.systemui identical 2 lines
07-02 23:30:17.723  4696  4696 I BarTransitions.PhoneStatusBarTransitions: setNotchColor color = 0
07-02 23:30:17.741  4229  4511 D InputTransport: channel '26701e7 com.example.lunchtray/androidx.fragment.app.testing.FragmentScenario$EmptyFragmentActivity (server)' : action=ACTION_UP(0), id=0, displayId=0, tooltype=1, deviceId=-1, source=0x1002, flags=0x1, edgeFlags=0x0, metaState=0x0, buttonState=0x1, downTime=172121652000000, eventTime=172121733000000, pointerCount=1 xos=0, yos=0
07-02 23:30:17.741  4229  4511 D InputTransport: channel 'swipe-up (server)' : action=ACTION_UP(0), id=0, displayId=0, tooltype=1, deviceId=-1, source=0x1002, flags=0x0, edgeFlags=0x0, metaState=0x0, buttonState=0x1, downTime=172121652000000, eventTime=172121733000000, pointerCount=1 xos=0, yos=0
07-02 23:30:17.742  4229  4511 D InputTransport: channel 'edge-swipe (server)' : action=ACTION_UP(0), id=0, displayId=0, tooltype=1, deviceId=-1, source=0x1002, flags=0x0, edgeFlags=0x0, metaState=0x0, buttonState=0x1, downTime=172121652000000, eventTime=172121733000000, pointerCount=1 xos=0, yos=0
07-02 23:30:17.742  4229  4511 D InputTransport: channel 'swipe-up (server)' : action=ACTION_UP(0), id=0, displayId=0, tooltype=1, deviceId=-1, source=0x1002, flags=0x0, edgeFlags=0x0, metaState=0x0, buttonState=0x1, downTime=172121652000000, eventTime=172121733000000, pointerCount=1 xos=0, yos=0
07-02 23:30:17.742  4229  4511 D InputTransport: channel 'swipe-up (server)' : action=ACTION_UP(0), id=0, displayId=0, tooltype=1, deviceId=-1, source=0x1002, flags=0x0, edgeFlags=0x0, metaState=0x0, buttonState=0x1, downTime=172121652000000, eventTime=172121733000000, pointerCount=1 xos=0, yos=0
07-02 23:30:17.742  4229  4511 D InputTransport: channel 'PointerEventDispatcher0 (server)' : action=ACTION_UP(0), id=0, displayId=0, tooltype=1, deviceId=-1, source=0x1002, flags=0x0, edgeFlags=0x0, metaState=0x0, buttonState=0x1, downTime=172121652000000, eventTime=172121733000000, pointerCount=1 xos=0, yos=0
07-02 23:30:17.742  4229  4511 D InputTransport: channel 'PointerEventDispatcherForRear0 (server)' : action=ACTION_UP(0), id=0, displayId=0, tooltype=1, deviceId=-1, source=0x1002, flags=0x0, edgeFlags=0x0, metaState=0x0, buttonState=0x1, downTime=172121652000000, eventTime=172121733000000, pointerCount=1 xos=0, yos=0
07-02 23:30:17.743 32149 32149 I View    : PerformClick: android.widget.RadioButton{24b7dcc VFED..C.. ...p..ID 0,0-358,96 #7f080073 app:id/bread}
07-02 23:30:17.743 32149 32149 I View    : MotionEvent.ACTION_UP: mPrivateFlags: -2128590800,   mHasPerformedLongPress: false,   mIgnoreNextUpEvent: false
07-02 23:30:17.752  4696  4696 I BarTransitions.PhoneStatusBarTransitions: setNotchColor color = 0
07-02 23:30:17.760  4229  4567 V SoundPool: play(soundID=1, leftVolume=1.000000, rightVolume=1.000000, priority=0, loop=0, rate=1.000000)
07-02 23:30:17.761  4229  4567 V AudioTrack: setSampleRate(5291): prior state:STATE_STOPPED rate:48000
07-02 23:30:17.761  4229  4567 V AudioTrack: start(5291): prior state:STATE_STOPPED
07-02 23:30:17.761  4229  4567 V AudioTrack: start(5291): server read:-206232  cumulative flushed:0  client written:0
07-02 23:30:17.761   965  2034 V AF::Track: start(4816): calling pid 4229 session 23897
07-02 23:30:17.761   965  1326 D APM_AudioPolicyManager: startOutput portId 5291 output primary->(primary output)(13), stream 1, session 23897
07-02 23:30:17.761   965  1326 V APM_AudioPolicyManager: selectOutputForMusicEffects selected output 13
07-02 23:30:17.762   965  1326 V APM_AudioPolicyManager: getNewOutputDevices selected devices {type:0x2,@:}
07-02 23:30:17.762   965  1326 V APM_AudioPolicyManager: setOutputDevices device {type:0x2,@:} delayMs 0
07-02 23:30:17.762   965  1326 V APM_AudioPolicyManager: setOutputDevices() prevDevice {type:0x2,@:}
07-02 23:30:17.762   965  1326 V APM_AudioPolicyManager: setOutputDevices: suppressing checkDeviceMuteStrategies
07-02 23:30:17.762   965  1326 V APM_AudioPolicyManager: setOutputDevices setting same device {type:0x2,@:} or null device, force=0, patch handle=5258
07-02 23:30:17.762  4229  4567 V SoundPool: play returned 12408
07-02 23:30:17.766  4696  4696 I BarTransitions.PhoneStatusBarTransitions: setNotchColor color = 0
07-02 23:30:17.771  4229  7769 V AudioSystem: ioConfigChanged() event 8
07-02 23:30:17.772  4229  7769 V AudioSystem: ioConfigChanged() AUDIO_CLIENT_STARTED  io 13 port 5291 num callbacks 0
07-02 23:30:17.775  4696  4696 I BarTransitions.PhoneStatusBarTransitions: setNotchColor color = 0
07-02 23:30:17.782  4696  4696 I BarTransitions.PhoneStatusBarTransitions: setNotchColor color = 0
07-02 23:30:17.808   970   970 I SurfaceFlinger: Remove EffectLayer(0xb400007d2cf55250) Surface(name=23a8621 Splash Screen com.example.lunchtray)/@0x47789c9 - animation-leash#0 (parent=none)
07-02 23:30:17.808   970   970 I SurfaceFlinger: Remove ContainerLayer(0xb400007d2d000010) 23a8621 Splash Screen com.example.lunchtray#0 (parent=none)
07-02 23:30:17.808   970   970 I SurfaceFlinger: Remove BufferQueueLayer(0xb400007d3cd7fc40) Splash Screen com.example.lunchtray@4229#0 (parent=none)
07-02 23:30:17.808   970   970 D Layer   : Destroy Surface(name=23a8621 Splash Screen com.example.lunchtray)/@0x47789c9 - animation-leash#0(0xb400007d2cf55250)
07-02 23:30:17.808   970   970 D Layer   : Destroy 23a8621 Splash Screen com.example.lunchtray#0(0xb400007d2d000010)
07-02 23:30:17.809  4229  5236 D InputDispatcher: Window went away: Splash Screen com.example.lunchtray@4229#0
07-02 23:30:17.809   970   970 D Layer   : Destroy Splash Screen com.example.lunchtray@4229#0(0xb400007d3cd7fc40)
07-02 23:30:17.813   970   970 I MiniDump: -------------------------------------------------------------------------------------------
07-02 23:30:17.813   970   970 I MiniDump: [ROTATION_0] H |  Comp Type |  Transform |  Alpha |  Disp Frame (LTRB) |  Source Crop (LTRB) | Frame Rate  | Disp[19260613375406721] ""
07-02 23:30:17.813   970   970 I MiniDump: 0xb400007d3cd257a0 |     DEVICE |          0 | 1.000 |    0    0 1080 2340 |   0.0   0.0 1080.0 2340.0 | com.example.lunchtray/and[...]yFragmentActivity@32149#0
07-02 23:30:17.813   970   970 I MiniDump: 0xb400007d3cd36d70 |     DEVICE |          0 | 1.000 |    0    0 1080   87 |   0.0   0.0 1080.0  87.0 | StatusBar@4696#0
07-02 23:30:17.813   970   970 I MiniDump: 0xb400007d3cd22010 |     DEVICE |          0 | 1.000 |    0 2196 1080 2340 |   0.0   0.0 1080.0 144.0 | NavigationBar#0@4696#0
07-02 23:30:17.826   965  1885 V AF::Track: getNextBuffer(4816): underrun,  framesReady(0) < framesDesired(236), state: 6
07-02 23:30:17.829  4696  4696 I LightBarTransitionsController: animateIconTint() : skip : mNextDarkIntensity = 0.0
07-02 23:30:17.832   965  1887 D AF::Track: presentationComplete(4816): presentationComplete() reset: mPresentationCompleteFrames 1238400 audioHalFrames 960
07-02 23:30:17.835  4229 32186 V AudioTrack: stop(5291): prior state:STATE_ACTIVE
07-02 23:30:17.835   965  2034 V AF::Track: stop(4816): calling pid 4229
07-02 23:30:17.872   965  1887 V AF::Track: presentationComplete(4816): presentationComplete() mPresentationCompleteFrames 1238400 framesWritten 1239360
07-02 23:30:17.878   965  1326 V APM_AudioPolicyManager: stopOutput() portId 5291 output 13, stream 1, session 23897
07-02 23:30:17.878   965  1326 V APM_AudioPolicyManager: getNewOutputDevices selected devices AUDIO_DEVICE_NONE
07-02 23:30:17.878   965  1326 V APM_AudioPolicyManager: setOutputDevices device AUDIO_DEVICE_NONE delayMs 120
07-02 23:30:17.879   965  1326 V APM_AudioPolicyManager: setOutputDevices() prevDevice {type:0x2,@:}
07-02 23:30:17.879   965  1326 W APM::AudioPolicyEngine: getDevicesForStrategy() unknown strategy: -1
07-02 23:30:17.879   965  1326 V APM_AudioPolicyManager: setOutputDevices setting same device AUDIO_DEVICE_NONE or null device, force=0, patch handle=5258
07-02 23:30:17.879   965  1326 V APM_AudioPolicyManager: selectOutputForMusicEffects selected output 13
07-02 23:30:17.961 32149 32149 D LifecycleMonitor: Lifecycle status change: androidx.test.core.app.InstrumentationActivityInvoker$BootstrapActivity@deda608 in: STOPPED
07-02 23:30:17.961 32149 32149 V ActivityScenario: Activity lifecycle changed event received but ignored because the intent does not match. startActivityIntent=Intent { act=android.intent.action.MAIN cat=[android.intent.category.LAUNCHER] cmp=com.example.lunchtray/.MainActivity }, activity.getIntent()=Intent { act=android.intent.action.MAIN cat=[android.intent.category.LAUNCHER] flg=0x10008000 cmp=com.example.lunchtray/androidx.test.core.app.InstrumentationActivityInvoker$BootstrapActivity (has extras) }, activity=androidx.test.core.app.InstrumentationActivityInvoker$BootstrapActivity@deda608
07-02 23:30:17.962 32149 32149 I chatty  : uid=10913(com.example.lunchtray) identical 3 lines
07-02 23:30:17.962 32149 32149 V ActivityScenario: Activity lifecycle changed event received but ignored because the intent does not match. startActivityIntent=Intent { act=android.intent.action.MAIN cat=[android.intent.category.LAUNCHER] cmp=com.example.lunchtray/.MainActivity }, activity.getIntent()=Intent { act=android.intent.action.MAIN cat=[android.intent.category.LAUNCHER] flg=0x10008000 cmp=com.example.lunchtray/androidx.test.core.app.InstrumentationActivityInvoker$BootstrapActivity (has extras) }, activity=androidx.test.core.app.InstrumentationActivityInvoker$BootstrapActivity@deda608
07-02 23:30:17.962 32149 32149 V ActivityScenario: Activity lifecycle changed event received but ignored because the intent does not match. startActivityIntent=Intent { act=android.intent.action.MAIN cat=[android.intent.category.LAUNCHER] cmp=com.example.lunchtray/androidx.fragment.app.testing.FragmentScenario$EmptyFragmentActivity (has extras) }, activity.getIntent()=Intent { act=android.intent.action.MAIN cat=[android.intent.category.LAUNCHER] flg=0x10008000 cmp=com.example.lunchtray/androidx.test.core.app.InstrumentationActivityInvoker$BootstrapActivity (has extras) }, activity=androidx.test.core.app.InstrumentationActivityInvoker$BootstrapActivity@deda608
07-02 23:30:17.992   970   970 I SurfaceFlinger: Remove ContainerLayer(0xb400007d2cf7fdc0) Surface(name=ActivityRecord{af7b6be u0 com.example.lunchtray/androidx.test.core.app.InstrumentationActivityInvoker$BootstrapActivity t9881 tda0:1})/@0xd5718ce - animation-bounds#0 (parent=none)
07-02 23:30:17.992   970   970 I SurfaceFlinger: Remove EffectLayer(0xb400007d2cfb8d00) Surface(name=ActivityRecord{af7b6be u0 com.example.lunchtray/androidx.test.core.app.InstrumentationActivityInvoker$BootstrapActivity t9881 tda0:1})/@0xd5718ce - animation-leash#0 (parent=none)
07-02 23:30:17.992   970   970 D Layer   : Destroy Surface(name=ActivityRecord{af7b6be u0 com.example.lunchtray/androidx.test.core.app.InstrumentationActivityInvoker$BootstrapActivity t9881 tda0:1})/@0xd5718ce - animation-bounds#0(0xb400007d2cf7fdc0)
07-02 23:30:17.992   970   970 D Layer   : Destroy Surface(name=ActivityRecord{af7b6be u0 com.example.lunchtray/androidx.test.core.app.InstrumentationActivityInvoker$BootstrapActivity t9881 tda0:1})/@0xd5718ce - animation-leash#0(0xb400007d2cfb8d00)
07-02 23:30:18.133 32149 32149 I ViewInteraction: Checking 'MatchesViewAssertion{viewMatcher=an instance of android.widget.TextView and view.getText() with or without transformation to match: a string containing "Subtotal: $0.50"}' assertion on view view.getId() is <2131231217/com.example.lunchtray:id/subtotal>
07-02 23:30:18.137 32149 32149 I ViewInteraction: Performing 'single click' action on view view.getId() is <2131230825/com.example.lunchtray:id/berries>
07-02 23:30:18.143  4229  4511 D InputTransport: channel '26701e7 com.example.lunchtray/androidx.fragment.app.testing.FragmentScenario$EmptyFragmentActivity (server)' : action=ACTION_DOWN(0), id=0, displayId=0, tooltype=0, deviceId=-1, source=0x1002, flags=0x0, edgeFlags=0x0, metaState=0x0, buttonState=0x1, downTime=172122132000000, eventTime=172122132000000, pointerCount=1 xos=0, yos=0
07-02 23:30:18.143  4229  4511 D InputTransport: channel 'swipe-up (server)' : action=ACTION_DOWN(0), id=0, displayId=0, tooltype=0, deviceId=-1, source=0x1002, flags=0x0, edgeFlags=0x0, metaState=0x0, buttonState=0x1, downTime=172122132000000, eventTime=172122132000000, pointerCount=1 xos=0, yos=0
07-02 23:30:18.143  4229  4511 D InputTransport: channel 'edge-swipe (server)' : action=ACTION_DOWN(0), id=0, displayId=0, tooltype=0, deviceId=-1, source=0x1002, flags=0x0, edgeFlags=0x0, metaState=0x0, buttonState=0x1, downTime=172122132000000, eventTime=172122132000000, pointerCount=1 xos=0, yos=0
07-02 23:30:18.143  4229  4511 D InputTransport: channel 'swipe-up (server)' : action=ACTION_DOWN(0), id=0, displayId=0, tooltype=0, deviceId=-1, source=0x1002, flags=0x0, edgeFlags=0x0, metaState=0x0, buttonState=0x1, downTime=172122132000000, eventTime=172122132000000, pointerCount=1 xos=0, yos=0
07-02 23:30:18.144  4229  4511 D InputTransport: channel 'swipe-up (server)' : action=ACTION_DOWN(0), id=0, displayId=0, tooltype=0, deviceId=-1, source=0x1002, flags=0x0, edgeFlags=0x0, metaState=0x0, buttonState=0x1, downTime=172122132000000, eventTime=172122132000000, pointerCount=1 xos=0, yos=0
07-02 23:30:18.144  4229  4511 D InputTransport: channel 'PointerEventDispatcher0 (server)' : action=ACTION_DOWN(0), id=0, displayId=0, tooltype=0, deviceId=-1, source=0x1002, flags=0x0, edgeFlags=0x0, metaState=0x0, buttonState=0x1, downTime=172122132000000, eventTime=172122132000000, pointerCount=1 xos=0, yos=0
07-02 23:30:18.144  4229  4511 D InputTransport: channel 'PointerEventDispatcherForRear0 (server)' : action=ACTION_DOWN(0), id=0, displayId=0, tooltype=0, deviceId=-1, source=0x1002, flags=0x0, edgeFlags=0x0, metaState=0x0, buttonState=0x1, downTime=172122132000000, eventTime=172122132000000, pointerCount=1 xos=0, yos=0
07-02 23:30:18.222  4229  4511 D InputTransport: channel '26701e7 com.example.lunchtray/androidx.fragment.app.testing.FragmentScenario$EmptyFragmentActivity (server)' : action=ACTION_UP(0), id=0, displayId=0, tooltype=1, deviceId=-1, source=0x1002, flags=0x0, edgeFlags=0x0, metaState=0x0, buttonState=0x1, downTime=172122132000000, eventTime=172122213000000, pointerCount=1 xos=0, yos=0
07-02 23:30:18.223  4229  4511 D InputTransport: channel 'swipe-up (server)' : action=ACTION_UP(0), id=0, displayId=0, tooltype=1, deviceId=-1, source=0x1002, flags=0x0, edgeFlags=0x0, metaState=0x0, buttonState=0x1, downTime=172122132000000, eventTime=172122213000000, pointerCount=1 xos=0, yos=0
07-02 23:30:18.223  4229  4511 D InputTransport: channel 'edge-swipe (server)' : action=ACTION_UP(0), id=0, displayId=0, tooltype=1, deviceId=-1, source=0x1002, flags=0x0, edgeFlags=0x0, metaState=0x0, buttonState=0x1, downTime=172122132000000, eventTime=172122213000000, pointerCount=1 xos=0, yos=0
07-02 23:30:18.223  4229  4511 D InputTransport: channel 'swipe-up (server)' : action=ACTION_UP(0), id=0, displayId=0, tooltype=1, deviceId=-1, source=0x1002, flags=0x0, edgeFlags=0x0, metaState=0x0, buttonState=0x1, downTime=172122132000000, eventTime=172122213000000, pointerCount=1 xos=0, yos=0
07-02 23:30:18.223  4229  4511 D InputTransport: channel 'swipe-up (server)' : action=ACTION_UP(0), id=0, displayId=0, tooltype=1, deviceId=-1, source=0x1002, flags=0x0, edgeFlags=0x0, metaState=0x0, buttonState=0x1, downTime=172122132000000, eventTime=172122213000000, pointerCount=1 xos=0, yos=0
07-02 23:30:18.223  4229  4511 D InputTransport: channel 'PointerEventDispatcher0 (server)' : action=ACTION_UP(0), id=0, displayId=0, tooltype=1, deviceId=-1, source=0x1002, flags=0x0, edgeFlags=0x0, metaState=0x0, buttonState=0x1, downTime=172122132000000, eventTime=172122213000000, pointerCount=1 xos=0, yos=0
07-02 23:30:18.223  4229  4511 D InputTransport: channel 'PointerEventDispatcherForRear0 (server)' : action=ACTION_UP(0), id=0, displayId=0, tooltype=1, deviceId=-1, source=0x1002, flags=0x0, edgeFlags=0x0, metaState=0x0, buttonState=0x1, downTime=172122132000000, eventTime=172122213000000, pointerCount=1 xos=0, yos=0
07-02 23:30:18.226 32149 32149 I View    : PerformClick: android.widget.RadioButton{7326b24 VFED..C.. ...p..ID 0,271-439,367 #7f080069 app:id/berries}
07-02 23:30:18.226 32149 32149 I View    : MotionEvent.ACTION_UP: mPrivateFlags: -2128590800,   mHasPerformedLongPress: false,   mIgnoreNextUpEvent: false
07-02 23:30:18.241  4229  4567 V SoundPool: play(soundID=1, leftVolume=1.000000, rightVolume=1.000000, priority=0, loop=0, rate=1.000000)
07-02 23:30:18.242  4229  4567 V AudioTrack: setSampleRate(5291): prior state:STATE_STOPPED rate:48000
07-02 23:30:18.242  4229  4567 V AudioTrack: start(5291): prior state:STATE_STOPPED
07-02 23:30:18.242  4229  4567 V AudioTrack: start(5291): server read:-208876  cumulative flushed:0  client written:0
07-02 23:30:18.242   965  2034 V AF::Track: start(4816): calling pid 4229 session 23897
07-02 23:30:18.245   965  1326 D APM_AudioPolicyManager: startOutput portId 5291 output primary->(primary output)(13), stream 1, session 23897
07-02 23:30:18.245   965  1326 V APM_AudioPolicyManager: selectOutputForMusicEffects selected output 13
07-02 23:30:18.246   965  1326 V APM_AudioPolicyManager: getNewOutputDevices selected devices {type:0x2,@:}
07-02 23:30:18.246   965  1326 V APM_AudioPolicyManager: setOutputDevices device {type:0x2,@:} delayMs 0
07-02 23:30:18.246   965  1326 V APM_AudioPolicyManager: setOutputDevices() prevDevice {type:0x2,@:}
07-02 23:30:18.246   965  1326 V APM_AudioPolicyManager: setOutputDevices: suppressing checkDeviceMuteStrategies
07-02 23:30:18.246   965  1326 V APM_AudioPolicyManager: setOutputDevices setting same device {type:0x2,@:} or null device, force=0, patch handle=5258
07-02 23:30:18.248  4229  4567 V SoundPool: play returned 12410
07-02 23:30:18.250  4229  7769 V AudioSystem: ioConfigChanged() event 8
07-02 23:30:18.250  4229  7769 V AudioSystem: ioConfigChanged() AUDIO_CLIENT_STARTED  io 13 port 5291 num callbacks 0
07-02 23:30:18.307   965  1885 V AF::Track: getNextBuffer(4816): underrun,  framesReady(0) < framesDesired(236), state: 6
07-02 23:30:18.308  4229 32186 V AudioTrack: stop(5291): prior state:STATE_ACTIVE
07-02 23:30:18.309   965  2034 V AF::Track: stop(4816): calling pid 4229
07-02 23:30:18.330   965  1887 D AF::Track: presentationComplete(4816): presentationComplete() reset: mPresentationCompleteFrames 1262400 audioHalFrames 960
07-02 23:30:18.350   965  1887 V AF::Track: presentationComplete(4816): presentationComplete() mPresentationCompleteFrames 1262400 framesWritten 1262400
07-02 23:30:18.359   965  1326 V APM_AudioPolicyManager: stopOutput() portId 5291 output 13, stream 1, session 23897
07-02 23:30:18.359   965  1326 V APM_AudioPolicyManager: getNewOutputDevices selected devices AUDIO_DEVICE_NONE
07-02 23:30:18.359   965  1326 V APM_AudioPolicyManager: setOutputDevices device AUDIO_DEVICE_NONE delayMs 120
07-02 23:30:18.359   965  1326 V APM_AudioPolicyManager: setOutputDevices() prevDevice {type:0x2,@:}
07-02 23:30:18.360   965  1326 W APM::AudioPolicyEngine: getDevicesForStrategy() unknown strategy: -1
07-02 23:30:18.360   965  1326 V APM_AudioPolicyManager: setOutputDevices setting same device AUDIO_DEVICE_NONE or null device, force=0, patch handle=5258
07-02 23:30:18.360   965  1326 V APM_AudioPolicyManager: selectOutputForMusicEffects selected output 13
07-02 23:30:18.604 32149 32149 I ViewInteraction: Checking 'MatchesViewAssertion{viewMatcher=an instance of android.widget.TextView and view.getText() with or without transformation to match: a string containing "Subtotal: $1.00"}' assertion on view view.getId() is <2131231217/com.example.lunchtray:id/subtotal>
07-02 23:30:18.608 32149 32149 I ViewInteraction: Performing 'single click' action on view view.getId() is <2131231113/com.example.lunchtray:id/pickles>
07-02 23:30:18.615  4229  4511 D InputTransport: channel '26701e7 com.example.lunchtray/androidx.fragment.app.testing.FragmentScenario$EmptyFragmentActivity (server)' : action=ACTION_DOWN(0), id=0, displayId=0, tooltype=0, deviceId=-1, source=0x1002, flags=0x0, edgeFlags=0x0, metaState=0x0, buttonState=0x1, downTime=172122603000000, eventTime=172122603000000, pointerCount=1 xos=0, yos=0
07-02 23:30:18.615  4229  4511 D InputTransport: channel 'swipe-up (server)' : action=ACTION_DOWN(0), id=0, displayId=0, tooltype=0, deviceId=-1, source=0x1002, flags=0x0, edgeFlags=0x0, metaState=0x0, buttonState=0x1, downTime=172122603000000, eventTime=172122603000000, pointerCount=1 xos=0, yos=0
07-02 23:30:18.615  4229  4511 D InputTransport: channel 'edge-swipe (server)' : action=ACTION_DOWN(0), id=0, displayId=0, tooltype=0, deviceId=-1, source=0x1002, flags=0x0, edgeFlags=0x0, metaState=0x0, buttonState=0x1, downTime=172122603000000, eventTime=172122603000000, pointerCount=1 xos=0, yos=0
07-02 23:30:18.615  4229  4511 D InputTransport: channel 'swipe-up (server)' : action=ACTION_DOWN(0), id=0, displayId=0, tooltype=0, deviceId=-1, source=0x1002, flags=0x0, edgeFlags=0x0, metaState=0x0, buttonState=0x1, downTime=172122603000000, eventTime=172122603000000, pointerCount=1 xos=0, yos=0
07-02 23:30:18.616  4229  4511 D InputTransport: channel 'swipe-up (server)' : action=ACTION_DOWN(0), id=0, displayId=0, tooltype=0, deviceId=-1, source=0x1002, flags=0x0, edgeFlags=0x0, metaState=0x0, buttonState=0x1, downTime=172122603000000, eventTime=172122603000000, pointerCount=1 xos=0, yos=0
07-02 23:30:18.616  4229  4511 D InputTransport: channel 'PointerEventDispatcher0 (server)' : action=ACTION_DOWN(0), id=0, displayId=0, tooltype=0, deviceId=-1, source=0x1002, flags=0x0, edgeFlags=0x0, metaState=0x0, buttonState=0x1, downTime=172122603000000, eventTime=172122603000000, pointerCount=1 xos=0, yos=0
07-02 23:30:18.616  4229  4511 D InputTransport: channel 'PointerEventDispatcherForRear0 (server)' : action=ACTION_DOWN(0), id=0, displayId=0, tooltype=0, deviceId=-1, source=0x1002, flags=0x0, edgeFlags=0x0, metaState=0x0, buttonState=0x1, downTime=172122603000000, eventTime=172122603000000, pointerCount=1 xos=0, yos=0
07-02 23:30:18.694  4229  4511 D InputTransport: channel '26701e7 com.example.lunchtray/androidx.fragment.app.testing.FragmentScenario$EmptyFragmentActivity (server)' : action=ACTION_UP(0), id=0, displayId=0, tooltype=1, deviceId=-1, source=0x1002, flags=0x0, edgeFlags=0x0, metaState=0x0, buttonState=0x1, downTime=172122603000000, eventTime=172122684000000, pointerCount=1 xos=0, yos=0
07-02 23:30:18.694  4229  4511 D InputTransport: channel 'swipe-up (server)' : action=ACTION_UP(0), id=0, displayId=0, tooltype=1, deviceId=-1, source=0x1002, flags=0x0, edgeFlags=0x0, metaState=0x0, buttonState=0x1, downTime=172122603000000, eventTime=172122684000000, pointerCount=1 xos=0, yos=0
07-02 23:30:18.694  4229  4511 D InputTransport: channel 'edge-swipe (server)' : action=ACTION_UP(0), id=0, displayId=0, tooltype=1, deviceId=-1, source=0x1002, flags=0x0, edgeFlags=0x0, metaState=0x0, buttonState=0x1, downTime=172122603000000, eventTime=172122684000000, pointerCount=1 xos=0, yos=0
07-02 23:30:18.694  4229  4511 D InputTransport: channel 'swipe-up (server)' : action=ACTION_UP(0), id=0, displayId=0, tooltype=1, deviceId=-1, source=0x1002, flags=0x0, edgeFlags=0x0, metaState=0x0, buttonState=0x1, downTime=172122603000000, eventTime=172122684000000, pointerCount=1 xos=0, yos=0
07-02 23:30:18.694  4229  4511 D InputTransport: channel 'swipe-up (server)' : action=ACTION_UP(0), id=0, displayId=0, tooltype=1, deviceId=-1, source=0x1002, flags=0x0, edgeFlags=0x0, metaState=0x0, buttonState=0x1, downTime=172122603000000, eventTime=172122684000000, pointerCount=1 xos=0, yos=0
07-02 23:30:18.694  4229  4511 D InputTransport: channel 'PointerEventDispatcher0 (server)' : action=ACTION_UP(0), id=0, displayId=0, tooltype=1, deviceId=-1, source=0x1002, flags=0x0, edgeFlags=0x0, metaState=0x0, buttonState=0x1, downTime=172122603000000, eventTime=172122684000000, pointerCount=1 xos=0, yos=0
07-02 23:30:18.694  4229  4511 D InputTransport: channel 'PointerEventDispatcherForRear0 (server)' : action=ACTION_UP(0), id=0, displayId=0, tooltype=1, deviceId=-1, source=0x1002, flags=0x0, edgeFlags=0x0, metaState=0x0, buttonState=0x1, downTime=172122603000000, eventTime=172122684000000, pointerCount=1 xos=0, yos=0
07-02 23:30:18.696 32149 32149 I View    : PerformClick: android.widget.RadioButton{e2dafdc VFED..C.. ...p..ID 0,596-495,692 #7f080189 app:id/pickles}
07-02 23:30:18.697 32149 32149 I View    : MotionEvent.ACTION_UP: mPrivateFlags: -2128590800,   mHasPerformedLongPress: false,   mIgnoreNextUpEvent: false
07-02 23:30:18.724  4229  4567 V SoundPool: play(soundID=1, leftVolume=1.000000, rightVolume=1.000000, priority=0, loop=0, rate=1.000000)
07-02 23:30:18.725  4229  4567 V AudioTrack: setSampleRate(5291): prior state:STATE_STOPPED rate:48000
07-02 23:30:18.725  4229  4567 V AudioTrack: start(5291): prior state:STATE_STOPPED
07-02 23:30:18.725  4229  4567 V AudioTrack: start(5291): server read:-211520  cumulative flushed:0  client written:0
07-02 23:30:18.725   965  2034 V AF::Track: start(4816): calling pid 4229 session 23897
07-02 23:30:18.727   965  1326 D APM_AudioPolicyManager: startOutput portId 5291 output primary->(primary output)(13), stream 1, session 23897
07-02 23:30:18.727   965  1326 V APM_AudioPolicyManager: selectOutputForMusicEffects selected output 13
07-02 23:30:18.727   965  1326 V APM_AudioPolicyManager: getNewOutputDevices selected devices {type:0x2,@:}
07-02 23:30:18.728   965  1326 V APM_AudioPolicyManager: setOutputDevices device {type:0x2,@:} delayMs 0
07-02 23:30:18.728   965  1326 V APM_AudioPolicyManager: setOutputDevices() prevDevice {type:0x2,@:}
07-02 23:30:18.728   965  1326 V APM_AudioPolicyManager: setOutputDevices: suppressing checkDeviceMuteStrategies
07-02 23:30:18.728   965  1326 V APM_AudioPolicyManager: setOutputDevices setting same device {type:0x2,@:} or null device, force=0, patch handle=5258
07-02 23:30:18.729  4229  4567 V SoundPool: play returned 12411
07-02 23:30:18.731  4229  5236 V AudioSystem: ioConfigChanged() event 8
07-02 23:30:18.731  4229  5236 V AudioSystem: ioConfigChanged() AUDIO_CLIENT_STARTED  io 13 port 5291 num callbacks 0
07-02 23:30:18.787   965  1885 V AF::Track: getNextBuffer(4816): underrun,  framesReady(0) < framesDesired(236), state: 6
07-02 23:30:18.789  4229 32186 V AudioTrack: stop(5291): prior state:STATE_ACTIVE
07-02 23:30:18.789   965  2034 V AF::Track: stop(4816): calling pid 4229
07-02 23:30:18.811   965  1887 D AF::Track: presentationComplete(4816): presentationComplete() reset: mPresentationCompleteFrames 1285440 audioHalFrames 960
07-02 23:30:18.831   965  1887 V AF::Track: presentationComplete(4816): presentationComplete() mPresentationCompleteFrames 1285440 framesWritten 1285440
07-02 23:30:18.838   965  1326 V APM_AudioPolicyManager: stopOutput() portId 5291 output 13, stream 1, session 23897
07-02 23:30:18.839   965  1326 V APM_AudioPolicyManager: getNewOutputDevices selected devices AUDIO_DEVICE_NONE
07-02 23:30:18.839   965  1326 V APM_AudioPolicyManager: setOutputDevices device AUDIO_DEVICE_NONE delayMs 120
07-02 23:30:18.839   965  1326 V APM_AudioPolicyManager: setOutputDevices() prevDevice {type:0x2,@:}
07-02 23:30:18.840   965  1326 W APM::AudioPolicyEngine: getDevicesForStrategy() unknown strategy: -1
07-02 23:30:18.840   965  1326 V APM_AudioPolicyManager: setOutputDevices setting same device AUDIO_DEVICE_NONE or null device, force=0, patch handle=5258
07-02 23:30:18.840   965  1326 V APM_AudioPolicyManager: selectOutputForMusicEffects selected output 13
07-02 23:30:18.988 32239 32239 D vendor.qti.hardware.seccam@1.0-service-qti: SecCam: service starting
07-02 23:30:18.993   645   645 I hwservicemanager: getTransport: Cannot find entry vendor.qti.hardware.seccam@1.0::ISecCam/default in either framework or device manifest.
07-02 23:30:18.993 32239 32239 E HidlServiceManagement: Service vendor.qti.hardware.seccam@1.0::ISecCam/default must be in VINTF manifest in order to register/get.
07-02 23:30:18.993 32239 32239 E vendor.qti.hardware.seccam@1.0-service-qti: Cannot register ISecCam HAL service
07-02 23:30:19.125 32149 32149 I ViewInteraction: Checking 'MatchesViewAssertion{viewMatcher=an instance of android.widget.TextView and view.getText() with or without transformation to match: a string containing "Subtotal: $0.50"}' assertion on view view.getId() is <2131231217/com.example.lunchtray:id/subtotal>
07-02 23:30:19.126 32149 32173 I TestRunner: finished: radio_buttons_update_accompaniment_menu_subtotal(com.example.lunchtray.OrderFunctionalityTests)
