07-02 23:30:07.687   965  1326 V APM_AudioPolicyManager: setOutputDevices: suppressing checkDeviceMuteStrategies
07-02 23:30:07.687   965  1326 V APM_AudioPolicyManager: setOutputDevices setting same device {type:0x2,@:} or null device, force=0, patch handle=5258
07-02 23:30:07.689  4229  4567 V SoundPool: play returned 12385
07-02 23:30:07.694  4229  7769 V AudioSystem: ioConfigChanged() event 8
07-02 23:30:07.694  4229  7769 V AudioSystem: ioConfigChanged() AUDIO_CLIENT_STARTED  io 13 port 5291 num callbacks 0
07-02 23:30:07.736   873   873 D vendor.lge.hardware.battery@1.0-impl: Read value from /proc/lge_power/adc/batt_id, 1
07-02 23:30:07.737   873   873 D vendor.lge.hardware.battery@1.0-impl: Read value from /proc/lge_power/battery/condition, 1
07-02 23:30:07.738   876   876 D vendor.lge.hardware.charger@1.1-impl: Read value from /proc/lge_power/battery/time_to_full_now, 22748
07-02 23:30:07.738   876   876 D vendor.lge.hardware.charger@1.1-impl: Read value from /proc/lge_power/charger/fastchg, 0
07-02 23:30:07.738   876   876 D vendor.lge.hardware.charger@1.1-impl: Read value from /proc/lge_power/battery/vzw_chg, -1000000
07-02 23:30:07.738   876   876 D vendor.lge.hardware.charger@1.1-impl: Read value from /proc/lge_power/charger/incompatible, 0
07-02 23:30:07.738   876   876 D vendor.lge.hardware.charger@1.1-impl: Read value from /proc/lge_power/charger/usbid_type, 2147483647
07-02 23:30:07.739   876   876 D vendor.lge.hardware.charger@1.1-impl: Read value from /sys/class/qnovo/QNA_METER, 86
07-02 23:30:07.743   914   914 D vendor.lge.hardware.thermal@1.2-impl: Read value from /proc/lge_power/adc/vts, 353
07-02 23:30:07.746  4229  4229 D AS.AudioService: onReceive ACTION_BATTERY_CHANGED EXTRA_PLUGGED : 2
07-02 23:30:07.746   965  1885 V AF::Track: getNextBuffer(4816): underrun,  framesReady(0) < framesDesired(236), state: 6
07-02 23:30:07.748  4696  4918 I AbsQuickSettingsHandlerBase: Got action android.intent.action.BATTERY_CHANGED for battery
07-02 23:30:07.748  6595  6595 I GameToolsWindow: onReceive = android.intent.action.BATTERY_CHANGED reason = null
07-02 23:30:07.748  6595  6595 D GameToolsWindow: isStereoSpeakerModel: true
07-02 23:30:07.749  6595  6595 D GameToolsWindow: updateDTSButton mIsFMRadioOn = false / mDTSViewDisabled = false
07-02 23:30:07.749  6595  6595 D GameToolsWindow: isStereoSpeakerModel: true
07-02 23:30:07.749 28204 28204 W MainApplication: onReceive intent : Intent { act=android.intent.action.BATTERY_CHANGED flg=0x60000010 (has extras) }
07-02 23:30:07.749  4229 32186 V AudioTrack: stop(5291): prior state:STATE_ACTIVE
07-02 23:30:07.749   965   965 V AF::Track: stop(4816): calling pid 4229
07-02 23:30:07.749  5069  5069 D TeleService: PhoneGlobalsEx: onReceive: android.intent.action.BATTERY_CHANGED
07-02 23:30:07.751  4696  4696 D KeyguardUpdateMonitor: received broadcast android.intent.action.BATTERY_CHANGED
07-02 23:30:07.752  4696  4696 D KeyguardUpdateMonitor: Intent.ACTION_BATTERY_CHANGED status : 2, plugged : 2, charging : true, safe charging : false, level : 23, temperature : 349, temperatureState : 0, EXTRA_CHARGING_CURRENT : 0 / EXTRA_HVDCP_TYPE : false
07-02 23:30:07.752  5075  5075 D DeviceStatisticsService: chargerType=2 batteryLevel=23 totalBatteryCapacity=3874800
07-02 23:30:07.752  4696  4696 I LGPowerUI: onReceive = android.intent.action.BATTERY_CHANGED
07-02 23:30:07.752  4696  4696 I LGPowerUI: level = 23, plugType = 2, plugged = true, charging = true, temperature = 349, chargingCurrent = 0, factoryCableItem = 0, isFastCharging = false, batteryID = 1, isSafeCharging = false
07-02 23:30:07.752  4696  4696 I LGPowerUI: mIsSupportEstimateChargingTime: true
07-02 23:30:07.756   876   876 D vendor.lge.hardware.charger@1.1-impl: Read value from /proc/lge_power/battery/time_to_full_now, 22748
07-02 23:30:07.757  4696  4696 I LowBatteryModeManager: applyDualScreenLowBatteryMode() newState : 2, mLowDualScreenBatteryMode : 2
07-02 23:30:07.757  4696  4696 I LowBatteryModeManager: applyCmrMode() enabled: false batteryLevel: 23
07-02 23:30:07.757  4696  4696 I LowBatteryModeManager: setCmrMode(false)
07-02 23:30:07.760  4696  4696 D KeyguardUpdateMonitor: handleBatteryUpdate
07-02 23:30:07.761   876   876 D vendor.lge.hardware.charger@1.1-impl: Read value from /proc/lge_power/battery/time_to_full_now, 22748
07-02 23:30:07.761   876   876 D vendor.lge.hardware.charger@1.1-impl: Read value from /proc/lge_power/battery/time_to_full_now, 22748
07-02 23:30:07.771   965  1887 D AF::Track: presentationComplete(4816): presentationComplete() reset: mPresentationCompleteFrames 755520 audioHalFrames 960
07-02 23:30:07.775  4696  4696 D StatusBarNotificationPresenter: isShowNotificationIconsOnly() orientation: 1
07-02 23:30:07.777  4696  4696 D BarBackgroundDrawable: draw() : targetColor = 0, canvas = android.graphics.RecordingCanvas@243f64e, this = com.android.systemui.statusbar.phone.BarTransitions$BarBackgroundDrawable@575c7c9
07-02 23:30:07.791   965  1887 V AF::Track: presentationComplete(4816): presentationComplete() mPresentationCompleteFrames 755520 framesWritten 755520
07-02 23:30:07.798   965  1326 V APM_AudioPolicyManager: stopOutput() portId 5291 output 13, stream 1, session 23897
07-02 23:30:07.798   965  1326 V APM_AudioPolicyManager: getNewOutputDevices selected devices AUDIO_DEVICE_NONE
07-02 23:30:07.798   965  1326 V APM_AudioPolicyManager: setOutputDevices device AUDIO_DEVICE_NONE delayMs 120
07-02 23:30:07.798   965  1326 V APM_AudioPolicyManager: setOutputDevices() prevDevice {type:0x2,@:}
07-02 23:30:07.799   965  1326 W APM::AudioPolicyEngine: getDevicesForStrategy() unknown strategy: -1
07-02 23:30:07.799   965  1326 V APM_AudioPolicyManager: setOutputDevices setting same device AUDIO_DEVICE_NONE or null device, force=0, patch handle=5258
07-02 23:30:07.799   965  1326 V APM_AudioPolicyManager: selectOutputForMusicEffects selected output 13
07-02 23:30:08.087 32149 32149 I ViewInteraction: Performing 'single click' action on view view.getId() is <2131231081/com.example.lunchtray:id/next_button>
07-02 23:30:08.094  4229  4598 D WifiClientModeImpl: sendRssiChangeBroadcast newRssi = -66
07-02 23:30:08.095  4229  4511 D InputTransport: channel '31e60b1 com.example.lunchtray/com.example.lunchtray.MainActivity (server)' : action=ACTION_DOWN(0), id=0, displayId=0, tooltype=0, deviceId=-1, source=0x1002, flags=0x0, edgeFlags=0x0, metaState=0x0, buttonState=0x1, downTime=172112082000000, eventTime=172112082000000, pointerCount=1 xos=0, yos=0
07-02 23:30:08.095  4229  4511 D InputTransport: channel 'swipe-up (server)' : action=ACTION_DOWN(0), id=0, displayId=0, tooltype=0, deviceId=-1, source=0x1002, flags=0x0, edgeFlags=0x0, metaState=0x0, buttonState=0x1, downTime=172112082000000, eventTime=172112082000000, pointerCount=1 xos=0, yos=0
07-02 23:30:08.096  4229  4511 D InputTransport: channel 'edge-swipe (server)' : action=ACTION_DOWN(0), id=0, displayId=0, tooltype=0, deviceId=-1, source=0x1002, flags=0x0, edgeFlags=0x0, metaState=0x0, buttonState=0x1, downTime=172112082000000, eventTime=172112082000000, pointerCount=1 xos=0, yos=0
07-02 23:30:08.096  4229  4511 D InputTransport: channel 'swipe-up (server)' : action=ACTION_DOWN(0), id=0, displayId=0, tooltype=0, deviceId=-1, source=0x1002, flags=0x0, edgeFlags=0x0, metaState=0x0, buttonState=0x1, downTime=172112082000000, eventTime=172112082000000, pointerCount=1 xos=0, yos=0
07-02 23:30:08.096  4229  4511 D InputTransport: channel 'swipe-up (server)' : action=ACTION_DOWN(0), id=0, displayId=0, tooltype=0, deviceId=-1, source=0x1002, flags=0x0, edgeFlags=0x0, metaState=0x0, buttonState=0x1, downTime=172112082000000, eventTime=172112082000000, pointerCount=1 xos=0, yos=0
07-02 23:30:08.096  4229  4511 D InputTransport: channel 'PointerEventDispatcher0 (server)' : action=ACTION_DOWN(0), id=0, displayId=0, tooltype=0, deviceId=-1, source=0x1002, flags=0x0, edgeFlags=0x0, metaState=0x0, buttonState=0x1, downTime=172112082000000, eventTime=172112082000000, pointerCount=1 xos=0, yos=0
07-02 23:30:08.096  4229  4511 D InputTransport: channel 'PointerEventDispatcherForRear0 (server)' : action=ACTION_DOWN(0), id=0, displayId=0, tooltype=0, deviceId=-1, source=0x1002, flags=0x0, edgeFlags=0x0, metaState=0x0, buttonState=0x1, downTime=172112082000000, eventTime=172112082000000, pointerCount=1 xos=0, yos=0
07-02 23:30:08.096  4929  6931 D QCNEJ/WlanStaInfoRelay: Received action: android.net.wifi.RSSI_CHANGED
07-02 23:30:08.108  4696  4918 I NetworkController: onReceive: intent=Intent { act=android.net.wifi.RSSI_CHANGED flg=0x4000010 (has extras) }
07-02 23:30:08.111  4229  7769 D WifiClientModeImpl: getConativeWiFiQualityStatus keep previous WifiQuailityInfo
07-02 23:30:08.111  4696  4918 I LGWifiStatusTracker: Wifi connected = true, Wifi level = 2
07-02 23:30:08.111  4229  4598 D WifiWatchdogStateMachine: iwlanpercheck loss=0% / volume4 / imscallstate:0 sum:0, perAvg:0
07-02 23:30:08.111  4696  4918 I NetworkController.WifiSignalController: mCurrentState.enabled = true, mCurrentState.connected = true, mCurrentState.detailedState = CONNECTED, mCurrentState.inetCondition = 1
07-02 23:30:08.112  4696  4918 I NetworkController.WifiSignalController: Change in state to: connected=true,enabled=true,level=2,inetCondition=1,iconGroup=IconGroup(Default Wi-Fi Icons),activityIn=false,activityOut=true,rssi=-66,lteadvancedmode=0,ssid="Node",wifiStandard=0,isReady=false,isTransient=false,statusLabel=null,isGigaWiFi=false,isAttWifiCall=false,detailedState=CONNECTED
07-02 23:30:08.112  4696  4918 I NetworkController: [getDataController] getDefaultDataSubId : dataSubId is 3
07-02 23:30:08.112  4229  7769 D WifiClientModeImpl: getConativeWiFiQualityStatus keep previous WifiQuailityInfo
07-02 23:30:08.112  4696  4918 I NetworkController.WifiSignalController: updateIconGroup() : mWifiGeneration = 4
07-02 23:30:08.112  4696  4918 I NetworkController.WifiSignalController: updateIconGroup() : connected = true, mCurrentState.isAttWifiCall = false
07-02 23:30:08.112  8630  8729 I CarrierServices: [358] cgf.c: Connected state: [1], networkType: [WIFI]
07-02 23:30:08.113  4696  4918 I MSimUtils: getSubId : 3
07-02 23:30:08.122  4696  4918 I MSimUtils: getSubId : 3
07-02 23:30:08.132  8630  8728 I CarrierServices: [357] cwc.x: Rcs is enabled from user settings: true
07-02 23:30:08.172  4229  4511 D InputTransport: channel '31e60b1 com.example.lunchtray/com.example.lunchtray.MainActivity (server)' : action=ACTION_UP(0), id=0, displayId=0, tooltype=1, deviceId=-1, source=0x1002, flags=0x0, edgeFlags=0x0, metaState=0x0, buttonState=0x1, downTime=172112082000000, eventTime=172112163000000, pointerCount=1 xos=0, yos=0
07-02 23:30:08.173  4229  4511 D InputTransport: channel 'swipe-up (server)' : action=ACTION_UP(0), id=0, displayId=0, tooltype=1, deviceId=-1, source=0x1002, flags=0x0, edgeFlags=0x0, metaState=0x0, buttonState=0x1, downTime=172112082000000, eventTime=172112163000000, pointerCount=1 xos=0, yos=0
07-02 23:30:08.173  4229  4511 D InputTransport: channel 'edge-swipe (server)' : action=ACTION_UP(0), id=0, displayId=0, tooltype=1, deviceId=-1, source=0x1002, flags=0x0, edgeFlags=0x0, metaState=0x0, buttonState=0x1, downTime=172112082000000, eventTime=172112163000000, pointerCount=1 xos=0, yos=0
07-02 23:30:08.173  4229  4511 D InputTransport: channel 'swipe-up (server)' : action=ACTION_UP(0), id=0, displayId=0, tooltype=1, deviceId=-1, source=0x1002, flags=0x0, edgeFlags=0x0, metaState=0x0, buttonState=0x1, downTime=172112082000000, eventTime=172112163000000, pointerCount=1 xos=0, yos=0
07-02 23:30:08.173  4229  4511 D InputTransport: channel 'swipe-up (server)' : action=ACTION_UP(0), id=0, displayId=0, tooltype=1, deviceId=-1, source=0x1002, flags=0x0, edgeFlags=0x0, metaState=0x0, buttonState=0x1, downTime=172112082000000, eventTime=172112163000000, pointerCount=1 xos=0, yos=0
07-02 23:30:08.173  4229  4511 D InputTransport: channel 'PointerEventDispatcher0 (server)' : action=ACTION_UP(0), id=0, displayId=0, tooltype=1, deviceId=-1, source=0x1002, flags=0x0, edgeFlags=0x0, metaState=0x0, buttonState=0x1, downTime=172112082000000, eventTime=172112163000000, pointerCount=1 xos=0, yos=0
07-02 23:30:08.173  4229  4511 D InputTransport: channel 'PointerEventDispatcherForRear0 (server)' : action=ACTION_UP(0), id=0, displayId=0, tooltype=1, deviceId=-1, source=0x1002, flags=0x0, edgeFlags=0x0, metaState=0x0, buttonState=0x1, downTime=172112082000000, eventTime=172112163000000, pointerCount=1 xos=0, yos=0
07-02 23:30:08.179 32149 32149 I View    : PerformClick: com.google.android.material.button.MaterialButton{1487211 VFED..C.. ...p..ID 564,1232-1032,1376 #7f080169 app:id/next_button}
07-02 23:30:08.179 32149 32149 I View    : MotionEvent.ACTION_UP: mPrivateFlags: -2128590800,   mHasPerformedLongPress: false,   mIgnoreNextUpEvent: false
07-02 23:30:08.192  4229  4567 V SoundPool: play(soundID=1, leftVolume=1.000000, rightVolume=1.000000, priority=0, loop=0, rate=1.000000)
07-02 23:30:08.193  4229  4567 V AudioTrack: setSampleRate(5291): prior state:STATE_STOPPED rate:48000
07-02 23:30:08.193  4229  4567 V AudioTrack: start(5291): prior state:STATE_STOPPED
07-02 23:30:08.193  4229  4567 V AudioTrack: start(5291): server read:-171860  cumulative flushed:0  client written:0
07-02 23:30:08.194   965   965 V AF::Track: start(4816): calling pid 4229 session 23897
07-02 23:30:08.195   965  1326 D APM_AudioPolicyManager: startOutput portId 5291 output primary->(primary output)(13), stream 1, session 23897
07-02 23:30:08.195   965  1326 V APM_AudioPolicyManager: selectOutputForMusicEffects selected output 13
07-02 23:30:08.195   965  1326 V APM_AudioPolicyManager: getNewOutputDevices selected devices {type:0x2,@:}
07-02 23:30:08.195   965  1326 V APM_AudioPolicyManager: setOutputDevices device {type:0x2,@:} delayMs 0
07-02 23:30:08.196   965  1326 V APM_AudioPolicyManager: setOutputDevices() prevDevice {type:0x2,@:}
07-02 23:30:08.196   965  1326 V APM_AudioPolicyManager: setOutputDevices: suppressing checkDeviceMuteStrategies
07-02 23:30:08.196   965  1326 V APM_AudioPolicyManager: setOutputDevices setting same device {type:0x2,@:} or null device, force=0, patch handle=5258
07-02 23:30:08.198  4229  4298 V AudioSystem: ioConfigChanged() event 8
07-02 23:30:08.198  4229  4298 V AudioSystem: ioConfigChanged() AUDIO_CLIENT_STARTED  io 13 port 5291 num callbacks 0
07-02 23:30:08.199  4229  4567 V SoundPool: play returned 12386
07-02 23:30:08.219  4696  4696 I NetworkController.WifiSignalController: Change in state to: connected=true,enabled=true,level=2,inetCondition=1,iconGroup=IconGroup(Default Wi-Fi Icons),activityIn=true,activityOut=true,rssi=-66,lteadvancedmode=0,ssid="Node",wifiStandard=0,isReady=false,isTransient=false,statusLabel=null,isGigaWiFi=false,isAttWifiCall=false,detailedState=CONNECTED
07-02 23:30:08.219  4696  4696 I NetworkController: [getDataController] getDefaultDataSubId : dataSubId is 3
07-02 23:30:08.220  4696  4696 I NetworkController.WifiSignalController: updateIconGroup() : mWifiGeneration = 4
07-02 23:30:08.220  4696  4696 I NetworkController.WifiSignalController: updateIconGroup() : connected = true, mCurrentState.isAttWifiCall = false
07-02 23:30:08.221  4696  4696 I MSimUtils: getSubId : 3
07-02 23:30:08.221  4696  4696 I MSimUtils: getSubId : 3
07-02 23:30:08.266   965  1885 V AF::Track: getNextBuffer(4816): underrun,  framesReady(0) < framesDesired(236), state: 6
07-02 23:30:08.270   965  1887 D AF::Track: presentationComplete(4816): presentationComplete() reset: mPresentationCompleteFrames 779520 audioHalFrames 960
07-02 23:30:08.272  4229 32186 V AudioTrack: stop(5291): prior state:STATE_ACTIVE
07-02 23:30:08.273   965   965 V AF::Track: stop(4816): calling pid 4229
07-02 23:30:08.310   965  1887 V AF::Track: presentationComplete(4816): presentationComplete() mPresentationCompleteFrames 779520 framesWritten 780480
07-02 23:30:08.320   965  1326 V APM_AudioPolicyManager: stopOutput() portId 5291 output 13, stream 1, session 23897
07-02 23:30:08.321   965  1326 V APM_AudioPolicyManager: getNewOutputDevices selected devices AUDIO_DEVICE_NONE
07-02 23:30:08.321   965  1326 V APM_AudioPolicyManager: setOutputDevices device AUDIO_DEVICE_NONE delayMs 120
07-02 23:30:08.321   965  1326 V APM_AudioPolicyManager: setOutputDevices() prevDevice {type:0x2,@:}
07-02 23:30:08.322   965  1326 W APM::AudioPolicyEngine: getDevicesForStrategy() unknown strategy: -1
07-02 23:30:08.322   965  1326 V APM_AudioPolicyManager: setOutputDevices setting same device AUDIO_DEVICE_NONE or null device, force=0, patch handle=5258
07-02 23:30:08.322   965  1326 V APM_AudioPolicyManager: selectOutputForMusicEffects selected output 13
07-02 23:30:08.601 32149 32149 I ViewInteraction: Performing 'single click' action on view view.getId() is <2131231216/com.example.lunchtray:id/submit_button>
07-02 23:30:08.609  4229  4511 D InputTransport: channel '31e60b1 com.example.lunchtray/com.example.lunchtray.MainActivity (server)' : action=ACTION_DOWN(0), id=0, displayId=0, tooltype=0, deviceId=-1, source=0x1002, flags=0x0, edgeFlags=0x0, metaState=0x0, buttonState=0x1, downTime=172112598000000, eventTime=172112598000000, pointerCount=1 xos=0, yos=0
07-02 23:30:08.609  4229  4511 D InputTransport: channel 'swipe-up (server)' : action=ACTION_DOWN(0), id=0, displayId=0, tooltype=0, deviceId=-1, source=0x1002, flags=0x0, edgeFlags=0x0, metaState=0x0, buttonState=0x1, downTime=172112598000000, eventTime=172112598000000, pointerCount=1 xos=0, yos=0
07-02 23:30:08.609  4229  4511 D InputTransport: channel 'edge-swipe (server)' : action=ACTION_DOWN(0), id=0, displayId=0, tooltype=0, deviceId=-1, source=0x1002, flags=0x0, edgeFlags=0x0, metaState=0x0, buttonState=0x1, downTime=172112598000000, eventTime=172112598000000, pointerCount=1 xos=0, yos=0
07-02 23:30:08.609  4229  4511 D InputTransport: channel 'swipe-up (server)' : action=ACTION_DOWN(0), id=0, displayId=0, tooltype=0, deviceId=-1, source=0x1002, flags=0x0, edgeFlags=0x0, metaState=0x0, buttonState=0x1, downTime=172112598000000, eventTime=172112598000000, pointerCount=1 xos=0, yos=0
07-02 23:30:08.609  4229  4511 D InputTransport: channel 'swipe-up (server)' : action=ACTION_DOWN(0), id=0, displayId=0, tooltype=0, deviceId=-1, source=0x1002, flags=0x0, edgeFlags=0x0, metaState=0x0, buttonState=0x1, downTime=172112598000000, eventTime=172112598000000, pointerCount=1 xos=0, yos=0
07-02 23:30:08.610  4229  4511 D InputTransport: channel 'PointerEventDispatcher0 (server)' : action=ACTION_DOWN(0), id=0, displayId=0, tooltype=0, deviceId=-1, source=0x1002, flags=0x0, edgeFlags=0x0, metaState=0x0, buttonState=0x1, downTime=172112598000000, eventTime=172112598000000, pointerCount=1 xos=0, yos=0
07-02 23:30:08.610  4229  4511 D InputTransport: channel 'PointerEventDispatcherForRear0 (server)' : action=ACTION_DOWN(0), id=0, displayId=0, tooltype=0, deviceId=-1, source=0x1002, flags=0x0, edgeFlags=0x0, metaState=0x0, buttonState=0x1, downTime=172112598000000, eventTime=172112598000000, pointerCount=1 xos=0, yos=0
07-02 23:30:08.689  4229  4511 D InputTransport: channel '31e60b1 com.example.lunchtray/com.example.lunchtray.MainActivity (server)' : action=ACTION_UP(0), id=0, displayId=0, tooltype=1, deviceId=-1, source=0x1002, flags=0x0, edgeFlags=0x0, metaState=0x0, buttonState=0x1, downTime=172112598000000, eventTime=172112679000000, pointerCount=1 xos=0, yos=0
07-02 23:30:08.689  4229  4511 D InputTransport: channel 'swipe-up (server)' : action=ACTION_UP(0), id=0, displayId=0, tooltype=1, deviceId=-1, source=0x1002, flags=0x0, edgeFlags=0x0, metaState=0x0, buttonState=0x1, downTime=172112598000000, eventTime=172112679000000, pointerCount=1 xos=0, yos=0
07-02 23:30:08.690  4229  4511 D InputTransport: channel 'edge-swipe (server)' : action=ACTION_UP(0), id=0, displayId=0, tooltype=1, deviceId=-1, source=0x1002, flags=0x0, edgeFlags=0x0, metaState=0x0, buttonState=0x1, downTime=172112598000000, eventTime=172112679000000, pointerCount=1 xos=0, yos=0
07-02 23:30:08.690  4229  4511 D InputTransport: channel 'swipe-up (server)' : action=ACTION_UP(0), id=0, displayId=0, tooltype=1, deviceId=-1, source=0x1002, flags=0x0, edgeFlags=0x0, metaState=0x0, buttonState=0x1, downTime=172112598000000, eventTime=172112679000000, pointerCount=1 xos=0, yos=0
07-02 23:30:08.690  4229  4511 D InputTransport: channel 'swipe-up (server)' : action=ACTION_UP(0), id=0, displayId=0, tooltype=1, deviceId=-1, source=0x1002, flags=0x0, edgeFlags=0x0, metaState=0x0, buttonState=0x1, downTime=172112598000000, eventTime=172112679000000, pointerCount=1 xos=0, yos=0
07-02 23:30:08.690  4229  4511 D InputTransport: channel 'PointerEventDispatcher0 (server)' : action=ACTION_UP(0), id=0, displayId=0, tooltype=1, deviceId=-1, source=0x1002, flags=0x0, edgeFlags=0x0, metaState=0x0, buttonState=0x1, downTime=172112598000000, eventTime=172112679000000, pointerCount=1 xos=0, yos=0
07-02 23:30:08.690  4229  4511 D InputTransport: channel 'PointerEventDispatcherForRear0 (server)' : action=ACTION_UP(0), id=0, displayId=0, tooltype=1, deviceId=-1, source=0x1002, flags=0x0, edgeFlags=0x0, metaState=0x0, buttonState=0x1, downTime=172112598000000, eventTime=172112679000000, pointerCount=1 xos=0, yos=0
07-02 23:30:08.699 32149 32149 I View    : PerformClick: com.google.android.material.button.MaterialButton{1ca31b3 VFED..C.. ...p..ID 48,721-1032,865 #7f0801f0 app:id/submit_button}
07-02 23:30:08.699 32149 32149 I View    : MotionEvent.ACTION_UP: mPrivateFlags: -2128590800,   mHasPerformedLongPress: false,   mIgnoreNextUpEvent: false
07-02 23:30:08.714  4229  4567 V SoundPool: play(soundID=1, leftVolume=1.000000, rightVolume=1.000000, priority=0, loop=0, rate=1.000000)
07-02 23:30:08.715  4229  4567 V AudioTrack: setSampleRate(5291): prior state:STATE_STOPPED rate:48000
07-02 23:30:08.715  4229  4567 V AudioTrack: start(5291): prior state:STATE_STOPPED
07-02 23:30:08.715  4229  4567 V AudioTrack: start(5291): server read:-174504  cumulative flushed:0  client written:0
07-02 23:30:08.715   965   965 V AF::Track: start(4816): calling pid 4229 session 23897
07-02 23:30:08.717   965  1326 D APM_AudioPolicyManager: startOutput portId 5291 output primary->(primary output)(13), stream 1, session 23897
07-02 23:30:08.718   965  1326 V APM_AudioPolicyManager: selectOutputForMusicEffects selected output 13
07-02 23:30:08.718   965  1326 V APM_AudioPolicyManager: getNewOutputDevices selected devices {type:0x2,@:}
07-02 23:30:08.718   965  1326 V APM_AudioPolicyManager: setOutputDevices device {type:0x2,@:} delayMs 0
07-02 23:30:08.718   965  1326 V APM_AudioPolicyManager: setOutputDevices() prevDevice {type:0x2,@:}
07-02 23:30:08.718   965  1326 V APM_AudioPolicyManager: setOutputDevices: suppressing checkDeviceMuteStrategies
07-02 23:30:08.718   965  1326 V APM_AudioPolicyManager: setOutputDevices setting same device {type:0x2,@:} or null device, force=0, patch handle=5258
07-02 23:30:08.719  4229  4567 V SoundPool: play returned 12390
07-02 23:30:08.721  4229  7059 V AudioSystem: ioConfigChanged() event 8
07-02 23:30:08.721  4229  7059 V AudioSystem: ioConfigChanged() AUDIO_CLIENT_STARTED  io 13 port 5291 num callbacks 0
07-02 23:30:08.776   965  1885 V AF::Track: getNextBuffer(4816): underrun,  framesReady(0) < framesDesired(236), state: 6
07-02 23:30:08.787  4229 32186 V AudioTrack: stop(5291): prior state:STATE_ACTIVE
07-02 23:30:08.788   965   965 V AF::Track: stop(4816): calling pid 4229
07-02 23:30:08.813   965  1887 D AF::Track: presentationComplete(4816): presentationComplete() reset: mPresentationCompleteFrames 805440 audioHalFrames 960
07-02 23:30:08.833   965  1887 V AF::Track: presentationComplete(4816): presentationComplete() mPresentationCompleteFrames 805440 framesWritten 805440
07-02 23:30:08.837   965  1326 V APM_AudioPolicyManager: stopOutput() portId 5291 output 13, stream 1, session 23897
07-02 23:30:08.838   965  1326 V APM_AudioPolicyManager: getNewOutputDevices selected devices AUDIO_DEVICE_NONE
07-02 23:30:08.838   965  1326 V APM_AudioPolicyManager: setOutputDevices device AUDIO_DEVICE_NONE delayMs 120
07-02 23:30:08.838   965  1326 V APM_AudioPolicyManager: setOutputDevices() prevDevice {type:0x2,@:}
07-02 23:30:08.838   965  1326 W APM::AudioPolicyEngine: getDevicesForStrategy() unknown strategy: -1
07-02 23:30:08.839   965  1326 V APM_AudioPolicyManager: setOutputDevices setting same device AUDIO_DEVICE_NONE or null device, force=0, patch handle=5258
07-02 23:30:08.839   965  1326 V APM_AudioPolicyManager: selectOutputForMusicEffects selected output 13
07-02 23:30:08.970 32223 32223 D vendor.qti.hardware.seccam@1.0-service-qti: SecCam: service starting
07-02 23:30:08.975   645   645 I hwservicemanager: getTransport: Cannot find entry vendor.qti.hardware.seccam@1.0::ISecCam/default in either framework or device manifest.
07-02 23:30:08.975 32223 32223 E HidlServiceManagement: Service vendor.qti.hardware.seccam@1.0::ISecCam/default must be in VINTF manifest in order to register/get.
07-02 23:30:08.975 32223 32223 E vendor.qti.hardware.seccam@1.0-service-qti: Cannot register ISecCam HAL service
07-02 23:30:08.980  4696  4696 I LightBarTransitionsController: animateIconTint() : skip : mNextDarkIntensity = 0.0
07-02 23:30:09.124  4229  4598 D WifiClientModeImpl: sendRssiChangeBroadcast newRssi = -62
07-02 23:30:09.127  4929  6931 D QCNEJ/WlanStaInfoRelay: Received action: android.net.wifi.RSSI_CHANGED
07-02 23:30:09.129  4696  4918 I NetworkController: onReceive: intent=Intent { act=android.net.wifi.RSSI_CHANGED flg=0x4000010 (has extras) }
07-02 23:30:09.131  4696  4918 I LGWifiStatusTracker: Wifi connected = true, Wifi level = 3
07-02 23:30:09.131  4696  4918 I NetworkController.WifiSignalController: mCurrentState.enabled = true, mCurrentState.connected = true, mCurrentState.detailedState = CONNECTED, mCurrentState.inetCondition = 1
07-02 23:30:09.131  4696  4918 I NetworkController.WifiSignalController: Change in state to: connected=true,enabled=true,level=3,inetCondition=1,iconGroup=IconGroup(Default Wi-Fi Icons),activityIn=true,activityOut=true,rssi=-62,lteadvancedmode=0,ssid="Node",wifiStandard=0,isReady=false,isTransient=false,statusLabel=null,isGigaWiFi=false,isAttWifiCall=false,detailedState=CONNECTED
07-02 23:30:09.131  4696  4918 I NetworkController: [getDataController] getDefaultDataSubId : dataSubId is 3
07-02 23:30:09.132  4696  4918 I NetworkController.WifiSignalController: updateIconGroup() : mWifiGeneration = 4
07-02 23:30:09.132  4696  4918 I NetworkController.WifiSignalController: updateIconGroup() : connected = true, mCurrentState.isAttWifiCall = false
07-02 23:30:09.134  4696  4918 I MSimUtils: getSubId : 3
07-02 23:30:09.136  4696  4918 I MSimUtils: getSubId : 3
07-02 23:30:09.146 32149 32149 I ViewInteraction: Checking 'MatchesViewAssertion{viewMatcher=(view has effective visibility <VISIBLE> and view.getGlobalVisibleRect() to return non-empty rectangle)}' assertion on view an instance of android.widget.TextView and view.getText() with or without transformation to match: a string containing "Order Submitted!"
07-02 23:30:09.147 32149 32173 I TestRunner: finished: order_snackbar(com.example.lunchtray.OrderFunctionalityTests)
