07-02 23:30:04.762 32149 32173 I TestRunner: started: order_snackbar(com.example.lunchtray.OrderFunctionalityTests)
07-02 23:30:04.776 32149 32173 W Settings: Setting always_finish_activities has moved from android.provider.Settings.System to android.provider.Settings.Global, returning read-only value.
07-02 23:30:04.792  3772  3782 I PowerRM : System FW:1 IC:0 SO:0 GT:0 CAPP:-1 APP:0
07-02 23:30:04.792   970  1023 D SurfaceFlinger: Create EffectLayer(0xb400007d2d000010) Task=9878#0
07-02 23:30:04.792  3772  3782 I PowerRM : FIA lock1 locked
07-02 23:30:04.792  3772  3782 E PRM_CONFIG_Parser: get_custom_config not found
07-02 23:30:04.796   970  1023 D SurfaceFlinger: Create ContainerLayer(0xb400007d2cf69140) ActivityRecord{6ebec75 u0 com.example.lunchtray/androidx.test.core.app.InstrumentationActivityInvoker$BootstrapActivity t9878 tda0:1}#0
07-02 23:30:04.798 17401 17401 I [LGHome6]Launcher: onTopResumedActivityChanged state = false
07-02 23:30:04.798  4696  4696 I LightBarTransitionsController: appTransitionPending(): skipped, displayId = 0, isKeyguardGoingAway = false
07-02 23:30:04.799  4696  4696 I chatty  : uid=10157(com.lge.quicktools) com.android.systemui identical 4 lines
07-02 23:30:04.799  4696  4696 I LightBarTransitionsController: appTransitionPending(): skipped, displayId = 0, isKeyguardGoingAway = false
07-02 23:30:04.799  3937  3977 E statsd  : Predicate 5980654721335871649 dropping data for dimension key (10)0x2010101->10913[I] (10)0x30000->*launch*[S]
07-02 23:30:04.802  4696  5709 I GameToolsControllerService: game removed from map {}
07-02 23:30:04.805   970  1023 D SurfaceFlinger: Create EffectLayer(0xb400007d2cf46e80) Surface(name=20d41bf NavigationBar#0)/@0xa6cf867 - animation-leash#0
07-02 23:30:04.807   970  1023 D SurfaceFlinger: Create EffectLayer(0xb400007d2cfad6c0) Surface(name=da0e137 StatusBar)/@0x5eb3426 - animation-leash#0
07-02 23:30:04.812 17401 17401 I [LGHome6]LauncherCallbacksImpl: Launcher.onPause // 9.50.66(95006600) this:com.lge.launcher3.LauncherExtension$LauncherCallbacksImpl@8b8f9a6
07-02 23:30:04.813  4696  4696 I LightBarTransitionsController: appTransitionPending(): skipped, displayId = 0, isKeyguardGoingAway = false
07-02 23:30:04.814  4696  4696 I chatty  : uid=10157(com.lge.quicktools) com.android.systemui identical 10 lines
07-02 23:30:04.814  4696  4696 I LightBarTransitionsController: appTransitionPending(): skipped, displayId = 0, isKeyguardGoingAway = false
07-02 23:30:04.814  4878 17365 D RoundCornerMask: metaData is null
07-02 23:30:04.814  4229  7769 V LGSettingsProvider: call_put(secure:reminder_exp_learning_time_elapsed=21669766916)  calling package = com.android.systemui  callingUserId : 0
07-02 23:30:04.815  4696  5709 D StatusBar: mainDisplayTopActivityComponentName : ComponentInfo{com.example.lunchtray/androidx.test.core.app.InstrumentationActivityInvoker$BootstrapActivity}
07-02 23:30:04.817  5218  5259 V CoverTools: [IconViewController.java:271:activityChanged] callMethod: CallMethod.RESUME
07-02 23:30:04.817  5218  5259 V CoverTools: [IconViewController.java:272:activityChanged] componentName: com.example.lunchtray/androidx.test.core.app.InstrumentationActivityInvoker$BootstrapActivity
07-02 23:30:04.817  5218  5259 V CoverTools: [IconViewController.java:273:activityChanged] packageName: com.example.lunchtray
07-02 23:30:04.817  5218  5259 V CoverTools: [IconViewController.java:274:activityChanged] className: com.example.lunchtray
07-02 23:30:04.817  5218  5259 V CoverTools: [IconViewController.java:275:activityChanged] displayId: 0
07-02 23:30:04.818  6595 24516 D TopPackageTracker: activityChanged callMethod=1 packageName=com.example.lunchtray displayid=0
07-02 23:30:04.818   970   970 I SurfaceFlinger: Remove EffectLayer(0xb400007d2ceaffb0) Surface(name=da0e137 StatusBar)/@0x5eb3426 - animation-leash#1 (parent=none)
07-02 23:30:04.818   970   970 I SurfaceFlinger: Remove EffectLayer(0xb400007d2cfc4340) Surface(name=20d41bf NavigationBar#0)/@0xa6cf867 - animation-leash#1 (parent=none)
07-02 23:30:04.818   970  1855 D SurfaceFlinger: Create EffectLayer(0xb400007d2cf4c9a0) Surface(name=20d41bf NavigationBar#0)/@0xa6cf867 - animation-leash#1
07-02 23:30:04.818  4229  4298 W ActivityManager: Sending non-protected broadcast com.sld.stop_game from system 4878:com.lge.systemserver/1000 pkg com.lge.systemservice
07-02 23:30:04.818  5218  5259 V CoverTools: [IconViewController.java:271:activityChanged] callMethod: CallMethod.RESUME
07-02 23:30:04.818  5218  5259 V CoverTools: [IconViewController.java:272:activityChanged] componentName: com.example.lunchtray/androidx.test.core.app.InstrumentationActivityInvoker$BootstrapActivity
07-02 23:30:04.818  5218  5259 V CoverTools: [IconViewController.java:273:activityChanged] packageName: com.example.lunchtray
07-02 23:30:04.818  5218  5259 V CoverTools: [IconViewController.java:274:activityChanged] className: com.example.lunchtray
07-02 23:30:04.818  6595  6620 D TopPackageTracker: activityChanged callMethod=1 packageName=com.example.lunchtray displayid=0
07-02 23:30:04.819  5218  5259 V CoverTools: [IconViewController.java:275:activityChanged] displayId: 0
07-02 23:30:04.819  6595  6595 I GameToolsService: no game is running, stop everything
07-02 23:30:04.819  6595  6595 I GameToolsWindow: forceHide, Game is Not Running
07-02 23:30:04.819   970  1855 D SurfaceFlinger: Create EffectLayer(0xb400007d2cee6160) Surface(name=da0e137 StatusBar)/@0x5eb3426 - animation-leash#1
07-02 23:30:04.820  4229  7772 V LGSettingsProvider: call_put(system:do_not_disturb_for_game=0)  calling package = com.lge.gametools  callingUserId : 0
07-02 23:30:04.820  6595  6595 I GameToolsDBManager: DB changed to: false
07-02 23:30:04.825   970  1021 D SurfaceFlinger: Create EffectLayer(0xb400007d2cf10cd0) Surface(name=20d41bf NavigationBar#0)/@0xa6cf867 - animation-leash#0
07-02 23:30:04.826   970  1021 D SurfaceFlinger: Create EffectLayer(0xb400007d2ce7f920) Surface(name=da0e137 StatusBar)/@0x5eb3426 - animation-leash#0
07-02 23:30:04.828   970  1856 D SurfaceFlinger: Create ContainerLayer(0xb400007d2cfc9e60) 50df274 Splash Screen com.example.lunchtray#0
07-02 23:30:04.829  4229  4370 I TouchFilterInputStageHelper: [needTouchEventFilter] Displayid : 0
07-02 23:30:04.830  4229  4370 D HandGripFilter: getdisplaysize, x : 1080 y : 2340
07-02 23:30:04.830  4878 17365 D RoundCornerMask: metaData is null
07-02 23:30:04.831   970  1856 D SurfaceFlinger: Create EffectLayer(0xb400007d2cdf9bb0) Surface(name=20d41bf NavigationBar#0)/@0xa6cf867 - animation-leash#1
07-02 23:30:04.832   970  1856 D SurfaceFlinger: Create EffectLayer(0xb400007d2ced5000) Surface(name=da0e137 StatusBar)/@0x5eb3426 - animation-leash#1
07-02 23:30:04.835   970   970 I SurfaceFlinger: Remove EffectLayer(0xb400007d2ce7f920) Surface(name=da0e137 StatusBar)/@0x5eb3426 - animation-leash#0 (parent=none)
07-02 23:30:04.835   970   970 I SurfaceFlinger: Remove EffectLayer(0xb400007d2ceaffb0) Surface(name=da0e137 StatusBar)/@0x5eb3426 - animation-leash#1 (parent=none)
07-02 23:30:04.835   970   970 I SurfaceFlinger: Remove EffectLayer(0xb400007d2cee6160) Surface(name=da0e137 StatusBar)/@0x5eb3426 - animation-leash#1 (parent=none)
07-02 23:30:04.835   970   970 I SurfaceFlinger: Remove EffectLayer(0xb400007d2cf10cd0) Surface(name=20d41bf NavigationBar#0)/@0xa6cf867 - animation-leash#0 (parent=none)
07-02 23:30:04.835   970   970 I SurfaceFlinger: Remove EffectLayer(0xb400007d2cf46e80) Surface(name=20d41bf NavigationBar#0)/@0xa6cf867 - animation-leash#0 (parent=none)
07-02 23:30:04.835   970   970 I SurfaceFlinger: Remove EffectLayer(0xb400007d2cf4c9a0) Surface(name=20d41bf NavigationBar#0)/@0xa6cf867 - animation-leash#1 (parent=none)
07-02 23:30:04.835   970   970 I SurfaceFlinger: Remove EffectLayer(0xb400007d2cfad6c0) Surface(name=da0e137 StatusBar)/@0x5eb3426 - animation-leash#0 (parent=none)
07-02 23:30:04.835   970   970 I SurfaceFlinger: Remove EffectLayer(0xb400007d2cfc4340) Surface(name=20d41bf NavigationBar#0)/@0xa6cf867 - animation-leash#1 (parent=none)
07-02 23:30:04.835   970   970 D Layer   : Destroy Surface(name=da0e137 StatusBar)/@0x5eb3426 - animation-leash#0(0xb400007d2ce7f920)
07-02 23:30:04.835   970   970 D Layer   : Destroy Surface(name=da0e137 StatusBar)/@0x5eb3426 - animation-leash#1(0xb400007d2ceaffb0)
07-02 23:30:04.835   970   970 D Layer   : Destroy Surface(name=da0e137 StatusBar)/@0x5eb3426 - animation-leash#1(0xb400007d2cee6160)
07-02 23:30:04.835   970   970 D Layer   : Destroy Surface(name=20d41bf NavigationBar#0)/@0xa6cf867 - animation-leash#1(0xb400007d2cf4c9a0)
07-02 23:30:04.835   970   970 D Layer   : Destroy Surface(name=20d41bf NavigationBar#0)/@0xa6cf867 - animation-leash#1(0xb400007d2cfc4340)
07-02 23:30:04.835  4878 17365 D RoundCornerMask: metaData is null
07-02 23:30:04.835   970   970 D Layer   : Destroy Surface(name=da0e137 StatusBar)/@0x5eb3426 - animation-leash#0(0xb400007d2cfad6c0)
07-02 23:30:04.835   970   970 D Layer   : Destroy Surface(name=20d41bf NavigationBar#0)/@0xa6cf867 - animation-leash#0(0xb400007d2cf46e80)
07-02 23:30:04.835 32149 32149 D LifecycleMonitor: Lifecycle status change: androidx.test.core.app.InstrumentationActivityInvoker$BootstrapActivity@549187b in: PRE_ON_CREATE
07-02 23:30:04.836 32149 32149 V ActivityScenario: Activity lifecycle changed event received but ignored because the intent does not match. startActivityIntent=Intent { act=android.intent.action.MAIN cat=[android.intent.category.LAUNCHER] cmp=com.example.lunchtray/.MainActivity }, activity.getIntent()=Intent { act=android.intent.action.MAIN cat=[android.intent.category.LAUNCHER] flg=0x10008000 cmp=com.example.lunchtray/androidx.test.core.app.InstrumentationActivityInvoker$BootstrapActivity (has extras) }, activity=androidx.test.core.app.InstrumentationActivityInvoker$BootstrapActivity@549187b
07-02 23:30:04.836 32149 32149 I chatty  : uid=10913(com.example.lunchtray) identical 1 line
07-02 23:30:04.836 32149 32149 V ActivityScenario: Activity lifecycle changed event received but ignored because the intent does not match. startActivityIntent=Intent { act=android.intent.action.MAIN cat=[android.intent.category.LAUNCHER] cmp=com.example.lunchtray/.MainActivity }, activity.getIntent()=Intent { act=android.intent.action.MAIN cat=[android.intent.category.LAUNCHER] flg=0x10008000 cmp=com.example.lunchtray/androidx.test.core.app.InstrumentationActivityInvoker$BootstrapActivity (has extras) }, activity=androidx.test.core.app.InstrumentationActivityInvoker$BootstrapActivity@549187b
07-02 23:30:04.837  4696  4696 I StatusBar: updateStatusBarColor(): mApplyNotchStatusBar=false delay=true isPort=true
07-02 23:30:04.838   970  1856 D SurfaceFlinger: Create EffectLayer(0xb400007d2cfc4340) Surface(name=20d41bf NavigationBar#0)/@0xa6cf867 - animation-leash#0
07-02 23:30:04.838  4696  5709 I GameToolsControllerService: game removed from map {}
07-02 23:30:04.838   970  1854 D SurfaceFlinger: Create EffectLayer(0xb400007d2cf46e80) Surface(name=da0e137 StatusBar)/@0x5eb3426 - animation-leash#0
07-02 23:30:04.840   970  1855 D SurfaceFlinger: Create BufferQueueLayer(0xb400007d3cd7fc40) Splash Screen com.example.lunchtray@4229#0
07-02 23:30:04.842  4878 17365 D RoundCornerMask: metaData is null
07-02 23:30:04.845  4696  5709 D StatusBar: mainDisplayTopActivityComponentName : ComponentInfo{com.example.lunchtray/androidx.test.core.app.InstrumentationActivityInvoker$BootstrapActivity}
07-02 23:30:04.846 22659  8695 D ViewRootImpl: onChangedIMENavigationColor(), color: ff080808
07-02 23:30:04.847  4696  4696 I StatusBar: updateStatusBarColor(): mApplyNotchStatusBar=false delay=true isPort=true
07-02 23:30:04.847  4696  5709 I GameToolsControllerService: game removed from map {}
07-02 23:30:04.849  4696  5709 D StatusBar: mainDisplayTopActivityComponentName : ComponentInfo{com.example.lunchtray/androidx.test.core.app.InstrumentationActivityInvoker$BootstrapActivity}
07-02 23:30:04.850 32149 32149 D LifecycleMonitor: Lifecycle status change: androidx.test.core.app.InstrumentationActivityInvoker$BootstrapActivity@549187b in: CREATED
07-02 23:30:04.850 32149 32149 V ActivityScenario: Activity lifecycle changed event received but ignored because the intent does not match. startActivityIntent=Intent { act=android.intent.action.MAIN cat=[android.intent.category.LAUNCHER] cmp=com.example.lunchtray/.MainActivity }, activity.getIntent()=Intent { act=android.intent.action.MAIN cat=[android.intent.category.LAUNCHER] flg=0x10008000 cmp=com.example.lunchtray/androidx.test.core.app.InstrumentationActivityInvoker$BootstrapActivity (has extras) }, activity=androidx.test.core.app.InstrumentationActivityInvoker$BootstrapActivity@549187b
07-02 23:30:04.850 32149 32149 I chatty  : uid=10913(com.example.lunchtray) identical 1 line
07-02 23:30:04.851 32149 32149 V ActivityScenario: Activity lifecycle changed event received but ignored because the intent does not match. startActivityIntent=Intent { act=android.intent.action.MAIN cat=[android.intent.category.LAUNCHER] cmp=com.example.lunchtray/.MainActivity }, activity.getIntent()=Intent { act=android.intent.action.MAIN cat=[android.intent.category.LAUNCHER] flg=0x10008000 cmp=com.example.lunchtray/androidx.test.core.app.InstrumentationActivityInvoker$BootstrapActivity (has extras) }, activity=androidx.test.core.app.InstrumentationActivityInvoker$BootstrapActivity@549187b
07-02 23:30:04.851  4696  4696 I StatusBar: updateStatusBarColor(): mApplyNotchStatusBar=false delay=true isPort=true
07-02 23:30:04.851  4696  5709 I GameToolsControllerService: game removed from map {}
07-02 23:30:04.851   970   970 I SurfaceFlinger: Remove EffectLayer(0xb400007d2cdf9bb0) Surface(name=20d41bf NavigationBar#0)/@0xa6cf867 - animation-leash#1 (parent=none)
07-02 23:30:04.851   970   970 I SurfaceFlinger: Remove EffectLayer(0xb400007d2ced5000) Surface(name=da0e137 StatusBar)/@0x5eb3426 - animation-leash#1 (parent=none)
07-02 23:30:04.851   970   970 I SurfaceFlinger: Remove EffectLayer(0xb400007d2cf10cd0) Surface(name=20d41bf NavigationBar#0)/@0xa6cf867 - animation-leash#0 (parent=none)
07-02 23:30:04.851   970   970 D Layer   : Destroy Surface(name=20d41bf NavigationBar#0)/@0xa6cf867 - animation-leash#0(0xb400007d2cf10cd0)
07-02 23:30:04.851   970   970 D Layer   : Destroy Surface(name=da0e137 StatusBar)/@0x5eb3426 - animation-leash#1(0xb400007d2ced5000)
07-02 23:30:04.851   970   970 D Layer   : Destroy Surface(name=20d41bf NavigationBar#0)/@0xa6cf867 - animation-leash#1(0xb400007d2cdf9bb0)
07-02 23:30:04.852   970  1855 D SurfaceFlinger: Create EffectLayer(0xb400007d2cdf9bb0) Surface(name=20d41bf NavigationBar#0)/@0xa6cf867 - animation-leash#1
07-02 23:30:04.852  4229  5209 D InputDispatcher: Focus left window: Window{73606ff u0 com.lge.launcher3/com.lge.launcher3.LauncherExtension} in display 0
07-02 23:30:04.852  4229  5209 D InputDispatcher: Window went away: Window{7fc242a u0 com.lge.launcher3/com.lge.launcher3.LauncherExtension}
07-02 23:30:04.852  4229  5209 D InputDispatcher: Window went away: Window{73606ff u0 com.lge.launcher3/com.lge.launcher3.LauncherExtension}
07-02 23:30:04.852   970  1855 D SurfaceFlinger: Create EffectLayer(0xb400007d2ced5000) Surface(name=da0e137 StatusBar)/@0x5eb3426 - animation-leash#1
07-02 23:30:04.854  4696  4696 I LightBarTransitionsController: appTransitionStarting():  [isKeyguardGoingAway = false], [(mDisplayId != displayId) = false], [!forced = true]
07-02 23:30:04.854  4696  4696 I LightBarTransitionsController: animateIconTint() : skip : mNextDarkIntensity = 0.0
07-02 23:30:04.855  4696  4696 I LightBarTransitionsController: appTransitionStarting():  [isKeyguardGoingAway = false], [(mDisplayId != displayId) = false], [!forced = true]
07-02 23:30:04.855  4696  4696 I LightBarTransitionsController: appTransitionStarting():  [isKeyguardGoingAway = false], [(mDisplayId != displayId) = true], [!forced = true]
07-02 23:30:04.855  4696  4696 I chatty  : uid=10157(com.lge.quicktools) com.android.systemui identical 4 lines
07-02 23:30:04.855  4696  4696 I LightBarTransitionsController: appTransitionStarting():  [isKeyguardGoingAway = false], [(mDisplayId != displayId) = true], [!forced = true]
07-02 23:30:04.855  4696  4696 I LightBarTransitionsController: appTransitionStarting():  [isKeyguardGoingAway = false], [(mDisplayId != displayId) = false], [!forced = true]
07-02 23:30:04.855  4696  4696 D ImageWallpaper.DrawableEngine@139004800#0: drawFrame(onVisibilityChanged-INVISIBLE)
07-02 23:30:04.855  4696  4696 D ImageWallpaper.DrawableEngine@139004800#0: drawFrame, !redrawNeeded && !mOffsetsChanged
07-02 23:30:04.855   970  1854 D SurfaceFlinger: Create EffectLayer(0xb400007d2cf10cd0) Surface(name=da0e137 StatusBar)/@0x5eb3426 - animation-leash#0
07-02 23:30:04.856   970  1854 D SurfaceFlinger: Create EffectLayer(0xb400007d2cfad6c0) Surface(name=20d41bf NavigationBar#0)/@0xa6cf867 - animation-leash#0
07-02 23:30:04.856  4229  4365 D WindowManager: [DisplayPolicy#0] 1.updateNavigationBarColor => mLastColorNavigationBar=0xff000000
07-02 23:30:04.856  4229  4365 D IStatusBar.Stub: updateNavigationBarColor(0, -16777216)
07-02 23:30:04.857  4696 23746 D IStatusBar.Stub : CommandQueue: updateNavigationBarColor(0, -16777216)
07-02 23:30:04.857  4696  4696 I NavigationThemeResource: display(0) notify navigation bar color(0xff000000)
07-02 23:30:04.857  4696  4696 I NavigationThemeResource: WmEx Color light = 0
07-02 23:30:04.857  4696  4696 I NavigationThemeResource: NavigationKey(0) Color is changed(WHITE_WITH_BORDER -> WHITE)
07-02 23:30:04.857  4696  4696 I NavigationThemeResource:  BarMode=0, Theme=WHITE, LightBackground=false, mNavigationLight=false (NOT Transparent)
07-02 23:30:04.857  4696  4696 I NavigationThemeResource: , Keyguard show=false, IME shown=false, Bar vertical=false, Panel expanded=false
07-02 23:30:04.857  4696  4696 I LightBarTransitionsController: animateIconTint() : skip : mNextDarkIntensity = 0.0
07-02 23:30:04.858  4696  5488 D PhoneStatusBarPolicy: updateManagedProfile userId = 0
07-02 23:30:04.858  4696  5709 D StatusBar: mainDisplayTopActivityComponentName : ComponentInfo{com.example.lunchtray/androidx.test.core.app.InstrumentationActivityInvoker$BootstrapActivity}
07-02 23:30:04.860 32149 32149 D LifecycleMonitor: Lifecycle status change: androidx.test.core.app.InstrumentationActivityInvoker$BootstrapActivity@549187b in: STARTED
07-02 23:30:04.861 32149 32149 V ActivityScenario: Activity lifecycle changed event received but ignored because the intent does not match. startActivityIntent=Intent { act=android.intent.action.MAIN cat=[android.intent.category.LAUNCHER] cmp=com.example.lunchtray/.MainActivity }, activity.getIntent()=Intent { act=android.intent.action.MAIN cat=[android.intent.category.LAUNCHER] flg=0x10008000 cmp=com.example.lunchtray/androidx.test.core.app.InstrumentationActivityInvoker$BootstrapActivity (has extras) }, activity=androidx.test.core.app.InstrumentationActivityInvoker$BootstrapActivity@549187b
07-02 23:30:04.861 32149 32149 I chatty  : uid=10913(com.example.lunchtray) identical 1 line
07-02 23:30:04.861 32149 32149 V ActivityScenario: Activity lifecycle changed event received but ignored because the intent does not match. startActivityIntent=Intent { act=android.intent.action.MAIN cat=[android.intent.category.LAUNCHER] cmp=com.example.lunchtray/.MainActivity }, activity.getIntent()=Intent { act=android.intent.action.MAIN cat=[android.intent.category.LAUNCHER] flg=0x10008000 cmp=com.example.lunchtray/androidx.test.core.app.InstrumentationActivityInvoker$BootstrapActivity (has extras) }, activity=androidx.test.core.app.InstrumentationActivityInvoker$BootstrapActivity@549187b
07-02 23:30:04.865   970  1855 D SurfaceFlinger: Create ContainerLayer(0xb400007d2cf4c9a0) ActivityRecord{1f6f22f u0 com.example.lunchtray/.MainActivity t9878 tda0:1}#0
07-02 23:30:04.867  3772  3782 I PowerRM : System FW:1 IC:0 SO:0 GT:0 CAPP:-1 APP:0
07-02 23:30:04.867  3772  3782 E PRM_CONFIG_Parser: get_custom_config not found
07-02 23:30:04.868   970   970 I SurfaceFlinger: Remove ContainerLayer(0xb400007d2cd54910) da0e137 StatusBar#0 (parent=Surface(name=da0e137 StatusBar)/@0x5eb3426 - animation-leash#0)
07-02 23:30:04.868   970   970 I SurfaceFlinger: Remove EffectLayer(0xb400007d2cdf9bb0) Surface(name=20d41bf NavigationBar#0)/@0xa6cf867 - animation-leash#1 (parent=none)
07-02 23:30:04.868   970   970 I SurfaceFlinger: Remove EffectLayer(0xb400007d2ced5000) Surface(name=da0e137 StatusBar)/@0x5eb3426 - animation-leash#1 (parent=none)
07-02 23:30:04.868   970   970 I SurfaceFlinger: Remove EffectLayer(0xb400007d2cf46e80) Surface(name=da0e137 StatusBar)/@0x5eb3426 - animation-leash#0 (parent=none)
07-02 23:30:04.868   970   970 I SurfaceFlinger: Remove EffectLayer(0xb400007d2cfc4340) Surface(name=20d41bf NavigationBar#0)/@0xa6cf867 - animation-leash#0 (parent=none)
07-02 23:30:04.868   970   970 I SurfaceFlinger: Remove BufferQueueLayer(0xb400007d3cd36d70) StatusBar@4696#0 (parent=da0e137 StatusBar#0)
07-02 23:30:04.868  4696  4696 I StatusBar: updateStatusBarColor(): mApplyNotchStatusBar=false delay=true isPort=true
07-02 23:30:04.868   970   970 D Layer   : Destroy Surface(name=da0e137 StatusBar)/@0x5eb3426 - animation-leash#0(0xb400007d2cf46e80)
07-02 23:30:04.868   970   970 D Layer   : Destroy Surface(name=20d41bf NavigationBar#0)/@0xa6cf867 - animation-leash#0(0xb400007d2cfc4340)
07-02 23:30:04.868  4696  4696 I LightBarTransitionsController: animateIconTint() : skip : mNextDarkIntensity = 0.0
07-02 23:30:04.868  4696  4696 I LightBarTransitionsController: appTransitionPending(): skipped, displayId = 0, isKeyguardGoingAway = false
07-02 23:30:04.868  4696  4696 I chatty  : uid=10157(com.lge.quicktools) com.android.systemui identical 4 lines
07-02 23:30:04.868  4696  4696 I LightBarTransitionsController: appTransitionPending(): skipped, displayId = 0, isKeyguardGoingAway = false
07-02 23:30:04.869  4229  7772 D InputDispatcher: Window went away: Splash Screen com.example.lunchtray@4229#0
07-02 23:30:04.869  4696  5709 I GameToolsControllerService: game removed from map {}
07-02 23:30:04.869 32149 32149 D LifecycleMonitor: Lifecycle status change: androidx.test.core.app.InstrumentationActivityInvoker$BootstrapActivity@549187b in: RESUMED
07-02 23:30:04.870 32149 32149 V ActivityScenario: Activity lifecycle changed event received but ignored because the intent does not match. startActivityIntent=Intent { act=android.intent.action.MAIN cat=[android.intent.category.LAUNCHER] cmp=com.example.lunchtray/.MainActivity }, activity.getIntent()=Intent { act=android.intent.action.MAIN cat=[android.intent.category.LAUNCHER] flg=0x10008000 cmp=com.example.lunchtray/androidx.test.core.app.InstrumentationActivityInvoker$BootstrapActivity (has extras) }, activity=androidx.test.core.app.InstrumentationActivityInvoker$BootstrapActivity@549187b
07-02 23:30:04.870 32149 32149 I chatty  : uid=10913(com.example.lunchtray) identical 1 line
07-02 23:30:04.870 32149 32149 V ActivityScenario: Activity lifecycle changed event received but ignored because the intent does not match. startActivityIntent=Intent { act=android.intent.action.MAIN cat=[android.intent.category.LAUNCHER] cmp=com.example.lunchtray/.MainActivity }, activity.getIntent()=Intent { act=android.intent.action.MAIN cat=[android.intent.category.LAUNCHER] flg=0x10008000 cmp=com.example.lunchtray/androidx.test.core.app.InstrumentationActivityInvoker$BootstrapActivity (has extras) }, activity=androidx.test.core.app.InstrumentationActivityInvoker$BootstrapActivity@549187b
07-02 23:30:04.871  4878 17365 D RoundCornerMask: metaData is null
07-02 23:30:04.873   970   970 I MiniDump: -------------------------------------------------------------------------------------------
07-02 23:30:04.873   970   970 I MiniDump: [ROTATION_0] H |  Comp Type |  Transform |  Alpha |  Disp Frame (LTRB) |  Source Crop (LTRB) | Frame Rate  | Disp[19260613375406721] ""
07-02 23:30:04.873   970   970 I MiniDump: 0xb400007d3cd7fc40 |     DEVICE |          0 | 1.000 |    0    0 1080 2340 |   0.0   0.0 1080.0 2340.0 | Splash Screen com.example.lunchtray@4229#0
07-02 23:30:04.873   970   970 I MiniDump: 0xb400007d3cd36d70 |     DEVICE |          0 | 1.000 |    0    0 1080   87 |   0.0   0.0 1080.0  87.0 | StatusBar@4696#0
07-02 23:30:04.873   970   970 I MiniDump: 0xb400007d3cd22010 |     DEVICE |          0 | 1.000 |    0 2196 1080 2340 |   0.0   0.0 1080.0 144.0 | NavigationBar#0@4696#0
07-02 23:30:04.875  4878 17365 D RoundCornerMask: metaData is null
07-02 23:30:04.878  4696  5709 D StatusBar: mainDisplayTopActivityComponentName : ComponentInfo{com.example.lunchtray/com.example.lunchtray.MainActivity}
07-02 23:30:04.881  4696  5709 I GameToolsControllerService: game removed from map {}
07-02 23:30:04.882 27430 27430 D BoundBrokerSvc: onBind: Intent { act=com.google.android.gms.safetynet.service.START pkg=com.google.android.gms }
07-02 23:30:04.882 27430 27430 D BoundBrokerSvc: Loading bound service for intent: Intent { act=com.google.android.gms.safetynet.service.START pkg=com.google.android.gms }
07-02 23:30:04.883  4696  4696 I StatusBar: updateStatusBarColor(): mApplyNotchStatusBar=false delay=true isPort=true
07-02 23:30:04.883  4696  5709 D StatusBar: mainDisplayTopActivityComponentName : ComponentInfo{com.example.lunchtray/com.example.lunchtray.MainActivity}
07-02 23:30:04.885   970   970 I SurfaceFlinger: Remove EffectLayer(0xb400007d2cdf9bb0) Surface(name=20d41bf NavigationBar#0)/@0xa6cf867 - animation-leash#1 (parent=none)
07-02 23:30:04.885   970   970 I SurfaceFlinger: Remove EffectLayer(0xb400007d2ced5000) Surface(name=da0e137 StatusBar)/@0x5eb3426 - animation-leash#1 (parent=none)
07-02 23:30:04.885   970   970 D Layer   : Destroy Surface(name=20d41bf NavigationBar#0)/@0xa6cf867 - animation-leash#1(0xb400007d2cdf9bb0)
07-02 23:30:04.885   970   970 D Layer   : Destroy Surface(name=da0e137 StatusBar)/@0x5eb3426 - animation-leash#1(0xb400007d2ced5000)
07-02 23:30:04.885 32149 32149 D LifecycleMonitor: Lifecycle status change: androidx.test.core.app.InstrumentationActivityInvoker$BootstrapActivity@549187b in: PAUSED
07-02 23:30:04.885 32149 32149 V ActivityScenario: Activity lifecycle changed event received but ignored because the intent does not match. startActivityIntent=Intent { act=android.intent.action.MAIN cat=[android.intent.category.LAUNCHER] cmp=com.example.lunchtray/.MainActivity }, activity.getIntent()=Intent { act=android.intent.action.MAIN cat=[android.intent.category.LAUNCHER] flg=0x10008000 cmp=com.example.lunchtray/androidx.test.core.app.InstrumentationActivityInvoker$BootstrapActivity (has extras) }, activity=androidx.test.core.app.InstrumentationActivityInvoker$BootstrapActivity@549187b
07-02 23:30:04.885 32149 32149 I chatty  : uid=10913(com.example.lunchtray) identical 1 line
07-02 23:30:04.885 32149 32149 V ActivityScenario: Activity lifecycle changed event received but ignored because the intent does not match. startActivityIntent=Intent { act=android.intent.action.MAIN cat=[android.intent.category.LAUNCHER] cmp=com.example.lunchtray/.MainActivity }, activity.getIntent()=Intent { act=android.intent.action.MAIN cat=[android.intent.category.LAUNCHER] flg=0x10008000 cmp=com.example.lunchtray/androidx.test.core.app.InstrumentationActivityInvoker$BootstrapActivity (has extras) }, activity=androidx.test.core.app.InstrumentationActivityInvoker$BootstrapActivity@549187b
07-02 23:30:04.888  4696  4696 I StatusBar: updateStatusBarColor(): mApplyNotchStatusBar=false delay=true isPort=true
07-02 23:30:04.888  4696  4696 I LightBarTransitionsController: appTransitionPending(): skipped, displayId = 0, isKeyguardGoingAway = false
07-02 23:30:04.888  4696  4696 I chatty  : uid=10157(com.lge.quicktools) com.android.systemui identical 10 lines
07-02 23:30:04.888  4696  4696 I LightBarTransitionsController: appTransitionPending(): skipped, displayId = 0, isKeyguardGoingAway = false
07-02 23:30:04.891  5218  5259 V CoverTools: [IconViewController.java:271:activityChanged] callMethod: CallMethod.RESUME
07-02 23:30:04.891  5218  5259 V CoverTools: [IconViewController.java:272:activityChanged] componentName: com.example.lunchtray/com.example.lunchtray.MainActivity
07-02 23:30:04.891  5218  5259 V CoverTools: [IconViewController.java:273:activityChanged] packageName: com.example.lunchtray
07-02 23:30:04.891  5218  5259 V CoverTools: [IconViewController.java:274:activityChanged] className: com.example.lunchtray
07-02 23:30:04.891  5218  5259 V CoverTools: [IconViewController.java:275:activityChanged] displayId: 0
07-02 23:30:04.891  6595 24516 D TopPackageTracker: activityChanged callMethod=1 packageName=com.example.lunchtray displayid=0
07-02 23:30:04.892  4696  5709 I GameToolsControllerService: game removed from map {}
07-02 23:30:04.893  5218  5259 V CoverTools: [IconViewController.java:271:activityChanged] callMethod: CallMethod.RESUME
07-02 23:30:04.893  5218  5259 V CoverTools: [IconViewController.java:272:activityChanged] componentName: com.example.lunchtray/com.example.lunchtray.MainActivity
07-02 23:30:04.893  5218  5259 V CoverTools: [IconViewController.java:273:activityChanged] packageName: com.example.lunchtray
07-02 23:30:04.893  5218  5259 V CoverTools: [IconViewController.java:274:activityChanged] className: com.example.lunchtray
07-02 23:30:04.893  5218  5259 V CoverTools: [IconViewController.java:275:activityChanged] displayId: 0
07-02 23:30:04.893   970  1854 D SurfaceFlinger: Create EffectLayer(0xb400007d2cfc4340) Surface(name=ActivityRecord{6ebec75 u0 com.example.lunchtray/androidx.test.core.app.InstrumentationActivityInvoker$BootstrapActivity t9878 tda0:1})/@0x6a73f72 - animation-leash#0
07-02 23:30:04.893  6595 24516 D TopPackageTracker: activityChanged callMethod=1 packageName=com.example.lunchtray displayid=0
07-02 23:30:04.894   970  1023 D SurfaceFlinger: Create ContainerLayer(0xb400007d2cee6160) Surface(name=ActivityRecord{6ebec75 u0 com.example.lunchtray/androidx.test.core.app.InstrumentationActivityInvoker$BootstrapActivity t9878 tda0:1})/@0x6a73f72 - animation-bounds#0
07-02 23:30:04.895  4696  4696 I LightBarTransitionsController: appTransitionStarting():  [isKeyguardGoingAway = false], [(mDisplayId != displayId) = false], [!forced = true]
07-02 23:30:04.895  4696  4696 I LightBarTransitionsController: animateIconTint() : skip : mNextDarkIntensity = 0.0
07-02 23:30:04.895  4696  4696 I LightBarTransitionsController: appTransitionStarting():  [isKeyguardGoingAway = false], [(mDisplayId != displayId) = false], [!forced = true]
07-02 23:30:04.895  4696  4696 I LightBarTransitionsController: appTransitionStarting():  [isKeyguardGoingAway = false], [(mDisplayId != displayId) = true], [!forced = true]
07-02 23:30:04.895  4696  4696 I chatty  : uid=10157(com.lge.quicktools) com.android.systemui identical 4 lines
07-02 23:30:04.895  4696  4696 I LightBarTransitionsController: appTransitionStarting():  [isKeyguardGoingAway = false], [(mDisplayId != displayId) = true], [!forced = true]
07-02 23:30:04.895  4696  4696 I LightBarTransitionsController: appTransitionStarting():  [isKeyguardGoingAway = false], [(mDisplayId != displayId) = false], [!forced = true]
07-02 23:30:04.897 17401 17401 I [LGHome6]StateManager: [RecentsAnimation] goToState(): (LauncherState - 0 -> LauncherState - 0), animated=false, delay=0, onCompleteRunnable=null
07-02 23:30:04.897 17401 17401 I [LGHome6]StateManager: [RecentsAnimation] goToState(): 1. isInState LauncherState - 0
07-02 23:30:04.897 17401 17401 I [LGHome6]Launcher: Launcher.onStop
07-02 23:30:04.899  4878 17365 D RoundCornerMask: metaData is null
07-02 23:30:04.899  4696  5709 D StatusBar: mainDisplayTopActivityComponentName : ComponentInfo{com.example.lunchtray/com.example.lunchtray.MainActivity}
07-02 23:30:04.900  4878 17365 D RoundCornerMask: metaData is null
07-02 23:30:04.901  4696  5488 D PhoneStatusBarPolicy: updateManagedProfile userId = 0
07-02 23:30:04.905  4696  5709 I GameToolsControllerService: game removed from map {}
07-02 23:30:04.906  4696  4696 I StatusBar: updateStatusBarColor(): mApplyNotchStatusBar=false delay=true isPort=true
07-02 23:30:04.906  4696  4696 I LightBarTransitionsController: animateIconTint() : skip : mNextDarkIntensity = 0.0
07-02 23:30:04.907 17401 17401 I [LGHome6]EditModeOffManager: EditModeOffManager is not running
07-02 23:30:04.909 32149 32149 D LifecycleMonitor: Lifecycle status change: com.example.lunchtray.MainActivity@99e20b0 in: PRE_ON_CREATE
07-02 23:30:04.910  4696  5709 D StatusBar: mainDisplayTopActivityComponentName : ComponentInfo{com.example.lunchtray/com.example.lunchtray.MainActivity}
07-02 23:30:04.911 32149 32149 V ActivityScenario: Activity lifecycle changed event received but ignored because the reported transition was not ON_CREATE while the last known transition was DESTROYED
07-02 23:30:04.911 32149 32149 V ActivityScenario: Activity lifecycle changed event received but ignored because the reported transition was not ON_CREATE while the last known transition was DESTROYED
07-02 23:30:04.911 32149 32149 V ActivityScenario: Activity lifecycle changed event received but ignored because the reported transition was not ON_CREATE while the last known transition was PRE_ON_CREATE
07-02 23:30:04.912 18984 18984 I GsaVoiceInteractionSrv: Handling ACTION_STOP_HOTWORD
07-02 23:30:04.913  4696  4696 I StatusBar: updateStatusBarColor(): mApplyNotchStatusBar=false delay=true isPort=true
07-02 23:30:04.913  4696  4696 I LightBarTransitionsController: animateIconTint() : skip : mNextDarkIntensity = 0.0
07-02 23:30:04.913  4696  4696 I LightBarTransitionsController: animateIconTint() : skip : mNextDarkIntensity = 0.0
07-02 23:30:04.924 22659  8695 D ViewRootImpl: onChangedIMENavigationColor(), color: ff080808
07-02 23:30:04.935 32149 32149 D LifecycleMonitor: Lifecycle status change: com.example.lunchtray.MainActivity@99e20b0 in: CREATED
07-02 23:30:04.935 32149 32149 V ActivityScenario: Update currentActivityStage to CREATED, currentActivity=com.example.lunchtray.MainActivity@99e20b0
07-02 23:30:04.935 32149 32149 I chatty  : uid=10913(com.example.lunchtray) identical 1 line
07-02 23:30:04.935 32149 32149 V ActivityScenario: Update currentActivityStage to CREATED, currentActivity=com.example.lunchtray.MainActivity@99e20b0
07-02 23:30:04.935   970   970 I SurfaceFlinger: Remove BufferQueueLayer(0xb400007d3cd257a0) com.lge.launcher3/com.lge.launcher3.LauncherExtension@28931#0 (parent=none)
07-02 23:30:04.935   970   970 I SurfaceFlinger: Remove BufferQueueLayer(0xb400007d3cd56180) com.lge.launcher3/com.lge.launcher3.LauncherExtension@17401#0 (parent=none)
07-02 23:30:04.935   970   970 D Layer   : Destroy com.lge.launcher3/com.lge.launcher3.LauncherExtension@17401#0(0xb400007d3cd56180)
07-02 23:30:04.935   970   970 D Layer   : Destroy com.lge.launcher3/com.lge.launcher3.LauncherExtension@28931#0(0xb400007d3cd257a0)
07-02 23:30:04.936  4229  4298 D InputDispatcher: Window went away: com.lge.launcher3/com.lge.launcher3.LauncherExtension@28931#0
07-02 23:30:04.936  4229  4298 D InputDispatcher: Window went away: com.lge.launcher3/com.lge.launcher3.LauncherExtension@17401#0
07-02 23:30:04.943 32149 32149 D LifecycleMonitor: Lifecycle status change: com.example.lunchtray.MainActivity@99e20b0 in: STARTED
07-02 23:30:04.943 32149 32149 V ActivityScenario: Update currentActivityStage to STARTED, currentActivity=com.example.lunchtray.MainActivity@99e20b0
07-02 23:30:04.944 32149 32149 I chatty  : uid=10913(com.example.lunchtray) identical 1 line
07-02 23:30:04.944 32149 32149 V ActivityScenario: Update currentActivityStage to STARTED, currentActivity=com.example.lunchtray.MainActivity@99e20b0
07-02 23:30:04.945 32149 32149 D LifecycleMonitor: Lifecycle status change: com.example.lunchtray.MainActivity@99e20b0 in: RESUMED
07-02 23:30:04.945 32149 32149 V ActivityScenario: Update currentActivityStage to RESUMED, currentActivity=com.example.lunchtray.MainActivity@99e20b0
07-02 23:30:04.945 32149 32149 I chatty  : uid=10913(com.example.lunchtray) identical 1 line
07-02 23:30:04.945 32149 32149 V ActivityScenario: Update currentActivityStage to RESUMED, currentActivity=com.example.lunchtray.MainActivity@99e20b0
07-02 23:30:04.950   970  1855 D SurfaceFlinger: Create ContainerLayer(0xb400007d2cf46e80) 31e60b1 com.example.lunchtray/com.example.lunchtray.MainActivity#0
07-02 23:30:04.951 32149 32149 I TouchFilterInputStageHelper: [needTouchEventFilter] Displayid : 0
07-02 23:30:04.953 32149 32149 D HandGripFilter: getdisplaysize, x : 1080 y : 2340
07-02 23:30:04.960   970  1855 D SurfaceFlinger: Create BufferQueueLayer(0xb400007d3cd5d0a0) com.example.lunchtray/com.example.lunchtray.MainActivity@32149#0
07-02 23:30:04.962   970  1855 D SurfaceFlinger: Create EffectLayer(0xb400007d2ceaffb0) Surface(name=da0e137 StatusBar)/@0x5eb3426 - animation-leash#1
07-02 23:30:04.962   970  1855 D SurfaceFlinger: Create EffectLayer(0xb400007d2ce7f920) Surface(name=20d41bf NavigationBar#0)/@0xa6cf867 - animation-leash#1
07-02 23:30:04.962  3772  3782 I PowerRM : System FW:1 IC:0 SO:0 GT:0 CAPP:-1 APP:0
07-02 23:30:04.962  3772  3782 I PowerRM : System FW:0 IC:0 SO:0 GT:0 CAPP:-1 APP:0
07-02 23:30:04.962  3772  3782 I PowerRM : FIA lock1 unlocked
07-02 23:30:04.963  4229  4365 D WindowManager: [DisplayPolicy#0] 1.updateNavigationBarColor => mLastColorNavigationBar=0xff080808
07-02 23:30:04.963  4229  4365 D IStatusBar.Stub: updateNavigationBarColor(0, -16250872)
07-02 23:30:04.963  4696  5730 D IStatusBar.Stub : CommandQueue: updateNavigationBarColor(0, -16250872)
07-02 23:30:04.963  4696  4696 I NavigationThemeResource: display(0) notify navigation bar color(0xff080808)
07-02 23:30:04.963  4696  4696 I NavigationThemeResource: WmEx Color dark = -16250872
07-02 23:30:04.976   970  1021 D SurfaceFlinger: Create EffectLayer(0xb400007d2cfb5f70) Surface(name=50df274 Splash Screen com.example.lunchtray)/@0x349a03c - animation-leash#0
07-02 23:30:04.978 32149 32149 D RootViewPicker: Root not ready - waiting: 10ms for one to appear.
07-02 23:30:04.979  3937  3977 E statsd  : Predicate 5980654721335871649 dropping data for dimension key (10)0x2010101->10913[I] (10)0x30000->*launch*[S]
07-02 23:30:04.986   970   970 I SurfaceFlinger: Remove EffectLayer(0xb400007d2cf10cd0) Surface(name=da0e137 StatusBar)/@0x5eb3426 - animation-leash#0 (parent=none)
07-02 23:30:04.986   970   970 I SurfaceFlinger: Remove EffectLayer(0xb400007d2cfad6c0) Surface(name=20d41bf NavigationBar#0)/@0xa6cf867 - animation-leash#0 (parent=none)
07-02 23:30:04.986   970   970 D Layer   : Destroy Surface(name=da0e137 StatusBar)/@0x5eb3426 - animation-leash#0(0xb400007d2cf10cd0)
07-02 23:30:04.986   970   970 D Layer   : Destroy Surface(name=20d41bf NavigationBar#0)/@0xa6cf867 - animation-leash#0(0xb400007d2cfad6c0)
07-02 23:30:04.986  4229  4298 D InputDispatcher: Focus entered window: Window{31e60b1 u0 com.example.lunchtray/com.example.lunchtray.MainActivity} in display 0
07-02 23:30:04.986  4229  4298 D InputDispatcher: Window went away: com.example.lunchtray/com.example.lunchtray.MainActivity@32149#0
07-02 23:30:04.988 32149 32149 D RootViewPicker: Root not ready - waiting: 25ms for one to appear.
07-02 23:30:04.989 22659  8695 D ViewRootImpl: onChangedIMENavigationColor(), color: ff080808
07-02 23:30:04.992  4696  5671 D NavigationModeController: getCurrentUserContext: contextUser=0 currentUser=0
07-02 23:30:04.992   970  1855 D SurfaceFlinger: Create EffectLayer(0xb400007d2cfad6c0) Surface(name=5853c13 InputMethod)/@0x7ab2849 - animation-leash#0
07-02 23:30:04.992  4696  5671 D NavigationModeController: getCurrentUserContext: contextUser=0 currentUser=0
07-02 23:30:04.994  4696  4696 D NavigationModeController: getCurrentUserContext: contextUser=0 currentUser=0
07-02 23:30:05.003  4229  4298 D InputDispatcher: Window went away: Window{50df274 u0 Splash Screen com.example.lunchtray}
07-02 23:30:05.005  4696  5671 D NavigationModeController: getCurrentUserContext: contextUser=0 currentUser=0
07-02 23:30:05.005  4696  5671 D NavigationModeController: getCurrentUserContext: contextUser=0 currentUser=0
07-02 23:30:05.013 32149 32149 I ViewInteraction: Performing 'single click' action on view view.getId() is <2131231208/com.example.lunchtray:id/start_order_btn>
07-02 23:30:05.015  4229  4511 I InputDispatcher: Window is obscured at point by other window: windowInfo(layoutParamsType=1, name=Window{31e60b1 u0 com.example.lunchtray/com.example.lunchtray.MainActivity}), otherWindowInfo(layoutParamsType=3, name=Splash Screen com.example.lunchtray@4229#0)
07-02 23:30:05.015  4229  4511 D InputTransport: channel '31e60b1 com.example.lunchtray/com.example.lunchtray.MainActivity (server)' : action=ACTION_DOWN(0), id=0, displayId=0, tooltype=0, deviceId=-1, source=0x1002, flags=0x1, edgeFlags=0x0, metaState=0x0, buttonState=0x1, downTime=172109006000000, eventTime=172109006000000, pointerCount=1 xos=0, yos=0
07-02 23:30:05.015  4229  4511 D InputTransport: channel 'swipe-up (server)' : action=ACTION_DOWN(0), id=0, displayId=0, tooltype=0, deviceId=-1, source=0x1002, flags=0x0, edgeFlags=0x0, metaState=0x0, buttonState=0x1, downTime=172109006000000, eventTime=172109006000000, pointerCount=1 xos=0, yos=0
07-02 23:30:05.015  4229  4511 D InputTransport: channel 'edge-swipe (server)' : action=ACTION_DOWN(0), id=0, displayId=0, tooltype=0, deviceId=-1, source=0x1002, flags=0x0, edgeFlags=0x0, metaState=0x0, buttonState=0x1, downTime=172109006000000, eventTime=172109006000000, pointerCount=1 xos=0, yos=0
07-02 23:30:05.015  4229  4511 D InputTransport: channel 'swipe-up (server)' : action=ACTION_DOWN(0), id=0, displayId=0, tooltype=0, deviceId=-1, source=0x1002, flags=0x0, edgeFlags=0x0, metaState=0x0, buttonState=0x1, downTime=172109006000000, eventTime=172109006000000, pointerCount=1 xos=0, yos=0
07-02 23:30:05.015  4229  4511 D InputTransport: channel 'swipe-up (server)' : action=ACTION_DOWN(0), id=0, displayId=0, tooltype=0, deviceId=-1, source=0x1002, flags=0x0, edgeFlags=0x0, metaState=0x0, buttonState=0x1, downTime=172109006000000, eventTime=172109006000000, pointerCount=1 xos=0, yos=0
07-02 23:30:05.015  4229  4511 D InputTransport: channel 'PointerEventDispatcher0 (server)' : action=ACTION_DOWN(0), id=0, displayId=0, tooltype=0, deviceId=-1, source=0x1002, flags=0x0, edgeFlags=0x0, metaState=0x0, buttonState=0x1, downTime=172109006000000, eventTime=172109006000000, pointerCount=1 xos=0, yos=0
07-02 23:30:05.015  4229  4511 D InputTransport: channel 'PointerEventDispatcherForRear0 (server)' : action=ACTION_DOWN(0), id=0, displayId=0, tooltype=0, deviceId=-1, source=0x1002, flags=0x0, edgeFlags=0x0, metaState=0x0, buttonState=0x1, downTime=172109006000000, eventTime=172109006000000, pointerCount=1 xos=0, yos=0
07-02 23:30:05.019   970   970 I SurfaceFlinger: Remove EffectLayer(0xb400007d2cf19580) Surface(name=5853c13 InputMethod)/@0x7ab2849 - animation-leash#1 (parent=none)
07-02 23:30:05.022   970   970 I MiniDump: -------------------------------------------------------------------------------------------
07-02 23:30:05.022   970   970 I MiniDump: [ROTATION_0] H |  Comp Type |  Transform |  Alpha |  Disp Frame (LTRB) |  Source Crop (LTRB) | Frame Rate  | Disp[19260613375406721] ""
07-02 23:30:05.022   970   970 I MiniDump: 0xb400007d3cd5d0a0 |     DEVICE |          0 | 1.000 |    0    0 1080 2340 |   0.0   0.0 1080.0 2340.0 | com.example.lunchtray/com[...]tray.MainActivity@32149#0
07-02 23:30:05.022   970   970 I MiniDump: 0xb400007d3cd7fc40 |     DEVICE |          0 | 0.887 |    0    0 1080 2340 |   0.0   0.0 1080.0 2340.0 | Splash Screen com.example.lunchtray@4229#0
07-02 23:30:05.022   970   970 I MiniDump: 0xb400007d3cd36d70 |     DEVICE |          0 | 1.000 |    0    0 1080   87 |   0.0   0.0 1080.0  87.0 | StatusBar@4696#0
07-02 23:30:05.022   970   970 I MiniDump: 0xb400007d3cd22010 |     DEVICE |          0 | 1.000 |    0 2196 1080 2340 |   0.0   0.0 1080.0 144.0 | NavigationBar#0@4696#0
07-02 23:30:05.032  4229  4598 D WifiWatchdogStateMachine: iwlanpercheck loss=0% / volume2 / imscallstate:0 sum:0, perAvg:0
07-02 23:30:05.038  4696  4696 I BarTransitions.PhoneStatusBarTransitions: setNotchColor color = 0
07-02 23:30:05.083  4696  4696 I chatty  : uid=10157(com.lge.quicktools) com.android.systemui identical 4 lines
07-02 23:30:05.088  4696  4696 I BarTransitions.PhoneStatusBarTransitions: setNotchColor color = 0
07-02 23:30:05.096  4229  4511 D InputTransport: channel '31e60b1 com.example.lunchtray/com.example.lunchtray.MainActivity (server)' : action=ACTION_UP(0), id=0, displayId=0, tooltype=1, deviceId=-1, source=0x1002, flags=0x1, edgeFlags=0x0, metaState=0x0, buttonState=0x1, downTime=172109006000000, eventTime=172109087000000, pointerCount=1 xos=0, yos=0
07-02 23:30:05.096  4229  4511 D InputTransport: channel 'swipe-up (server)' : action=ACTION_UP(0), id=0, displayId=0, tooltype=1, deviceId=-1, source=0x1002, flags=0x0, edgeFlags=0x0, metaState=0x0, buttonState=0x1, downTime=172109006000000, eventTime=172109087000000, pointerCount=1 xos=0, yos=0
07-02 23:30:05.096  4229  4511 D InputTransport: channel 'edge-swipe (server)' : action=ACTION_UP(0), id=0, displayId=0, tooltype=1, deviceId=-1, source=0x1002, flags=0x0, edgeFlags=0x0, metaState=0x0, buttonState=0x1, downTime=172109006000000, eventTime=172109087000000, pointerCount=1 xos=0, yos=0
07-02 23:30:05.096  4229  4511 D InputTransport: channel 'swipe-up (server)' : action=ACTION_UP(0), id=0, displayId=0, tooltype=1, deviceId=-1, source=0x1002, flags=0x0, edgeFlags=0x0, metaState=0x0, buttonState=0x1, downTime=172109006000000, eventTime=172109087000000, pointerCount=1 xos=0, yos=0
07-02 23:30:05.096 32149 32149 I View    : PerformClick: com.google.android.material.button.MaterialButton{dbaef7e VFED..C.. ...P.... 321,983-760,1127 #7f0801e8 app:id/start_order_btn}
07-02 23:30:05.096  4229  4511 D InputTransport: channel 'swipe-up (server)' : action=ACTION_UP(0), id=0, displayId=0, tooltype=1, deviceId=-1, source=0x1002, flags=0x0, edgeFlags=0x0, metaState=0x0, buttonState=0x1, downTime=172109006000000, eventTime=172109087000000, pointerCount=1 xos=0, yos=0
07-02 23:30:05.096  4229  4511 D InputTransport: channel 'PointerEventDispatcher0 (server)' : action=ACTION_UP(0), id=0, displayId=0, tooltype=1, deviceId=-1, source=0x1002, flags=0x0, edgeFlags=0x0, metaState=0x0, buttonState=0x1, downTime=172109006000000, eventTime=172109087000000, pointerCount=1 xos=0, yos=0
07-02 23:30:05.096 32149 32149 I View    : MotionEvent.ACTION_UP: mPrivateFlags: 16828464,   mHasPerformedLongPress: false,   mIgnoreNextUpEvent: false
07-02 23:30:05.096  4229  4511 D InputTransport: channel 'PointerEventDispatcherForRear0 (server)' : action=ACTION_UP(0), id=0, displayId=0, tooltype=1, deviceId=-1, source=0x1002, flags=0x0, edgeFlags=0x0, metaState=0x0, buttonState=0x1, downTime=172109006000000, eventTime=172109087000000, pointerCount=1 xos=0, yos=0
07-02 23:30:05.097  4229  4567 V SoundPool: play(soundID=1, leftVolume=1.000000, rightVolume=1.000000, priority=0, loop=0, rate=1.000000)
07-02 23:30:05.098  4229  4567 V AudioTrack: setSampleRate(5291): prior state:STATE_STOPPED rate:48000
07-02 23:30:05.098  4229  4567 V AudioTrack: start(5291): prior state:STATE_STOPPED
07-02 23:30:05.098  4229  4567 V AudioTrack: start(5291): server read:-155996  cumulative flushed:0  client written:0
07-02 23:30:05.098   965   965 V AF::Track: start(4816): calling pid 4229 session 23897
07-02 23:30:05.099   965  1326 D APM_AudioPolicyManager: startOutput portId 5291 output primary->(primary output)(13), stream 1, session 23897
07-02 23:30:05.099   965  1326 V APM_AudioPolicyManager: selectOutputForMusicEffects selected output 13
07-02 23:30:05.100   965  1326 V APM_AudioPolicyManager: getNewOutputDevices selected devices {type:0x2,@:}
07-02 23:30:05.100   965  1326 V APM_AudioPolicyManager: setOutputDevices device {type:0x2,@:} delayMs 0
07-02 23:30:05.100   965  1326 V APM_AudioPolicyManager: setOutputDevices() prevDevice {type:0x2,@:}
07-02 23:30:05.100   965  1326 V APM_AudioPolicyManager: setOutputDevices: suppressing checkDeviceMuteStrategies
07-02 23:30:05.100   965  1326 V APM_AudioPolicyManager: setOutputDevices setting same device {type:0x2,@:} or null device, force=0, patch handle=5258
07-02 23:30:05.100  4229  7059 V AudioSystem: ioConfigChanged() event 8
07-02 23:30:05.100  4229  7059 V AudioSystem: ioConfigChanged() AUDIO_CLIENT_STARTED  io 13 port 5291 num callbacks 0
07-02 23:30:05.100  4229  4567 V SoundPool: play returned 12378
07-02 23:30:05.107  4696  4696 I BarTransitions.PhoneStatusBarTransitions: setNotchColor color = 0
07-02 23:30:05.113  4696  4696 I BarTransitions.PhoneStatusBarTransitions: setNotchColor color = 0
07-02 23:30:05.142  4696  4696 I LightBarTransitionsController: animateIconTint() : skip : mNextDarkIntensity = 0.0
07-02 23:30:05.153   970   970 I SurfaceFlinger: Remove EffectLayer(0xb400007d2cfb5f70) Surface(name=50df274 Splash Screen com.example.lunchtray)/@0x349a03c - animation-leash#0 (parent=none)
07-02 23:30:05.153   970   970 I SurfaceFlinger: Remove ContainerLayer(0xb400007d2cfc9e60) 50df274 Splash Screen com.example.lunchtray#0 (parent=none)
07-02 23:30:05.153   970   970 I SurfaceFlinger: Remove BufferQueueLayer(0xb400007d3cd7fc40) Splash Screen com.example.lunchtray@4229#0 (parent=none)
07-02 23:30:05.153   970   970 D Layer   : Destroy Surface(name=50df274 Splash Screen com.example.lunchtray)/@0x349a03c - animation-leash#0(0xb400007d2cfb5f70)
07-02 23:30:05.153   970   970 D Layer   : Destroy 50df274 Splash Screen com.example.lunchtray#0(0xb400007d2cfc9e60)
07-02 23:30:05.154  4229  7059 D InputDispatcher: Window went away: Splash Screen com.example.lunchtray@4229#0
07-02 23:30:05.155   970   970 D Layer   : Destroy Splash Screen com.example.lunchtray@4229#0(0xb400007d3cd7fc40)
